
> tdnet-data-collector@1.0.0 test
> jest

node.exe : PASS src/utils/__tests__/logger.test.ts (29.412 s)
発生場所 行:1 文字:1
+ & "C:\Program Files\nodejs/node.exe" "C:\Program Files\nodejs/node_mo ...
+ ~~~~~~~~~~~~~~~~~~~~~~~~~~~~~~~~~~~~~~~~~~~~~~~~~~~~~~~~~~~~~~~~~~~~~
    + CategoryInfo          : NotSpecified: (PASS src/utils/...t.ts (29.412  
   s):String) [], RemoteException
    + FullyQualifiedErrorId : NativeCommandError
 
  Logger
    Error Logging
      竏・should log errors at ERROR level (51 ms)
      竏・should log errors with stack trace (45 ms)
      竏・should log custom error types (34 ms)
    Warning Logging
      竏・should log warnings at WARN level (1 ms)
      竏・should log partial failures as warnings (4 ms)
    Info Logging
      竏・should log info messages at INFO level (2 ms)
    Debug Logging
      竏・should log debug messages at DEBUG level (2 ms)
    Log Context
      竏・should include context in log messages
      竏・should handle empty context (1 ms)
  createErrorContext
    竏・should create error context from Error object (3 ms)
    竏・should create error context from custom error (1 ms)
    竏・should merge additional context (2 ms)
    竏・should handle nested context objects (1 ms)
  setLogLevel
    竏・should set log level to DEBUG (1 ms)
    竏・should set log level to INFO
    竏・should set log level to WARN (1 ms)
    竏・should set log level to ERROR
  Structured Logging Format
    竏・should log in JSON format for CloudWatch (1 ms)
    竏・should include service metadata (1 ms)
  logLambdaError
    竏・should log Lambda error with standard format (2 ms)
    竏・should log Lambda error with additional context (2 ms)
    竏・should handle missing Lambda context (1 ms)

PASS src/models/__tests__/disclosure.test.ts (29.108 s)
  validateDisclosure
    豁｣蟶ｸ邉ｻ: 譛牙柑縺ｪDisclosure
      竏・縺吶∋縺ｦ縺ｮ蠢・医ヵ繧｣繝ｼ繝ｫ繝峨′蟄伜惠縺吶ｋ蝣ｴ蜷医・謌仙粥 (32 ms)
    逡ｰ蟶ｸ邉ｻ: 蠢・医ヵ繧｣繝ｼ繝ｫ繝峨・谺關ｽ
      竏・disclosure_id縺梧ｬ關ｽ縺励※縺・ｋ蝣ｴ蜷医・ValidationError繧偵せ繝ｭ繝ｼ (122 ms)
      竏・company_code縺梧ｬ關ｽ縺励※縺・ｋ蝣ｴ蜷医・ValidationError繧偵せ繝ｭ繝ｼ (2 ms)
      竏・disclosed_at縺梧ｬ關ｽ縺励※縺・ｋ蝣ｴ蜷医・ValidationError繧偵せ繝ｭ繝ｼ (2 ms)
      竏・date_partition縺梧ｬ關ｽ縺励※縺・ｋ蝣ｴ蜷医・ValidationError繧偵せ繝ｭ繝ｼ (2 ms)
      竏・隍・焚縺ｮ繝輔ぅ繝ｼ繝ｫ繝峨′谺關ｽ縺励※縺・ｋ蝣ｴ蜷医・縺吶∋縺ｦ縺ｮ繝輔ぅ繝ｼ繝ｫ繝牙錐繧貞性繧繧ｨ繝ｩ繝ｼ繧偵せ繝ｭ繝ｼ (2 
ms)
    逡ｰ蟶ｸ邉ｻ: 繝輔か繝ｼ繝槭ャ繝域､懆ｨｼ
      竏・disclosed_at縺御ｸ肴ｭ｣縺ｪ繝輔か繝ｼ繝槭ャ繝医・蝣ｴ蜷医・ValidationError繧偵せ繝ｭ繝ｼ (8 ms)
      竏・collected_at縺御ｸ肴ｭ｣縺ｪ繝輔か繝ｼ繝槭ャ繝医・蝣ｴ蜷医・ValidationError繧偵せ繝ｭ繝ｼ (2 ms)
      竏・company_code縺・譯√・謨ｰ蟄励〒縺ｪ縺・ｴ蜷医・ValidationError繧偵せ繝ｭ繝ｼ (55 ms)
      竏・date_partition縺刑YYY-MM蠖｢蠑上〒縺ｪ縺・ｴ蜷医・ValidationError繧偵せ繝ｭ繝ｼ (4 ms)
  toDynamoDBItem
    豁｣蟶ｸ邉ｻ: DynamoDB繧｢繧､繝・Β縺ｸ縺ｮ螟画鋤
      竏・譛牙柑縺ｪDisclosure繧奪ynamoDB繧｢繧､繝・Β縺ｫ螟画鋤 (2 ms)
    逡ｰ蟶ｸ邉ｻ: 繝舌Μ繝・・繧ｷ繝ｧ繝ｳ繧ｨ繝ｩ繝ｼ
      竏・荳肴ｭ｣縺ｪDisclosure縺ｮ蝣ｴ蜷医・ValidationError繧偵せ繝ｭ繝ｼ (2 ms)
  fromDynamoDBItem
    豁｣蟶ｸ邉ｻ: DynamoDB繧｢繧､繝・Β縺九ｉDisclosure縺ｸ縺ｮ螟画鋤
      竏・譛牙柑縺ｪDynamoDB繧｢繧､繝・Β繧奪isclosure縺ｫ螟画鋤 (2 ms)
    逡ｰ蟶ｸ邉ｻ: 蠢・医ヵ繧｣繝ｼ繝ｫ繝峨・谺關ｽ
      竏・disclosure_id縺梧ｬ關ｽ縺励※縺・ｋ蝣ｴ蜷医・ValidationError繧偵せ繝ｭ繝ｼ (3 ms)
      竏・date_partition縺梧ｬ關ｽ縺励※縺・ｋ蝣ｴ蜷医・ValidationError繧偵せ繝ｭ繝ｼ (1 ms)
  createDisclosure
    豁｣蟶ｸ邉ｻ: date_partition縺ｮ閾ｪ蜍慕函謌・      竏・date_partition縺梧欠螳壹＆繧後※縺・↑縺・ｴ蜷医・閾
ｪ蜍慕函謌・(53 ms)
      竏・date_partition縺梧欠螳壹＆繧後※縺・ｋ蝣ｴ蜷医・縺昴ｌ繧剃ｽｿ逕ｨ
      竏・collected_at縺梧欠螳壹＆繧後※縺・ｋ蝣ｴ蜷医・縺昴ｌ繧剃ｽｿ逕ｨ
    豁｣蟶ｸ邉ｻ: JST蝓ｺ貅悶〒date_partition繧堤函謌・      竏・UTC: 2024-01-31T15:30:00Z 竊・JS
T: 2024-02-01 竊・date_partition: "2024-02" (1 ms)
      竏・UTC: 2023-12-31T15:30:00Z 竊・JST: 2024-01-01 竊・date_partition: "2024-0
1" (1 ms)
    逡ｰ蟶ｸ邉ｻ: 繝舌Μ繝・・繧ｷ繝ｧ繝ｳ繧ｨ繝ｩ繝ｼ
      竏・荳肴ｭ｣縺ｪdisclosed_at縺ｮ蝣ｴ蜷医・ValidationError繧偵せ繝ｭ繝ｼ (1 ms)
      竏・荳肴ｭ｣縺ｪcompany_code縺ｮ蝣ｴ蜷医・ValidationError繧偵せ繝ｭ繝ｼ (1 ms)
  generateDisclosureId
    豁｣蟶ｸ邉ｻ: 髢狗､ｺID縺ｮ逕滓・
      竏・JST蝓ｺ貅悶〒譌･莉倥ｒ謚ｽ蜃ｺ縺励※ID繧堤函謌・(1 ms)
      竏・騾｣逡ｪ繧・譯√↓繧ｼ繝ｭ繝代ョ繧｣繝ｳ繧ｰ (1 ms)
    繧ｨ繝・ず繧ｱ繝ｼ繧ｹ: 譛医∪縺溘℃・・TC竊谷ST螟画鋤・・      竏・UTC: 2024-01-31T15:30:00Z 竊・JST: 
2024-02-01 竊・ID: 20240201_xxxx_xxx (1 ms)
      竏・UTC: 2023-12-31T15:30:00Z 竊・JST: 2024-01-01 竊・ID: 20240101_xxxx_xxx
    逡ｰ蟶ｸ邉ｻ: 繝舌Μ繝・・繧ｷ繝ｧ繝ｳ繧ｨ繝ｩ繝ｼ
      竏・荳肴ｭ｣縺ｪdisclosed_at縺ｮ蝣ｴ蜷医・ValidationError繧偵せ繝ｭ繝ｼ (3 ms)
      竏・荳肴ｭ｣縺ｪcompany_code縺ｮ蝣ｴ蜷医・ValidationError繧偵せ繝ｭ繝ｼ (4 ms)
      竏・荳肴ｭ｣縺ｪsequence縺ｮ蝣ｴ蜷医・ValidationError繧偵せ繝ｭ繝ｼ (3 ms)

PASS src/utils/__tests__/date-partition.validation.test.ts (29.437 s)
  date_partition validation
    validateDisclosedAt
      荳肴ｭ｣縺ｪ繝輔か繝ｼ繝槭ャ繝茨ｼ・SO8601莉･螟厄ｼ・        竏・should throw ValidationError fo
r non-ISO8601 format (136 ms)
        竏・should throw ValidationError with details (3 ms)
      蟄伜惠縺励↑縺・律莉・        竏・should throw ValidationError for non-existent date
s (38 ms)
        竏・should accept leap year February 29 (1 ms)
        竏・should reject non-leap year February 29 (1 ms)
      遽・峇螟悶・譌･莉・        竏・should throw ValidationError for dates before 1970-
01-01 (4 ms)
        竏・should accept 1970-01-01 (4 ms)
        竏・should throw ValidationError for dates after current time + 1 day (
3 ms)
        竏・should accept current time (1 ms)
        竏・should accept current time + 1 day (1 ms)
        竏・should throw ValidationError with range details (3 ms)
      譛牙柑縺ｪ譌･莉・        竏・should accept valid ISO8601 dates with Z timezone (1
 ms)
        竏・should accept valid ISO8601 dates with offset timezone (1 ms)
    generateDatePartition
      荳肴ｭ｣縺ｪ蜈･蜉帙〒ValidationError繧偵せ繝ｭ繝ｼ
        竏・should throw ValidationError for invalid format (2 ms)
        竏・should throw ValidationError for non-existent date (1 ms)
        竏・should throw ValidationError for out-of-range date (2 ms)
      譛牙柑縺ｪ蜈･蜉帙〒date_partition繧堤函謌・        竏・should generate date_partition f
or valid dates (1 ms)
    繧ｨ繝・ず繧ｱ繝ｼ繧ｹ
      譛医∪縺溘℃・・TC 竊・JST・・        竏・should handle month boundary correctly (1 m
s)
        竏・should handle leap year February correctly
        竏・should handle year boundary correctly (1 ms)
        竏・should handle non-leap year February correctly
      繧ｿ繧､繝繧ｾ繝ｼ繝ｳ繧ｪ繝輔そ繝・ヨ
        竏・should handle JST timezone offset (1 ms)
        竏・should handle negative timezone offset

  console.warn
    [WARNING] aws-cdk-lib.aws_dynamodb.TableOptions#pointInTimeRecovery is deprecated.
      use `pointInTimeRecoverySpecification` instead
      This API will be removed in the next major release.

    [0m [90m 22 |[39m
     [90m 23 |[39m     [90m// 1. tdnet_disclosures - 髢狗､ｺ諠・ｱ繝｡繧ｿ繝・・繧ｿ繝・・繝悶Ν[39m
    [31m[1m>[22m[39m[90m 24 |[39m     [36mthis[39m[33m.[39mdisclosuresTable [33m=[39m [36mnew[39m dynamodb[33m.[39m[33mTable[39m([36mthis[39m[33m,[39m [32m'DisclosuresTable'[39m[33m,[39m {
     [90m    |[39m                             [31m[1m^[22m[39m
     [90m 25 |[39m       tableName[33m:[39m [32m'tdnet_disclosures'[39m[33m,[39m
     [90m 26 |[39m       partitionKey[33m:[39m {
     [90m 27 |[39m         name[33m:[39m [32m'disclosure_id'[39m[33m,[39m[0m

      at print (node_modules/aws-cdk-lib/.warnings.jsii.js:9:146)
      at Object.aws_cdk_lib_aws_dynamodb_TableProps (node_modules/aws-cdk-lib/.warnings.jsii.js:1:788572)
      at new Table2 (node_modules/aws-cdk-lib/aws-dynamodb/lib/table.js:1:23347)
      at new Table2 (node_modules/aws-cdk-lib/core/lib/prop-injectable.js:1:783)
      at new TdnetDataCollectorStack (cdk/lib/tdnet-data-collector-stack.ts:24:29)
      at Object.<anonymous> (cdk/__tests__/dynamodb-tables.test.ts:19:19)

PASS src/scraper/__tests__/pdf-validator.test.ts
  PDF File Validation
    Property 6: PDF繝輔ぃ繧､繝ｫ縺ｮ謨ｴ蜷域ｧ - 繧ｵ繧､繧ｺ遽・峇
      竏・should accept valid PDF files within size range (10KB) (2 ms)
      竏・should accept valid PDF files within size range (50MB) (1 ms)
      竏・should accept valid PDF files within size range (1MB) (1 ms)
      竏・should reject PDF files smaller than 10KB (30 ms)
      竏・should reject PDF files larger than 50MB (38 ms)
    Property 6: PDF繝倥ャ繝繝ｼ讀懆ｨｼ
      竏・should accept PDF files with valid header (%PDF-1.4)
      竏・should accept PDF files with valid header (%PDF-1.5)
      竏・should accept PDF files with valid header (%PDF-1.7) (1 ms)
      竏・should reject files with invalid header (3 ms)
      竏・should reject files with empty header (3 ms)
      竏・should reject files with partial PDF header (2 ms)
    Edge Cases
      竏・should reject files at exactly 10KB boundary without valid header (3 
ms)
      竏・should reject files at exactly 50MB boundary without valid header (4 
ms)
      竏・should handle files with exactly 5 bytes (minimum for header check) (
1 ms)

  console.warn
    [WARNING] aws-cdk-lib.aws_dynamodb.TableOptions#pointInTimeRecovery is deprecated.
      use `pointInTimeRecoverySpecification` instead
      This API will be removed in the next major release.

    [0m [90m 63 |[39m
     [90m 64 |[39m     [90m// 2. tdnet_executions - 螳溯｡檎憾諷狗ｮ｡逅・ユ繝ｼ繝悶Ν[39m
    [31m[1m>[22m[39m[90m 65 |[39m     [36mthis[39m[33m.[39mexecutionsTable [33m=[39m [36mnew[39m dynamodb[33m.[39m[33mTable[39m([36mthis[39m[33m,[39m [32m'ExecutionsTable'[39m[33m,[39m {
     [90m    |[39m                            [31m[1m^[22m[39m
     [90m 66 |[39m       tableName[33m:[39m [32m'tdnet_executions'[39m[33m,[39m
     [90m 67 |[39m       partitionKey[33m:[39m {
     [90m 68 |[39m         name[33m:[39m [32m'execution_id'[39m[33m,[39m[0m

      at print (node_modules/aws-cdk-lib/.warnings.jsii.js:9:146)
      at Object.aws_cdk_lib_aws_dynamodb_TableProps (node_modules/aws-cdk-lib/.warnings.jsii.js:1:788572)
      at new Table2 (node_modules/aws-cdk-lib/aws-dynamodb/lib/table.js:1:23347)
      at new Table2 (node_modules/aws-cdk-lib/core/lib/prop-injectable.js:1:783)
      at new TdnetDataCollectorStack (cdk/lib/tdnet-data-collector-stack.ts:65:28)
      at Object.<anonymous> (cdk/__tests__/dynamodb-tables.test.ts:19:19)

FAIL src/lambda/collector/__tests__/handler.integration.test.ts
  笳・Test suite failed to run

    Your test suite must contain at least one test.

      at onResult (node_modules/@jest/core/build/TestScheduler.js:133:18)
      at node_modules/@jest/core/build/TestScheduler.js:254:19
      at node_modules/emittery/index.js:363:13
          at Array.map (<anonymous>)
      at Emittery.emit (node_modules/emittery/index.js:361:23)

2026-02-08T08:20:14.468+09:00 [[32minfo[39m]: HTML parsing completed {
  "service": "tdnet-data-collector",
  "environment": "test",
  "total_rows": 1,
  "parsed_disclosures": 1
}
2026-02-08T08:20:14.489+09:00 [[32minfo[39m]: HTML parsing completed {
  "service": "tdnet-data-collector",
  "environment": "test",
  "total_rows": 2,
  "parsed_disclosures": 2
}
2026-02-08T08:20:14.495+09:00 [[32minfo[39m]: HTML parsing completed {
  "service": "tdnet-data-collector",
  "environment": "test",
  "total_rows": 1,
  "parsed_disclosures": 1
}
2026-02-08T08:20:14.499+09:00 [[31merror[39m]: Failed to parse HTML {
  "service": "tdnet-data-collector",
  "environment": "test",
  "error_type": "ValidationError",
  "error_message": "HTML content is empty",
  "html_length": 0
}
2026-02-08T08:20:14.567+09:00 [[31merror[39m]: Failed to parse HTML {
  "service": "tdnet-data-collector",
  "environment": "test",
  "error_type": "ValidationError",
  "error_message": "HTML content is empty",
  "html_length": 0
}
2026-02-08T08:20:14.603+09:00 [[31merror[39m]: Failed to parse HTML {
  "service": "tdnet-data-collector",
  "environment": "test",
  "error_type": "ValidationError",
  "error_message": "HTML content is empty",
  "html_length": 7
}
2026-02-08T08:20:14.608+09:00 [[31merror[39m]: Failed to parse HTML {
  "service": "tdnet-data-collector",
  "environment": "test",
  "error_type": "ValidationError",
  "error_message": "HTML content is empty",
  "html_length": 7
}
2026-02-08T08:20:14.622+09:00 [[33mwarn[39m]: No disclosure table found in HTML {
  "service": "tdnet-data-collector",
  "environment": "test",
  "html_length": 106,
  "html_preview": "\n        <html>\n          <body>\n            <p>No table here</p>\n          </body>\n        </html>\n      "
}
2026-02-08T08:20:14.625+09:00 [[31merror[39m]: HTML structure changed: selector not found {
  "service": "tdnet-data-collector",
  "environment": "test",
  "selector": "table.disclosure-list",
  "error_type": "HtmlStructureChangeDetected"
}
2026-02-08T08:20:14.627+09:00 [[31merror[39m]: HTML structure changed: selector not found {
  "service": "tdnet-data-collector",
  "environment": "test",
  "selector": "table.disclosure-list tr",
  "error_type": "HtmlStructureChangeDetected"
}
2026-02-08T08:20:14.628+09:00 [[31merror[39m]: HTML structure changed: selector not found {
  "service": "tdnet-data-collector",
  "environment": "test",
  "selector": "table.disclosure-list td",
  "error_type": "HtmlStructureChangeDetected"
}
2026-02-08T08:20:14.629+09:00 [[31merror[39m]: TDnet HTML structure has changed Expected HTML selectors not found. TDnet may have updated their website structure. {
  "service": "tdnet-data-collector",
  "environment": "test",
  "error_type": "HtmlStructureChangeDetected",
  "action_required": "Update html-parser.ts to match new HTML structure"
}
2026-02-08T08:20:14.639+09:00 [[33mwarn[39m]: Invalid row structure {
  "service": "tdnet-data-collector",
  "environment": "test",
  "index": 1,
  "cellCount": 2
}
2026-02-08T08:20:14.666+09:00 [[32minfo[39m]: HTML parsing completed {
  "service": "tdnet-data-collector",
  "environment": "test",
  "total_rows": 2,
  "parsed_disclosures": 1
}
2026-02-08T08:20:14.673+09:00 [[31merror[39m]: Failed to parse disclosure row {
  "service": "tdnet-data-collector",
  "environment": "test",
  "error_type": "ValidationError",
  "error_message": "Invalid company_code: INVALID",
  "row_index": 1
}
2026-02-08T08:20:14.677+09:00 [[32minfo[39m]: HTML parsing completed {
  "service": "tdnet-data-collector",
  "environment": "test",
  "total_rows": 2,
  "parsed_disclosures": 1
}
2026-02-08T08:20:14.690+09:00 [[31merror[39m]: Failed to parse disclosure row {
  "service": "tdnet-data-collector",
  "environment": "test",
  "error_type": "ValidationError",
  "error_message": "Invalid date format: INVALID_DATE",
  "row_index": 1
}
2026-02-08T08:20:14.693+09:00 [[32minfo[39m]: HTML parsing completed {
  "service": "tdnet-data-collector",
  "environment": "test",
  "total_rows": 2,
  "parsed_disclosures": 1
}
2026-02-08T08:20:14.710+09:00 [[31merror[39m]: Failed to parse disclosure row {
  "service": "tdnet-data-collector",
  "environment": "test",
  "error_type": "ValidationError",
  "error_message": "Invalid pdf_url: invalid_url",
  "row_index": 1
}
2026-02-08T08:20:14.712+09:00 [[32minfo[39m]: HTML parsing completed {
  "service": "tdnet-data-collector",
  "environment": "test",
  "total_rows": 2,
  "parsed_disclosures": 1
}
2026-02-08T08:20:14.759+09:00 [[31merror[39m]: Failed to parse disclosure row {
  "service": "tdnet-data-collector",
  "environment": "test",
  "error_type": "ValidationError",
  "error_message": "Invalid company_code: INVALID",
  "row_index": 2
}
2026-02-08T08:20:14.760+09:00 [[32minfo[39m]: HTML parsing completed {
  "service": "tdnet-data-collector",
  "environment": "test",
  "total_rows": 3,
  "parsed_disclosures": 2
}
2026-02-08T08:20:14.763+09:00 [[32minfo[39m]: HTML parsing completed {
  "service": "tdnet-data-collector",
  "environment": "test",
  "total_rows": 0,
  "parsed_disclosures": 0
}
2026-02-08T08:20:14.765+09:00 [[32minfo[39m]: HTML parsing completed {
  "service": "tdnet-data-collector",
  "environment": "test",
  "total_rows": -1,
  "parsed_disclosures": 0
}
2026-02-08T08:20:14.768+09:00 [[32minfo[39m]: HTML parsing completed {
  "service": "tdnet-data-collector",
  "environment": "test",
  "total_rows": 1,
  "parsed_disclosures": 1
}
PASS src/scraper/__tests__/html-parser.test.ts (32.15 s)
  HTML Parser
    豁｣蟶ｸ邉ｻ: HTML繝代・繧ｹ謌仙粥
      竏・should parse valid HTML with disclosure table (71 ms)
      竏・should parse multiple disclosure rows (9 ms)
      竏・should skip header row (6 ms)
    逡ｰ蟶ｸ邉ｻ: 繧ｨ繝ｩ繝ｼ繝上Φ繝峨Μ繝ｳ繧ｰ
      竏・should throw ValidationError for empty HTML (76 ms)
      竏・should throw ValidationError for whitespace-only HTML (40 ms)
      竏・should return empty array when no disclosure table found (13 ms)
      竏・should skip rows with insufficient cells (36 ms)
      竏・should skip rows with invalid company code (15 ms)
      竏・should skip rows with invalid date format (14 ms)
      竏・should skip rows with invalid PDF URL (16 ms)
    驛ｨ蛻・噪螟ｱ謨励・蜃ｦ逅・ｼ・raceful Degradation・・      竏・should continue parsing afte
r encountering invalid rows (41 ms)
    繧ｨ繝・ず繧ｱ繝ｼ繧ｹ
      竏・should handle empty table (only header) (2 ms)
      竏・should handle table with no rows (2 ms)
      竏・should trim whitespace from cell values (4 ms)

PASS src/__tests__/date-partition.property.test.ts (32.548 s)
  generateDatePartition - Property Tests
    竏・should always return YYYY-MM format for valid ISO 8601 dates (754 ms)
    竏・should correctly convert UTC to JST before extracting year-month (134 m
s)
    竏・should correctly handle all 12 months (686 ms)
    竏・should be idempotent (same input always produces same output) (277 ms)
    竏・should match manual JST year-month calculation (181 ms)
    竏・should handle dates with explicit timezone offsets (1 ms)
    竏・should handle dates with milliseconds precision (372 ms)
    竏・should produce same result for equivalent UTC timestamps (1 ms)
    竏・should correctly handle all hours of the day (3 ms)
    Month boundary edge cases
      竏・should handle UTC month-end to JST next-month (2024-01-31T15:30:00Z 竊
・2024-02) (1 ms)
      竏・should handle UTC month-start staying in same month (2024-02-01T15:00
:00Z 竊・2024-02) (1 ms)
      竏・should handle leap year February (2024-02-29T15:00:00Z 竊・2024-03) (1 
ms)
      竏・should handle non-leap year February (2023-02-28T15:00:00Z 竊・2023-03)
      竏・should handle year boundary (2023-12-31T15:30:00Z 竊・2024-01)
      竏・should handle year boundary staying in same year (2024-01-01T15:00:00
Z 竊・2024-01) (1 ms)
      竏・should handle early morning UTC (2024-01-15T00:30:00Z 竊・2024-01)
      竏・should handle late evening UTC crossing to next day JST (2024-01-15T1
6:00:00Z 竊・2024-01)

2026-02-08T08:20:16.003+09:00 [[33mwarn[39m]: Failed to send metric to CloudWatch {
  "service": "tdnet-data-collector",
  "environment": "test",
  "metric_name": "TestMetric",
  "value": 100,
  "error_type": "Error",
  "error_message": "CloudWatch error"
}
PASS src/utils/__tests__/cloudwatch-metrics.test.ts
  CloudWatch Metrics
    sendMetric
      竏・should send a single metric to CloudWatch (17 ms)
      竏・should send metric without dimensions (3 ms)
      竏・should not throw error if CloudWatch API fails (6 ms)
    sendMetrics
      竏・should send multiple metrics to CloudWatch (4 ms)
      竏・should send metrics with dimensions (21 ms)
    sendErrorMetric
      竏・should send error metric with correct dimensions (4 ms)
    sendSuccessMetric
      竏・should send success metric with correct dimensions (5 ms)

2026-02-08T08:20:16.058+09:00 [[32minfo[39m]: Saving metadata to DynamoDB {
  "service": "tdnet-data-collector",
  "environment": "test",
  "disclosure_id": "TD20240115001",
  "date_partition": "2024-01"
}
2026-02-08T08:20:16.069+09:00 [[32minfo[39m]: Saving metadata to DynamoDB {
  "service": "tdnet-data-collector",
  "environment": "test",
  "disclosure_id": "TD20240115002",
  "date_partition": "2024-01"
}
2026-02-08T08:20:16.071+09:00 [[32minfo[39m]: Saving metadata to DynamoDB {
  "service": "tdnet-data-collector",
  "environment": "test",
  "disclosure_id": "TD20240115003",
  "date_partition": "2024-01"
}
2026-02-08T08:20:16.072+09:00 [[32minfo[39m]: Metadata saved successfully {
  "service": "tdnet-data-collector",
  "environment": "test",
  "disclosure_id": "TD20240115001",
  "date_partition": "2024-01",
  "s3_key": "2024/01/15/TD20240115001.pdf"
}
2026-02-08T08:20:16.079+09:00 [[31merror[39m]: Failed to save metadata {
  "service": "tdnet-data-collector",
  "environment": "test",
  "disclosure_id": "TD20240115002",
  "error_type": "Error",
  "error_message": "DynamoDB error"
}
2026-02-08T08:20:16.085+09:00 [[32minfo[39m]: Metadata saved successfully {
  "service": "tdnet-data-collector",
  "environment": "test",
  "disclosure_id": "TD20240115003",
  "date_partition": "2024-01",
  "s3_key": "2024/01/15/TD20240115003.pdf"
}
2026-02-08T08:20:16.115+09:00 [[33mwarn[39m]: Failed to send metric to CloudWatch {
  "service": "tdnet-data-collector",
  "environment": "test",
  "metric_name": "LambdaError",
  "value": 1,
  "error_type": "Unknown",
  "error_message": "TypeError [ERR_VM_DYNAMIC_IMPORT_CALLBACK_MISSING_FLAG]: A dynamic import callback was invoked without --experimental-vm-modules"
}
2026-02-08T08:20:16.116+09:00 [[33mwarn[39m]: Failed to send metric to CloudWatch {
  "service": "tdnet-data-collector",
  "environment": "test",
  "metric_name": "OperationSuccess",
  "value": 1,
  "error_type": "Unknown",
  "error_message": "TypeError [ERR_VM_DYNAMIC_IMPORT_CALLBACK_MISSING_FLAG]: A dynamic import callback was invoked without --experimental-vm-modules"
}
2026-02-08T08:20:16.117+09:00 [[33mwarn[39m]: Failed to send metric to CloudWatch {
  "service": "tdnet-data-collector",
  "environment": "test",
  "metric_name": "OperationSuccess",
  "value": 1,
  "error_type": "Unknown",
  "error_message": "TypeError [ERR_VM_DYNAMIC_IMPORT_CALLBACK_MISSING_FLAG]: A dynamic import callback was invoked without --experimental-vm-modules"
}
2026-02-08T08:20:16.123+09:00 [[32minfo[39m]: Saving metadata to DynamoDB {
  "service": "tdnet-data-collector",
  "environment": "test",
  "disclosure_id": "TD20240115001",
  "date_partition": "2024-01"
}
2026-02-08T08:20:16.125+09:00 [[32minfo[39m]: Saving metadata to DynamoDB {
  "service": "tdnet-data-collector",
  "environment": "test",
  "disclosure_id": "TD20240115002",
  "date_partition": "2024-01"
}
2026-02-08T08:20:16.126+09:00 [[32minfo[39m]: Metadata saved successfully {
  "service": "tdnet-data-collector",
  "environment": "test",
  "disclosure_id": "TD20240115001",
  "date_partition": "2024-01",
  "s3_key": "2024/01/15/TD20240115001.pdf"
}
2026-02-08T08:20:16.127+09:00 [[32minfo[39m]: Metadata saved successfully {
  "service": "tdnet-data-collector",
  "environment": "test",
  "disclosure_id": "TD20240115002",
  "date_partition": "2024-01",
  "s3_key": "2024/01/15/TD20240115002.pdf"
}
2026-02-08T08:20:16.129+09:00 [[33mwarn[39m]: Failed to send metric to CloudWatch {
  "service": "tdnet-data-collector",
  "environment": "test",
  "metric_name": "OperationSuccess",
  "value": 1,
  "error_type": "Unknown",
  "error_message": "TypeError [ERR_VM_DYNAMIC_IMPORT_CALLBACK_MISSING_FLAG]: A dynamic import callback was invoked without --experimental-vm-modules"
}
2026-02-08T08:20:16.130+09:00 [[33mwarn[39m]: Failed to send metric to CloudWatch {
  "service": "tdnet-data-collector",
  "environment": "test",
  "metric_name": "OperationSuccess",
  "value": 1,
  "error_type": "Unknown",
  "error_message": "TypeError [ERR_VM_DYNAMIC_IMPORT_CALLBACK_MISSING_FLAG]: A dynamic import callback was invoked without --experimental-vm-modules"
}
2026-02-08T08:20:16.136+09:00 [[32minfo[39m]: Saving metadata to DynamoDB {
  "service": "tdnet-data-collector",
  "environment": "test",
  "disclosure_id": "TD20240115001",
  "date_partition": "2024-01"
}
2026-02-08T08:20:16.138+09:00 [[32minfo[39m]: Saving metadata to DynamoDB {
  "service": "tdnet-data-collector",
  "environment": "test",
  "disclosure_id": "TD20240115002",
  "date_partition": "2024-01"
}
2026-02-08T08:20:16.139+09:00 [[31merror[39m]: Failed to save metadata {
  "service": "tdnet-data-collector",
  "environment": "test",
  "disclosure_id": "TD20240115001",
  "error_type": "Error",
  "error_message": "DynamoDB error"
}
2026-02-08T08:20:16.141+09:00 [[32minfo[39m]: Metadata saved successfully {
  "service": "tdnet-data-collector",
  "environment": "test",
  "disclosure_id": "TD20240115002",
  "date_partition": "2024-01",
  "s3_key": "2024/01/15/TD20240115002.pdf"
}
2026-02-08T08:20:16.142+09:00 [[33mwarn[39m]: Failed to send metric to CloudWatch {
  "service": "tdnet-data-collector",
  "environment": "test",
  "metric_name": "OperationSuccess",
  "value": 1,
  "error_type": "Unknown",
  "error_message": "TypeError [ERR_VM_DYNAMIC_IMPORT_CALLBACK_MISSING_FLAG]: A dynamic import callback was invoked without --experimental-vm-modules"
}
2026-02-08T08:20:16.143+09:00 [[33mwarn[39m]: Failed to send metric to CloudWatch {
  "service": "tdnet-data-collector",
  "environment": "test",
  "metric_name": "LambdaError",
  "value": 1,
  "error_type": "Unknown",
  "error_message": "TypeError [ERR_VM_DYNAMIC_IMPORT_CALLBACK_MISSING_FLAG]: A dynamic import callback was invoked without --experimental-vm-modules"
}
2026-02-08T08:20:16.155+09:00 [[32minfo[39m]: Saving metadata to DynamoDB {
  "service": "tdnet-data-collector",
  "environment": "test",
  "disclosure_id": "TD20240115001",
  "date_partition": "2024-01"
}
2026-02-08T08:20:16.157+09:00 [[32minfo[39m]: Saving metadata to DynamoDB {
  "service": "tdnet-data-collector",
  "environment": "test",
  "disclosure_id": "TD20240115002",
  "date_partition": "2024-01"
}
2026-02-08T08:20:16.158+09:00 [[31merror[39m]: Failed to save metadata {
  "service": "tdnet-data-collector",
  "environment": "test",
  "disclosure_id": "TD20240115001",
  "error_type": "Error",
  "error_message": "DynamoDB error"
}
2026-02-08T08:20:16.158+09:00 [[31merror[39m]: Failed to save metadata {
  "service": "tdnet-data-collector",
  "environment": "test",
  "disclosure_id": "TD20240115002",
  "error_type": "Error",
  "error_message": "DynamoDB error"
}
2026-02-08T08:20:16.159+09:00 [[33mwarn[39m]: Failed to send metric to CloudWatch {
  "service": "tdnet-data-collector",
  "environment": "test",
  "metric_name": "LambdaError",
  "value": 1,
  "error_type": "Unknown",
  "error_message": "TypeError [ERR_VM_DYNAMIC_IMPORT_CALLBACK_MISSING_FLAG]: A dynamic import callback was invoked without --experimental-vm-modules"
}
2026-02-08T08:20:16.160+09:00 [[33mwarn[39m]: Failed to send metric to CloudWatch {
  "service": "tdnet-data-collector",
  "environment": "test",
  "metric_name": "LambdaError",
  "value": 1,
  "error_type": "Unknown",
  "error_message": "TypeError [ERR_VM_DYNAMIC_IMPORT_CALLBACK_MISSING_FLAG]: A dynamic import callback was invoked without --experimental-vm-modules"
}
2026-02-08T08:20:16.162+09:00 [[32minfo[39m]: Saving metadata to DynamoDB {
  "service": "tdnet-data-collector",
  "environment": "test",
  "disclosure_id": "TD202401150001",
  "date_partition": "2024-01"
}
2026-02-08T08:20:16.163+09:00 [[32minfo[39m]: Saving metadata to DynamoDB {
  "service": "tdnet-data-collector",
  "environment": "test",
  "disclosure_id": "TD202401150002",
  "date_partition": "2024-01"
}
2026-02-08T08:20:16.164+09:00 [[32minfo[39m]: Saving metadata to DynamoDB {
  "service": "tdnet-data-collector",
  "environment": "test",
  "disclosure_id": "TD202401150003",
  "date_partition": "2024-01"
}
2026-02-08T08:20:16.164+09:00 [[32minfo[39m]: Saving metadata to DynamoDB {
  "service": "tdnet-data-collector",
  "environment": "test",
  "disclosure_id": "TD202401150004",
  "date_partition": "2024-01"
}
2026-02-08T08:20:16.165+09:00 [[32minfo[39m]: Saving metadata to DynamoDB {
  "service": "tdnet-data-collector",
  "environment": "test",
  "disclosure_id": "TD202401150005",
  "date_partition": "2024-01"
}
2026-02-08T08:20:16.166+09:00 [[32minfo[39m]: Saving metadata to DynamoDB {
  "service": "tdnet-data-collector",
  "environment": "test",
  "disclosure_id": "TD202401150006",
  "date_partition": "2024-01"
}
2026-02-08T08:20:16.167+09:00 [[32minfo[39m]: Saving metadata to DynamoDB {
  "service": "tdnet-data-collector",
  "environment": "test",
  "disclosure_id": "TD202401150007",
  "date_partition": "2024-01"
}
2026-02-08T08:20:16.168+09:00 [[32minfo[39m]: Saving metadata to DynamoDB {
  "service": "tdnet-data-collector",
  "environment": "test",
  "disclosure_id": "TD202401150008",
  "date_partition": "2024-01"
}
2026-02-08T08:20:16.168+09:00 [[32minfo[39m]: Saving metadata to DynamoDB {
  "service": "tdnet-data-collector",
  "environment": "test",
  "disclosure_id": "TD202401150009",
  "date_partition": "2024-01"
}
2026-02-08T08:20:16.169+09:00 [[32minfo[39m]: Saving metadata to DynamoDB {
  "service": "tdnet-data-collector",
  "environment": "test",
  "disclosure_id": "TD202401150010",
  "date_partition": "2024-01"
}
2026-02-08T08:20:16.170+09:00 [[32minfo[39m]: Metadata saved successfully {
  "service": "tdnet-data-collector",
  "environment": "test",
  "disclosure_id": "TD202401150001",
  "date_partition": "2024-01",
  "s3_key": "2024/01/15/TD202401150001.pdf"
}
2026-02-08T08:20:16.170+09:00 [[32minfo[39m]: Metadata saved successfully {
  "service": "tdnet-data-collector",
  "environment": "test",
  "disclosure_id": "TD202401150002",
  "date_partition": "2024-01",
  "s3_key": "2024/01/15/TD202401150002.pdf"
}
2026-02-08T08:20:16.171+09:00 [[32minfo[39m]: Metadata saved successfully {
  "service": "tdnet-data-collector",
  "environment": "test",
  "disclosure_id": "TD202401150003",
  "date_partition": "2024-01",
  "s3_key": "2024/01/15/TD202401150003.pdf"
}
2026-02-08T08:20:16.171+09:00 [[31merror[39m]: Failed to save metadata {
  "service": "tdnet-data-collector",
  "environment": "test",
  "disclosure_id": "TD202401150004",
  "error_type": "Error",
  "error_message": "Error"
}
2026-02-08T08:20:16.172+09:00 [[32minfo[39m]: Metadata saved successfully {
  "service": "tdnet-data-collector",
  "environment": "test",
  "disclosure_id": "TD202401150005",
  "date_partition": "2024-01",
  "s3_key": "2024/01/15/TD202401150005.pdf"
}
2026-02-08T08:20:16.172+09:00 [[32minfo[39m]: Metadata saved successfully {
  "service": "tdnet-data-collector",
  "environment": "test",
  "disclosure_id": "TD202401150006",
  "date_partition": "2024-01",
  "s3_key": "2024/01/15/TD202401150006.pdf"
}
2026-02-08T08:20:16.172+09:00 [[31merror[39m]: Failed to save metadata {
  "service": "tdnet-data-collector",
  "environment": "test",
  "disclosure_id": "TD202401150007",
  "error_type": "Error",
  "error_message": "Error"
}
2026-02-08T08:20:16.173+09:00 [[32minfo[39m]: Metadata saved successfully {
  "service": "tdnet-data-collector",
  "environment": "test",
  "disclosure_id": "TD202401150008",
  "date_partition": "2024-01",
  "s3_key": "2024/01/15/TD202401150008.pdf"
}
2026-02-08T08:20:16.173+09:00 [[32minfo[39m]: Metadata saved successfully {
  "service": "tdnet-data-collector",
  "environment": "test",
  "disclosure_id": "TD202401150009",
  "date_partition": "2024-01",
  "s3_key": "2024/01/15/TD202401150009.pdf"
}
2026-02-08T08:20:16.173+09:00 [[31merror[39m]: Failed to save metadata {
  "service": "tdnet-data-collector",
  "environment": "test",
  "disclosure_id": "TD202401150010",
  "error_type": "Error",
  "error_message": "Error"
}
2026-02-08T08:20:16.175+09:00 [[33mwarn[39m]: Failed to send metric to CloudWatch {
  "service": "tdnet-data-collector",
  "environment": "test",
  "metric_name": "OperationSuccess",
  "value": 1,
  "error_type": "Unknown",
  "error_message": "TypeError [ERR_VM_DYNAMIC_IMPORT_CALLBACK_MISSING_FLAG]: A dynamic import callback was invoked without --experimental-vm-modules"
}
2026-02-08T08:20:16.176+09:00 [[33mwarn[39m]: Failed to send metric to CloudWatch {
  "service": "tdnet-data-collector",
  "environment": "test",
  "metric_name": "OperationSuccess",
  "value": 1,
  "error_type": "Unknown",
  "error_message": "TypeError [ERR_VM_DYNAMIC_IMPORT_CALLBACK_MISSING_FLAG]: A dynamic import callback was invoked without --experimental-vm-modules"
}
2026-02-08T08:20:16.176+09:00 [[33mwarn[39m]: Failed to send metric to CloudWatch {
  "service": "tdnet-data-collector",
  "environment": "test",
  "metric_name": "LambdaError",
  "value": 1,
  "error_type": "Unknown",
  "error_message": "TypeError [ERR_VM_DYNAMIC_IMPORT_CALLBACK_MISSING_FLAG]: A dynamic import callback was invoked without --experimental-vm-modules"
}
2026-02-08T08:20:16.176+09:00 [[33mwarn[39m]: Failed to send metric to CloudWatch {
  "service": "tdnet-data-collector",
  "environment": "test",
  "metric_name": "OperationSuccess",
  "value": 1,
  "error_type": "Unknown",
  "error_message": "TypeError [ERR_VM_DYNAMIC_IMPORT_CALLBACK_MISSING_FLAG]: A dynamic import callback was invoked without --experimental-vm-modules"
}
2026-02-08T08:20:16.176+09:00 [[33mwarn[39m]: Failed to send metric to CloudWatch {
  "service": "tdnet-data-collector",
  "environment": "test",
  "metric_name": "OperationSuccess",
  "value": 1,
  "error_type": "Unknown",
  "error_message": "TypeError [ERR_VM_DYNAMIC_IMPORT_CALLBACK_MISSING_FLAG]: A dynamic import callback was invoked without --experimental-vm-modules"
}
2026-02-08T08:20:16.176+09:00 [[33mwarn[39m]: Failed to send metric to CloudWatch {
  "service": "tdnet-data-collector",
  "environment": "test",
  "metric_name": "LambdaError",
  "value": 1,
  "error_type": "Unknown",
  "error_message": "TypeError [ERR_VM_DYNAMIC_IMPORT_CALLBACK_MISSING_FLAG]: A dynamic import callback was invoked without --experimental-vm-modules"
}
2026-02-08T08:20:16.177+09:00 [[33mwarn[39m]: Failed to send metric to CloudWatch {
  "service": "tdnet-data-collector",
  "environment": "test",
  "metric_name": "OperationSuccess",
  "value": 1,
  "error_type": "Unknown",
  "error_message": "TypeError [ERR_VM_DYNAMIC_IMPORT_CALLBACK_MISSING_FLAG]: A dynamic import callback was invoked without --experimental-vm-modules"
}
2026-02-08T08:20:16.177+09:00 [[33mwarn[39m]: Failed to send metric to CloudWatch {
  "service": "tdnet-data-collector",
  "environment": "test",
  "metric_name": "OperationSuccess",
  "value": 1,
  "error_type": "Unknown",
  "error_message": "TypeError [ERR_VM_DYNAMIC_IMPORT_CALLBACK_MISSING_FLAG]: A dynamic import callback was invoked without --experimental-vm-modules"
}
2026-02-08T08:20:16.177+09:00 [[33mwarn[39m]: Failed to send metric to CloudWatch {
  "service": "tdnet-data-collector",
  "environment": "test",
  "metric_name": "LambdaError",
  "value": 1,
  "error_type": "Unknown",
  "error_message": "TypeError [ERR_VM_DYNAMIC_IMPORT_CALLBACK_MISSING_FLAG]: A dynamic import callback was invoked without --experimental-vm-modules"
}
2026-02-08T08:20:16.177+09:00 [[33mwarn[39m]: Failed to send metric to CloudWatch {
  "service": "tdnet-data-collector",
  "environment": "test",
  "metric_name": "OperationSuccess",
  "value": 1,
  "error_type": "Unknown",
  "error_message": "TypeError [ERR_VM_DYNAMIC_IMPORT_CALLBACK_MISSING_FLAG]: A dynamic import callback was invoked without --experimental-vm-modules"
}
2026-02-08T08:20:16.172+09:00 [[32minfo[39m]: Downloading PDF {
  "service": "tdnet-data-collector",
  "environment": "test",
  "disclosure_id": "TD20240115001",
  "pdf_url": "https://www.release.tdnet.info/inbs/140120240115001.pdf"
}
PASS src/lambda/collector/__tests__/partial-failure.test.ts
  Property 7: 繧ｨ繝ｩ繝ｼ譎ゅ・驛ｨ蛻・噪謌仙粥
    繝ｦ繝九ャ繝医ユ繧ｹ繝・      竏・荳驛ｨ縺悟､ｱ謨励＠縺ｦ繧よ・蜉溘＠縺滄幕遉ｺ諠・ｱ縺ｯ豌ｸ邯壼喧縺輔ｌ繧・(71 ms)
      竏・縺吶∋縺ｦ謌仙粥縺励◆蝣ｴ蜷医√せ繝・・繧ｿ繧ｹ縺ｯsuccess縺ｫ縺ｪ繧・(12 ms)
      竏・荳驛ｨ螟ｱ謨励＠縺溷ｴ蜷医√せ繝・・繧ｿ繧ｹ縺ｯpartial_success縺ｫ縺ｪ繧・(20 ms)
      竏・縺吶∋縺ｦ螟ｱ謨励＠縺溷ｴ蜷医√せ繝・・繧ｿ繧ｹ縺ｯfailed縺ｫ縺ｪ繧・(7 ms)
      竏・collected_count縺ｨfailed_count縺梧ｭ｣遒ｺ縺ｫ繧ｫ繧ｦ繝ｳ繝医＆繧後ｋ (18 ms)

2026-02-08T08:20:16.188+09:00 [[32minfo[39m]: PDF uploaded to S3 {
  "service": "tdnet-data-collector",
  "environment": "test",
  "disclosure_id": "TD20240115001",
  "s3_key": "2024/01/15/TD20240115001.pdf",
  "size": 22
}
2026-02-08T08:20:16.208+09:00 [[33mwarn[39m]: Failed to send metric to CloudWatch {
  "service": "tdnet-data-collector",
  "environment": "test",
  "metric_name": "OperationSuccess",
  "value": 1,
  "error_type": "Unknown",
  "error_message": "TypeError [ERR_VM_DYNAMIC_IMPORT_CALLBACK_MISSING_FLAG]: A dynamic import callback was invoked without --experimental-vm-modules"
}
2026-02-08T08:20:16.220+09:00 [[32minfo[39m]: Downloading PDF {
  "service": "tdnet-data-collector",
  "environment": "test",
  "disclosure_id": "TD20240131001",
  "pdf_url": "https://www.release.tdnet.info/inbs/140120240131001.pdf"
}
PASS src/utils/__tests__/date-partition.test.ts (34.522 s)
  validateDisclosedAt
    豁｣蟶ｸ邉ｻ: 譛牙柑縺ｪISO 8601蠖｢蠑・      竏・UTC蠖｢蠑擾ｼ・・峨ｒ蜿励￠蜈･繧後ｋ (20 ms)
      竏・繝溘Μ遘剃ｻ倥″UTC蠖｢蠑上ｒ蜿励￠蜈･繧後ｋ (1 ms)
      竏・繧ｿ繧､繝繧ｾ繝ｼ繝ｳ繧ｪ繝輔そ繝・ヨ蠖｢蠑上ｒ蜿励￠蜈･繧後ｋ
    逡ｰ蟶ｸ邉ｻ: 荳肴ｭ｣縺ｪ繝輔か繝ｼ繝槭ャ繝・      竏・ISO 8601蠖｢蠑上〒縺ｪ縺・ｴ蜷医・ValidationError繧偵せ繝
ｭ繝ｼ (39 ms)
      竏・繧ｿ繧､繝繧ｾ繝ｼ繝ｳ謖・ｮ壹′縺ｪ縺・ｴ蜷医・ValidationError繧偵せ繝ｭ繝ｼ (2 ms)
    逡ｰ蟶ｸ邉ｻ: 蟄伜惠縺励↑縺・律莉・      竏・2024-02-30・亥ｭ伜惠縺励↑縺・律莉假ｼ峨・ValidationError繧偵せ繝ｭ
繝ｼ (5 ms)
      竏・2023-02-29・磯撼縺・ｋ縺・ｹｴ縺ｮ2譛・9譌･・峨・ValidationError繧偵せ繝ｭ繝ｼ (2 ms)
      竏・2024-13-01・・3譛茨ｼ峨・ValidationError繧偵せ繝ｭ繝ｼ (1 ms)
      竏・2024-01-32・・2譌･・峨・ValidationError繧偵せ繝ｭ繝ｼ (2 ms)
    逡ｰ蟶ｸ邉ｻ: 遽・峇螟悶・譌･莉・      竏・1970-01-01繧医ｊ蜑阪・譌･莉倥・ValidationError繧偵せ繝ｭ繝ｼ (1 
ms)
      竏・迴ｾ蝨ｨ譎ょ綾+2譌･莉･髯阪・譌･莉倥・ValidationError繧偵せ繝ｭ繝ｼ (1 ms)
    豁｣蟶ｸ邉ｻ: 蠅・阜蛟､
      竏・1970-01-01T00:00:00Z繧貞女縺大・繧後ｋ (1 ms)
      竏・迴ｾ蝨ｨ譎ょ綾繧貞女縺大・繧後ｋ
      竏・迴ｾ蝨ｨ譎ょ綾+1譌･繧貞女縺大・繧後ｋ
  generateDatePartition
    豁｣蟶ｸ邉ｻ: JST蝓ｺ貅悶〒YYYY-MM蠖｢蠑上ｒ逕滓・
      竏・UTC: 2024-01-15T01:30:00Z 竊・JST: 2024-01-15T10:30:00 竊・"2024-01" (1 m
s)
      竏・UTC: 2024-06-15T12:00:00Z 竊・JST: 2024-06-15T21:00:00 竊・"2024-06" (1 m
s)
      竏・UTC: 2024-12-31T14:59:59Z 竊・JST: 2024-12-31T23:59:59 竊・"2024-12"
    繧ｨ繝・ず繧ｱ繝ｼ繧ｹ: 譛医∪縺溘℃・・TC竊谷ST螟画鋤・・      竏・UTC: 2024-01-31T15:30:00Z 竊・JST: 
2024-02-01T00:30:00 竊・"2024-02" (1 ms)
      竏・UTC: 2024-01-31T14:59:59Z 竊・JST: 2024-01-31T23:59:59 竊・"2024-01"
      竏・UTC: 2024-02-29T15:00:00Z 竊・JST: 2024-03-01T00:00:00 竊・"2024-03"・医≧繧九
≧蟷ｴ・・      竏・UTC: 2023-02-28T15:00:00Z 竊・JST: 2023-03-01T00:00:00 竊・"2023-03"
・磯撼縺・ｋ縺・ｹｴ・・      竏・UTC: 2023-12-31T15:30:00Z 竊・JST: 2024-01-01T00:30:00 竊・"2
024-01"・亥ｹｴ縺ｾ縺溘℃・・      竏・UTC: 2023-12-31T14:59:59Z 竊・JST: 2023-12-31T23:59:5
9 竊・"2023-12"・亥ｹｴ縺ｾ縺溘℃騾・ｼ・    繧ｨ繝・ず繧ｱ繝ｼ繧ｹ: 譛域忰縺ｮ豺ｱ螟・      竏・UTC: 2024-03-31T1
5:00:00Z 竊・JST: 2024-04-01T00:00:00 竊・"2024-04"
      竏・UTC: 2024-04-30T15:00:00Z 竊・JST: 2024-05-01T00:00:00 竊・"2024-05" (1 m
s)
      竏・UTC: 2024-05-31T15:00:00Z 竊・JST: 2024-06-01T00:00:00 竊・"2024-06" (1 m
s)
    逡ｰ蟶ｸ邉ｻ: 荳肴ｭ｣縺ｪ蜈･蜉・      竏・荳肴ｭ｣縺ｪ繝輔か繝ｼ繝槭ャ繝医・蝣ｴ蜷医・ValidationError繧偵せ繝ｭ繝ｼ (3
 ms)
      竏・蟄伜惠縺励↑縺・律莉倥・蝣ｴ蜷医・ValidationError繧偵せ繝ｭ繝ｼ (2 ms)
      竏・遽・峇螟悶・譌･莉倥・蝣ｴ蜷医・ValidationError繧偵せ繝ｭ繝ｼ (1 ms)
  generateMonthRange
    豁｣蟶ｸ邉ｻ: 譛育ｯ・峇縺ｮ逕滓・
      竏・蜷御ｸ譛医・蝣ｴ蜷医・1縺､縺ｮ譛医ｒ霑斐☆ (2 ms)
      竏・騾｣邯壹☆繧・繝ｶ譛医・遽・峇繧堤函謌・      竏・蟷ｴ繧偵∪縺溘＄遽・峇繧堤函謌・      竏・1蟷ｴ髢薙・遽・峇繧堤函謌・(2 
ms)
    逡ｰ蟶ｸ邉ｻ: 荳肴ｭ｣縺ｪ蜈･蜉・      竏・荳肴ｭ｣縺ｪ繝輔か繝ｼ繝槭ャ繝医・蝣ｴ蜷医・ValidationError繧偵せ繝ｭ繝ｼ (2
1 ms)
      竏・髢句ｧ区怦縺檎ｵゆｺ・怦繧医ｊ蠕後・蝣ｴ蜷医・ValidationError繧偵せ繝ｭ繝ｼ (2 ms)
  validateYearMonth
    豁｣蟶ｸ邉ｻ: 譛牙柑縺ｪYYYY-MM蠖｢蠑・      竏・2024-01繧貞女縺大・繧後ｋ (1 ms)
      竏・2024-12繧貞女縺大・繧後ｋ (1 ms)
    逡ｰ蟶ｸ邉ｻ: 荳肴ｭ｣縺ｪ繝輔か繝ｼ繝槭ャ繝・      竏・YYYY-MM蠖｢蠑上〒縺ｪ縺・ｴ蜷医・ValidationError繧偵せ繝ｭ
繝ｼ (3 ms)
      竏・譛医′遽・峇螟厄ｼ・0, 13・峨・蝣ｴ蜷医・ValidationError繧偵せ繝ｭ繝ｼ (2 ms)

  console.warn
    [WARNING] aws-cdk-lib.aws_dynamodb.TableOptions#pointInTimeRecovery is deprecated.
      use `pointInTimeRecoverySpecification` instead
      This API will be removed in the next major release.

    [0m [90m 22 |[39m
     [90m 23 |[39m     [90m// 1. tdnet_disclosures - 髢狗､ｺ諠・ｱ繝｡繧ｿ繝・・繧ｿ繝・・繝悶Ν[39m
    [31m[1m>[22m[39m[90m 24 |[39m     [36mthis[39m[33m.[39mdisclosuresTable [33m=[39m [36mnew[39m dynamodb[33m.[39m[33mTable[39m([36mthis[39m[33m,[39m [32m'DisclosuresTable'[39m[33m,[39m {
     [90m    |[39m                             [31m[1m^[22m[39m
     [90m 25 |[39m       tableName[33m:[39m [32m'tdnet_disclosures'[39m[33m,[39m
     [90m 26 |[39m       partitionKey[33m:[39m {
     [90m 27 |[39m         name[33m:[39m [32m'disclosure_id'[39m[33m,[39m[0m

      at print (node_modules/aws-cdk-lib/.warnings.jsii.js:9:146)
      at Object.aws_cdk_lib_aws_dynamodb_TableProps (node_modules/aws-cdk-lib/.warnings.jsii.js:1:788572)
      at new Table2 (node_modules/aws-cdk-lib/aws-dynamodb/lib/table.js:1:23347)
      at new Table2 (node_modules/aws-cdk-lib/core/lib/prop-injectable.js:1:783)
      at new TdnetDataCollectorStack (cdk/lib/tdnet-data-collector-stack.ts:24:29)
      at Object.<anonymous> (cdk/__tests__/s3-buckets.test.ts:20:19)

PASS src/utils/__tests__/disclosure-id.property.test.ts (35.403 s)
  generateDisclosureId - Property Tests
    Property 4: 髢狗､ｺID縺ｮ荳諢乗ｧ
      竏・逡ｰ縺ｪ繧句・蜉帙・逡ｰ縺ｪ繧紀D繧堤函謌・(73 ms)
      竏・蜷後§蜈･蜉帙・蜷後§ID繧堤函謌撰ｼ亥・遲画ｧ・・(13 ms)
    Unit Tests
      竏・豁｣縺励＞繝輔か繝ｼ繝槭ャ繝医〒ID繧堤函謌・(1 ms)
      竏・騾｣逡ｪ繧・譯√↓繧ｼ繝ｭ繝代ョ繧｣繝ｳ繧ｰ (1 ms)
      竏・逡ｰ縺ｪ繧区律莉倥〒逡ｰ縺ｪ繧紀D繧堤函謌・(1 ms)
      竏・逡ｰ縺ｪ繧倶ｼ∵･ｭ繧ｳ繝ｼ繝峨〒逡ｰ縺ｪ繧紀D繧堤函謌・(3 ms)
      竏・逡ｰ縺ｪ繧矩｣逡ｪ縺ｧ逡ｰ縺ｪ繧紀D繧堤函謌・(1 ms)
    Validation Tests
      竏・荳肴ｭ｣縺ｪ譌･莉倥ヵ繧ｩ繝ｼ繝槭ャ繝医〒繧ｨ繝ｩ繝ｼ (30 ms)
      竏・荳肴ｭ｣縺ｪ莨∵･ｭ繧ｳ繝ｼ繝峨〒繧ｨ繝ｩ繝ｼ (4 ms)
      竏・荳肴ｭ｣縺ｪ騾｣逡ｪ縺ｧ繧ｨ繝ｩ繝ｼ (2 ms)
    Edge Cases
      竏・譛医∪縺溘℃縺ｮ譌･莉倥ｒ豁｣縺励￥蜃ｦ逅・      竏・蟷ｴ縺ｾ縺溘℃縺ｮ譌･莉倥ｒ豁｣縺励￥蜃ｦ逅・(1 ms)
      竏・縺・ｋ縺・ｹｴ縺ｮ譌･莉倥ｒ豁｣縺励￥蜃ｦ逅・      竏・繧ｿ繧､繝繧ｾ繝ｼ繝ｳ莉倥″譌･莉倥ｒ豁｣縺励￥蜃ｦ逅・(1 ms)
      竏・譛医∪縺溘℃縺ｮ繧ｨ繝・ず繧ｱ繝ｼ繧ｹ・・TC豺ｱ螟懌・JST鄙梧律・峨ｒ豁｣縺励￥蜃ｦ逅・      竏・蟷ｴ縺ｾ縺溘℃縺ｮ繧ｨ繝・ず繧
ｱ繝ｼ繧ｹ・・TC豺ｱ螟懌・JST鄙悟ｹｴ・峨ｒ豁｣縺励￥蜃ｦ逅・(1 ms)

PASS src/__tests__/type-definitions.test.ts (35.476 s)
  TypeScript蝙句ｮ夂ｾｩ縺ｨ繧､繝ｳ繧ｿ繝ｼ繝輔ぉ繝ｼ繧ｹ
    Disclosure蝙・      竏・should have all required fields (15 ms)
    CollectionResult蝙・      竏・should have all required fields (2 ms)
    ExecutionStatus蝙・      竏・should have all required fields (1 ms)
    QueryFilter蝙・      竏・should support optional fields (1 ms)
      竏・should allow empty filter (2 ms)
    toDynamoDBItem
      竏・should convert Disclosure to DynamoDB item (1 ms)
      竏・should throw ValidationError for missing fields (38 ms)
    fromDynamoDBItem
      竏・should convert DynamoDB item to Disclosure (2 ms)
      竏・should throw ValidationError for missing fields (2 ms)
    generateDatePartition
      竏・should generate date_partition in YYYY-MM format (JST)
      竏・should handle month boundary (UTC to JST)
      竏・should handle leap year February (16 ms)
      竏・should handle year boundary (1 ms)
      竏・should throw ValidationError for invalid format (5 ms)
      竏・should reject non-existent dates (7 ms)
      竏・should throw ValidationError for out of range date (2 ms)
    validateDisclosedAt
      竏・should accept valid ISO 8601 format (3 ms)
      竏・should reject invalid format (3 ms)
      竏・should reject non-existent dates (2 ms)
      竏・should reject out of range date (1 ms)
    generateMonthRange
      竏・should generate month range (1 ms)
      竏・should handle single month
      竏・should handle year boundary (1 ms)
      竏・should throw ValidationError for invalid format (2 ms)
      竏・should throw ValidationError for invalid range (1 ms)
    validateYearMonth
      竏・should accept valid YYYY-MM format (1 ms)
      竏・should reject invalid format (3 ms)
      竏・should reject invalid month (3 ms)
    createDisclosure
      竏・should create Disclosure with auto-generated date_partition (1 ms)
      竏・should use provided date_partition
    generateDisclosureId
      竏・should generate disclosure ID in correct format (1 ms)
      竏・should handle JST date conversion
      竏・should pad sequence with zeros
      竏・should throw ValidationError for invalid company_code (6 ms)
      竏・should throw ValidationError for invalid sequence (4 ms)
    validateDisclosure
      竏・should accept valid Disclosure (1 ms)
      竏・should throw ValidationError for missing fields (1 ms)
      竏・should throw ValidationError for invalid company_code (3 ms)
      竏・should throw ValidationError for invalid date_partition (1 ms)

  console.warn
    [WARNING] aws-cdk-lib.aws_dynamodb.TableOptions#pointInTimeRecovery is deprecated.
      use `pointInTimeRecoverySpecification` instead
      This API will be removed in the next major release.

    [0m [90m 63 |[39m
     [90m 64 |[39m     [90m// 2. tdnet_executions - 螳溯｡檎憾諷狗ｮ｡逅・ユ繝ｼ繝悶Ν[39m
    [31m[1m>[22m[39m[90m 65 |[39m     [36mthis[39m[33m.[39mexecutionsTable [33m=[39m [36mnew[39m dynamodb[33m.[39m[33mTable[39m([36mthis[39m[33m,[39m [32m'ExecutionsTable'[39m[33m,[39m {
     [90m    |[39m                            [31m[1m^[22m[39m
     [90m 66 |[39m       tableName[33m:[39m [32m'tdnet_executions'[39m[33m,[39m
     [90m 67 |[39m       partitionKey[33m:[39m {
     [90m 68 |[39m         name[33m:[39m [32m'execution_id'[39m[33m,[39m[0m

      at print (node_modules/aws-cdk-lib/.warnings.jsii.js:9:146)
      at Object.aws_cdk_lib_aws_dynamodb_TableProps (node_modules/aws-cdk-lib/.warnings.jsii.js:1:788572)
      at new Table2 (node_modules/aws-cdk-lib/aws-dynamodb/lib/table.js:1:23347)
      at new Table2 (node_modules/aws-cdk-lib/core/lib/prop-injectable.js:1:783)
      at new TdnetDataCollectorStack (cdk/lib/tdnet-data-collector-stack.ts:65:28)
      at Object.<anonymous> (cdk/__tests__/s3-buckets.test.ts:20:19)

PASS src/utils/__tests__/retry.property.test.ts (34.532 s)
  retryWithBackoff - Property Tests
    竏・should never exceed maxRetries attempts (2096 ms)
    竏・should not retry non-retryable errors (52 ms)
    竏・should return result on success (72 ms)
    竏・should apply exponential backoff delays (1036 ms)
    竏・should respect custom shouldRetry function (1325 ms)
  isRetryableError - Property Tests
    竏・should always return true for RetryableError (8 ms)
    竏・should always return false for ValidationError (6 ms)
    竏・should return true for network errors (4 ms)
    竏・should return true for AWS temporary errors (6 ms)
    竏・should return false for non-Error objects (9 ms)

2026-02-08T08:20:17.271+09:00 [[32minfo[39m]: Scraping TDnet list {
  "service": "tdnet-data-collector",
  "environment": "test",
  "date": "2024-01-15"
}
2026-02-08T08:20:17.282+09:00 [[32minfo[39m]: TDnet list scraped successfully {
  "service": "tdnet-data-collector",
  "environment": "test",
  "date": "2024-01-15",
  "count": 1
}
2026-02-08T08:20:17.307+09:00 [[33mwarn[39m]: Failed to send metric to CloudWatch {
  "service": "tdnet-data-collector",
  "environment": "test",
  "metric_name": "OperationSuccess",
  "value": 1,
  "error_type": "Unknown",
  "error_message": "TypeError [ERR_VM_DYNAMIC_IMPORT_CALLBACK_MISSING_FLAG]: A dynamic import callback was invoked without --experimental-vm-modules"
}
2026-02-08T08:20:17.360+09:00 [[32minfo[39m]: Scraping TDnet list {
  "service": "tdnet-data-collector",
  "environment": "test",
  "date": "2024-01-15"
}
2026-02-08T08:20:17.362+09:00 [[32minfo[39m]: TDnet list scraped successfully {
  "service": "tdnet-data-collector",
  "environment": "test",
  "date": "2024-01-15",
  "count": 0
}
2026-02-08T08:20:17.364+09:00 [[33mwarn[39m]: Failed to send metric to CloudWatch {
  "service": "tdnet-data-collector",
  "environment": "test",
  "metric_name": "OperationSuccess",
  "value": 0,
  "error_type": "Unknown",
  "error_message": "TypeError [ERR_VM_DYNAMIC_IMPORT_CALLBACK_MISSING_FLAG]: A dynamic import callback was invoked without --experimental-vm-modules"
}
2026-02-08T08:20:17.395+09:00 [[32minfo[39m]: Scraping TDnet list {
  "service": "tdnet-data-collector",
  "environment": "test",
  "date": "2024-02-30"
}
2026-02-08T08:20:17.397+09:00 [[32minfo[39m]: TDnet list scraped successfully {
  "service": "tdnet-data-collector",
  "environment": "test",
  "date": "2024-02-30",
  "count": 0
}
2026-02-08T08:20:17.398+09:00 [[33mwarn[39m]: Failed to send metric to CloudWatch {
  "service": "tdnet-data-collector",
  "environment": "test",
  "metric_name": "OperationSuccess",
  "value": 0,
  "error_type": "Unknown",
  "error_message": "TypeError [ERR_VM_DYNAMIC_IMPORT_CALLBACK_MISSING_FLAG]: A dynamic import callback was invoked without --experimental-vm-modules"
}
2026-02-08T08:20:17.402+09:00 [[32minfo[39m]: Scraping TDnet list {
  "service": "tdnet-data-collector",
  "environment": "test",
  "date": "2024-01-15"
}
2026-02-08T08:20:17.404+09:00 [[32minfo[39m]: TDnet list scraped successfully {
  "service": "tdnet-data-collector",
  "environment": "test",
  "date": "2024-01-15",
  "count": 0
}
2026-02-08T08:20:17.405+09:00 [[33mwarn[39m]: Failed to send metric to CloudWatch {
  "service": "tdnet-data-collector",
  "environment": "test",
  "metric_name": "OperationSuccess",
  "value": 0,
  "error_type": "Unknown",
  "error_message": "TypeError [ERR_VM_DYNAMIC_IMPORT_CALLBACK_MISSING_FLAG]: A dynamic import callback was invoked without --experimental-vm-modules"
}
2026-02-08T08:20:17.405+09:00 [[32minfo[39m]: Scraping TDnet list {
  "service": "tdnet-data-collector",
  "environment": "test",
  "date": "2024-12-31"
}
2026-02-08T08:20:17.406+09:00 [[32minfo[39m]: TDnet list scraped successfully {
  "service": "tdnet-data-collector",
  "environment": "test",
  "date": "2024-12-31",
  "count": 0
}
2026-02-08T08:20:17.407+09:00 [[33mwarn[39m]: Failed to send metric to CloudWatch {
  "service": "tdnet-data-collector",
  "environment": "test",
  "metric_name": "OperationSuccess",
  "value": 0,
  "error_type": "Unknown",
  "error_message": "TypeError [ERR_VM_DYNAMIC_IMPORT_CALLBACK_MISSING_FLAG]: A dynamic import callback was invoked without --experimental-vm-modules"
}
2026-02-08T08:20:17.409+09:00 [[32minfo[39m]: Scraping TDnet list {
  "service": "tdnet-data-collector",
  "environment": "test",
  "date": "2024-01-15"
}
PASS cdk/__tests__/dynamodb-tables.test.ts (34.629 s)
  DynamoDB Tables
    tdnet_disclosures table
      竏・should be created with correct configuration (36 ms)
      竏・should have correct partition key (9 ms)
      竏・should have GSI_CompanyCode_DiscloseDate index (3 ms)
      竏・should have GSI_DatePartition index (2 ms)
      竏・should have exactly 2 GSIs (1 ms)
    tdnet_executions table
      竏・should be created with correct configuration (1 ms)
      竏・should have correct partition key (1 ms)
      竏・should have TTL enabled (6 ms)
      竏・should have GSI_Status_StartedAt index (2 ms)
      竏・should have exactly 1 GSI (2 ms)
    CloudFormation Outputs
      竏・should export DisclosuresTableName (3 ms)
      竏・should export ExecutionsTableName (1 ms)
    Security and Compliance
      竏・should have encryption enabled on all tables (4 ms)
      竏・should have point-in-time recovery enabled on all tables (2 ms)
      竏・should use on-demand billing mode for cost optimization (1 ms)
    Table Count
      竏・should have exactly 2 DynamoDB tables (1 ms)

PASS src/__tests__/project-structure.test.ts (34.72 s)
  繝励Ο繧ｸ繧ｧ繧ｯ繝域ｧ矩縺ｮ讀懆ｨｼ
    蠢・医ョ繧｣繝ｬ繧ｯ繝医Μ縺ｮ蟄伜惠遒ｺ隱・      竏・繝・ぅ繝ｬ繧ｯ繝医Μ "src" 縺悟ｭ伜惠縺吶ｋ縺薙→ (15 ms)
      竏・繝・ぅ繝ｬ繧ｯ繝医Μ "cdk" 縺悟ｭ伜惠縺吶ｋ縺薙→ (2 ms)
      竏・繝・ぅ繝ｬ繧ｯ繝医Μ "cdk/bin" 縺悟ｭ伜惠縺吶ｋ縺薙→ (1 ms)
      竏・繝・ぅ繝ｬ繧ｯ繝医Μ "cdk/lib" 縺悟ｭ伜惠縺吶ｋ縺薙→ (2 ms)
      竏・繝・ぅ繝ｬ繧ｯ繝医Μ "docs" 縺悟ｭ伜惠縺吶ｋ縺薙→ (1 ms)
      竏・繝・ぅ繝ｬ繧ｯ繝医Μ ".kiro" 縺悟ｭ伜惠縺吶ｋ縺薙→ (1 ms)
      竏・繝・ぅ繝ｬ繧ｯ繝医Μ ".kiro/specs" 縺悟ｭ伜惠縺吶ｋ縺薙→ (1 ms)
      竏・繝・ぅ繝ｬ繧ｯ繝医Μ ".kiro/specs/tdnet-data-collector" 縺悟ｭ伜惠縺吶ｋ縺薙→ (2 ms)
      竏・繝・ぅ繝ｬ繧ｯ繝医Μ ".kiro/steering" 縺悟ｭ伜惠縺吶ｋ縺薙→ (1 ms)
    蠢・医ヵ繧｡繧､繝ｫ縺ｮ蟄伜惠遒ｺ隱・      竏・繝輔ぃ繧､繝ｫ "package.json" 縺悟ｭ伜惠縺吶ｋ縺薙→ (1 ms)
      竏・繝輔ぃ繧､繝ｫ "tsconfig.json" 縺悟ｭ伜惠縺吶ｋ縺薙→ (1 ms)
      竏・繝輔ぃ繧､繝ｫ "jest.config.js" 縺悟ｭ伜惠縺吶ｋ縺薙→
      竏・繝輔ぃ繧､繝ｫ ".eslintrc.json" 縺悟ｭ伜惠縺吶ｋ縺薙→
      竏・繝輔ぃ繧､繝ｫ ".prettierrc.json" 縺悟ｭ伜惠縺吶ｋ縺薙→ (1 ms)
      竏・繝輔ぃ繧､繝ｫ ".gitignore" 縺悟ｭ伜惠縺吶ｋ縺薙→ (1 ms)
      竏・繝輔ぃ繧､繝ｫ "cdk.json" 縺悟ｭ伜惠縺吶ｋ縺薙→ (1 ms)
      竏・繝輔ぃ繧､繝ｫ "README.md" 縺悟ｭ伜惠縺吶ｋ縺薙→ (1 ms)
      竏・繝輔ぃ繧､繝ｫ "LICENSE" 縺悟ｭ伜惠縺吶ｋ縺薙→ (1 ms)
      竏・繝輔ぃ繧､繝ｫ "cdk/bin/tdnet-data-collector.ts" 縺悟ｭ伜惠縺吶ｋ縺薙→
      竏・繝輔ぃ繧､繝ｫ "cdk/lib/tdnet-data-collector-stack.ts" 縺悟ｭ伜惠縺吶ｋ縺薙→
      竏・繝輔ぃ繧､繝ｫ ".kiro/specs/tdnet-data-collector/tasks.md" 縺悟ｭ伜惠縺吶ｋ縺薙→ (1 ms
)
    package.json縺ｮ讀懆ｨｼ
      竏・繝励Ο繧ｸ繧ｧ繧ｯ繝亥錐縺梧ｭ｣縺励＞縺薙→
      竏・Node.js繝舌・繧ｸ繝ｧ繝ｳ縺・0.x莉･荳翫〒縺ゅｋ縺薙→ (1 ms)
      蠢・医・萓晏ｭ倬未菫ゅ′繧､繝ｳ繧ｹ繝医・繝ｫ縺輔ｌ縺ｦ縺・ｋ縺薙→
        竏・萓晏ｭ倬未菫・"aws-cdk-lib" 縺悟ｭ伜惠縺吶ｋ縺薙→ (2 ms)
        竏・萓晏ｭ倬未菫・"constructs" 縺悟ｭ伜惠縺吶ｋ縺薙→
        竏・萓晏ｭ倬未菫・"axios" 縺悟ｭ伜惠縺吶ｋ縺薙→ (1 ms)
        竏・萓晏ｭ倬未菫・"cheerio" 縺悟ｭ伜惠縺吶ｋ縺薙→ (1 ms)
        竏・萓晏ｭ倬未菫・"winston" 縺悟ｭ伜惠縺吶ｋ縺薙→
        竏・萓晏ｭ倬未菫・"fast-check" 縺悟ｭ伜惠縺吶ｋ縺薙→ (1 ms)
        竏・萓晏ｭ倬未菫・"@aws-sdk/client-dynamodb" 縺悟ｭ伜惠縺吶ｋ縺薙→
        竏・萓晏ｭ倬未菫・"@aws-sdk/client-s3" 縺悟ｭ伜惠縺吶ｋ縺薙→
        竏・萓晏ｭ倬未菫・"@aws-sdk/client-cloudwatch" 縺悟ｭ伜惠縺吶ｋ縺薙→ (1 ms)
        竏・萓晏ｭ倬未菫・"@aws-sdk/client-secrets-manager" 縺悟ｭ伜惠縺吶ｋ縺薙→
        竏・萓晏ｭ倬未菫・"@aws-sdk/client-sns" 縺悟ｭ伜惠縺吶ｋ縺薙→
      蠢・医・devDependencies縺後う繝ｳ繧ｹ繝医・繝ｫ縺輔ｌ縺ｦ縺・ｋ縺薙→
        竏・devDependency "typescript" 縺悟ｭ伜惠縺吶ｋ縺薙→
        竏・devDependency "ts-node" 縺悟ｭ伜惠縺吶ｋ縺薙→ (1 ms)
        竏・devDependency "ts-jest" 縺悟ｭ伜惠縺吶ｋ縺薙→
        竏・devDependency "jest" 縺悟ｭ伜惠縺吶ｋ縺薙→
        竏・devDependency "@types/jest" 縺悟ｭ伜惠縺吶ｋ縺薙→ (1 ms)
        竏・devDependency "@types/node" 縺悟ｭ伜惠縺吶ｋ縺薙→
        竏・devDependency "eslint" 縺悟ｭ伜惠縺吶ｋ縺薙→
        竏・devDependency "@typescript-eslint/eslint-plugin" 縺悟ｭ伜惠縺吶ｋ縺薙→ (1 ms)
        竏・devDependency "@typescript-eslint/parser" 縺悟ｭ伜惠縺吶ｋ縺薙→
        竏・devDependency "prettier" 縺悟ｭ伜惠縺吶ｋ縺薙→ (1 ms)
        竏・devDependency "eslint-config-prettier" 縺悟ｭ伜惠縺吶ｋ縺薙→
        竏・devDependency "eslint-plugin-prettier" 縺悟ｭ伜惠縺吶ｋ縺薙→ (1 ms)
        竏・devDependency "aws-cdk" 縺悟ｭ伜惠縺吶ｋ縺薙→
      蠢・医・繧ｹ繧ｯ繝ｪ繝励ヨ縺悟ｮ夂ｾｩ縺輔ｌ縺ｦ縺・ｋ縺薙→
        竏・繧ｹ繧ｯ繝ｪ繝励ヨ "build" 縺悟ｮ夂ｾｩ縺輔ｌ縺ｦ縺・ｋ縺薙→ (1 ms)
        竏・繧ｹ繧ｯ繝ｪ繝励ヨ "test" 縺悟ｮ夂ｾｩ縺輔ｌ縺ｦ縺・ｋ縺薙→
        竏・繧ｹ繧ｯ繝ｪ繝励ヨ "test:coverage" 縺悟ｮ夂ｾｩ縺輔ｌ縺ｦ縺・ｋ縺薙→ (1 ms)
        竏・繧ｹ繧ｯ繝ｪ繝励ヨ "lint" 縺悟ｮ夂ｾｩ縺輔ｌ縺ｦ縺・ｋ縺薙→
        竏・繧ｹ繧ｯ繝ｪ繝励ヨ "lint:fix" 縺悟ｮ夂ｾｩ縺輔ｌ縺ｦ縺・ｋ縺薙→ (1 ms)
        竏・繧ｹ繧ｯ繝ｪ繝励ヨ "format" 縺悟ｮ夂ｾｩ縺輔ｌ縺ｦ縺・ｋ縺薙→
        竏・繧ｹ繧ｯ繝ｪ繝励ヨ "format:check" 縺悟ｮ夂ｾｩ縺輔ｌ縺ｦ縺・ｋ縺薙→
        竏・繧ｹ繧ｯ繝ｪ繝励ヨ "cdk" 縺悟ｮ夂ｾｩ縺輔ｌ縺ｦ縺・ｋ縺薙→
        竏・繧ｹ繧ｯ繝ｪ繝励ヨ "cdk:deploy" 縺悟ｮ夂ｾｩ縺輔ｌ縺ｦ縺・ｋ縺薙→
        竏・繧ｹ繧ｯ繝ｪ繝励ヨ "cdk:diff" 縺悟ｮ夂ｾｩ縺輔ｌ縺ｦ縺・ｋ縺薙→ (1 ms)
        竏・繧ｹ繧ｯ繝ｪ繝励ヨ "cdk:synth" 縺悟ｮ夂ｾｩ縺輔ｌ縺ｦ縺・ｋ縺薙→
    tsconfig.json縺ｮ讀懆ｨｼ
      竏・target縺窪S2022縺ｧ縺ゅｋ縺薙→ (1 ms)
      竏・strict繝｢繝ｼ繝峨′譛牙柑縺ｧ縺ゅｋ縺薙→
      竏・蠢・医・compilerOptions縺瑚ｨｭ螳壹＆繧後※縺・ｋ縺薙→ (1 ms)
      竏・include縺ｫsrc縺ｨcdk縺悟性縺ｾ繧後※縺・ｋ縺薙→ (1 ms)
      竏・exclude縺ｫnode_modules縺悟性縺ｾ繧後※縺・ｋ縺薙→ (1 ms)
    jest.config.js縺ｮ讀懆ｨｼ
      竏・preset縺荊s-jest縺ｧ縺ゅｋ縺薙→ (1 ms)
      竏・testEnvironment縺系ode縺ｧ縺ゅｋ縺薙→ (1 ms)
      竏・roots縺ｫsrc縺ｨcdk縺悟性縺ｾ繧後※縺・ｋ縺薙→
      竏・coverageThreshold縺・0%莉･荳翫↓險ｭ螳壹＆繧後※縺・ｋ縺薙→ (1 ms)
    .eslintrc.json縺ｮ讀懆ｨｼ
      竏・TypeScript繝代・繧ｵ繝ｼ縺瑚ｨｭ螳壹＆繧後※縺・ｋ縺薙→ (1 ms)
      竏・蠢・医・繝励Λ繧ｰ繧､繝ｳ縺瑚ｨｭ螳壹＆繧後※縺・ｋ縺薙→ (1 ms)
      竏・蠢・医・extends縺瑚ｨｭ螳壹＆繧後※縺・ｋ縺薙→ (1 ms)
    .prettierrc.json縺ｮ讀懆ｨｼ
      竏・Prettier險ｭ螳壹′蟄伜惠縺吶ｋ縺薙→
      竏・蝓ｺ譛ｬ逧・↑繝輔か繝ｼ繝槭ャ繝郁ｨｭ螳壹′蜷ｫ縺ｾ繧後※縺・ｋ縺薙→ (1 ms)
    cdk.json縺ｮ讀懆ｨｼ
      竏・app繧ｨ繝ｳ繝医Μ繝ｼ繝昴う繝ｳ繝医′險ｭ螳壹＆繧後※縺・ｋ縺薙→ (1 ms)
      竏・context縺瑚ｨｭ螳壹＆繧後※縺・ｋ縺薙→ (1 ms)
    node_modules縺ｮ讀懆ｨｼ
      竏・node_modules繝・ぅ繝ｬ繧ｯ繝医Μ縺悟ｭ伜惠縺吶ｋ縺薙→
      竏・荳ｻ隕√↑萓晏ｭ倬未菫ゅ′繧､繝ｳ繧ｹ繝医・繝ｫ縺輔ｌ縺ｦ縺・ｋ縺薙→ (1 ms)
    CDK繝輔ぃ繧､繝ｫ縺ｮ讀懆ｨｼ
      竏・CDK bin繝輔ぃ繧､繝ｫ縺梧怏蜉ｹ縺ｪTypeScript繝輔ぃ繧､繝ｫ縺ｧ縺ゅｋ縺薙→ (1 ms)
      竏・CDK stack繝輔ぃ繧､繝ｫ縺梧怏蜉ｹ縺ｪTypeScript繝輔ぃ繧､繝ｫ縺ｧ縺ゅｋ縺薙→ (1 ms)

2026-02-08T08:20:17.531+09:00 [[33mwarn[39m]: Failed to send metric {
  "service": "tdnet-data-collector",
  "environment": "test",
  "metric_name": "TestMetric",
  "value": 1,
  "error_type": "Error",
  "error_message": "Network error"
}
PASS src/utils/__tests__/metrics.test.ts (35.689 s)
  CloudWatch Metrics
    sendMetric
      竏・should send metric with default options (27 ms)
      竏・should send metric with custom namespace (3 ms)
      竏・should send metric with dimensions (2 ms)
      竏・should send metric with custom unit (2 ms)
      竏・should not throw error on metric send failure (5 ms)
    sendErrorMetric
      竏・should send error metric with error type (2 ms)
      竏・should send error metric with function name (2 ms)
      竏・should handle standard Error objects (2 ms)
    sendSuccessMetric
      竏・should send success metric without function name (2 ms)
      竏・should send success metric with function name (2 ms)
    sendExecutionTimeMetric
      竏・should send execution time metric (1 ms)
      竏・should send execution time metric with function name (1 ms)
    sendBatchResultMetrics
      竏・should send batch success and failed metrics (1 ms)
      竏・should send batch metrics with function name (2 ms)
      竏・should send correct values for success and failed (1 ms)
    Lambda Integration Example
      竏・should demonstrate complete Lambda error handling with metrics (1 ms)
      竏・should demonstrate batch processing with metrics (1 ms)

2026-02-08T08:20:18.003+09:00 [[32minfo[39m]: Saving metadata to DynamoDB {
  "service": "tdnet-data-collector",
  "environment": "test",
  "disclosure_id": "TD20240115001",
  "date_partition": "2024-01"
}
2026-02-08T08:20:18.012+09:00 [[32minfo[39m]: Metadata saved successfully {
  "service": "tdnet-data-collector",
  "environment": "test",
  "disclosure_id": "TD20240115001",
  "date_partition": "2024-01",
  "s3_key": "2024/01/15/TD20240115001.pdf"
}
2026-02-08T08:20:18.037+09:00 [[33mwarn[39m]: Failed to send metric to CloudWatch {
  "service": "tdnet-data-collector",
  "environment": "test",
  "metric_name": "OperationSuccess",
  "value": 1,
  "error_type": "Unknown",
  "error_message": "TypeError [ERR_VM_DYNAMIC_IMPORT_CALLBACK_MISSING_FLAG]: A dynamic import callback was invoked without --experimental-vm-modules"
}
2026-02-08T08:20:18.048+09:00 [[32minfo[39m]: Saving metadata to DynamoDB {
  "service": "tdnet-data-collector",
  "environment": "test",
  "disclosure_id": "TD20240115001",
  "date_partition": "2024-01"
}
2026-02-08T08:20:18.049+09:00 [[32minfo[39m]: Metadata saved successfully {
  "service": "tdnet-data-collector",
  "environment": "test",
  "disclosure_id": "TD20240115001",
  "date_partition": "2024-01",
  "s3_key": "2024/01/15/TD20240115001.pdf"
}
2026-02-08T08:20:18.051+09:00 [[33mwarn[39m]: Failed to send metric to CloudWatch {
  "service": "tdnet-data-collector",
  "environment": "test",
  "metric_name": "OperationSuccess",
  "value": 1,
  "error_type": "Unknown",
  "error_message": "TypeError [ERR_VM_DYNAMIC_IMPORT_CALLBACK_MISSING_FLAG]: A dynamic import callback was invoked without --experimental-vm-modules"
}
2026-02-08T08:20:18.054+09:00 [[32minfo[39m]: Saving metadata to DynamoDB {
  "service": "tdnet-data-collector",
  "environment": "test",
  "disclosure_id": "TD20240131001",
  "date_partition": "2024-02"
}
2026-02-08T08:20:18.055+09:00 [[32minfo[39m]: Metadata saved successfully {
  "service": "tdnet-data-collector",
  "environment": "test",
  "disclosure_id": "TD20240131001",
  "date_partition": "2024-02",
  "s3_key": "2024/02/01/TD20240131001.pdf"
}
2026-02-08T08:20:18.057+09:00 [[33mwarn[39m]: Failed to send metric to CloudWatch {
  "service": "tdnet-data-collector",
  "environment": "test",
  "metric_name": "OperationSuccess",
  "value": 1,
  "error_type": "Unknown",
  "error_message": "TypeError [ERR_VM_DYNAMIC_IMPORT_CALLBACK_MISSING_FLAG]: A dynamic import callback was invoked without --experimental-vm-modules"
}
2026-02-08T08:20:18.060+09:00 [[32minfo[39m]: Saving metadata to DynamoDB {
  "service": "tdnet-data-collector",
  "environment": "test",
  "disclosure_id": "TD20231231001",
  "date_partition": "2024-01"
}
2026-02-08T08:20:18.062+09:00 [[32minfo[39m]: Metadata saved successfully {
  "service": "tdnet-data-collector",
  "environment": "test",
  "disclosure_id": "TD20231231001",
  "date_partition": "2024-01",
  "s3_key": "2024/01/01/TD20231231001.pdf"
}
2026-02-08T08:20:18.063+09:00 [[33mwarn[39m]: Failed to send metric to CloudWatch {
  "service": "tdnet-data-collector",
  "environment": "test",
  "metric_name": "OperationSuccess",
  "value": 1,
  "error_type": "Unknown",
  "error_message": "TypeError [ERR_VM_DYNAMIC_IMPORT_CALLBACK_MISSING_FLAG]: A dynamic import callback was invoked without --experimental-vm-modules"
}
2026-02-08T08:20:18.066+09:00 [[32minfo[39m]: Saving metadata to DynamoDB {
  "service": "tdnet-data-collector",
  "environment": "test",
  "disclosure_id": "TD20240115001",
  "date_partition": "2024-01"
}
2026-02-08T08:20:18.067+09:00 [[32minfo[39m]: Metadata saved successfully {
  "service": "tdnet-data-collector",
  "environment": "test",
  "disclosure_id": "TD20240115001",
  "date_partition": "2024-01",
  "s3_key": "2024/01/15/TD20240115001.pdf"
}
2026-02-08T08:20:18.068+09:00 [[33mwarn[39m]: Failed to send metric to CloudWatch {
  "service": "tdnet-data-collector",
  "environment": "test",
  "metric_name": "OperationSuccess",
  "value": 1,
  "error_type": "Unknown",
  "error_message": "TypeError [ERR_VM_DYNAMIC_IMPORT_CALLBACK_MISSING_FLAG]: A dynamic import callback was invoked without --experimental-vm-modules"
}
2026-02-08T08:20:18.072+09:00 [[32minfo[39m]: Saving metadata to DynamoDB {
  "service": "tdnet-data-collector",
  "environment": "test",
  "disclosure_id": "TD20240115001",
  "date_partition": "2024-01"
}
2026-02-08T08:20:18.074+09:00 [[33mwarn[39m]: Duplicate disclosure detected {
  "service": "tdnet-data-collector",
  "environment": "test",
  "disclosure_id": "TD20240115001",
  "s3_key": "2024/01/15/TD20240115001.pdf"
}
2026-02-08T08:20:18.077+09:00 [[31merror[39m]: Failed to save metadata {
  "service": "tdnet-data-collector",
  "environment": "test",
  "disclosure_id": "TD20240115001",
  "error_type": "ValidationError",
  "error_message": "Invalid disclosed_at format: 2024-01-15 10:30:00. Expected ISO 8601 format (e.g., \"2024-01-15T10:30:00Z\")"
}
2026-02-08T08:20:18.079+09:00 [[33mwarn[39m]: Failed to send metric to CloudWatch {
  "service": "tdnet-data-collector",
  "environment": "test",
  "metric_name": "LambdaError",
  "value": 1,
  "error_type": "Unknown",
  "error_message": "TypeError [ERR_VM_DYNAMIC_IMPORT_CALLBACK_MISSING_FLAG]: A dynamic import callback was invoked without --experimental-vm-modules"
}
2026-02-08T08:20:18.116+09:00 [[31merror[39m]: Failed to save metadata {
  "service": "tdnet-data-collector",
  "environment": "test",
  "disclosure_id": "TD20240230001",
  "error_type": "ValidationError",
  "error_message": "Invalid date: 2024-02-30T10:30:00Z. Date does not exist."
}
2026-02-08T08:20:18.118+09:00 [[33mwarn[39m]: Failed to send metric to CloudWatch {
  "service": "tdnet-data-collector",
  "environment": "test",
  "metric_name": "LambdaError",
  "value": 1,
  "error_type": "Unknown",
  "error_message": "TypeError [ERR_VM_DYNAMIC_IMPORT_CALLBACK_MISSING_FLAG]: A dynamic import callback was invoked without --experimental-vm-modules"
}
2026-02-08T08:20:18.121+09:00 [[32minfo[39m]: Saving metadata to DynamoDB {
  "service": "tdnet-data-collector",
  "environment": "test",
  "disclosure_id": "TD20240115001",
  "date_partition": "2024-01"
}
2026-02-08T08:20:18.122+09:00 [[31merror[39m]: Failed to save metadata {
  "service": "tdnet-data-collector",
  "environment": "test",
  "disclosure_id": "TD20240115001",
  "error_type": "Error",
  "error_message": "DynamoDB error"
}
2026-02-08T08:20:18.123+09:00 [[33mwarn[39m]: Failed to send metric to CloudWatch {
  "service": "tdnet-data-collector",
  "environment": "test",
  "metric_name": "LambdaError",
  "value": 1,
  "error_type": "Unknown",
  "error_message": "TypeError [ERR_VM_DYNAMIC_IMPORT_CALLBACK_MISSING_FLAG]: A dynamic import callback was invoked without --experimental-vm-modules"
}
2026-02-08T08:20:18.123+09:00 [[32minfo[39m]: Updating execution status {
  "service": "tdnet-data-collector",
  "environment": "test",
  "execution_id": "exec_test_001",
  "status": "pending",
  "progress": 0,
  "collected_count": 0,
  "failed_count": 0
}
2026-02-08T08:20:18.127+09:00 [[32minfo[39m]: Saving metadata to DynamoDB {
  "service": "tdnet-data-collector",
  "environment": "test",
  "disclosure_id": "TD20240229001",
  "date_partition": "2024-03"
}
2026-02-08T08:20:18.127+09:00 [[32minfo[39m]: Metadata saved successfully {
  "service": "tdnet-data-collector",
  "environment": "test",
  "disclosure_id": "TD20240229001",
  "date_partition": "2024-03",
  "s3_key": "2024/03/01/TD20240229001.pdf"
}
2026-02-08T08:20:18.128+09:00 [[33mwarn[39m]: Failed to send metric to CloudWatch {
  "service": "tdnet-data-collector",
  "environment": "test",
  "metric_name": "OperationSuccess",
  "value": 1,
  "error_type": "Unknown",
  "error_message": "TypeError [ERR_VM_DYNAMIC_IMPORT_CALLBACK_MISSING_FLAG]: A dynamic import callback was invoked without --experimental-vm-modules"
}
2026-02-08T08:20:18.131+09:00 [[32minfo[39m]: Saving metadata to DynamoDB {
  "service": "tdnet-data-collector",
  "environment": "test",
  "disclosure_id": "TD20240115001",
  "date_partition": "2024-01"
}
2026-02-08T08:20:18.131+09:00 [[32minfo[39m]: Metadata saved successfully {
  "service": "tdnet-data-collector",
  "environment": "test",
  "disclosure_id": "TD20240115001",
  "date_partition": "2024-01",
  "s3_key": "2024/01/15/TD20240115001.pdf"
}
2026-02-08T08:20:18.131+09:00 [[32minfo[39m]: Execution status updated successfully {
  "service": "tdnet-data-collector",
  "environment": "test",
  "execution_id": "exec_test_001",
  "status": "pending",
  "progress": 0
}
2026-02-08T08:20:18.133+09:00 [[33mwarn[39m]: Failed to send metric to CloudWatch {
  "service": "tdnet-data-collector",
  "environment": "test",
  "metric_name": "OperationSuccess",
  "value": 1,
  "error_type": "Unknown",
  "error_message": "TypeError [ERR_VM_DYNAMIC_IMPORT_CALLBACK_MISSING_FLAG]: A dynamic import callback was invoked without --experimental-vm-modules"
}
2026-02-08T08:20:18.132+09:00 [[32minfo[39m]: Updating execution status {
  "service": "tdnet-data-collector",
  "environment": "test",
  "execution_id": "exec_test_001",
  "status": "running",
  "progress": 25,
  "collected_count": 0,
  "failed_count": 0
}
2026-02-08T08:20:18.133+09:00 [[32minfo[39m]: Execution status updated successfully {
  "service": "tdnet-data-collector",
  "environment": "test",
  "execution_id": "exec_test_001",
  "status": "running",
  "progress": 25
}
2026-02-08T08:20:18.133+09:00 [[32minfo[39m]: Updating execution status {
  "service": "tdnet-data-collector",
  "environment": "test",
  "execution_id": "exec_test_001",
  "status": "running",
  "progress": 50,
  "collected_count": 0,
  "failed_count": 0
}
2026-02-08T08:20:18.135+09:00 [[32minfo[39m]: Saving metadata to DynamoDB {
  "service": "tdnet-data-collector",
  "environment": "test",
  "disclosure_id": "TD20240115001",
  "date_partition": "2024-01"
}
2026-02-08T08:20:18.135+09:00 [[32minfo[39m]: Metadata saved successfully {
  "service": "tdnet-data-collector",
  "environment": "test",
  "disclosure_id": "TD20240115001",
  "date_partition": "2024-01",
  "s3_key": "2024/01/15/TD20240115001.pdf"
}
2026-02-08T08:20:18.135+09:00 [[32minfo[39m]: Execution status updated successfully {
  "service": "tdnet-data-collector",
  "environment": "test",
  "execution_id": "exec_test_001",
  "status": "running",
  "progress": 50
}
2026-02-08T08:20:18.135+09:00 [[32minfo[39m]: Updating execution status {
  "service": "tdnet-data-collector",
  "environment": "test",
  "execution_id": "exec_test_001",
  "status": "running",
  "progress": 75,
  "collected_count": 0,
  "failed_count": 0
}
2026-02-08T08:20:18.136+09:00 [[33mwarn[39m]: Failed to send metric to CloudWatch {
  "service": "tdnet-data-collector",
  "environment": "test",
  "metric_name": "OperationSuccess",
  "value": 1,
  "error_type": "Unknown",
  "error_message": "TypeError [ERR_VM_DYNAMIC_IMPORT_CALLBACK_MISSING_FLAG]: A dynamic import callback was invoked without --experimental-vm-modules"
}
2026-02-08T08:20:18.136+09:00 [[32minfo[39m]: Execution status updated successfully {
  "service": "tdnet-data-collector",
  "environment": "test",
  "execution_id": "exec_test_001",
  "status": "running",
  "progress": 75
}
2026-02-08T08:20:18.137+09:00 [[32minfo[39m]: Updating execution status {
  "service": "tdnet-data-collector",
  "environment": "test",
  "execution_id": "exec_test_001",
  "status": "completed",
  "progress": 100,
  "collected_count": 0,
  "failed_count": 0
}
2026-02-08T08:20:18.137+09:00 [[32minfo[39m]: Execution status updated successfully {
  "service": "tdnet-data-collector",
  "environment": "test",
  "execution_id": "exec_test_001",
  "status": "completed",
  "progress": 100
}
PASS src/lambda/collector/__tests__/save-metadata.test.ts (35.515 s)
  saveMetadata
    豁｣蟶ｸ邉ｻ
      竏・繝｡繧ｿ繝・・繧ｿ繧奪ynamoDB縺ｫ菫晏ｭ倥〒縺阪ｋ (55 ms)
      竏・date_partition繧剃ｺ句燕逕滓・縺励※縺九ｉ菫晏ｭ倥☆繧具ｼ・wo-Phase Commit・・(6 ms)
      竏・譛医∪縺溘℃・・TC竊谷ST・峨・date_partition繧呈ｭ｣縺励￥逕滓・縺ｧ縺阪ｋ (6 ms)
      竏・蟷ｴ縺ｾ縺溘℃・・TC竊谷ST・峨・date_partition繧呈ｭ｣縺励￥逕滓・縺ｧ縺阪ｋ (6 ms)
      竏・collected_at縺ｫ迴ｾ蝨ｨ譎ょ綾繧定ｨｭ螳壹☆繧・(6 ms)
    逡ｰ蟶ｸ邉ｻ
      竏・驥崎､・☆繧矩幕遉ｺID縺ｮ蝣ｴ蜷医∬ｭｦ蜻翫Ξ繝吶Ν縺ｧ險倬鹸縺励※豁｣蟶ｸ邨ゆｺ・☆繧・(5 ms)
      竏・荳肴ｭ｣縺ｪdisclosed_at繝輔か繝ｼ繝槭ャ繝医〒ValidationError繧偵せ繝ｭ繝ｼ縺吶ｋ (38 ms)
      竏・蟄伜惠縺励↑縺・律莉倥〒ValidationError繧偵せ繝ｭ繝ｼ縺吶ｋ (4 ms)
      竏・DynamoDB繧ｨ繝ｩ繝ｼ縺ｧ螟ｱ謨励☆繧・(6 ms)
    繧ｨ繝・ず繧ｱ繝ｼ繧ｹ
      竏・縺・ｋ縺・ｹｴ2譛域忰・・TC竊谷ST・峨・date_partition繧呈ｭ｣縺励￥逕滓・縺ｧ縺阪ｋ (4 ms)
      竏・迺ｰ蠅・､画焚DYNAMODB_TABLE縺梧悴險ｭ螳壹・蝣ｴ蜷医√ョ繝輔か繝ｫ繝亥､繧剃ｽｿ逕ｨ縺吶ｋ (4 ms)
      竏・縺吶∋縺ｦ縺ｮ繝｡繧ｿ繝・・繧ｿ繝輔ぅ繝ｼ繝ｫ繝峨′豁｣縺励￥菫晏ｭ倥＆繧後ｋ (5 ms)

2026-02-08T08:20:18.143+09:00 [[32minfo[39m]: Updating execution status {
  "service": "tdnet-data-collector",
  "environment": "test",
  "execution_id": "exec_test_002",
  "status": "completed",
  "progress": 100,
  "collected_count": 0,
  "failed_count": 0
}
2026-02-08T08:20:18.144+09:00 [[32minfo[39m]: Execution status updated successfully {
  "service": "tdnet-data-collector",
  "environment": "test",
  "execution_id": "exec_test_002",
  "status": "completed",
  "progress": 100
}
2026-02-08T08:20:18.147+09:00 [[32minfo[39m]: Updating execution status {
  "service": "tdnet-data-collector",
  "environment": "test",
  "execution_id": "exec_test_003",
  "status": "pending",
  "progress": 0,
  "collected_count": 0,
  "failed_count": 0
}
2026-02-08T08:20:18.148+09:00 [[32minfo[39m]: Execution status updated successfully {
  "service": "tdnet-data-collector",
  "environment": "test",
  "execution_id": "exec_test_003",
  "status": "pending",
  "progress": 0
}
2026-02-08T08:20:18.149+09:00 [[32minfo[39m]: Updating execution status {
  "service": "tdnet-data-collector",
  "environment": "test",
  "execution_id": "exec_test_004",
  "status": "pending",
  "progress": 0,
  "collected_count": 0,
  "failed_count": 0
}
2026-02-08T08:20:18.150+09:00 [[32minfo[39m]: Execution status updated successfully {
  "service": "tdnet-data-collector",
  "environment": "test",
  "execution_id": "exec_test_004",
  "status": "pending",
  "progress": 0
}
2026-02-08T08:20:18.150+09:00 [[32minfo[39m]: Updating execution status {
  "service": "tdnet-data-collector",
  "environment": "test",
  "execution_id": "exec_test_004",
  "status": "running",
  "progress": 50,
  "collected_count": 0,
  "failed_count": 0
}
2026-02-08T08:20:18.151+09:00 [[32minfo[39m]: Execution status updated successfully {
  "service": "tdnet-data-collector",
  "environment": "test",
  "execution_id": "exec_test_004",
  "status": "running",
  "progress": 50
}
2026-02-08T08:20:18.151+09:00 [[32minfo[39m]: Updating execution status {
  "service": "tdnet-data-collector",
  "environment": "test",
  "execution_id": "exec_test_004",
  "status": "completed",
  "progress": 100,
  "collected_count": 0,
  "failed_count": 0
}
2026-02-08T08:20:18.151+09:00 [[32minfo[39m]: Execution status updated successfully {
  "service": "tdnet-data-collector",
  "environment": "test",
  "execution_id": "exec_test_004",
  "status": "completed",
  "progress": 100
}
2026-02-08T08:20:18.156+09:00 [[32minfo[39m]: Updating execution status {
  "service": "tdnet-data-collector",
  "environment": "test",
  "execution_id": "exec_test_005",
  "status": "failed",
  "progress": 50,
  "collected_count": 10,
  "failed_count": 5
}
2026-02-08T08:20:18.157+09:00 [[32minfo[39m]: Execution status updated successfully {
  "service": "tdnet-data-collector",
  "environment": "test",
  "execution_id": "exec_test_005",
  "status": "failed",
  "progress": 50
}
2026-02-08T08:20:18.167+09:00 [[32minfo[39m]: Updating execution status {
  "service": "tdnet-data-collector",
  "environment": "test",
  "execution_id": "exec_test_6m5lhe",
  "status": "running",
  "progress": 47,
  "collected_count": 0,
  "failed_count": 0
}
2026-02-08T08:20:18.167+09:00 [[32minfo[39m]: Execution status updated successfully {
  "service": "tdnet-data-collector",
  "environment": "test",
  "execution_id": "exec_test_6m5lhe",
  "status": "running",
  "progress": 47
}
2026-02-08T08:20:18.168+09:00 [[32minfo[39m]: Updating execution status {
  "service": "tdnet-data-collector",
  "environment": "test",
  "execution_id": "exec_test_6m5lhe",
  "status": "running",
  "progress": 84,
  "collected_count": 0,
  "failed_count": 0
}
2026-02-08T08:20:18.168+09:00 [[32minfo[39m]: Execution status updated successfully {
  "service": "tdnet-data-collector",
  "environment": "test",
  "execution_id": "exec_test_6m5lhe",
  "status": "running",
  "progress": 84
}
2026-02-08T08:20:18.171+09:00 [[32minfo[39m]: Updating execution status {
  "service": "tdnet-data-collector",
  "environment": "test",
  "execution_id": "exec_test_y71jfm",
  "status": "running",
  "progress": 3,
  "collected_count": 0,
  "failed_count": 0
}
2026-02-08T08:20:18.171+09:00 [[32minfo[39m]: Execution status updated successfully {
  "service": "tdnet-data-collector",
  "environment": "test",
  "execution_id": "exec_test_y71jfm",
  "status": "running",
  "progress": 3
}
2026-02-08T08:20:18.172+09:00 [[32minfo[39m]: Updating execution status {
  "service": "tdnet-data-collector",
  "environment": "test",
  "execution_id": "exec_test_y71jfm",
  "status": "running",
  "progress": 5,
  "collected_count": 0,
  "failed_count": 0
}
2026-02-08T08:20:18.172+09:00 [[32minfo[39m]: Execution status updated successfully {
  "service": "tdnet-data-collector",
  "environment": "test",
  "execution_id": "exec_test_y71jfm",
  "status": "running",
  "progress": 5
}
2026-02-08T08:20:18.172+09:00 [[32minfo[39m]: Updating execution status {
  "service": "tdnet-data-collector",
  "environment": "test",
  "execution_id": "exec_test_y71jfm",
  "status": "running",
  "progress": 43,
  "collected_count": 0,
  "failed_count": 0
}
2026-02-08T08:20:18.173+09:00 [[32minfo[39m]: Execution status updated successfully {
  "service": "tdnet-data-collector",
  "environment": "test",
  "execution_id": "exec_test_y71jfm",
  "status": "running",
  "progress": 43
}
2026-02-08T08:20:18.173+09:00 [[32minfo[39m]: Updating execution status {
  "service": "tdnet-data-collector",
  "environment": "test",
  "execution_id": "exec_test_y71jfm",
  "status": "running",
  "progress": 50,
  "collected_count": 0,
  "failed_count": 0
}
2026-02-08T08:20:18.174+09:00 [[32minfo[39m]: Execution status updated successfully {
  "service": "tdnet-data-collector",
  "environment": "test",
  "execution_id": "exec_test_y71jfm",
  "status": "running",
  "progress": 50
}
2026-02-08T08:20:18.174+09:00 [[32minfo[39m]: Updating execution status {
  "service": "tdnet-data-collector",
  "environment": "test",
  "execution_id": "exec_test_y71jfm",
  "status": "running",
  "progress": 94,
  "collected_count": 0,
  "failed_count": 0
}
2026-02-08T08:20:18.174+09:00 [[32minfo[39m]: Execution status updated successfully {
  "service": "tdnet-data-collector",
  "environment": "test",
  "execution_id": "exec_test_y71jfm",
  "status": "running",
  "progress": 94
}
2026-02-08T08:20:18.177+09:00 [[32minfo[39m]: Updating execution status {
  "service": "tdnet-data-collector",
  "environment": "test",
  "execution_id": "exec_test_cusxu7",
  "status": "running",
  "progress": 5,
  "collected_count": 0,
  "failed_count": 0
}
2026-02-08T08:20:18.177+09:00 [[32minfo[39m]: Execution status updated successfully {
  "service": "tdnet-data-collector",
  "environment": "test",
  "execution_id": "exec_test_cusxu7",
  "status": "running",
  "progress": 5
}
2026-02-08T08:20:18.191+09:00 [[32minfo[39m]: PDF uploaded to S3 {
  "service": "tdnet-data-collector",
  "environment": "test",
  "disclosure_id": "TD20240131001",
  "s3_key": "2024/02/01/TD20240131001.pdf",
  "size": 22
}
2026-02-08T08:20:18.193+09:00 [[33mwarn[39m]: Failed to send metric to CloudWatch {
  "service": "tdnet-data-collector",
  "environment": "test",
  "metric_name": "OperationSuccess",
  "value": 1,
  "error_type": "Unknown",
  "error_message": "TypeError [ERR_VM_DYNAMIC_IMPORT_CALLBACK_MISSING_FLAG]: A dynamic import callback was invoked without --experimental-vm-modules"
}
2026-02-08T08:20:18.193+09:00 [[32minfo[39m]: Updating execution status {
  "service": "tdnet-data-collector",
  "environment": "test",
  "execution_id": "exec_test_cusxu7",
  "status": "running",
  "progress": 28,
  "collected_count": 0,
  "failed_count": 0
}
2026-02-08T08:20:18.194+09:00 [[32minfo[39m]: Execution status updated successfully {
  "service": "tdnet-data-collector",
  "environment": "test",
  "execution_id": "exec_test_cusxu7",
  "status": "running",
  "progress": 28
}
2026-02-08T08:20:18.194+09:00 [[32minfo[39m]: Updating execution status {
  "service": "tdnet-data-collector",
  "environment": "test",
  "execution_id": "exec_test_cusxu7",
  "status": "running",
  "progress": 99,
  "collected_count": 0,
  "failed_count": 0
}
2026-02-08T08:20:18.195+09:00 [[32minfo[39m]: Execution status updated successfully {
  "service": "tdnet-data-collector",
  "environment": "test",
  "execution_id": "exec_test_cusxu7",
  "status": "running",
  "progress": 99
}
2026-02-08T08:20:18.197+09:00 [[32minfo[39m]: Downloading PDF {
  "service": "tdnet-data-collector",
  "environment": "test",
  "disclosure_id": "TD20231231001",
  "pdf_url": "https://www.release.tdnet.info/inbs/140120231231001.pdf"
}
2026-02-08T08:20:18.198+09:00 [[32minfo[39m]: Updating execution status {
  "service": "tdnet-data-collector",
  "environment": "test",
  "execution_id": "exec_test_hyeeq",
  "status": "running",
  "progress": 3,
  "collected_count": 0,
  "failed_count": 0
}
2026-02-08T08:20:18.198+09:00 [[32minfo[39m]: Execution status updated successfully {
  "service": "tdnet-data-collector",
  "environment": "test",
  "execution_id": "exec_test_hyeeq",
  "status": "running",
  "progress": 3
}
2026-02-08T08:20:18.199+09:00 [[32minfo[39m]: Updating execution status {
  "service": "tdnet-data-collector",
  "environment": "test",
  "execution_id": "exec_test_hyeeq",
  "status": "running",
  "progress": 13,
  "collected_count": 0,
  "failed_count": 0
}
2026-02-08T08:20:18.199+09:00 [[32minfo[39m]: Execution status updated successfully {
  "service": "tdnet-data-collector",
  "environment": "test",
  "execution_id": "exec_test_hyeeq",
  "status": "running",
  "progress": 13
}
2026-02-08T08:20:18.200+09:00 [[32minfo[39m]: Updating execution status {
  "service": "tdnet-data-collector",
  "environment": "test",
  "execution_id": "exec_test_hyeeq",
  "status": "running",
  "progress": 57,
  "collected_count": 0,
  "failed_count": 0
}
2026-02-08T08:20:18.200+09:00 [[32minfo[39m]: Execution status updated successfully {
  "service": "tdnet-data-collector",
  "environment": "test",
  "execution_id": "exec_test_hyeeq",
  "status": "running",
  "progress": 57
}
2026-02-08T08:20:18.200+09:00 [[32minfo[39m]: Updating execution status {
  "service": "tdnet-data-collector",
  "environment": "test",
  "execution_id": "exec_test_hyeeq",
  "status": "running",
  "progress": 89,
  "collected_count": 0,
  "failed_count": 0
}
2026-02-08T08:20:18.201+09:00 [[32minfo[39m]: Execution status updated successfully {
  "service": "tdnet-data-collector",
  "environment": "test",
  "execution_id": "exec_test_hyeeq",
  "status": "running",
  "progress": 89
}
2026-02-08T08:20:18.203+09:00 [[32minfo[39m]: Updating execution status {
  "service": "tdnet-data-collector",
  "environment": "test",
  "execution_id": "exec_test_vc2867",
  "status": "running",
  "progress": 5,
  "collected_count": 0,
  "failed_count": 0
}
2026-02-08T08:20:18.204+09:00 [[32minfo[39m]: Execution status updated successfully {
  "service": "tdnet-data-collector",
  "environment": "test",
  "execution_id": "exec_test_vc2867",
  "status": "running",
  "progress": 5
}
2026-02-08T08:20:18.204+09:00 [[32minfo[39m]: Updating execution status {
  "service": "tdnet-data-collector",
  "environment": "test",
  "execution_id": "exec_test_vc2867",
  "status": "running",
  "progress": 5,
  "collected_count": 0,
  "failed_count": 0
}
2026-02-08T08:20:18.205+09:00 [[32minfo[39m]: Execution status updated successfully {
  "service": "tdnet-data-collector",
  "environment": "test",
  "execution_id": "exec_test_vc2867",
  "status": "running",
  "progress": 5
}
2026-02-08T08:20:18.205+09:00 [[32minfo[39m]: Updating execution status {
  "service": "tdnet-data-collector",
  "environment": "test",
  "execution_id": "exec_test_vc2867",
  "status": "running",
  "progress": 5,
  "collected_count": 0,
  "failed_count": 0
}
2026-02-08T08:20:18.206+09:00 [[32minfo[39m]: Execution status updated successfully {
  "service": "tdnet-data-collector",
  "environment": "test",
  "execution_id": "exec_test_vc2867",
  "status": "running",
  "progress": 5
}
2026-02-08T08:20:18.206+09:00 [[32minfo[39m]: Updating execution status {
  "service": "tdnet-data-collector",
  "environment": "test",
  "execution_id": "exec_test_vc2867",
  "status": "running",
  "progress": 5,
  "collected_count": 0,
  "failed_count": 0
}
2026-02-08T08:20:18.207+09:00 [[32minfo[39m]: Execution status updated successfully {
  "service": "tdnet-data-collector",
  "environment": "test",
  "execution_id": "exec_test_vc2867",
  "status": "running",
  "progress": 5
}
2026-02-08T08:20:18.207+09:00 [[32minfo[39m]: Updating execution status {
  "service": "tdnet-data-collector",
  "environment": "test",
  "execution_id": "exec_test_vc2867",
  "status": "running",
  "progress": 5,
  "collected_count": 0,
  "failed_count": 0
}
2026-02-08T08:20:18.207+09:00 [[32minfo[39m]: Execution status updated successfully {
  "service": "tdnet-data-collector",
  "environment": "test",
  "execution_id": "exec_test_vc2867",
  "status": "running",
  "progress": 5
}
2026-02-08T08:20:18.207+09:00 [[32minfo[39m]: Updating execution status {
  "service": "tdnet-data-collector",
  "environment": "test",
  "execution_id": "exec_test_vc2867",
  "status": "running",
  "progress": 6,
  "collected_count": 0,
  "failed_count": 0
}
2026-02-08T08:20:18.208+09:00 [[32minfo[39m]: Execution status updated successfully {
  "service": "tdnet-data-collector",
  "environment": "test",
  "execution_id": "exec_test_vc2867",
  "status": "running",
  "progress": 6
}
2026-02-08T08:20:18.208+09:00 [[32minfo[39m]: Updating execution status {
  "service": "tdnet-data-collector",
  "environment": "test",
  "execution_id": "exec_test_vc2867",
  "status": "running",
  "progress": 69,
  "collected_count": 0,
  "failed_count": 0
}
2026-02-08T08:20:18.208+09:00 [[32minfo[39m]: Execution status updated successfully {
  "service": "tdnet-data-collector",
  "environment": "test",
  "execution_id": "exec_test_vc2867",
  "status": "running",
  "progress": 69
}
2026-02-08T08:20:18.209+09:00 [[32minfo[39m]: Updating execution status {
  "service": "tdnet-data-collector",
  "environment": "test",
  "execution_id": "exec_test_vc2867",
  "status": "running",
  "progress": 95,
  "collected_count": 0,
  "failed_count": 0
}
2026-02-08T08:20:18.209+09:00 [[32minfo[39m]: Execution status updated successfully {
  "service": "tdnet-data-collector",
  "environment": "test",
  "execution_id": "exec_test_vc2867",
  "status": "running",
  "progress": 95
}
2026-02-08T08:20:18.212+09:00 [[32minfo[39m]: Updating execution status {
  "service": "tdnet-data-collector",
  "environment": "test",
  "execution_id": "exec_test_b2mgbo",
  "status": "running",
  "progress": 10,
  "collected_count": 0,
  "failed_count": 0
}
2026-02-08T08:20:18.213+09:00 [[32minfo[39m]: Execution status updated successfully {
  "service": "tdnet-data-collector",
  "environment": "test",
  "execution_id": "exec_test_b2mgbo",
  "status": "running",
  "progress": 10
}
2026-02-08T08:20:18.213+09:00 [[32minfo[39m]: Updating execution status {
  "service": "tdnet-data-collector",
  "environment": "test",
  "execution_id": "exec_test_b2mgbo",
  "status": "running",
  "progress": 28,
  "collected_count": 0,
  "failed_count": 0
}
2026-02-08T08:20:18.213+09:00 [[32minfo[39m]: Execution status updated successfully {
  "service": "tdnet-data-collector",
  "environment": "test",
  "execution_id": "exec_test_b2mgbo",
  "status": "running",
  "progress": 28
}
2026-02-08T08:20:18.214+09:00 [[32minfo[39m]: Updating execution status {
  "service": "tdnet-data-collector",
  "environment": "test",
  "execution_id": "exec_test_b2mgbo",
  "status": "running",
  "progress": 31,
  "collected_count": 0,
  "failed_count": 0
}
2026-02-08T08:20:18.214+09:00 [[32minfo[39m]: Execution status updated successfully {
  "service": "tdnet-data-collector",
  "environment": "test",
  "execution_id": "exec_test_b2mgbo",
  "status": "running",
  "progress": 31
}
2026-02-08T08:20:18.214+09:00 [[32minfo[39m]: Updating execution status {
  "service": "tdnet-data-collector",
  "environment": "test",
  "execution_id": "exec_test_b2mgbo",
  "status": "running",
  "progress": 51,
  "collected_count": 0,
  "failed_count": 0
}
2026-02-08T08:20:18.214+09:00 [[32minfo[39m]: Execution status updated successfully {
  "service": "tdnet-data-collector",
  "environment": "test",
  "execution_id": "exec_test_b2mgbo",
  "status": "running",
  "progress": 51
}
2026-02-08T08:20:18.214+09:00 [[32minfo[39m]: Updating execution status {
  "service": "tdnet-data-collector",
  "environment": "test",
  "execution_id": "exec_test_b2mgbo",
  "status": "running",
  "progress": 57,
  "collected_count": 0,
  "failed_count": 0
}
2026-02-08T08:20:18.215+09:00 [[32minfo[39m]: Execution status updated successfully {
  "service": "tdnet-data-collector",
  "environment": "test",
  "execution_id": "exec_test_b2mgbo",
  "status": "running",
  "progress": 57
}
2026-02-08T08:20:18.215+09:00 [[32minfo[39m]: Updating execution status {
  "service": "tdnet-data-collector",
  "environment": "test",
  "execution_id": "exec_test_b2mgbo",
  "status": "running",
  "progress": 84,
  "collected_count": 0,
  "failed_count": 0
}
2026-02-08T08:20:18.215+09:00 [[32minfo[39m]: Execution status updated successfully {
  "service": "tdnet-data-collector",
  "environment": "test",
  "execution_id": "exec_test_b2mgbo",
  "status": "running",
  "progress": 84
}
2026-02-08T08:20:18.216+09:00 [[32minfo[39m]: Updating execution status {
  "service": "tdnet-data-collector",
  "environment": "test",
  "execution_id": "exec_test_og20r",
  "status": "pending",
  "progress": 0,
  "collected_count": 0,
  "failed_count": 0
}
2026-02-08T08:20:18.216+09:00 [[32minfo[39m]: Execution status updated successfully {
  "service": "tdnet-data-collector",
  "environment": "test",
  "execution_id": "exec_test_og20r",
  "status": "pending",
  "progress": 0
}
2026-02-08T08:20:18.216+09:00 [[32minfo[39m]: Updating execution status {
  "service": "tdnet-data-collector",
  "environment": "test",
  "execution_id": "exec_test_og20r",
  "status": "running",
  "progress": 6,
  "collected_count": 0,
  "failed_count": 0
}
2026-02-08T08:20:18.216+09:00 [[32minfo[39m]: Execution status updated successfully {
  "service": "tdnet-data-collector",
  "environment": "test",
  "execution_id": "exec_test_og20r",
  "status": "running",
  "progress": 6
}
2026-02-08T08:20:18.217+09:00 [[32minfo[39m]: Updating execution status {
  "service": "tdnet-data-collector",
  "environment": "test",
  "execution_id": "exec_test_og20r",
  "status": "running",
  "progress": 9,
  "collected_count": 0,
  "failed_count": 0
}
2026-02-08T08:20:18.217+09:00 [[32minfo[39m]: Execution status updated successfully {
  "service": "tdnet-data-collector",
  "environment": "test",
  "execution_id": "exec_test_og20r",
  "status": "running",
  "progress": 9
}
2026-02-08T08:20:18.217+09:00 [[32minfo[39m]: Updating execution status {
  "service": "tdnet-data-collector",
  "environment": "test",
  "execution_id": "exec_test_og20r",
  "status": "running",
  "progress": 32,
  "collected_count": 0,
  "failed_count": 0
}
2026-02-08T08:20:18.217+09:00 [[32minfo[39m]: Execution status updated successfully {
  "service": "tdnet-data-collector",
  "environment": "test",
  "execution_id": "exec_test_og20r",
  "status": "running",
  "progress": 32
}
2026-02-08T08:20:18.217+09:00 [[32minfo[39m]: Updating execution status {
  "service": "tdnet-data-collector",
  "environment": "test",
  "execution_id": "exec_test_og20r",
  "status": "running",
  "progress": 94,
  "collected_count": 0,
  "failed_count": 0
}
2026-02-08T08:20:18.217+09:00 [[32minfo[39m]: Execution status updated successfully {
  "service": "tdnet-data-collector",
  "environment": "test",
  "execution_id": "exec_test_og20r",
  "status": "running",
  "progress": 94
}
2026-02-08T08:20:18.218+09:00 [[32minfo[39m]: Updating execution status {
  "service": "tdnet-data-collector",
  "environment": "test",
  "execution_id": "exec_test_5qcwmg",
  "status": "pending",
  "progress": 0,
  "collected_count": 0,
  "failed_count": 0
}
2026-02-08T08:20:18.218+09:00 [[32minfo[39m]: Execution status updated successfully {
  "service": "tdnet-data-collector",
  "environment": "test",
  "execution_id": "exec_test_5qcwmg",
  "status": "pending",
  "progress": 0
}
2026-02-08T08:20:18.219+09:00 [[32minfo[39m]: Updating execution status {
  "service": "tdnet-data-collector",
  "environment": "test",
  "execution_id": "exec_test_5qcwmg",
  "status": "running",
  "progress": 11,
  "collected_count": 0,
  "failed_count": 0
}
2026-02-08T08:20:18.219+09:00 [[32minfo[39m]: Execution status updated successfully {
  "service": "tdnet-data-collector",
  "environment": "test",
  "execution_id": "exec_test_5qcwmg",
  "status": "running",
  "progress": 11
}
2026-02-08T08:20:18.219+09:00 [[32minfo[39m]: Updating execution status {
  "service": "tdnet-data-collector",
  "environment": "test",
  "execution_id": "exec_test_5qcwmg",
  "status": "running",
  "progress": 30,
  "collected_count": 0,
  "failed_count": 0
}
2026-02-08T08:20:18.219+09:00 [[32minfo[39m]: Execution status updated successfully {
  "service": "tdnet-data-collector",
  "environment": "test",
  "execution_id": "exec_test_5qcwmg",
  "status": "running",
  "progress": 30
}
2026-02-08T08:20:18.219+09:00 [[32minfo[39m]: Updating execution status {
  "service": "tdnet-data-collector",
  "environment": "test",
  "execution_id": "exec_test_5qcwmg",
  "status": "running",
  "progress": 95,
  "collected_count": 0,
  "failed_count": 0
}
2026-02-08T08:20:18.219+09:00 [[32minfo[39m]: Execution status updated successfully {
  "service": "tdnet-data-collector",
  "environment": "test",
  "execution_id": "exec_test_5qcwmg",
  "status": "running",
  "progress": 95
}
2026-02-08T08:20:18.221+09:00 [[32minfo[39m]: Updating execution status {
  "service": "tdnet-data-collector",
  "environment": "test",
  "execution_id": "exec_test_2ej3zk",
  "status": "running",
  "progress": 3,
  "collected_count": 0,
  "failed_count": 0
}
2026-02-08T08:20:18.221+09:00 [[32minfo[39m]: Execution status updated successfully {
  "service": "tdnet-data-collector",
  "environment": "test",
  "execution_id": "exec_test_2ej3zk",
  "status": "running",
  "progress": 3
}
2026-02-08T08:20:18.222+09:00 [[32minfo[39m]: Updating execution status {
  "service": "tdnet-data-collector",
  "environment": "test",
  "execution_id": "exec_test_2ej3zk",
  "status": "running",
  "progress": 8,
  "collected_count": 0,
  "failed_count": 0
}
2026-02-08T08:20:18.222+09:00 [[32minfo[39m]: Execution status updated successfully {
  "service": "tdnet-data-collector",
  "environment": "test",
  "execution_id": "exec_test_2ej3zk",
  "status": "running",
  "progress": 8
}
2026-02-08T08:20:18.223+09:00 [[32minfo[39m]: Updating execution status {
  "service": "tdnet-data-collector",
  "environment": "test",
  "execution_id": "exec_test_2ej3zk",
  "status": "running",
  "progress": 10,
  "collected_count": 0,
  "failed_count": 0
}
2026-02-08T08:20:18.223+09:00 [[32minfo[39m]: Execution status updated successfully {
  "service": "tdnet-data-collector",
  "environment": "test",
  "execution_id": "exec_test_2ej3zk",
  "status": "running",
  "progress": 10
}
2026-02-08T08:20:18.223+09:00 [[32minfo[39m]: Updating execution status {
  "service": "tdnet-data-collector",
  "environment": "test",
  "execution_id": "exec_test_2ej3zk",
  "status": "running",
  "progress": 10,
  "collected_count": 0,
  "failed_count": 0
}
2026-02-08T08:20:18.224+09:00 [[32minfo[39m]: Execution status updated successfully {
  "service": "tdnet-data-collector",
  "environment": "test",
  "execution_id": "exec_test_2ej3zk",
  "status": "running",
  "progress": 10
}
2026-02-08T08:20:18.224+09:00 [[32minfo[39m]: Updating execution status {
  "service": "tdnet-data-collector",
  "environment": "test",
  "execution_id": "exec_test_2ej3zk",
  "status": "running",
  "progress": 12,
  "collected_count": 0,
  "failed_count": 0
}
2026-02-08T08:20:18.225+09:00 [[32minfo[39m]: Execution status updated successfully {
  "service": "tdnet-data-collector",
  "environment": "test",
  "execution_id": "exec_test_2ej3zk",
  "status": "running",
  "progress": 12
}
2026-02-08T08:20:18.225+09:00 [[32minfo[39m]: Updating execution status {
  "service": "tdnet-data-collector",
  "environment": "test",
  "execution_id": "exec_test_2ej3zk",
  "status": "running",
  "progress": 16,
  "collected_count": 0,
  "failed_count": 0
}
2026-02-08T08:20:18.225+09:00 [[32minfo[39m]: Execution status updated successfully {
  "service": "tdnet-data-collector",
  "environment": "test",
  "execution_id": "exec_test_2ej3zk",
  "status": "running",
  "progress": 16
}
2026-02-08T08:20:18.225+09:00 [[32minfo[39m]: Updating execution status {
  "service": "tdnet-data-collector",
  "environment": "test",
  "execution_id": "exec_test_2ej3zk",
  "status": "running",
  "progress": 32,
  "collected_count": 0,
  "failed_count": 0
}
2026-02-08T08:20:18.225+09:00 [[32minfo[39m]: Execution status updated successfully {
  "service": "tdnet-data-collector",
  "environment": "test",
  "execution_id": "exec_test_2ej3zk",
  "status": "running",
  "progress": 32
}
2026-02-08T08:20:18.225+09:00 [[32minfo[39m]: Updating execution status {
  "service": "tdnet-data-collector",
  "environment": "test",
  "execution_id": "exec_test_2ej3zk",
  "status": "running",
  "progress": 32,
  "collected_count": 0,
  "failed_count": 0
}
2026-02-08T08:20:18.226+09:00 [[32minfo[39m]: Execution status updated successfully {
  "service": "tdnet-data-collector",
  "environment": "test",
  "execution_id": "exec_test_2ej3zk",
  "status": "running",
  "progress": 32
}
2026-02-08T08:20:18.226+09:00 [[32minfo[39m]: Updating execution status {
  "service": "tdnet-data-collector",
  "environment": "test",
  "execution_id": "exec_test_2ej3zk",
  "status": "running",
  "progress": 35,
  "collected_count": 0,
  "failed_count": 0
}
2026-02-08T08:20:18.226+09:00 [[32minfo[39m]: Execution status updated successfully {
  "service": "tdnet-data-collector",
  "environment": "test",
  "execution_id": "exec_test_2ej3zk",
  "status": "running",
  "progress": 35
}
2026-02-08T08:20:18.226+09:00 [[32minfo[39m]: Updating execution status {
  "service": "tdnet-data-collector",
  "environment": "test",
  "execution_id": "exec_test_2ej3zk",
  "status": "running",
  "progress": 55,
  "collected_count": 0,
  "failed_count": 0
}
2026-02-08T08:20:18.226+09:00 [[32minfo[39m]: Execution status updated successfully {
  "service": "tdnet-data-collector",
  "environment": "test",
  "execution_id": "exec_test_2ej3zk",
  "status": "running",
  "progress": 55
}
2026-02-08T08:20:18.228+09:00 [[32minfo[39m]: Updating execution status {
  "service": "tdnet-data-collector",
  "environment": "test",
  "execution_id": "exec_test_8w8sq8",
  "status": "running",
  "progress": 12,
  "collected_count": 0,
  "failed_count": 0
}
2026-02-08T08:20:18.228+09:00 [[32minfo[39m]: Execution status updated successfully {
  "service": "tdnet-data-collector",
  "environment": "test",
  "execution_id": "exec_test_8w8sq8",
  "status": "running",
  "progress": 12
}
2026-02-08T08:20:18.228+09:00 [[32minfo[39m]: Updating execution status {
  "service": "tdnet-data-collector",
  "environment": "test",
  "execution_id": "exec_test_8w8sq8",
  "status": "running",
  "progress": 17,
  "collected_count": 0,
  "failed_count": 0
}
2026-02-08T08:20:18.229+09:00 [[32minfo[39m]: Execution status updated successfully {
  "service": "tdnet-data-collector",
  "environment": "test",
  "execution_id": "exec_test_8w8sq8",
  "status": "running",
  "progress": 17
}
2026-02-08T08:20:18.229+09:00 [[32minfo[39m]: Updating execution status {
  "service": "tdnet-data-collector",
  "environment": "test",
  "execution_id": "exec_test_8w8sq8",
  "status": "running",
  "progress": 21,
  "collected_count": 0,
  "failed_count": 0
}
2026-02-08T08:20:18.229+09:00 [[32minfo[39m]: Execution status updated successfully {
  "service": "tdnet-data-collector",
  "environment": "test",
  "execution_id": "exec_test_8w8sq8",
  "status": "running",
  "progress": 21
}
2026-02-08T08:20:18.230+09:00 [[32minfo[39m]: Updating execution status {
  "service": "tdnet-data-collector",
  "environment": "test",
  "execution_id": "exec_test_6t84ql",
  "status": "running",
  "progress": 44,
  "collected_count": 0,
  "failed_count": 0
}
2026-02-08T08:20:18.230+09:00 [[32minfo[39m]: Execution status updated successfully {
  "service": "tdnet-data-collector",
  "environment": "test",
  "execution_id": "exec_test_6t84ql",
  "status": "running",
  "progress": 44
}
2026-02-08T08:20:18.231+09:00 [[32minfo[39m]: Updating execution status {
  "service": "tdnet-data-collector",
  "environment": "test",
  "execution_id": "exec_test_6t84ql",
  "status": "running",
  "progress": 61,
  "collected_count": 0,
  "failed_count": 0
}
2026-02-08T08:20:18.231+09:00 [[32minfo[39m]: Execution status updated successfully {
  "service": "tdnet-data-collector",
  "environment": "test",
  "execution_id": "exec_test_6t84ql",
  "status": "running",
  "progress": 61
}
2026-02-08T08:20:18.231+09:00 [[32minfo[39m]: Updating execution status {
  "service": "tdnet-data-collector",
  "environment": "test",
  "execution_id": "exec_test_6t84ql",
  "status": "running",
  "progress": 76,
  "collected_count": 0,
  "failed_count": 0
}
2026-02-08T08:20:18.231+09:00 [[32minfo[39m]: Execution status updated successfully {
  "service": "tdnet-data-collector",
  "environment": "test",
  "execution_id": "exec_test_6t84ql",
  "status": "running",
  "progress": 76
}
2026-02-08T08:20:18.232+09:00 [[32minfo[39m]: Updating execution status {
  "service": "tdnet-data-collector",
  "environment": "test",
  "execution_id": "exec_test_mfgqb",
  "status": "running",
  "progress": 7,
  "collected_count": 0,
  "failed_count": 0
}
2026-02-08T08:20:18.233+09:00 [[32minfo[39m]: Execution status updated successfully {
  "service": "tdnet-data-collector",
  "environment": "test",
  "execution_id": "exec_test_mfgqb",
  "status": "running",
  "progress": 7
}
2026-02-08T08:20:18.233+09:00 [[32minfo[39m]: Updating execution status {
  "service": "tdnet-data-collector",
  "environment": "test",
  "execution_id": "exec_test_mfgqb",
  "status": "running",
  "progress": 14,
  "collected_count": 0,
  "failed_count": 0
}
2026-02-08T08:20:18.233+09:00 [[32minfo[39m]: Execution status updated successfully {
  "service": "tdnet-data-collector",
  "environment": "test",
  "execution_id": "exec_test_mfgqb",
  "status": "running",
  "progress": 14
}
2026-02-08T08:20:18.233+09:00 [[32minfo[39m]: Updating execution status {
  "service": "tdnet-data-collector",
  "environment": "test",
  "execution_id": "exec_test_mfgqb",
  "status": "running",
  "progress": 36,
  "collected_count": 0,
  "failed_count": 0
}
2026-02-08T08:20:18.233+09:00 [[32minfo[39m]: Execution status updated successfully {
  "service": "tdnet-data-collector",
  "environment": "test",
  "execution_id": "exec_test_mfgqb",
  "status": "running",
  "progress": 36
}
2026-02-08T08:20:18.234+09:00 [[32minfo[39m]: Updating execution status {
  "service": "tdnet-data-collector",
  "environment": "test",
  "execution_id": "exec_test_75r3wa",
  "status": "running",
  "progress": 4,
  "collected_count": 0,
  "failed_count": 0
}
2026-02-08T08:20:18.234+09:00 [[32minfo[39m]: Execution status updated successfully {
  "service": "tdnet-data-collector",
  "environment": "test",
  "execution_id": "exec_test_75r3wa",
  "status": "running",
  "progress": 4
}
2026-02-08T08:20:18.235+09:00 [[32minfo[39m]: Updating execution status {
  "service": "tdnet-data-collector",
  "environment": "test",
  "execution_id": "exec_test_75r3wa",
  "status": "running",
  "progress": 22,
  "collected_count": 0,
  "failed_count": 0
}
2026-02-08T08:20:18.235+09:00 [[32minfo[39m]: Execution status updated successfully {
  "service": "tdnet-data-collector",
  "environment": "test",
  "execution_id": "exec_test_75r3wa",
  "status": "running",
  "progress": 22
}
2026-02-08T08:20:18.235+09:00 [[32minfo[39m]: Updating execution status {
  "service": "tdnet-data-collector",
  "environment": "test",
  "execution_id": "exec_test_75r3wa",
  "status": "running",
  "progress": 70,
  "collected_count": 0,
  "failed_count": 0
}
2026-02-08T08:20:18.235+09:00 [[32minfo[39m]: Execution status updated successfully {
  "service": "tdnet-data-collector",
  "environment": "test",
  "execution_id": "exec_test_75r3wa",
  "status": "running",
  "progress": 70
}
2026-02-08T08:20:18.236+09:00 [[32minfo[39m]: Updating execution status {
  "service": "tdnet-data-collector",
  "environment": "test",
  "execution_id": "exec_test_nbpxc9",
  "status": "running",
  "progress": 1,
  "collected_count": 0,
  "failed_count": 0
}
2026-02-08T08:20:18.236+09:00 [[32minfo[39m]: Execution status updated successfully {
  "service": "tdnet-data-collector",
  "environment": "test",
  "execution_id": "exec_test_nbpxc9",
  "status": "running",
  "progress": 1
}
2026-02-08T08:20:18.236+09:00 [[32minfo[39m]: Updating execution status {
  "service": "tdnet-data-collector",
  "environment": "test",
  "execution_id": "exec_test_nbpxc9",
  "status": "running",
  "progress": 33,
  "collected_count": 0,
  "failed_count": 0
}
2026-02-08T08:20:18.237+09:00 [[32minfo[39m]: Execution status updated successfully {
  "service": "tdnet-data-collector",
  "environment": "test",
  "execution_id": "exec_test_nbpxc9",
  "status": "running",
  "progress": 33
}
2026-02-08T08:20:18.237+09:00 [[32minfo[39m]: Updating execution status {
  "service": "tdnet-data-collector",
  "environment": "test",
  "execution_id": "exec_test_nbpxc9",
  "status": "running",
  "progress": 38,
  "collected_count": 0,
  "failed_count": 0
}
2026-02-08T08:20:18.237+09:00 [[32minfo[39m]: Execution status updated successfully {
  "service": "tdnet-data-collector",
  "environment": "test",
  "execution_id": "exec_test_nbpxc9",
  "status": "running",
  "progress": 38
}
2026-02-08T08:20:18.238+09:00 [[32minfo[39m]: Updating execution status {
  "service": "tdnet-data-collector",
  "environment": "test",
  "execution_id": "exec_test_8q8ve8",
  "status": "running",
  "progress": 33,
  "collected_count": 0,
  "failed_count": 0
}
2026-02-08T08:20:18.238+09:00 [[32minfo[39m]: Execution status updated successfully {
  "service": "tdnet-data-collector",
  "environment": "test",
  "execution_id": "exec_test_8q8ve8",
  "status": "running",
  "progress": 33
}
2026-02-08T08:20:18.238+09:00 [[32minfo[39m]: Updating execution status {
  "service": "tdnet-data-collector",
  "environment": "test",
  "execution_id": "exec_test_8q8ve8",
  "status": "running",
  "progress": 39,
  "collected_count": 0,
  "failed_count": 0
}
2026-02-08T08:20:18.239+09:00 [[32minfo[39m]: Execution status updated successfully {
  "service": "tdnet-data-collector",
  "environment": "test",
  "execution_id": "exec_test_8q8ve8",
  "status": "running",
  "progress": 39
}
2026-02-08T08:20:18.239+09:00 [[32minfo[39m]: Updating execution status {
  "service": "tdnet-data-collector",
  "environment": "test",
  "execution_id": "exec_test_8q8ve8",
  "status": "running",
  "progress": 41,
  "collected_count": 0,
  "failed_count": 0
}
2026-02-08T08:20:18.239+09:00 [[32minfo[39m]: Execution status updated successfully {
  "service": "tdnet-data-collector",
  "environment": "test",
  "execution_id": "exec_test_8q8ve8",
  "status": "running",
  "progress": 41
}
2026-02-08T08:20:18.239+09:00 [[32minfo[39m]: Updating execution status {
  "service": "tdnet-data-collector",
  "environment": "test",
  "execution_id": "exec_test_8q8ve8",
  "status": "running",
  "progress": 52,
  "collected_count": 0,
  "failed_count": 0
}
2026-02-08T08:20:18.240+09:00 [[32minfo[39m]: Execution status updated successfully {
  "service": "tdnet-data-collector",
  "environment": "test",
  "execution_id": "exec_test_8q8ve8",
  "status": "running",
  "progress": 52
}
2026-02-08T08:20:18.240+09:00 [[32minfo[39m]: Updating execution status {
  "service": "tdnet-data-collector",
  "environment": "test",
  "execution_id": "exec_test_8q8ve8",
  "status": "running",
  "progress": 53,
  "collected_count": 0,
  "failed_count": 0
}
2026-02-08T08:20:18.240+09:00 [[32minfo[39m]: Execution status updated successfully {
  "service": "tdnet-data-collector",
  "environment": "test",
  "execution_id": "exec_test_8q8ve8",
  "status": "running",
  "progress": 53
}
2026-02-08T08:20:18.240+09:00 [[32minfo[39m]: Updating execution status {
  "service": "tdnet-data-collector",
  "environment": "test",
  "execution_id": "exec_test_8q8ve8",
  "status": "running",
  "progress": 81,
  "collected_count": 0,
  "failed_count": 0
}
2026-02-08T08:20:18.240+09:00 [[32minfo[39m]: Execution status updated successfully {
  "service": "tdnet-data-collector",
  "environment": "test",
  "execution_id": "exec_test_8q8ve8",
  "status": "running",
  "progress": 81
}
2026-02-08T08:20:18.240+09:00 [[32minfo[39m]: Updating execution status {
  "service": "tdnet-data-collector",
  "environment": "test",
  "execution_id": "exec_test_8q8ve8",
  "status": "running",
  "progress": 94,
  "collected_count": 0,
  "failed_count": 0
}
2026-02-08T08:20:18.241+09:00 [[32minfo[39m]: Execution status updated successfully {
  "service": "tdnet-data-collector",
  "environment": "test",
  "execution_id": "exec_test_8q8ve8",
  "status": "running",
  "progress": 94
}
2026-02-08T08:20:18.242+09:00 [[32minfo[39m]: Updating execution status {
  "service": "tdnet-data-collector",
  "environment": "test",
  "execution_id": "exec_test_bnfezq",
  "status": "running",
  "progress": 19,
  "collected_count": 0,
  "failed_count": 0
}
2026-02-08T08:20:18.242+09:00 [[32minfo[39m]: Execution status updated successfully {
  "service": "tdnet-data-collector",
  "environment": "test",
  "execution_id": "exec_test_bnfezq",
  "status": "running",
  "progress": 19
}
2026-02-08T08:20:18.242+09:00 [[32minfo[39m]: Updating execution status {
  "service": "tdnet-data-collector",
  "environment": "test",
  "execution_id": "exec_test_bnfezq",
  "status": "running",
  "progress": 71,
  "collected_count": 0,
  "failed_count": 0
}
2026-02-08T08:20:18.242+09:00 [[32minfo[39m]: Execution status updated successfully {
  "service": "tdnet-data-collector",
  "environment": "test",
  "execution_id": "exec_test_bnfezq",
  "status": "running",
  "progress": 71
}
2026-02-08T08:20:18.242+09:00 [[32minfo[39m]: Updating execution status {
  "service": "tdnet-data-collector",
  "environment": "test",
  "execution_id": "exec_test_bnfezq",
  "status": "running",
  "progress": 95,
  "collected_count": 0,
  "failed_count": 0
}
2026-02-08T08:20:18.242+09:00 [[32minfo[39m]: Execution status updated successfully {
  "service": "tdnet-data-collector",
  "environment": "test",
  "execution_id": "exec_test_bnfezq",
  "status": "running",
  "progress": 95
}
2026-02-08T08:20:18.243+09:00 [[32minfo[39m]: Updating execution status {
  "service": "tdnet-data-collector",
  "environment": "test",
  "execution_id": "exec_test_bnfezq",
  "status": "running",
  "progress": 95,
  "collected_count": 0,
  "failed_count": 0
}
2026-02-08T08:20:18.243+09:00 [[32minfo[39m]: Execution status updated successfully {
  "service": "tdnet-data-collector",
  "environment": "test",
  "execution_id": "exec_test_bnfezq",
  "status": "running",
  "progress": 95
}
2026-02-08T08:20:18.243+09:00 [[32minfo[39m]: Updating execution status {
  "service": "tdnet-data-collector",
  "environment": "test",
  "execution_id": "exec_test_bnfezq",
  "status": "running",
  "progress": 96,
  "collected_count": 0,
  "failed_count": 0
}
2026-02-08T08:20:18.243+09:00 [[32minfo[39m]: Execution status updated successfully {
  "service": "tdnet-data-collector",
  "environment": "test",
  "execution_id": "exec_test_bnfezq",
  "status": "running",
  "progress": 96
}
2026-02-08T08:20:18.243+09:00 [[32minfo[39m]: Updating execution status {
  "service": "tdnet-data-collector",
  "environment": "test",
  "execution_id": "exec_test_bnfezq",
  "status": "running",
  "progress": 99,
  "collected_count": 0,
  "failed_count": 0
}
2026-02-08T08:20:18.243+09:00 [[32minfo[39m]: Execution status updated successfully {
  "service": "tdnet-data-collector",
  "environment": "test",
  "execution_id": "exec_test_bnfezq",
  "status": "running",
  "progress": 99
}
2026-02-08T08:20:18.244+09:00 [[32minfo[39m]: Updating execution status {
  "service": "tdnet-data-collector",
  "environment": "test",
  "execution_id": "exec_test_kh5z8",
  "status": "running",
  "progress": 3,
  "collected_count": 0,
  "failed_count": 0
}
2026-02-08T08:20:18.245+09:00 [[32minfo[39m]: Execution status updated successfully {
  "service": "tdnet-data-collector",
  "environment": "test",
  "execution_id": "exec_test_kh5z8",
  "status": "running",
  "progress": 3
}
2026-02-08T08:20:18.245+09:00 [[32minfo[39m]: Updating execution status {
  "service": "tdnet-data-collector",
  "environment": "test",
  "execution_id": "exec_test_kh5z8",
  "status": "running",
  "progress": 24,
  "collected_count": 0,
  "failed_count": 0
}
2026-02-08T08:20:18.245+09:00 [[32minfo[39m]: Execution status updated successfully {
  "service": "tdnet-data-collector",
  "environment": "test",
  "execution_id": "exec_test_kh5z8",
  "status": "running",
  "progress": 24
}
2026-02-08T08:20:18.245+09:00 [[32minfo[39m]: Updating execution status {
  "service": "tdnet-data-collector",
  "environment": "test",
  "execution_id": "exec_test_kh5z8",
  "status": "running",
  "progress": 26,
  "collected_count": 0,
  "failed_count": 0
}
2026-02-08T08:20:18.245+09:00 [[32minfo[39m]: Execution status updated successfully {
  "service": "tdnet-data-collector",
  "environment": "test",
  "execution_id": "exec_test_kh5z8",
  "status": "running",
  "progress": 26
}
2026-02-08T08:20:18.245+09:00 [[32minfo[39m]: Updating execution status {
  "service": "tdnet-data-collector",
  "environment": "test",
  "execution_id": "exec_test_kh5z8",
  "status": "running",
  "progress": 57,
  "collected_count": 0,
  "failed_count": 0
}
2026-02-08T08:20:18.246+09:00 [[32minfo[39m]: Execution status updated successfully {
  "service": "tdnet-data-collector",
  "environment": "test",
  "execution_id": "exec_test_kh5z8",
  "status": "running",
  "progress": 57
}
2026-02-08T08:20:18.246+09:00 [[32minfo[39m]: Updating execution status {
  "service": "tdnet-data-collector",
  "environment": "test",
  "execution_id": "exec_test_kh5z8",
  "status": "running",
  "progress": 58,
  "collected_count": 0,
  "failed_count": 0
}
2026-02-08T08:20:18.246+09:00 [[32minfo[39m]: Execution status updated successfully {
  "service": "tdnet-data-collector",
  "environment": "test",
  "execution_id": "exec_test_kh5z8",
  "status": "running",
  "progress": 58
}
2026-02-08T08:20:18.246+09:00 [[32minfo[39m]: Updating execution status {
  "service": "tdnet-data-collector",
  "environment": "test",
  "execution_id": "exec_test_kh5z8",
  "status": "running",
  "progress": 96,
  "collected_count": 0,
  "failed_count": 0
}
2026-02-08T08:20:18.246+09:00 [[32minfo[39m]: Execution status updated successfully {
  "service": "tdnet-data-collector",
  "environment": "test",
  "execution_id": "exec_test_kh5z8",
  "status": "running",
  "progress": 96
}
2026-02-08T08:20:18.246+09:00 [[32minfo[39m]: Updating execution status {
  "service": "tdnet-data-collector",
  "environment": "test",
  "execution_id": "exec_test_kh5z8",
  "status": "running",
  "progress": 96,
  "collected_count": 0,
  "failed_count": 0
}
2026-02-08T08:20:18.246+09:00 [[32minfo[39m]: Execution status updated successfully {
  "service": "tdnet-data-collector",
  "environment": "test",
  "execution_id": "exec_test_kh5z8",
  "status": "running",
  "progress": 96
}
2026-02-08T08:20:18.247+09:00 [[32minfo[39m]: Updating execution status {
  "service": "tdnet-data-collector",
  "environment": "test",
  "execution_id": "exec_test_rz3xfw",
  "status": "running",
  "progress": 1,
  "collected_count": 0,
  "failed_count": 0
}
2026-02-08T08:20:18.248+09:00 [[32minfo[39m]: Execution status updated successfully {
  "service": "tdnet-data-collector",
  "environment": "test",
  "execution_id": "exec_test_rz3xfw",
  "status": "running",
  "progress": 1
}
2026-02-08T08:20:18.248+09:00 [[32minfo[39m]: Updating execution status {
  "service": "tdnet-data-collector",
  "environment": "test",
  "execution_id": "exec_test_rz3xfw",
  "status": "running",
  "progress": 4,
  "collected_count": 0,
  "failed_count": 0
}
2026-02-08T08:20:18.248+09:00 [[32minfo[39m]: Execution status updated successfully {
  "service": "tdnet-data-collector",
  "environment": "test",
  "execution_id": "exec_test_rz3xfw",
  "status": "running",
  "progress": 4
}
2026-02-08T08:20:18.248+09:00 [[32minfo[39m]: Updating execution status {
  "service": "tdnet-data-collector",
  "environment": "test",
  "execution_id": "exec_test_rz3xfw",
  "status": "running",
  "progress": 8,
  "collected_count": 0,
  "failed_count": 0
}
2026-02-08T08:20:18.248+09:00 [[32minfo[39m]: Execution status updated successfully {
  "service": "tdnet-data-collector",
  "environment": "test",
  "execution_id": "exec_test_rz3xfw",
  "status": "running",
  "progress": 8
}
2026-02-08T08:20:18.248+09:00 [[32minfo[39m]: Updating execution status {
  "service": "tdnet-data-collector",
  "environment": "test",
  "execution_id": "exec_test_rz3xfw",
  "status": "running",
  "progress": 17,
  "collected_count": 0,
  "failed_count": 0
}
2026-02-08T08:20:18.248+09:00 [[32minfo[39m]: Execution status updated successfully {
  "service": "tdnet-data-collector",
  "environment": "test",
  "execution_id": "exec_test_rz3xfw",
  "status": "running",
  "progress": 17
}
2026-02-08T08:20:18.249+09:00 [[32minfo[39m]: Updating execution status {
  "service": "tdnet-data-collector",
  "environment": "test",
  "execution_id": "exec_test_rz3xfw",
  "status": "running",
  "progress": 27,
  "collected_count": 0,
  "failed_count": 0
}
2026-02-08T08:20:18.249+09:00 [[32minfo[39m]: Execution status updated successfully {
  "service": "tdnet-data-collector",
  "environment": "test",
  "execution_id": "exec_test_rz3xfw",
  "status": "running",
  "progress": 27
}
2026-02-08T08:20:18.249+09:00 [[32minfo[39m]: Updating execution status {
  "service": "tdnet-data-collector",
  "environment": "test",
  "execution_id": "exec_test_rz3xfw",
  "status": "running",
  "progress": 97,
  "collected_count": 0,
  "failed_count": 0
}
2026-02-08T08:20:18.249+09:00 [[32minfo[39m]: Execution status updated successfully {
  "service": "tdnet-data-collector",
  "environment": "test",
  "execution_id": "exec_test_rz3xfw",
  "status": "running",
  "progress": 97
}
2026-02-08T08:20:18.249+09:00 [[32minfo[39m]: Updating execution status {
  "service": "tdnet-data-collector",
  "environment": "test",
  "execution_id": "exec_test_rz3xfw",
  "status": "running",
  "progress": 97,
  "collected_count": 0,
  "failed_count": 0
}
2026-02-08T08:20:18.249+09:00 [[32minfo[39m]: Execution status updated successfully {
  "service": "tdnet-data-collector",
  "environment": "test",
  "execution_id": "exec_test_rz3xfw",
  "status": "running",
  "progress": 97
}
2026-02-08T08:20:18.250+09:00 [[32minfo[39m]: Updating execution status {
  "service": "tdnet-data-collector",
  "environment": "test",
  "execution_id": "exec_test_rz3xfw",
  "status": "completed",
  "progress": 100,
  "collected_count": 0,
  "failed_count": 0
}
2026-02-08T08:20:18.250+09:00 [[32minfo[39m]: Execution status updated successfully {
  "service": "tdnet-data-collector",
  "environment": "test",
  "execution_id": "exec_test_rz3xfw",
  "status": "completed",
  "progress": 100
}
2026-02-08T08:20:18.251+09:00 [[32minfo[39m]: Updating execution status {
  "service": "tdnet-data-collector",
  "environment": "test",
  "execution_id": "exec_test_g4024l",
  "status": "running",
  "progress": 1,
  "collected_count": 0,
  "failed_count": 0
}
2026-02-08T08:20:18.251+09:00 [[32minfo[39m]: Execution status updated successfully {
  "service": "tdnet-data-collector",
  "environment": "test",
  "execution_id": "exec_test_g4024l",
  "status": "running",
  "progress": 1
}
2026-02-08T08:20:18.251+09:00 [[32minfo[39m]: Updating execution status {
  "service": "tdnet-data-collector",
  "environment": "test",
  "execution_id": "exec_test_g4024l",
  "status": "running",
  "progress": 48,
  "collected_count": 0,
  "failed_count": 0
}
2026-02-08T08:20:18.251+09:00 [[32minfo[39m]: Execution status updated successfully {
  "service": "tdnet-data-collector",
  "environment": "test",
  "execution_id": "exec_test_g4024l",
  "status": "running",
  "progress": 48
}
2026-02-08T08:20:18.252+09:00 [[32minfo[39m]: Updating execution status {
  "service": "tdnet-data-collector",
  "environment": "test",
  "execution_id": "exec_test_g4024l",
  "status": "running",
  "progress": 84,
  "collected_count": 0,
  "failed_count": 0
}
2026-02-08T08:20:18.252+09:00 [[32minfo[39m]: Execution status updated successfully {
  "service": "tdnet-data-collector",
  "environment": "test",
  "execution_id": "exec_test_g4024l",
  "status": "running",
  "progress": 84
}
2026-02-08T08:20:18.252+09:00 [[32minfo[39m]: Updating execution status {
  "service": "tdnet-data-collector",
  "environment": "test",
  "execution_id": "exec_test_g4024l",
  "status": "running",
  "progress": 97,
  "collected_count": 0,
  "failed_count": 0
}
2026-02-08T08:20:18.252+09:00 [[32minfo[39m]: Execution status updated successfully {
  "service": "tdnet-data-collector",
  "environment": "test",
  "execution_id": "exec_test_g4024l",
  "status": "running",
  "progress": 97
}
2026-02-08T08:20:18.253+09:00 [[32minfo[39m]: Updating execution status {
  "service": "tdnet-data-collector",
  "environment": "test",
  "execution_id": "exec_test_xhd9dn",
  "status": "running",
  "progress": 3,
  "collected_count": 0,
  "failed_count": 0
}
2026-02-08T08:20:18.254+09:00 [[32minfo[39m]: Execution status updated successfully {
  "service": "tdnet-data-collector",
  "environment": "test",
  "execution_id": "exec_test_xhd9dn",
  "status": "running",
  "progress": 3
}
2026-02-08T08:20:18.254+09:00 [[32minfo[39m]: Updating execution status {
  "service": "tdnet-data-collector",
  "environment": "test",
  "execution_id": "exec_test_xhd9dn",
  "status": "running",
  "progress": 21,
  "collected_count": 0,
  "failed_count": 0
}
2026-02-08T08:20:18.254+09:00 [[32minfo[39m]: Execution status updated successfully {
  "service": "tdnet-data-collector",
  "environment": "test",
  "execution_id": "exec_test_xhd9dn",
  "status": "running",
  "progress": 21
}
2026-02-08T08:20:18.254+09:00 [[32minfo[39m]: Updating execution status {
  "service": "tdnet-data-collector",
  "environment": "test",
  "execution_id": "exec_test_xhd9dn",
  "status": "running",
  "progress": 34,
  "collected_count": 0,
  "failed_count": 0
}
2026-02-08T08:20:18.254+09:00 [[32minfo[39m]: Execution status updated successfully {
  "service": "tdnet-data-collector",
  "environment": "test",
  "execution_id": "exec_test_xhd9dn",
  "status": "running",
  "progress": 34
}
2026-02-08T08:20:18.254+09:00 [[32minfo[39m]: Updating execution status {
  "service": "tdnet-data-collector",
  "environment": "test",
  "execution_id": "exec_test_xhd9dn",
  "status": "running",
  "progress": 95,
  "collected_count": 0,
  "failed_count": 0
}
2026-02-08T08:20:18.255+09:00 [[32minfo[39m]: Execution status updated successfully {
  "service": "tdnet-data-collector",
  "environment": "test",
  "execution_id": "exec_test_xhd9dn",
  "status": "running",
  "progress": 95
}
2026-02-08T08:20:18.256+09:00 [[32minfo[39m]: Updating execution status {
  "service": "tdnet-data-collector",
  "environment": "test",
  "execution_id": "exec_test_61a8o5",
  "status": "running",
  "progress": 6,
  "collected_count": 0,
  "failed_count": 0
}
2026-02-08T08:20:18.256+09:00 [[32minfo[39m]: Execution status updated successfully {
  "service": "tdnet-data-collector",
  "environment": "test",
  "execution_id": "exec_test_61a8o5",
  "status": "running",
  "progress": 6
}
2026-02-08T08:20:18.256+09:00 [[32minfo[39m]: Updating execution status {
  "service": "tdnet-data-collector",
  "environment": "test",
  "execution_id": "exec_test_61a8o5",
  "status": "running",
  "progress": 71,
  "collected_count": 0,
  "failed_count": 0
}
2026-02-08T08:20:18.256+09:00 [[32minfo[39m]: Execution status updated successfully {
  "service": "tdnet-data-collector",
  "environment": "test",
  "execution_id": "exec_test_61a8o5",
  "status": "running",
  "progress": 71
}
2026-02-08T08:20:18.256+09:00 [[32minfo[39m]: Updating execution status {
  "service": "tdnet-data-collector",
  "environment": "test",
  "execution_id": "exec_test_61a8o5",
  "status": "running",
  "progress": 77,
  "collected_count": 0,
  "failed_count": 0
}
2026-02-08T08:20:18.257+09:00 [[32minfo[39m]: Execution status updated successfully {
  "service": "tdnet-data-collector",
  "environment": "test",
  "execution_id": "exec_test_61a8o5",
  "status": "running",
  "progress": 77
}
2026-02-08T08:20:18.258+09:00 [[32minfo[39m]: Updating execution status {
  "service": "tdnet-data-collector",
  "environment": "test",
  "execution_id": "exec_test_j0qqbm",
  "status": "running",
  "progress": 2,
  "collected_count": 0,
  "failed_count": 0
}
2026-02-08T08:20:18.258+09:00 [[32minfo[39m]: Execution status updated successfully {
  "service": "tdnet-data-collector",
  "environment": "test",
  "execution_id": "exec_test_j0qqbm",
  "status": "running",
  "progress": 2
}
2026-02-08T08:20:18.258+09:00 [[32minfo[39m]: Updating execution status {
  "service": "tdnet-data-collector",
  "environment": "test",
  "execution_id": "exec_test_j0qqbm",
  "status": "running",
  "progress": 7,
  "collected_count": 0,
  "failed_count": 0
}
2026-02-08T08:20:18.258+09:00 [[32minfo[39m]: Execution status updated successfully {
  "service": "tdnet-data-collector",
  "environment": "test",
  "execution_id": "exec_test_j0qqbm",
  "status": "running",
  "progress": 7
}
2026-02-08T08:20:18.258+09:00 [[32minfo[39m]: Updating execution status {
  "service": "tdnet-data-collector",
  "environment": "test",
  "execution_id": "exec_test_j0qqbm",
  "status": "running",
  "progress": 22,
  "collected_count": 0,
  "failed_count": 0
}
2026-02-08T08:20:18.258+09:00 [[32minfo[39m]: Execution status updated successfully {
  "service": "tdnet-data-collector",
  "environment": "test",
  "execution_id": "exec_test_j0qqbm",
  "status": "running",
  "progress": 22
}
2026-02-08T08:20:18.259+09:00 [[32minfo[39m]: Updating execution status {
  "service": "tdnet-data-collector",
  "environment": "test",
  "execution_id": "exec_test_j0qqbm",
  "status": "running",
  "progress": 88,
  "collected_count": 0,
  "failed_count": 0
}
2026-02-08T08:20:18.259+09:00 [[32minfo[39m]: Execution status updated successfully {
  "service": "tdnet-data-collector",
  "environment": "test",
  "execution_id": "exec_test_j0qqbm",
  "status": "running",
  "progress": 88
}
2026-02-08T08:20:18.259+09:00 [[32minfo[39m]: Updating execution status {
  "service": "tdnet-data-collector",
  "environment": "test",
  "execution_id": "exec_test_j0qqbm",
  "status": "running",
  "progress": 95,
  "collected_count": 0,
  "failed_count": 0
}
2026-02-08T08:20:18.259+09:00 [[32minfo[39m]: Execution status updated successfully {
  "service": "tdnet-data-collector",
  "environment": "test",
  "execution_id": "exec_test_j0qqbm",
  "status": "running",
  "progress": 95
}
2026-02-08T08:20:18.260+09:00 [[32minfo[39m]: Updating execution status {
  "service": "tdnet-data-collector",
  "environment": "test",
  "execution_id": "exec_test_o7w6fd",
  "status": "running",
  "progress": 26,
  "collected_count": 0,
  "failed_count": 0
}
2026-02-08T08:20:18.260+09:00 [[32minfo[39m]: Execution status updated successfully {
  "service": "tdnet-data-collector",
  "environment": "test",
  "execution_id": "exec_test_o7w6fd",
  "status": "running",
  "progress": 26
}
2026-02-08T08:20:18.260+09:00 [[32minfo[39m]: Updating execution status {
  "service": "tdnet-data-collector",
  "environment": "test",
  "execution_id": "exec_test_o7w6fd",
  "status": "running",
  "progress": 46,
  "collected_count": 0,
  "failed_count": 0
}
2026-02-08T08:20:18.260+09:00 [[32minfo[39m]: Execution status updated successfully {
  "service": "tdnet-data-collector",
  "environment": "test",
  "execution_id": "exec_test_o7w6fd",
  "status": "running",
  "progress": 46
}
2026-02-08T08:20:18.261+09:00 [[32minfo[39m]: Updating execution status {
  "service": "tdnet-data-collector",
  "environment": "test",
  "execution_id": "exec_test_o7w6fd",
  "status": "running",
  "progress": 57,
  "collected_count": 0,
  "failed_count": 0
}
2026-02-08T08:20:18.261+09:00 [[32minfo[39m]: Execution status updated successfully {
  "service": "tdnet-data-collector",
  "environment": "test",
  "execution_id": "exec_test_o7w6fd",
  "status": "running",
  "progress": 57
}
2026-02-08T08:20:18.261+09:00 [[32minfo[39m]: Updating execution status {
  "service": "tdnet-data-collector",
  "environment": "test",
  "execution_id": "exec_test_o7w6fd",
  "status": "running",
  "progress": 60,
  "collected_count": 0,
  "failed_count": 0
}
2026-02-08T08:20:18.261+09:00 [[32minfo[39m]: Execution status updated successfully {
  "service": "tdnet-data-collector",
  "environment": "test",
  "execution_id": "exec_test_o7w6fd",
  "status": "running",
  "progress": 60
}
2026-02-08T08:20:18.261+09:00 [[32minfo[39m]: Updating execution status {
  "service": "tdnet-data-collector",
  "environment": "test",
  "execution_id": "exec_test_o7w6fd",
  "status": "running",
  "progress": 67,
  "collected_count": 0,
  "failed_count": 0
}
2026-02-08T08:20:18.261+09:00 [[32minfo[39m]: Execution status updated successfully {
  "service": "tdnet-data-collector",
  "environment": "test",
  "execution_id": "exec_test_o7w6fd",
  "status": "running",
  "progress": 67
}
2026-02-08T08:20:18.261+09:00 [[32minfo[39m]: Updating execution status {
  "service": "tdnet-data-collector",
  "environment": "test",
  "execution_id": "exec_test_o7w6fd",
  "status": "running",
  "progress": 82,
  "collected_count": 0,
  "failed_count": 0
}
2026-02-08T08:20:18.262+09:00 [[32minfo[39m]: Execution status updated successfully {
  "service": "tdnet-data-collector",
  "environment": "test",
  "execution_id": "exec_test_o7w6fd",
  "status": "running",
  "progress": 82
}
2026-02-08T08:20:18.262+09:00 [[32minfo[39m]: Updating execution status {
  "service": "tdnet-data-collector",
  "environment": "test",
  "execution_id": "exec_test_o7w6fd",
  "status": "running",
  "progress": 86,
  "collected_count": 0,
  "failed_count": 0
}
2026-02-08T08:20:18.262+09:00 [[32minfo[39m]: Execution status updated successfully {
  "service": "tdnet-data-collector",
  "environment": "test",
  "execution_id": "exec_test_o7w6fd",
  "status": "running",
  "progress": 86
}
2026-02-08T08:20:18.262+09:00 [[32minfo[39m]: Updating execution status {
  "service": "tdnet-data-collector",
  "environment": "test",
  "execution_id": "exec_test_o7w6fd",
  "status": "running",
  "progress": 95,
  "collected_count": 0,
  "failed_count": 0
}
2026-02-08T08:20:18.262+09:00 [[32minfo[39m]: Execution status updated successfully {
  "service": "tdnet-data-collector",
  "environment": "test",
  "execution_id": "exec_test_o7w6fd",
  "status": "running",
  "progress": 95
}
2026-02-08T08:20:18.263+09:00 [[32minfo[39m]: Updating execution status {
  "service": "tdnet-data-collector",
  "environment": "test",
  "execution_id": "exec_test_fdmvt8",
  "status": "running",
  "progress": 18,
  "collected_count": 0,
  "failed_count": 0
}
2026-02-08T08:20:18.263+09:00 [[32minfo[39m]: Execution status updated successfully {
  "service": "tdnet-data-collector",
  "environment": "test",
  "execution_id": "exec_test_fdmvt8",
  "status": "running",
  "progress": 18
}
2026-02-08T08:20:18.263+09:00 [[32minfo[39m]: Updating execution status {
  "service": "tdnet-data-collector",
  "environment": "test",
  "execution_id": "exec_test_fdmvt8",
  "status": "running",
  "progress": 18,
  "collected_count": 0,
  "failed_count": 0
}
2026-02-08T08:20:18.263+09:00 [[32minfo[39m]: Execution status updated successfully {
  "service": "tdnet-data-collector",
  "environment": "test",
  "execution_id": "exec_test_fdmvt8",
  "status": "running",
  "progress": 18
}
2026-02-08T08:20:18.263+09:00 [[32minfo[39m]: Updating execution status {
  "service": "tdnet-data-collector",
  "environment": "test",
  "execution_id": "exec_test_fdmvt8",
  "status": "running",
  "progress": 93,
  "collected_count": 0,
  "failed_count": 0
}
2026-02-08T08:20:18.264+09:00 [[32minfo[39m]: Execution status updated successfully {
  "service": "tdnet-data-collector",
  "environment": "test",
  "execution_id": "exec_test_fdmvt8",
  "status": "running",
  "progress": 93
}
2026-02-08T08:20:18.264+09:00 [[32minfo[39m]: Updating execution status {
  "service": "tdnet-data-collector",
  "environment": "test",
  "execution_id": "exec_test_fdmvt8",
  "status": "running",
  "progress": 93,
  "collected_count": 0,
  "failed_count": 0
}
2026-02-08T08:20:18.264+09:00 [[32minfo[39m]: Execution status updated successfully {
  "service": "tdnet-data-collector",
  "environment": "test",
  "execution_id": "exec_test_fdmvt8",
  "status": "running",
  "progress": 93
}
2026-02-08T08:20:18.264+09:00 [[32minfo[39m]: Updating execution status {
  "service": "tdnet-data-collector",
  "environment": "test",
  "execution_id": "exec_test_fdmvt8",
  "status": "running",
  "progress": 96,
  "collected_count": 0,
  "failed_count": 0
}
2026-02-08T08:20:18.264+09:00 [[32minfo[39m]: Execution status updated successfully {
  "service": "tdnet-data-collector",
  "environment": "test",
  "execution_id": "exec_test_fdmvt8",
  "status": "running",
  "progress": 96
}
2026-02-08T08:20:18.265+09:00 [[32minfo[39m]: Updating execution status {
  "service": "tdnet-data-collector",
  "environment": "test",
  "execution_id": "exec_test_fdmvt8",
  "status": "running",
  "progress": 96,
  "collected_count": 0,
  "failed_count": 0
}
2026-02-08T08:20:18.265+09:00 [[32minfo[39m]: Execution status updated successfully {
  "service": "tdnet-data-collector",
  "environment": "test",
  "execution_id": "exec_test_fdmvt8",
  "status": "running",
  "progress": 96
}
2026-02-08T08:20:18.266+09:00 [[32minfo[39m]: Updating execution status {
  "service": "tdnet-data-collector",
  "environment": "test",
  "execution_id": "exec_test_8rn5k",
  "status": "running",
  "progress": 2,
  "collected_count": 0,
  "failed_count": 0
}
2026-02-08T08:20:18.266+09:00 [[32minfo[39m]: Execution status updated successfully {
  "service": "tdnet-data-collector",
  "environment": "test",
  "execution_id": "exec_test_8rn5k",
  "status": "running",
  "progress": 2
}
2026-02-08T08:20:18.266+09:00 [[32minfo[39m]: Updating execution status {
  "service": "tdnet-data-collector",
  "environment": "test",
  "execution_id": "exec_test_8rn5k",
  "status": "running",
  "progress": 9,
  "collected_count": 0,
  "failed_count": 0
}
2026-02-08T08:20:18.266+09:00 [[32minfo[39m]: Execution status updated successfully {
  "service": "tdnet-data-collector",
  "environment": "test",
  "execution_id": "exec_test_8rn5k",
  "status": "running",
  "progress": 9
}
2026-02-08T08:20:18.266+09:00 [[32minfo[39m]: Updating execution status {
  "service": "tdnet-data-collector",
  "environment": "test",
  "execution_id": "exec_test_8rn5k",
  "status": "running",
  "progress": 15,
  "collected_count": 0,
  "failed_count": 0
}
2026-02-08T08:20:18.267+09:00 [[32minfo[39m]: Execution status updated successfully {
  "service": "tdnet-data-collector",
  "environment": "test",
  "execution_id": "exec_test_8rn5k",
  "status": "running",
  "progress": 15
}
2026-02-08T08:20:18.267+09:00 [[32minfo[39m]: Updating execution status {
  "service": "tdnet-data-collector",
  "environment": "test",
  "execution_id": "exec_test_8rn5k",
  "status": "running",
  "progress": 27,
  "collected_count": 0,
  "failed_count": 0
}
2026-02-08T08:20:18.267+09:00 [[32minfo[39m]: Execution status updated successfully {
  "service": "tdnet-data-collector",
  "environment": "test",
  "execution_id": "exec_test_8rn5k",
  "status": "running",
  "progress": 27
}
2026-02-08T08:20:18.267+09:00 [[32minfo[39m]: Updating execution status {
  "service": "tdnet-data-collector",
  "environment": "test",
  "execution_id": "exec_test_8rn5k",
  "status": "running",
  "progress": 29,
  "collected_count": 0,
  "failed_count": 0
}
2026-02-08T08:20:18.267+09:00 [[32minfo[39m]: Execution status updated successfully {
  "service": "tdnet-data-collector",
  "environment": "test",
  "execution_id": "exec_test_8rn5k",
  "status": "running",
  "progress": 29
}
2026-02-08T08:20:18.267+09:00 [[32minfo[39m]: Updating execution status {
  "service": "tdnet-data-collector",
  "environment": "test",
  "execution_id": "exec_test_8rn5k",
  "status": "running",
  "progress": 34,
  "collected_count": 0,
  "failed_count": 0
}
2026-02-08T08:20:18.267+09:00 [[32minfo[39m]: Execution status updated successfully {
  "service": "tdnet-data-collector",
  "environment": "test",
  "execution_id": "exec_test_8rn5k",
  "status": "running",
  "progress": 34
}
2026-02-08T08:20:18.267+09:00 [[32minfo[39m]: Updating execution status {
  "service": "tdnet-data-collector",
  "environment": "test",
  "execution_id": "exec_test_8rn5k",
  "status": "running",
  "progress": 37,
  "collected_count": 0,
  "failed_count": 0
}
2026-02-08T08:20:18.268+09:00 [[32minfo[39m]: Execution status updated successfully {
  "service": "tdnet-data-collector",
  "environment": "test",
  "execution_id": "exec_test_8rn5k",
  "status": "running",
  "progress": 37
}
2026-02-08T08:20:18.268+09:00 [[32minfo[39m]: Updating execution status {
  "service": "tdnet-data-collector",
  "environment": "test",
  "execution_id": "exec_test_8rn5k",
  "status": "running",
  "progress": 40,
  "collected_count": 0,
  "failed_count": 0
}
2026-02-08T08:20:18.268+09:00 [[32minfo[39m]: Execution status updated successfully {
  "service": "tdnet-data-collector",
  "environment": "test",
  "execution_id": "exec_test_8rn5k",
  "status": "running",
  "progress": 40
}
2026-02-08T08:20:18.268+09:00 [[32minfo[39m]: Updating execution status {
  "service": "tdnet-data-collector",
  "environment": "test",
  "execution_id": "exec_test_8rn5k",
  "status": "running",
  "progress": 50,
  "collected_count": 0,
  "failed_count": 0
}
2026-02-08T08:20:18.268+09:00 [[32minfo[39m]: Execution status updated successfully {
  "service": "tdnet-data-collector",
  "environment": "test",
  "execution_id": "exec_test_8rn5k",
  "status": "running",
  "progress": 50
}
2026-02-08T08:20:18.268+09:00 [[32minfo[39m]: Updating execution status {
  "service": "tdnet-data-collector",
  "environment": "test",
  "execution_id": "exec_test_8rn5k",
  "status": "running",
  "progress": 85,
  "collected_count": 0,
  "failed_count": 0
}
2026-02-08T08:20:18.268+09:00 [[32minfo[39m]: Execution status updated successfully {
  "service": "tdnet-data-collector",
  "environment": "test",
  "execution_id": "exec_test_8rn5k",
  "status": "running",
  "progress": 85
}
2026-02-08T08:20:18.269+09:00 [[32minfo[39m]: Updating execution status {
  "service": "tdnet-data-collector",
  "environment": "test",
  "execution_id": "exec_test_k4jbu",
  "status": "running",
  "progress": 3,
  "collected_count": 0,
  "failed_count": 0
}
2026-02-08T08:20:18.270+09:00 [[32minfo[39m]: Execution status updated successfully {
  "service": "tdnet-data-collector",
  "environment": "test",
  "execution_id": "exec_test_k4jbu",
  "status": "running",
  "progress": 3
}
2026-02-08T08:20:18.270+09:00 [[32minfo[39m]: Updating execution status {
  "service": "tdnet-data-collector",
  "environment": "test",
  "execution_id": "exec_test_k4jbu",
  "status": "running",
  "progress": 25,
  "collected_count": 0,
  "failed_count": 0
}
2026-02-08T08:20:18.270+09:00 [[32minfo[39m]: Execution status updated successfully {
  "service": "tdnet-data-collector",
  "environment": "test",
  "execution_id": "exec_test_k4jbu",
  "status": "running",
  "progress": 25
}
2026-02-08T08:20:18.270+09:00 [[32minfo[39m]: Updating execution status {
  "service": "tdnet-data-collector",
  "environment": "test",
  "execution_id": "exec_test_k4jbu",
  "status": "running",
  "progress": 34,
  "collected_count": 0,
  "failed_count": 0
}
2026-02-08T08:20:18.270+09:00 [[32minfo[39m]: Execution status updated successfully {
  "service": "tdnet-data-collector",
  "environment": "test",
  "execution_id": "exec_test_k4jbu",
  "status": "running",
  "progress": 34
}
2026-02-08T08:20:18.270+09:00 [[32minfo[39m]: Updating execution status {
  "service": "tdnet-data-collector",
  "environment": "test",
  "execution_id": "exec_test_k4jbu",
  "status": "running",
  "progress": 36,
  "collected_count": 0,
  "failed_count": 0
}
2026-02-08T08:20:18.270+09:00 [[32minfo[39m]: Execution status updated successfully {
  "service": "tdnet-data-collector",
  "environment": "test",
  "execution_id": "exec_test_k4jbu",
  "status": "running",
  "progress": 36
}
2026-02-08T08:20:18.270+09:00 [[32minfo[39m]: Updating execution status {
  "service": "tdnet-data-collector",
  "environment": "test",
  "execution_id": "exec_test_k4jbu",
  "status": "running",
  "progress": 40,
  "collected_count": 0,
  "failed_count": 0
}
2026-02-08T08:20:18.270+09:00 [[32minfo[39m]: Execution status updated successfully {
  "service": "tdnet-data-collector",
  "environment": "test",
  "execution_id": "exec_test_k4jbu",
  "status": "running",
  "progress": 40
}
2026-02-08T08:20:18.271+09:00 [[32minfo[39m]: Updating execution status {
  "service": "tdnet-data-collector",
  "environment": "test",
  "execution_id": "exec_test_k4jbu",
  "status": "running",
  "progress": 47,
  "collected_count": 0,
  "failed_count": 0
}
2026-02-08T08:20:18.271+09:00 [[32minfo[39m]: Execution status updated successfully {
  "service": "tdnet-data-collector",
  "environment": "test",
  "execution_id": "exec_test_k4jbu",
  "status": "running",
  "progress": 47
}
2026-02-08T08:20:18.271+09:00 [[32minfo[39m]: Updating execution status {
  "service": "tdnet-data-collector",
  "environment": "test",
  "execution_id": "exec_test_k4jbu",
  "status": "running",
  "progress": 88,
  "collected_count": 0,
  "failed_count": 0
}
2026-02-08T08:20:18.271+09:00 [[32minfo[39m]: Execution status updated successfully {
  "service": "tdnet-data-collector",
  "environment": "test",
  "execution_id": "exec_test_k4jbu",
  "status": "running",
  "progress": 88
}
2026-02-08T08:20:18.271+09:00 [[32minfo[39m]: Updating execution status {
  "service": "tdnet-data-collector",
  "environment": "test",
  "execution_id": "exec_test_k4jbu",
  "status": "running",
  "progress": 89,
  "collected_count": 0,
  "failed_count": 0
}
2026-02-08T08:20:18.271+09:00 [[32minfo[39m]: Execution status updated successfully {
  "service": "tdnet-data-collector",
  "environment": "test",
  "execution_id": "exec_test_k4jbu",
  "status": "running",
  "progress": 89
}
2026-02-08T08:20:18.272+09:00 [[32minfo[39m]: Updating execution status {
  "service": "tdnet-data-collector",
  "environment": "test",
  "execution_id": "exec_test_fk3jtk",
  "status": "running",
  "progress": 2,
  "collected_count": 0,
  "failed_count": 0
}
2026-02-08T08:20:18.272+09:00 [[32minfo[39m]: Execution status updated successfully {
  "service": "tdnet-data-collector",
  "environment": "test",
  "execution_id": "exec_test_fk3jtk",
  "status": "running",
  "progress": 2
}
2026-02-08T08:20:18.272+09:00 [[32minfo[39m]: Updating execution status {
  "service": "tdnet-data-collector",
  "environment": "test",
  "execution_id": "exec_test_fk3jtk",
  "status": "running",
  "progress": 27,
  "collected_count": 0,
  "failed_count": 0
}
2026-02-08T08:20:18.273+09:00 [[32minfo[39m]: Execution status updated successfully {
  "service": "tdnet-data-collector",
  "environment": "test",
  "execution_id": "exec_test_fk3jtk",
  "status": "running",
  "progress": 27
}
2026-02-08T08:20:18.273+09:00 [[32minfo[39m]: Updating execution status {
  "service": "tdnet-data-collector",
  "environment": "test",
  "execution_id": "exec_test_sv1mpb",
  "status": "running",
  "progress": 21,
  "collected_count": 0,
  "failed_count": 0
}
2026-02-08T08:20:18.274+09:00 [[32minfo[39m]: Execution status updated successfully {
  "service": "tdnet-data-collector",
  "environment": "test",
  "execution_id": "exec_test_sv1mpb",
  "status": "running",
  "progress": 21
}
2026-02-08T08:20:18.274+09:00 [[32minfo[39m]: Updating execution status {
  "service": "tdnet-data-collector",
  "environment": "test",
  "execution_id": "exec_test_sv1mpb",
  "status": "running",
  "progress": 49,
  "collected_count": 0,
  "failed_count": 0
}
2026-02-08T08:20:18.274+09:00 [[32minfo[39m]: Execution status updated successfully {
  "service": "tdnet-data-collector",
  "environment": "test",
  "execution_id": "exec_test_sv1mpb",
  "status": "running",
  "progress": 49
}
2026-02-08T08:20:18.274+09:00 [[32minfo[39m]: Updating execution status {
  "service": "tdnet-data-collector",
  "environment": "test",
  "execution_id": "exec_test_sv1mpb",
  "status": "running",
  "progress": 56,
  "collected_count": 0,
  "failed_count": 0
}
2026-02-08T08:20:18.274+09:00 [[32minfo[39m]: Execution status updated successfully {
  "service": "tdnet-data-collector",
  "environment": "test",
  "execution_id": "exec_test_sv1mpb",
  "status": "running",
  "progress": 56
}
2026-02-08T08:20:18.274+09:00 [[32minfo[39m]: Updating execution status {
  "service": "tdnet-data-collector",
  "environment": "test",
  "execution_id": "exec_test_sv1mpb",
  "status": "running",
  "progress": 76,
  "collected_count": 0,
  "failed_count": 0
}
2026-02-08T08:20:18.274+09:00 [[32minfo[39m]: Execution status updated successfully {
  "service": "tdnet-data-collector",
  "environment": "test",
  "execution_id": "exec_test_sv1mpb",
  "status": "running",
  "progress": 76
}
2026-02-08T08:20:18.274+09:00 [[32minfo[39m]: Updating execution status {
  "service": "tdnet-data-collector",
  "environment": "test",
  "execution_id": "exec_test_sv1mpb",
  "status": "running",
  "progress": 79,
  "collected_count": 0,
  "failed_count": 0
}
2026-02-08T08:20:18.274+09:00 [[32minfo[39m]: Execution status updated successfully {
  "service": "tdnet-data-collector",
  "environment": "test",
  "execution_id": "exec_test_sv1mpb",
  "status": "running",
  "progress": 79
}
2026-02-08T08:20:18.275+09:00 [[32minfo[39m]: Updating execution status {
  "service": "tdnet-data-collector",
  "environment": "test",
  "execution_id": "exec_test_dlihcs",
  "status": "running",
  "progress": 1,
  "collected_count": 0,
  "failed_count": 0
}
2026-02-08T08:20:18.276+09:00 [[32minfo[39m]: Execution status updated successfully {
  "service": "tdnet-data-collector",
  "environment": "test",
  "execution_id": "exec_test_dlihcs",
  "status": "running",
  "progress": 1
}
2026-02-08T08:20:18.276+09:00 [[32minfo[39m]: Updating execution status {
  "service": "tdnet-data-collector",
  "environment": "test",
  "execution_id": "exec_test_dlihcs",
  "status": "running",
  "progress": 13,
  "collected_count": 0,
  "failed_count": 0
}
2026-02-08T08:20:18.276+09:00 [[32minfo[39m]: Execution status updated successfully {
  "service": "tdnet-data-collector",
  "environment": "test",
  "execution_id": "exec_test_dlihcs",
  "status": "running",
  "progress": 13
}
2026-02-08T08:20:18.276+09:00 [[32minfo[39m]: Updating execution status {
  "service": "tdnet-data-collector",
  "environment": "test",
  "execution_id": "exec_test_dlihcs",
  "status": "running",
  "progress": 26,
  "collected_count": 0,
  "failed_count": 0
}
2026-02-08T08:20:18.276+09:00 [[32minfo[39m]: Execution status updated successfully {
  "service": "tdnet-data-collector",
  "environment": "test",
  "execution_id": "exec_test_dlihcs",
  "status": "running",
  "progress": 26
}
2026-02-08T08:20:18.276+09:00 [[32minfo[39m]: Updating execution status {
  "service": "tdnet-data-collector",
  "environment": "test",
  "execution_id": "exec_test_dlihcs",
  "status": "running",
  "progress": 27,
  "collected_count": 0,
  "failed_count": 0
}
2026-02-08T08:20:18.276+09:00 [[32minfo[39m]: Execution status updated successfully {
  "service": "tdnet-data-collector",
  "environment": "test",
  "execution_id": "exec_test_dlihcs",
  "status": "running",
  "progress": 27
}
2026-02-08T08:20:18.276+09:00 [[32minfo[39m]: Updating execution status {
  "service": "tdnet-data-collector",
  "environment": "test",
  "execution_id": "exec_test_dlihcs",
  "status": "running",
  "progress": 43,
  "collected_count": 0,
  "failed_count": 0
}
2026-02-08T08:20:18.276+09:00 [[32minfo[39m]: Execution status updated successfully {
  "service": "tdnet-data-collector",
  "environment": "test",
  "execution_id": "exec_test_dlihcs",
  "status": "running",
  "progress": 43
}
2026-02-08T08:20:18.276+09:00 [[32minfo[39m]: Updating execution status {
  "service": "tdnet-data-collector",
  "environment": "test",
  "execution_id": "exec_test_dlihcs",
  "status": "running",
  "progress": 72,
  "collected_count": 0,
  "failed_count": 0
}
2026-02-08T08:20:18.277+09:00 [[32minfo[39m]: Execution status updated successfully {
  "service": "tdnet-data-collector",
  "environment": "test",
  "execution_id": "exec_test_dlihcs",
  "status": "running",
  "progress": 72
}
2026-02-08T08:20:18.277+09:00 [[32minfo[39m]: Updating execution status {
  "service": "tdnet-data-collector",
  "environment": "test",
  "execution_id": "exec_test_dlihcs",
  "status": "running",
  "progress": 79,
  "collected_count": 0,
  "failed_count": 0
}
2026-02-08T08:20:18.277+09:00 [[32minfo[39m]: Execution status updated successfully {
  "service": "tdnet-data-collector",
  "environment": "test",
  "execution_id": "exec_test_dlihcs",
  "status": "running",
  "progress": 79
}
2026-02-08T08:20:18.278+09:00 [[32minfo[39m]: Updating execution status {
  "service": "tdnet-data-collector",
  "environment": "test",
  "execution_id": "exec_test_ye27a",
  "status": "running",
  "progress": 6,
  "collected_count": 0,
  "failed_count": 0
}
2026-02-08T08:20:18.278+09:00 [[32minfo[39m]: Execution status updated successfully {
  "service": "tdnet-data-collector",
  "environment": "test",
  "execution_id": "exec_test_ye27a",
  "status": "running",
  "progress": 6
}
2026-02-08T08:20:18.278+09:00 [[32minfo[39m]: Updating execution status {
  "service": "tdnet-data-collector",
  "environment": "test",
  "execution_id": "exec_test_ye27a",
  "status": "running",
  "progress": 19,
  "collected_count": 0,
  "failed_count": 0
}
2026-02-08T08:20:18.278+09:00 [[32minfo[39m]: Execution status updated successfully {
  "service": "tdnet-data-collector",
  "environment": "test",
  "execution_id": "exec_test_ye27a",
  "status": "running",
  "progress": 19
}
2026-02-08T08:20:18.278+09:00 [[32minfo[39m]: Updating execution status {
  "service": "tdnet-data-collector",
  "environment": "test",
  "execution_id": "exec_test_ye27a",
  "status": "running",
  "progress": 19,
  "collected_count": 0,
  "failed_count": 0
}
2026-02-08T08:20:18.278+09:00 [[32minfo[39m]: Execution status updated successfully {
  "service": "tdnet-data-collector",
  "environment": "test",
  "execution_id": "exec_test_ye27a",
  "status": "running",
  "progress": 19
}
2026-02-08T08:20:18.278+09:00 [[32minfo[39m]: Updating execution status {
  "service": "tdnet-data-collector",
  "environment": "test",
  "execution_id": "exec_test_ye27a",
  "status": "completed",
  "progress": 100,
  "collected_count": 0,
  "failed_count": 0
}
2026-02-08T08:20:18.279+09:00 [[32minfo[39m]: Execution status updated successfully {
  "service": "tdnet-data-collector",
  "environment": "test",
  "execution_id": "exec_test_ye27a",
  "status": "completed",
  "progress": 100
}
2026-02-08T08:20:18.279+09:00 [[32minfo[39m]: Updating execution status {
  "service": "tdnet-data-collector",
  "environment": "test",
  "execution_id": "exec_test_k1cpwm",
  "status": "running",
  "progress": 50,
  "collected_count": 0,
  "failed_count": 0
}
2026-02-08T08:20:18.280+09:00 [[32minfo[39m]: Execution status updated successfully {
  "service": "tdnet-data-collector",
  "environment": "test",
  "execution_id": "exec_test_k1cpwm",
  "status": "running",
  "progress": 50
}
2026-02-08T08:20:18.280+09:00 [[32minfo[39m]: Updating execution status {
  "service": "tdnet-data-collector",
  "environment": "test",
  "execution_id": "exec_test_k1cpwm",
  "status": "running",
  "progress": 63,
  "collected_count": 0,
  "failed_count": 0
}
2026-02-08T08:20:18.280+09:00 [[32minfo[39m]: Execution status updated successfully {
  "service": "tdnet-data-collector",
  "environment": "test",
  "execution_id": "exec_test_k1cpwm",
  "status": "running",
  "progress": 63
}
2026-02-08T08:20:18.280+09:00 [[32minfo[39m]: Updating execution status {
  "service": "tdnet-data-collector",
  "environment": "test",
  "execution_id": "exec_test_cny77d",
  "status": "running",
  "progress": 23,
  "collected_count": 0,
  "failed_count": 0
}
2026-02-08T08:20:18.281+09:00 [[32minfo[39m]: Execution status updated successfully {
  "service": "tdnet-data-collector",
  "environment": "test",
  "execution_id": "exec_test_cny77d",
  "status": "running",
  "progress": 23
}
2026-02-08T08:20:18.281+09:00 [[32minfo[39m]: Updating execution status {
  "service": "tdnet-data-collector",
  "environment": "test",
  "execution_id": "exec_test_cny77d",
  "status": "running",
  "progress": 30,
  "collected_count": 0,
  "failed_count": 0
}
2026-02-08T08:20:18.281+09:00 [[32minfo[39m]: Execution status updated successfully {
  "service": "tdnet-data-collector",
  "environment": "test",
  "execution_id": "exec_test_cny77d",
  "status": "running",
  "progress": 30
}
2026-02-08T08:20:18.281+09:00 [[32minfo[39m]: Updating execution status {
  "service": "tdnet-data-collector",
  "environment": "test",
  "execution_id": "exec_test_cny77d",
  "status": "running",
  "progress": 46,
  "collected_count": 0,
  "failed_count": 0
}
2026-02-08T08:20:18.281+09:00 [[32minfo[39m]: Execution status updated successfully {
  "service": "tdnet-data-collector",
  "environment": "test",
  "execution_id": "exec_test_cny77d",
  "status": "running",
  "progress": 46
}
2026-02-08T08:20:18.281+09:00 [[32minfo[39m]: Updating execution status {
  "service": "tdnet-data-collector",
  "environment": "test",
  "execution_id": "exec_test_cny77d",
  "status": "running",
  "progress": 85,
  "collected_count": 0,
  "failed_count": 0
}
2026-02-08T08:20:18.281+09:00 [[32minfo[39m]: Execution status updated successfully {
  "service": "tdnet-data-collector",
  "environment": "test",
  "execution_id": "exec_test_cny77d",
  "status": "running",
  "progress": 85
}
2026-02-08T08:20:18.281+09:00 [[32minfo[39m]: Updating execution status {
  "service": "tdnet-data-collector",
  "environment": "test",
  "execution_id": "exec_test_cny77d",
  "status": "running",
  "progress": 91,
  "collected_count": 0,
  "failed_count": 0
}
2026-02-08T08:20:18.282+09:00 [[32minfo[39m]: Execution status updated successfully {
  "service": "tdnet-data-collector",
  "environment": "test",
  "execution_id": "exec_test_cny77d",
  "status": "running",
  "progress": 91
}
2026-02-08T08:20:18.282+09:00 [[32minfo[39m]: Updating execution status {
  "service": "tdnet-data-collector",
  "environment": "test",
  "execution_id": "exec_test_cny77d",
  "status": "running",
  "progress": 95,
  "collected_count": 0,
  "failed_count": 0
}
2026-02-08T08:20:18.282+09:00 [[32minfo[39m]: Execution status updated successfully {
  "service": "tdnet-data-collector",
  "environment": "test",
  "execution_id": "exec_test_cny77d",
  "status": "running",
  "progress": 95
}
2026-02-08T08:20:18.283+09:00 [[32minfo[39m]: Updating execution status {
  "service": "tdnet-data-collector",
  "environment": "test",
  "execution_id": "exec_test_9fbcs",
  "status": "running",
  "progress": 9,
  "collected_count": 0,
  "failed_count": 0
}
2026-02-08T08:20:18.283+09:00 [[32minfo[39m]: Execution status updated successfully {
  "service": "tdnet-data-collector",
  "environment": "test",
  "execution_id": "exec_test_9fbcs",
  "status": "running",
  "progress": 9
}
2026-02-08T08:20:18.283+09:00 [[32minfo[39m]: Updating execution status {
  "service": "tdnet-data-collector",
  "environment": "test",
  "execution_id": "exec_test_9fbcs",
  "status": "running",
  "progress": 45,
  "collected_count": 0,
  "failed_count": 0
}
2026-02-08T08:20:18.283+09:00 [[32minfo[39m]: Execution status updated successfully {
  "service": "tdnet-data-collector",
  "environment": "test",
  "execution_id": "exec_test_9fbcs",
  "status": "running",
  "progress": 45
}
2026-02-08T08:20:18.283+09:00 [[32minfo[39m]: Updating execution status {
  "service": "tdnet-data-collector",
  "environment": "test",
  "execution_id": "exec_test_9fbcs",
  "status": "running",
  "progress": 87,
  "collected_count": 0,
  "failed_count": 0
}
2026-02-08T08:20:18.283+09:00 [[32minfo[39m]: Execution status updated successfully {
  "service": "tdnet-data-collector",
  "environment": "test",
  "execution_id": "exec_test_9fbcs",
  "status": "running",
  "progress": 87
}
2026-02-08T08:20:18.283+09:00 [[32minfo[39m]: Updating execution status {
  "service": "tdnet-data-collector",
  "environment": "test",
  "execution_id": "exec_test_9fbcs",
  "status": "running",
  "progress": 90,
  "collected_count": 0,
  "failed_count": 0
}
2026-02-08T08:20:18.284+09:00 [[32minfo[39m]: Execution status updated successfully {
  "service": "tdnet-data-collector",
  "environment": "test",
  "execution_id": "exec_test_9fbcs",
  "status": "running",
  "progress": 90
}
2026-02-08T08:20:18.284+09:00 [[32minfo[39m]: Updating execution status {
  "service": "tdnet-data-collector",
  "environment": "test",
  "execution_id": "exec_test_u7eks8",
  "status": "running",
  "progress": 4,
  "collected_count": 0,
  "failed_count": 0
}
2026-02-08T08:20:18.285+09:00 [[32minfo[39m]: Execution status updated successfully {
  "service": "tdnet-data-collector",
  "environment": "test",
  "execution_id": "exec_test_u7eks8",
  "status": "running",
  "progress": 4
}
2026-02-08T08:20:18.285+09:00 [[32minfo[39m]: Updating execution status {
  "service": "tdnet-data-collector",
  "environment": "test",
  "execution_id": "exec_test_u7eks8",
  "status": "running",
  "progress": 36,
  "collected_count": 0,
  "failed_count": 0
}
2026-02-08T08:20:18.285+09:00 [[32minfo[39m]: Execution status updated successfully {
  "service": "tdnet-data-collector",
  "environment": "test",
  "execution_id": "exec_test_u7eks8",
  "status": "running",
  "progress": 36
}
2026-02-08T08:20:18.285+09:00 [[32minfo[39m]: Updating execution status {
  "service": "tdnet-data-collector",
  "environment": "test",
  "execution_id": "exec_test_u7eks8",
  "status": "running",
  "progress": 36,
  "collected_count": 0,
  "failed_count": 0
}
2026-02-08T08:20:18.285+09:00 [[32minfo[39m]: Execution status updated successfully {
  "service": "tdnet-data-collector",
  "environment": "test",
  "execution_id": "exec_test_u7eks8",
  "status": "running",
  "progress": 36
}
2026-02-08T08:20:18.285+09:00 [[32minfo[39m]: Updating execution status {
  "service": "tdnet-data-collector",
  "environment": "test",
  "execution_id": "exec_test_u7eks8",
  "status": "running",
  "progress": 39,
  "collected_count": 0,
  "failed_count": 0
}
2026-02-08T08:20:18.285+09:00 [[32minfo[39m]: Execution status updated successfully {
  "service": "tdnet-data-collector",
  "environment": "test",
  "execution_id": "exec_test_u7eks8",
  "status": "running",
  "progress": 39
}
2026-02-08T08:20:18.285+09:00 [[32minfo[39m]: Updating execution status {
  "service": "tdnet-data-collector",
  "environment": "test",
  "execution_id": "exec_test_u7eks8",
  "status": "running",
  "progress": 40,
  "collected_count": 0,
  "failed_count": 0
}
2026-02-08T08:20:18.285+09:00 [[32minfo[39m]: Execution status updated successfully {
  "service": "tdnet-data-collector",
  "environment": "test",
  "execution_id": "exec_test_u7eks8",
  "status": "running",
  "progress": 40
}
2026-02-08T08:20:18.285+09:00 [[32minfo[39m]: Updating execution status {
  "service": "tdnet-data-collector",
  "environment": "test",
  "execution_id": "exec_test_u7eks8",
  "status": "running",
  "progress": 76,
  "collected_count": 0,
  "failed_count": 0
}
2026-02-08T08:20:18.286+09:00 [[32minfo[39m]: Execution status updated successfully {
  "service": "tdnet-data-collector",
  "environment": "test",
  "execution_id": "exec_test_u7eks8",
  "status": "running",
  "progress": 76
}
2026-02-08T08:20:18.286+09:00 [[32minfo[39m]: Updating execution status {
  "service": "tdnet-data-collector",
  "environment": "test",
  "execution_id": "exec_test_u7eks8",
  "status": "running",
  "progress": 84,
  "collected_count": 0,
  "failed_count": 0
}
2026-02-08T08:20:18.286+09:00 [[32minfo[39m]: Execution status updated successfully {
  "service": "tdnet-data-collector",
  "environment": "test",
  "execution_id": "exec_test_u7eks8",
  "status": "running",
  "progress": 84
}
2026-02-08T08:20:18.286+09:00 [[32minfo[39m]: Updating execution status {
  "service": "tdnet-data-collector",
  "environment": "test",
  "execution_id": "exec_test_u7eks8",
  "status": "running",
  "progress": 93,
  "collected_count": 0,
  "failed_count": 0
}
2026-02-08T08:20:18.286+09:00 [[32minfo[39m]: Execution status updated successfully {
  "service": "tdnet-data-collector",
  "environment": "test",
  "execution_id": "exec_test_u7eks8",
  "status": "running",
  "progress": 93
}
2026-02-08T08:20:18.287+09:00 [[32minfo[39m]: Updating execution status {
  "service": "tdnet-data-collector",
  "environment": "test",
  "execution_id": "exec_test_38tkfq",
  "status": "running",
  "progress": 12,
  "collected_count": 0,
  "failed_count": 0
}
2026-02-08T08:20:18.287+09:00 [[32minfo[39m]: Execution status updated successfully {
  "service": "tdnet-data-collector",
  "environment": "test",
  "execution_id": "exec_test_38tkfq",
  "status": "running",
  "progress": 12
}
2026-02-08T08:20:18.287+09:00 [[32minfo[39m]: Updating execution status {
  "service": "tdnet-data-collector",
  "environment": "test",
  "execution_id": "exec_test_38tkfq",
  "status": "running",
  "progress": 74,
  "collected_count": 0,
  "failed_count": 0
}
2026-02-08T08:20:18.288+09:00 [[32minfo[39m]: Execution status updated successfully {
  "service": "tdnet-data-collector",
  "environment": "test",
  "execution_id": "exec_test_38tkfq",
  "status": "running",
  "progress": 74
}
2026-02-08T08:20:18.288+09:00 [[32minfo[39m]: Updating execution status {
  "service": "tdnet-data-collector",
  "environment": "test",
  "execution_id": "exec_test_38tkfq",
  "status": "running",
  "progress": 94,
  "collected_count": 0,
  "failed_count": 0
}
2026-02-08T08:20:18.288+09:00 [[32minfo[39m]: Execution status updated successfully {
  "service": "tdnet-data-collector",
  "environment": "test",
  "execution_id": "exec_test_38tkfq",
  "status": "running",
  "progress": 94
}
2026-02-08T08:20:18.290+09:00 [[32minfo[39m]: Updating execution status {
  "service": "tdnet-data-collector",
  "environment": "test",
  "execution_id": "exec_test_0cvk99",
  "status": "running",
  "progress": 4,
  "collected_count": 0,
  "failed_count": 0
}
2026-02-08T08:20:18.290+09:00 [[32minfo[39m]: Execution status updated successfully {
  "service": "tdnet-data-collector",
  "environment": "test",
  "execution_id": "exec_test_0cvk99",
  "status": "running",
  "progress": 4
}
2026-02-08T08:20:18.290+09:00 [[32minfo[39m]: Updating execution status {
  "service": "tdnet-data-collector",
  "environment": "test",
  "execution_id": "exec_test_0cvk99",
  "status": "running",
  "progress": 6,
  "collected_count": 0,
  "failed_count": 0
}
2026-02-08T08:20:18.290+09:00 [[32minfo[39m]: Execution status updated successfully {
  "service": "tdnet-data-collector",
  "environment": "test",
  "execution_id": "exec_test_0cvk99",
  "status": "running",
  "progress": 6
}
2026-02-08T08:20:18.291+09:00 [[32minfo[39m]: Updating execution status {
  "service": "tdnet-data-collector",
  "environment": "test",
  "execution_id": "exec_test_0cvk99",
  "status": "running",
  "progress": 11,
  "collected_count": 0,
  "failed_count": 0
}
2026-02-08T08:20:18.291+09:00 [[32minfo[39m]: Execution status updated successfully {
  "service": "tdnet-data-collector",
  "environment": "test",
  "execution_id": "exec_test_0cvk99",
  "status": "running",
  "progress": 11
}
2026-02-08T08:20:18.291+09:00 [[32minfo[39m]: Updating execution status {
  "service": "tdnet-data-collector",
  "environment": "test",
  "execution_id": "exec_test_0cvk99",
  "status": "running",
  "progress": 13,
  "collected_count": 0,
  "failed_count": 0
}
2026-02-08T08:20:18.291+09:00 [[32minfo[39m]: Execution status updated successfully {
  "service": "tdnet-data-collector",
  "environment": "test",
  "execution_id": "exec_test_0cvk99",
  "status": "running",
  "progress": 13
}
2026-02-08T08:20:18.291+09:00 [[32minfo[39m]: Updating execution status {
  "service": "tdnet-data-collector",
  "environment": "test",
  "execution_id": "exec_test_0cvk99",
  "status": "running",
  "progress": 30,
  "collected_count": 0,
  "failed_count": 0
}
2026-02-08T08:20:18.291+09:00 [[32minfo[39m]: Execution status updated successfully {
  "service": "tdnet-data-collector",
  "environment": "test",
  "execution_id": "exec_test_0cvk99",
  "status": "running",
  "progress": 30
}
2026-02-08T08:20:18.291+09:00 [[32minfo[39m]: Updating execution status {
  "service": "tdnet-data-collector",
  "environment": "test",
  "execution_id": "exec_test_0cvk99",
  "status": "running",
  "progress": 40,
  "collected_count": 0,
  "failed_count": 0
}
2026-02-08T08:20:18.292+09:00 [[32minfo[39m]: Execution status updated successfully {
  "service": "tdnet-data-collector",
  "environment": "test",
  "execution_id": "exec_test_0cvk99",
  "status": "running",
  "progress": 40
}
2026-02-08T08:20:18.292+09:00 [[32minfo[39m]: Updating execution status {
  "service": "tdnet-data-collector",
  "environment": "test",
  "execution_id": "exec_test_0cvk99",
  "status": "running",
  "progress": 50,
  "collected_count": 0,
  "failed_count": 0
}
2026-02-08T08:20:18.292+09:00 [[32minfo[39m]: Execution status updated successfully {
  "service": "tdnet-data-collector",
  "environment": "test",
  "execution_id": "exec_test_0cvk99",
  "status": "running",
  "progress": 50
}
2026-02-08T08:20:18.292+09:00 [[32minfo[39m]: Updating execution status {
  "service": "tdnet-data-collector",
  "environment": "test",
  "execution_id": "exec_test_0cvk99",
  "status": "running",
  "progress": 52,
  "collected_count": 0,
  "failed_count": 0
}
2026-02-08T08:20:18.292+09:00 [[32minfo[39m]: Execution status updated successfully {
  "service": "tdnet-data-collector",
  "environment": "test",
  "execution_id": "exec_test_0cvk99",
  "status": "running",
  "progress": 52
}
2026-02-08T08:20:18.292+09:00 [[32minfo[39m]: Updating execution status {
  "service": "tdnet-data-collector",
  "environment": "test",
  "execution_id": "exec_test_0cvk99",
  "status": "running",
  "progress": 64,
  "collected_count": 0,
  "failed_count": 0
}
2026-02-08T08:20:18.292+09:00 [[32minfo[39m]: Execution status updated successfully {
  "service": "tdnet-data-collector",
  "environment": "test",
  "execution_id": "exec_test_0cvk99",
  "status": "running",
  "progress": 64
}
2026-02-08T08:20:18.292+09:00 [[32minfo[39m]: Updating execution status {
  "service": "tdnet-data-collector",
  "environment": "test",
  "execution_id": "exec_test_0cvk99",
  "status": "running",
  "progress": 73,
  "collected_count": 0,
  "failed_count": 0
}
2026-02-08T08:20:18.293+09:00 [[32minfo[39m]: Execution status updated successfully {
  "service": "tdnet-data-collector",
  "environment": "test",
  "execution_id": "exec_test_0cvk99",
  "status": "running",
  "progress": 73
}
2026-02-08T08:20:18.294+09:00 [[32minfo[39m]: Updating execution status {
  "service": "tdnet-data-collector",
  "environment": "test",
  "execution_id": "exec_test_i3t6ji",
  "status": "running",
  "progress": 19,
  "collected_count": 0,
  "failed_count": 0
}
2026-02-08T08:20:18.294+09:00 [[32minfo[39m]: Execution status updated successfully {
  "service": "tdnet-data-collector",
  "environment": "test",
  "execution_id": "exec_test_i3t6ji",
  "status": "running",
  "progress": 19
}
2026-02-08T08:20:18.294+09:00 [[32minfo[39m]: Updating execution status {
  "service": "tdnet-data-collector",
  "environment": "test",
  "execution_id": "exec_test_i3t6ji",
  "status": "running",
  "progress": 20,
  "collected_count": 0,
  "failed_count": 0
}
2026-02-08T08:20:18.294+09:00 [[32minfo[39m]: Execution status updated successfully {
  "service": "tdnet-data-collector",
  "environment": "test",
  "execution_id": "exec_test_i3t6ji",
  "status": "running",
  "progress": 20
}
2026-02-08T08:20:18.294+09:00 [[32minfo[39m]: Updating execution status {
  "service": "tdnet-data-collector",
  "environment": "test",
  "execution_id": "exec_test_i3t6ji",
  "status": "running",
  "progress": 78,
  "collected_count": 0,
  "failed_count": 0
}
2026-02-08T08:20:18.295+09:00 [[32minfo[39m]: Execution status updated successfully {
  "service": "tdnet-data-collector",
  "environment": "test",
  "execution_id": "exec_test_i3t6ji",
  "status": "running",
  "progress": 78
}
2026-02-08T08:20:18.295+09:00 [[32minfo[39m]: Updating execution status {
  "service": "tdnet-data-collector",
  "environment": "test",
  "execution_id": "exec_test_i3t6ji",
  "status": "running",
  "progress": 93,
  "collected_count": 0,
  "failed_count": 0
}
2026-02-08T08:20:18.295+09:00 [[32minfo[39m]: Execution status updated successfully {
  "service": "tdnet-data-collector",
  "environment": "test",
  "execution_id": "exec_test_i3t6ji",
  "status": "running",
  "progress": 93
}
2026-02-08T08:20:18.296+09:00 [[32minfo[39m]: Updating execution status {
  "service": "tdnet-data-collector",
  "environment": "test",
  "execution_id": "exec_test_kasqwc",
  "status": "running",
  "progress": 3,
  "collected_count": 0,
  "failed_count": 0
}
2026-02-08T08:20:18.296+09:00 [[32minfo[39m]: Execution status updated successfully {
  "service": "tdnet-data-collector",
  "environment": "test",
  "execution_id": "exec_test_kasqwc",
  "status": "running",
  "progress": 3
}
2026-02-08T08:20:18.296+09:00 [[32minfo[39m]: Updating execution status {
  "service": "tdnet-data-collector",
  "environment": "test",
  "execution_id": "exec_test_kasqwc",
  "status": "running",
  "progress": 6,
  "collected_count": 0,
  "failed_count": 0
}
2026-02-08T08:20:18.296+09:00 [[32minfo[39m]: Execution status updated successfully {
  "service": "tdnet-data-collector",
  "environment": "test",
  "execution_id": "exec_test_kasqwc",
  "status": "running",
  "progress": 6
}
2026-02-08T08:20:18.297+09:00 [[32minfo[39m]: Updating execution status {
  "service": "tdnet-data-collector",
  "environment": "test",
  "execution_id": "exec_test_kasqwc",
  "status": "running",
  "progress": 13,
  "collected_count": 0,
  "failed_count": 0
}
2026-02-08T08:20:18.297+09:00 [[32minfo[39m]: Execution status updated successfully {
  "service": "tdnet-data-collector",
  "environment": "test",
  "execution_id": "exec_test_kasqwc",
  "status": "running",
  "progress": 13
}
2026-02-08T08:20:18.297+09:00 [[32minfo[39m]: Updating execution status {
  "service": "tdnet-data-collector",
  "environment": "test",
  "execution_id": "exec_test_kasqwc",
  "status": "running",
  "progress": 14,
  "collected_count": 0,
  "failed_count": 0
}
2026-02-08T08:20:18.297+09:00 [[32minfo[39m]: Execution status updated successfully {
  "service": "tdnet-data-collector",
  "environment": "test",
  "execution_id": "exec_test_kasqwc",
  "status": "running",
  "progress": 14
}
2026-02-08T08:20:18.297+09:00 [[32minfo[39m]: Updating execution status {
  "service": "tdnet-data-collector",
  "environment": "test",
  "execution_id": "exec_test_kasqwc",
  "status": "running",
  "progress": 20,
  "collected_count": 0,
  "failed_count": 0
}
2026-02-08T08:20:18.297+09:00 [[32minfo[39m]: Execution status updated successfully {
  "service": "tdnet-data-collector",
  "environment": "test",
  "execution_id": "exec_test_kasqwc",
  "status": "running",
  "progress": 20
}
2026-02-08T08:20:18.298+09:00 [[32minfo[39m]: Updating execution status {
  "service": "tdnet-data-collector",
  "environment": "test",
  "execution_id": "exec_test_kasqwc",
  "status": "running",
  "progress": 58,
  "collected_count": 0,
  "failed_count": 0
}
2026-02-08T08:20:18.298+09:00 [[32minfo[39m]: Execution status updated successfully {
  "service": "tdnet-data-collector",
  "environment": "test",
  "execution_id": "exec_test_kasqwc",
  "status": "running",
  "progress": 58
}
2026-02-08T08:20:18.298+09:00 [[32minfo[39m]: Updating execution status {
  "service": "tdnet-data-collector",
  "environment": "test",
  "execution_id": "exec_test_kasqwc",
  "status": "running",
  "progress": 59,
  "collected_count": 0,
  "failed_count": 0
}
2026-02-08T08:20:18.298+09:00 [[32minfo[39m]: Execution status updated successfully {
  "service": "tdnet-data-collector",
  "environment": "test",
  "execution_id": "exec_test_kasqwc",
  "status": "running",
  "progress": 59
}
2026-02-08T08:20:18.298+09:00 [[32minfo[39m]: Updating execution status {
  "service": "tdnet-data-collector",
  "environment": "test",
  "execution_id": "exec_test_kasqwc",
  "status": "running",
  "progress": 67,
  "collected_count": 0,
  "failed_count": 0
}
2026-02-08T08:20:18.298+09:00 [[32minfo[39m]: Execution status updated successfully {
  "service": "tdnet-data-collector",
  "environment": "test",
  "execution_id": "exec_test_kasqwc",
  "status": "running",
  "progress": 67
}
2026-02-08T08:20:18.298+09:00 [[32minfo[39m]: Updating execution status {
  "service": "tdnet-data-collector",
  "environment": "test",
  "execution_id": "exec_test_kasqwc",
  "status": "running",
  "progress": 95,
  "collected_count": 0,
  "failed_count": 0
}
2026-02-08T08:20:18.299+09:00 [[32minfo[39m]: Execution status updated successfully {
  "service": "tdnet-data-collector",
  "environment": "test",
  "execution_id": "exec_test_kasqwc",
  "status": "running",
  "progress": 95
}
2026-02-08T08:20:18.300+09:00 [[32minfo[39m]: Updating execution status {
  "service": "tdnet-data-collector",
  "environment": "test",
  "execution_id": "exec_test_2hdo",
  "status": "running",
  "progress": 11,
  "collected_count": 0,
  "failed_count": 0
}
2026-02-08T08:20:18.300+09:00 [[32minfo[39m]: Execution status updated successfully {
  "service": "tdnet-data-collector",
  "environment": "test",
  "execution_id": "exec_test_2hdo",
  "status": "running",
  "progress": 11
}
2026-02-08T08:20:18.300+09:00 [[32minfo[39m]: Updating execution status {
  "service": "tdnet-data-collector",
  "environment": "test",
  "execution_id": "exec_test_2hdo",
  "status": "running",
  "progress": 79,
  "collected_count": 0,
  "failed_count": 0
}
2026-02-08T08:20:18.300+09:00 [[32minfo[39m]: Execution status updated successfully {
  "service": "tdnet-data-collector",
  "environment": "test",
  "execution_id": "exec_test_2hdo",
  "status": "running",
  "progress": 79
}
2026-02-08T08:20:18.301+09:00 [[32minfo[39m]: Updating execution status {
  "service": "tdnet-data-collector",
  "environment": "test",
  "execution_id": "exec_test_shkzub",
  "status": "running",
  "progress": 17,
  "collected_count": 0,
  "failed_count": 0
}
2026-02-08T08:20:18.301+09:00 [[32minfo[39m]: Execution status updated successfully {
  "service": "tdnet-data-collector",
  "environment": "test",
  "execution_id": "exec_test_shkzub",
  "status": "running",
  "progress": 17
}
2026-02-08T08:20:18.301+09:00 [[32minfo[39m]: Updating execution status {
  "service": "tdnet-data-collector",
  "environment": "test",
  "execution_id": "exec_test_shkzub",
  "status": "running",
  "progress": 20,
  "collected_count": 0,
  "failed_count": 0
}
2026-02-08T08:20:18.301+09:00 [[32minfo[39m]: Execution status updated successfully {
  "service": "tdnet-data-collector",
  "environment": "test",
  "execution_id": "exec_test_shkzub",
  "status": "running",
  "progress": 20
}
2026-02-08T08:20:18.301+09:00 [[32minfo[39m]: Updating execution status {
  "service": "tdnet-data-collector",
  "environment": "test",
  "execution_id": "exec_test_shkzub",
  "status": "running",
  "progress": 49,
  "collected_count": 0,
  "failed_count": 0
}
2026-02-08T08:20:18.301+09:00 [[32minfo[39m]: Execution status updated successfully {
  "service": "tdnet-data-collector",
  "environment": "test",
  "execution_id": "exec_test_shkzub",
  "status": "running",
  "progress": 49
}
2026-02-08T08:20:18.302+09:00 [[32minfo[39m]: Updating execution status {
  "service": "tdnet-data-collector",
  "environment": "test",
  "execution_id": "exec_test_shkzub",
  "status": "running",
  "progress": 64,
  "collected_count": 0,
  "failed_count": 0
}
2026-02-08T08:20:18.302+09:00 [[32minfo[39m]: Execution status updated successfully {
  "service": "tdnet-data-collector",
  "environment": "test",
  "execution_id": "exec_test_shkzub",
  "status": "running",
  "progress": 64
}
2026-02-08T08:20:18.302+09:00 [[32minfo[39m]: Updating execution status {
  "service": "tdnet-data-collector",
  "environment": "test",
  "execution_id": "exec_test_g8gdd",
  "status": "running",
  "progress": 42,
  "collected_count": 0,
  "failed_count": 0
}
2026-02-08T08:20:18.303+09:00 [[32minfo[39m]: Execution status updated successfully {
  "service": "tdnet-data-collector",
  "environment": "test",
  "execution_id": "exec_test_g8gdd",
  "status": "running",
  "progress": 42
}
2026-02-08T08:20:18.303+09:00 [[32minfo[39m]: Updating execution status {
  "service": "tdnet-data-collector",
  "environment": "test",
  "execution_id": "exec_test_g8gdd",
  "status": "running",
  "progress": 84,
  "collected_count": 0,
  "failed_count": 0
}
2026-02-08T08:20:18.303+09:00 [[32minfo[39m]: Execution status updated successfully {
  "service": "tdnet-data-collector",
  "environment": "test",
  "execution_id": "exec_test_g8gdd",
  "status": "running",
  "progress": 84
}
2026-02-08T08:20:18.303+09:00 [[32minfo[39m]: Updating execution status {
  "service": "tdnet-data-collector",
  "environment": "test",
  "execution_id": "exec_test_g8gdd",
  "status": "completed",
  "progress": 100,
  "collected_count": 0,
  "failed_count": 0
}
2026-02-08T08:20:18.303+09:00 [[32minfo[39m]: Execution status updated successfully {
  "service": "tdnet-data-collector",
  "environment": "test",
  "execution_id": "exec_test_g8gdd",
  "status": "completed",
  "progress": 100
}
2026-02-08T08:20:18.304+09:00 [[32minfo[39m]: Updating execution status {
  "service": "tdnet-data-collector",
  "environment": "test",
  "execution_id": "exec_test_3r8tl5",
  "status": "running",
  "progress": 1,
  "collected_count": 0,
  "failed_count": 0
}
2026-02-08T08:20:18.304+09:00 [[32minfo[39m]: Execution status updated successfully {
  "service": "tdnet-data-collector",
  "environment": "test",
  "execution_id": "exec_test_3r8tl5",
  "status": "running",
  "progress": 1
}
2026-02-08T08:20:18.304+09:00 [[32minfo[39m]: Updating execution status {
  "service": "tdnet-data-collector",
  "environment": "test",
  "execution_id": "exec_test_3r8tl5",
  "status": "running",
  "progress": 4,
  "collected_count": 0,
  "failed_count": 0
}
2026-02-08T08:20:18.305+09:00 [[32minfo[39m]: Execution status updated successfully {
  "service": "tdnet-data-collector",
  "environment": "test",
  "execution_id": "exec_test_3r8tl5",
  "status": "running",
  "progress": 4
}
2026-02-08T08:20:18.305+09:00 [[32minfo[39m]: Updating execution status {
  "service": "tdnet-data-collector",
  "environment": "test",
  "execution_id": "exec_test_3r8tl5",
  "status": "running",
  "progress": 28,
  "collected_count": 0,
  "failed_count": 0
}
2026-02-08T08:20:18.305+09:00 [[32minfo[39m]: Execution status updated successfully {
  "service": "tdnet-data-collector",
  "environment": "test",
  "execution_id": "exec_test_3r8tl5",
  "status": "running",
  "progress": 28
}
2026-02-08T08:20:18.306+09:00 [[32minfo[39m]: Updating execution status {
  "service": "tdnet-data-collector",
  "environment": "test",
  "execution_id": "exec_test_3r8tl5",
  "status": "running",
  "progress": 34,
  "collected_count": 0,
  "failed_count": 0
}
2026-02-08T08:20:18.306+09:00 [[32minfo[39m]: Execution status updated successfully {
  "service": "tdnet-data-collector",
  "environment": "test",
  "execution_id": "exec_test_3r8tl5",
  "status": "running",
  "progress": 34
}
2026-02-08T08:20:18.306+09:00 [[32minfo[39m]: Updating execution status {
  "service": "tdnet-data-collector",
  "environment": "test",
  "execution_id": "exec_test_3r8tl5",
  "status": "running",
  "progress": 39,
  "collected_count": 0,
  "failed_count": 0
}
2026-02-08T08:20:18.306+09:00 [[32minfo[39m]: Execution status updated successfully {
  "service": "tdnet-data-collector",
  "environment": "test",
  "execution_id": "exec_test_3r8tl5",
  "status": "running",
  "progress": 39
}
2026-02-08T08:20:18.306+09:00 [[32minfo[39m]: Updating execution status {
  "service": "tdnet-data-collector",
  "environment": "test",
  "execution_id": "exec_test_3r8tl5",
  "status": "running",
  "progress": 49,
  "collected_count": 0,
  "failed_count": 0
}
2026-02-08T08:20:18.306+09:00 [[32minfo[39m]: Execution status updated successfully {
  "service": "tdnet-data-collector",
  "environment": "test",
  "execution_id": "exec_test_3r8tl5",
  "status": "running",
  "progress": 49
}
2026-02-08T08:20:18.307+09:00 [[32minfo[39m]: Updating execution status {
  "service": "tdnet-data-collector",
  "environment": "test",
  "execution_id": "exec_test_3r8tl5",
  "status": "running",
  "progress": 84,
  "collected_count": 0,
  "failed_count": 0
}
2026-02-08T08:20:18.307+09:00 [[32minfo[39m]: Execution status updated successfully {
  "service": "tdnet-data-collector",
  "environment": "test",
  "execution_id": "exec_test_3r8tl5",
  "status": "running",
  "progress": 84
}
2026-02-08T08:20:18.307+09:00 [[32minfo[39m]: Updating execution status {
  "service": "tdnet-data-collector",
  "environment": "test",
  "execution_id": "exec_test_3r8tl5",
  "status": "running",
  "progress": 97,
  "collected_count": 0,
  "failed_count": 0
}
2026-02-08T08:20:18.307+09:00 [[32minfo[39m]: Execution status updated successfully {
  "service": "tdnet-data-collector",
  "environment": "test",
  "execution_id": "exec_test_3r8tl5",
  "status": "running",
  "progress": 97
}
2026-02-08T08:20:18.308+09:00 [[32minfo[39m]: Updating execution status {
  "service": "tdnet-data-collector",
  "environment": "test",
  "execution_id": "exec_test_qudud",
  "status": "running",
  "progress": 6,
  "collected_count": 0,
  "failed_count": 0
}
2026-02-08T08:20:18.309+09:00 [[32minfo[39m]: Execution status updated successfully {
  "service": "tdnet-data-collector",
  "environment": "test",
  "execution_id": "exec_test_qudud",
  "status": "running",
  "progress": 6
}
2026-02-08T08:20:18.309+09:00 [[32minfo[39m]: Updating execution status {
  "service": "tdnet-data-collector",
  "environment": "test",
  "execution_id": "exec_test_qudud",
  "status": "running",
  "progress": 6,
  "collected_count": 0,
  "failed_count": 0
}
2026-02-08T08:20:18.309+09:00 [[32minfo[39m]: Execution status updated successfully {
  "service": "tdnet-data-collector",
  "environment": "test",
  "execution_id": "exec_test_qudud",
  "status": "running",
  "progress": 6
}
2026-02-08T08:20:18.309+09:00 [[32minfo[39m]: Updating execution status {
  "service": "tdnet-data-collector",
  "environment": "test",
  "execution_id": "exec_test_qudud",
  "status": "running",
  "progress": 19,
  "collected_count": 0,
  "failed_count": 0
}
2026-02-08T08:20:18.310+09:00 [[32minfo[39m]: Execution status updated successfully {
  "service": "tdnet-data-collector",
  "environment": "test",
  "execution_id": "exec_test_qudud",
  "status": "running",
  "progress": 19
}
2026-02-08T08:20:18.310+09:00 [[32minfo[39m]: Updating execution status {
  "service": "tdnet-data-collector",
  "environment": "test",
  "execution_id": "exec_test_qudud",
  "status": "running",
  "progress": 23,
  "collected_count": 0,
  "failed_count": 0
}
2026-02-08T08:20:18.310+09:00 [[32minfo[39m]: Execution status updated successfully {
  "service": "tdnet-data-collector",
  "environment": "test",
  "execution_id": "exec_test_qudud",
  "status": "running",
  "progress": 23
}
2026-02-08T08:20:18.310+09:00 [[32minfo[39m]: Updating execution status {
  "service": "tdnet-data-collector",
  "environment": "test",
  "execution_id": "exec_test_qudud",
  "status": "running",
  "progress": 34,
  "collected_count": 0,
  "failed_count": 0
}
2026-02-08T08:20:18.310+09:00 [[32minfo[39m]: Execution status updated successfully {
  "service": "tdnet-data-collector",
  "environment": "test",
  "execution_id": "exec_test_qudud",
  "status": "running",
  "progress": 34
}
2026-02-08T08:20:18.310+09:00 [[32minfo[39m]: Updating execution status {
  "service": "tdnet-data-collector",
  "environment": "test",
  "execution_id": "exec_test_qudud",
  "status": "running",
  "progress": 37,
  "collected_count": 0,
  "failed_count": 0
}
2026-02-08T08:20:18.311+09:00 [[32minfo[39m]: Execution status updated successfully {
  "service": "tdnet-data-collector",
  "environment": "test",
  "execution_id": "exec_test_qudud",
  "status": "running",
  "progress": 37
}
2026-02-08T08:20:18.311+09:00 [[32minfo[39m]: Updating execution status {
  "service": "tdnet-data-collector",
  "environment": "test",
  "execution_id": "exec_test_qudud",
  "status": "running",
  "progress": 44,
  "collected_count": 0,
  "failed_count": 0
}
2026-02-08T08:20:18.311+09:00 [[32minfo[39m]: Execution status updated successfully {
  "service": "tdnet-data-collector",
  "environment": "test",
  "execution_id": "exec_test_qudud",
  "status": "running",
  "progress": 44
}
2026-02-08T08:20:18.311+09:00 [[32minfo[39m]: Updating execution status {
  "service": "tdnet-data-collector",
  "environment": "test",
  "execution_id": "exec_test_qudud",
  "status": "running",
  "progress": 53,
  "collected_count": 0,
  "failed_count": 0
}
2026-02-08T08:20:18.311+09:00 [[32minfo[39m]: Execution status updated successfully {
  "service": "tdnet-data-collector",
  "environment": "test",
  "execution_id": "exec_test_qudud",
  "status": "running",
  "progress": 53
}
2026-02-08T08:20:18.311+09:00 [[32minfo[39m]: Updating execution status {
  "service": "tdnet-data-collector",
  "environment": "test",
  "execution_id": "exec_test_qudud",
  "status": "running",
  "progress": 65,
  "collected_count": 0,
  "failed_count": 0
}
2026-02-08T08:20:18.311+09:00 [[32minfo[39m]: Execution status updated successfully {
  "service": "tdnet-data-collector",
  "environment": "test",
  "execution_id": "exec_test_qudud",
  "status": "running",
  "progress": 65
}
2026-02-08T08:20:18.313+09:00 [[32minfo[39m]: Updating execution status {
  "service": "tdnet-data-collector",
  "environment": "test",
  "execution_id": "exec_test_a4az9o",
  "status": "running",
  "progress": 11,
  "collected_count": 0,
  "failed_count": 0
}
2026-02-08T08:20:18.313+09:00 [[32minfo[39m]: Execution status updated successfully {
  "service": "tdnet-data-collector",
  "environment": "test",
  "execution_id": "exec_test_a4az9o",
  "status": "running",
  "progress": 11
}
2026-02-08T08:20:18.313+09:00 [[32minfo[39m]: Updating execution status {
  "service": "tdnet-data-collector",
  "environment": "test",
  "execution_id": "exec_test_a4az9o",
  "status": "running",
  "progress": 46,
  "collected_count": 0,
  "failed_count": 0
}
2026-02-08T08:20:18.313+09:00 [[32minfo[39m]: Execution status updated successfully {
  "service": "tdnet-data-collector",
  "environment": "test",
  "execution_id": "exec_test_a4az9o",
  "status": "running",
  "progress": 46
}
2026-02-08T08:20:18.313+09:00 [[32minfo[39m]: Updating execution status {
  "service": "tdnet-data-collector",
  "environment": "test",
  "execution_id": "exec_test_a4az9o",
  "status": "running",
  "progress": 47,
  "collected_count": 0,
  "failed_count": 0
}
2026-02-08T08:20:18.314+09:00 [[32minfo[39m]: Execution status updated successfully {
  "service": "tdnet-data-collector",
  "environment": "test",
  "execution_id": "exec_test_a4az9o",
  "status": "running",
  "progress": 47
}
2026-02-08T08:20:18.314+09:00 [[32minfo[39m]: Updating execution status {
  "service": "tdnet-data-collector",
  "environment": "test",
  "execution_id": "exec_test_a4az9o",
  "status": "running",
  "progress": 73,
  "collected_count": 0,
  "failed_count": 0
}
2026-02-08T08:20:18.314+09:00 [[32minfo[39m]: Execution status updated successfully {
  "service": "tdnet-data-collector",
  "environment": "test",
  "execution_id": "exec_test_a4az9o",
  "status": "running",
  "progress": 73
}
2026-02-08T08:20:18.314+09:00 [[32minfo[39m]: Updating execution status {
  "service": "tdnet-data-collector",
  "environment": "test",
  "execution_id": "exec_test_a4az9o",
  "status": "running",
  "progress": 92,
  "collected_count": 0,
  "failed_count": 0
}
2026-02-08T08:20:18.315+09:00 [[32minfo[39m]: Execution status updated successfully {
  "service": "tdnet-data-collector",
  "environment": "test",
  "execution_id": "exec_test_a4az9o",
  "status": "running",
  "progress": 92
}
2026-02-08T08:20:18.315+09:00 [[32minfo[39m]: Updating execution status {
  "service": "tdnet-data-collector",
  "environment": "test",
  "execution_id": "exec_test_a4az9o",
  "status": "running",
  "progress": 93,
  "collected_count": 0,
  "failed_count": 0
}
2026-02-08T08:20:18.315+09:00 [[32minfo[39m]: Execution status updated successfully {
  "service": "tdnet-data-collector",
  "environment": "test",
  "execution_id": "exec_test_a4az9o",
  "status": "running",
  "progress": 93
}
2026-02-08T08:20:18.316+09:00 [[32minfo[39m]: Updating execution status {
  "service": "tdnet-data-collector",
  "environment": "test",
  "execution_id": "exec_test_f6lin",
  "status": "running",
  "progress": 2,
  "collected_count": 0,
  "failed_count": 0
}
2026-02-08T08:20:18.317+09:00 [[32minfo[39m]: Execution status updated successfully {
  "service": "tdnet-data-collector",
  "environment": "test",
  "execution_id": "exec_test_f6lin",
  "status": "running",
  "progress": 2
}
2026-02-08T08:20:18.317+09:00 [[32minfo[39m]: Updating execution status {
  "service": "tdnet-data-collector",
  "environment": "test",
  "execution_id": "exec_test_f6lin",
  "status": "running",
  "progress": 7,
  "collected_count": 0,
  "failed_count": 0
}
2026-02-08T08:20:18.317+09:00 [[32minfo[39m]: Execution status updated successfully {
  "service": "tdnet-data-collector",
  "environment": "test",
  "execution_id": "exec_test_f6lin",
  "status": "running",
  "progress": 7
}
2026-02-08T08:20:18.317+09:00 [[32minfo[39m]: Updating execution status {
  "service": "tdnet-data-collector",
  "environment": "test",
  "execution_id": "exec_test_f6lin",
  "status": "running",
  "progress": 16,
  "collected_count": 0,
  "failed_count": 0
}
2026-02-08T08:20:18.317+09:00 [[32minfo[39m]: Execution status updated successfully {
  "service": "tdnet-data-collector",
  "environment": "test",
  "execution_id": "exec_test_f6lin",
  "status": "running",
  "progress": 16
}
2026-02-08T08:20:18.317+09:00 [[32minfo[39m]: Updating execution status {
  "service": "tdnet-data-collector",
  "environment": "test",
  "execution_id": "exec_test_f6lin",
  "status": "running",
  "progress": 38,
  "collected_count": 0,
  "failed_count": 0
}
2026-02-08T08:20:18.317+09:00 [[32minfo[39m]: Execution status updated successfully {
  "service": "tdnet-data-collector",
  "environment": "test",
  "execution_id": "exec_test_f6lin",
  "status": "running",
  "progress": 38
}
2026-02-08T08:20:18.317+09:00 [[32minfo[39m]: Updating execution status {
  "service": "tdnet-data-collector",
  "environment": "test",
  "execution_id": "exec_test_f6lin",
  "status": "running",
  "progress": 50,
  "collected_count": 0,
  "failed_count": 0
}
2026-02-08T08:20:18.318+09:00 [[32minfo[39m]: Execution status updated successfully {
  "service": "tdnet-data-collector",
  "environment": "test",
  "execution_id": "exec_test_f6lin",
  "status": "running",
  "progress": 50
}
2026-02-08T08:20:18.318+09:00 [[32minfo[39m]: Updating execution status {
  "service": "tdnet-data-collector",
  "environment": "test",
  "execution_id": "exec_test_f6lin",
  "status": "running",
  "progress": 68,
  "collected_count": 0,
  "failed_count": 0
}
2026-02-08T08:20:18.374+09:00 [[32minfo[39m]: Lambda Collector started {
  "service": "tdnet-data-collector",
  "environment": "test",
  "event": {
    "mode": "batch"
  },
  "execution_id": "exec_1770506418373_r3b65p_test-req",
  "request_id": "test-request-id-12345",
  "function_name": "test-collector-function"
}
2026-02-08T08:20:18.379+09:00 [[32minfo[39m]: Batch mode: collecting yesterday's data {
  "service": "tdnet-data-collector",
  "environment": "test",
  "execution_id": "exec_1770506418373_r3b65p_test-req"
}
2026-02-08T08:20:18.380+09:00 [[32minfo[39m]: Target date for batch mode {
  "service": "tdnet-data-collector",
  "environment": "test",
  "execution_id": "exec_1770506418373_r3b65p_test-req",
  "date": "2026-02-07"
}
2026-02-08T08:20:18.380+09:00 [[32minfo[39m]: Collecting disclosures for date range {
  "service": "tdnet-data-collector",
  "environment": "test",
  "execution_id": "exec_1770506418373_r3b65p_test-req",
  "start_date": "2026-02-07",
  "end_date": "2026-02-07",
  "total_days": 1
}
2026-02-08T08:20:18.381+09:00 [[32minfo[39m]: Updating execution status {
  "service": "tdnet-data-collector",
  "environment": "test",
  "execution_id": "exec_1770506418373_r3b65p_test-req",
  "status": "pending",
  "progress": 0,
  "collected_count": 0,
  "failed_count": 0
}
2026-02-08T08:20:18.394+09:00 [[31merror[39m]: Failed to update execution status {
  "service": "tdnet-data-collector",
  "environment": "test",
  "execution_id": "exec_1770506418373_r3b65p_test-req",
  "status": "pending",
  "progress": 0,
  "error_type": "Unknown",
  "error_message": "TypeError [ERR_VM_DYNAMIC_IMPORT_CALLBACK_MISSING_FLAG]: A dynamic import callback was invoked without --experimental-vm-modules"
}
2026-02-08T08:20:18.318+09:00 [[32minfo[39m]: Execution status updated successfully {
  "service": "tdnet-data-collector",
  "environment": "test",
  "execution_id": "exec_test_f6lin",
  "status": "running",
  "progress": 68
}
2026-02-08T08:20:18.318+09:00 [[32minfo[39m]: Updating execution status {
  "service": "tdnet-data-collector",
  "environment": "test",
  "execution_id": "exec_test_f6lin",
  "status": "running",
  "progress": 73,
  "collected_count": 0,
  "failed_count": 0
}
2026-02-08T08:20:18.319+09:00 [[32minfo[39m]: Execution status updated successfully {
  "service": "tdnet-data-collector",
  "environment": "test",
  "execution_id": "exec_test_f6lin",
  "status": "running",
  "progress": 73
}
2026-02-08T08:20:18.319+09:00 [[32minfo[39m]: Updating execution status {
  "service": "tdnet-data-collector",
  "environment": "test",
  "execution_id": "exec_test_f6lin",
  "status": "running",
  "progress": 74,
  "collected_count": 0,
  "failed_count": 0
}
2026-02-08T08:20:18.319+09:00 [[32minfo[39m]: Execution status updated successfully {
  "service": "tdnet-data-collector",
  "environment": "test",
  "execution_id": "exec_test_f6lin",
  "status": "running",
  "progress": 74
}
2026-02-08T08:20:18.321+09:00 [[32minfo[39m]: Updating execution status {
  "service": "tdnet-data-collector",
  "environment": "test",
  "execution_id": "exec_test_x5xept",
  "status": "running",
  "progress": 23,
  "collected_count": 0,
  "failed_count": 0
}
2026-02-08T08:20:18.321+09:00 [[32minfo[39m]: Execution status updated successfully {
  "service": "tdnet-data-collector",
  "environment": "test",
  "execution_id": "exec_test_x5xept",
  "status": "running",
  "progress": 23
}
2026-02-08T08:20:18.321+09:00 [[32minfo[39m]: Updating execution status {
  "service": "tdnet-data-collector",
  "environment": "test",
  "execution_id": "exec_test_x5xept",
  "status": "running",
  "progress": 27,
  "collected_count": 0,
  "failed_count": 0
}
2026-02-08T08:20:18.321+09:00 [[32minfo[39m]: Execution status updated successfully {
  "service": "tdnet-data-collector",
  "environment": "test",
  "execution_id": "exec_test_x5xept",
  "status": "running",
  "progress": 27
}
2026-02-08T08:20:18.322+09:00 [[32minfo[39m]: Updating execution status {
  "service": "tdnet-data-collector",
  "environment": "test",
  "execution_id": "exec_test_x5xept",
  "status": "running",
  "progress": 41,
  "collected_count": 0,
  "failed_count": 0
}
2026-02-08T08:20:18.323+09:00 [[32minfo[39m]: Execution status updated successfully {
  "service": "tdnet-data-collector",
  "environment": "test",
  "execution_id": "exec_test_x5xept",
  "status": "running",
  "progress": 41
}
2026-02-08T08:20:18.324+09:00 [[32minfo[39m]: Updating execution status {
  "service": "tdnet-data-collector",
  "environment": "test",
  "execution_id": "exec_test_x5xept",
  "status": "running",
  "progress": 56,
  "collected_count": 0,
  "failed_count": 0
}
2026-02-08T08:20:18.324+09:00 [[32minfo[39m]: Execution status updated successfully {
  "service": "tdnet-data-collector",
  "environment": "test",
  "execution_id": "exec_test_x5xept",
  "status": "running",
  "progress": 56
}
2026-02-08T08:20:18.324+09:00 [[32minfo[39m]: Updating execution status {
  "service": "tdnet-data-collector",
  "environment": "test",
  "execution_id": "exec_test_x5xept",
  "status": "running",
  "progress": 58,
  "collected_count": 0,
  "failed_count": 0
}
2026-02-08T08:20:18.324+09:00 [[32minfo[39m]: Execution status updated successfully {
  "service": "tdnet-data-collector",
  "environment": "test",
  "execution_id": "exec_test_x5xept",
  "status": "running",
  "progress": 58
}
2026-02-08T08:20:18.324+09:00 [[32minfo[39m]: Updating execution status {
  "service": "tdnet-data-collector",
  "environment": "test",
  "execution_id": "exec_test_x5xept",
  "status": "running",
  "progress": 74,
  "collected_count": 0,
  "failed_count": 0
}
2026-02-08T08:20:18.324+09:00 [[32minfo[39m]: Execution status updated successfully {
  "service": "tdnet-data-collector",
  "environment": "test",
  "execution_id": "exec_test_x5xept",
  "status": "running",
  "progress": 74
}
2026-02-08T08:20:18.325+09:00 [[32minfo[39m]: Updating execution status {
  "service": "tdnet-data-collector",
  "environment": "test",
  "execution_id": "exec_test_x5xept",
  "status": "running",
  "progress": 78,
  "collected_count": 0,
  "failed_count": 0
}
2026-02-08T08:20:18.325+09:00 [[32minfo[39m]: Execution status updated successfully {
  "service": "tdnet-data-collector",
  "environment": "test",
  "execution_id": "exec_test_x5xept",
  "status": "running",
  "progress": 78
}
2026-02-08T08:20:18.325+09:00 [[32minfo[39m]: Updating execution status {
  "service": "tdnet-data-collector",
  "environment": "test",
  "execution_id": "exec_test_x5xept",
  "status": "running",
  "progress": 80,
  "collected_count": 0,
  "failed_count": 0
}
2026-02-08T08:20:18.325+09:00 [[32minfo[39m]: Execution status updated successfully {
  "service": "tdnet-data-collector",
  "environment": "test",
  "execution_id": "exec_test_x5xept",
  "status": "running",
  "progress": 80
}
2026-02-08T08:20:18.325+09:00 [[32minfo[39m]: Updating execution status {
  "service": "tdnet-data-collector",
  "environment": "test",
  "execution_id": "exec_test_x5xept",
  "status": "running",
  "progress": 90,
  "collected_count": 0,
  "failed_count": 0
}
2026-02-08T08:20:18.325+09:00 [[32minfo[39m]: Execution status updated successfully {
  "service": "tdnet-data-collector",
  "environment": "test",
  "execution_id": "exec_test_x5xept",
  "status": "running",
  "progress": 90
}
2026-02-08T08:20:18.326+09:00 [[32minfo[39m]: Updating execution status {
  "service": "tdnet-data-collector",
  "environment": "test",
  "execution_id": "exec_test_baxovn",
  "status": "running",
  "progress": 6,
  "collected_count": 0,
  "failed_count": 0
}
2026-02-08T08:20:18.327+09:00 [[32minfo[39m]: Execution status updated successfully {
  "service": "tdnet-data-collector",
  "environment": "test",
  "execution_id": "exec_test_baxovn",
  "status": "running",
  "progress": 6
}
2026-02-08T08:20:18.327+09:00 [[32minfo[39m]: Updating execution status {
  "service": "tdnet-data-collector",
  "environment": "test",
  "execution_id": "exec_test_baxovn",
  "status": "running",
  "progress": 28,
  "collected_count": 0,
  "failed_count": 0
}
2026-02-08T08:20:18.327+09:00 [[32minfo[39m]: Execution status updated successfully {
  "service": "tdnet-data-collector",
  "environment": "test",
  "execution_id": "exec_test_baxovn",
  "status": "running",
  "progress": 28
}
2026-02-08T08:20:18.327+09:00 [[32minfo[39m]: Updating execution status {
  "service": "tdnet-data-collector",
  "environment": "test",
  "execution_id": "exec_test_baxovn",
  "status": "running",
  "progress": 47,
  "collected_count": 0,
  "failed_count": 0
}
2026-02-08T08:20:18.327+09:00 [[32minfo[39m]: Execution status updated successfully {
  "service": "tdnet-data-collector",
  "environment": "test",
  "execution_id": "exec_test_baxovn",
  "status": "running",
  "progress": 47
}
2026-02-08T08:20:18.327+09:00 [[32minfo[39m]: Updating execution status {
  "service": "tdnet-data-collector",
  "environment": "test",
  "execution_id": "exec_test_baxovn",
  "status": "running",
  "progress": 74,
  "collected_count": 0,
  "failed_count": 0
}
2026-02-08T08:20:18.327+09:00 [[32minfo[39m]: Execution status updated successfully {
  "service": "tdnet-data-collector",
  "environment": "test",
  "execution_id": "exec_test_baxovn",
  "status": "running",
  "progress": 74
}
2026-02-08T08:20:18.328+09:00 [[32minfo[39m]: Updating execution status {
  "service": "tdnet-data-collector",
  "environment": "test",
  "execution_id": "exec_test_baxovn",
  "status": "running",
  "progress": 97,
  "collected_count": 0,
  "failed_count": 0
}
2026-02-08T08:20:18.328+09:00 [[32minfo[39m]: Execution status updated successfully {
  "service": "tdnet-data-collector",
  "environment": "test",
  "execution_id": "exec_test_baxovn",
  "status": "running",
  "progress": 97
}
2026-02-08T08:20:18.330+09:00 [[32minfo[39m]: Updating execution status {
  "service": "tdnet-data-collector",
  "environment": "test",
  "execution_id": "exec_test_1ycxo7",
  "status": "running",
  "progress": 10,
  "collected_count": 0,
  "failed_count": 0
}
2026-02-08T08:20:18.330+09:00 [[32minfo[39m]: Execution status updated successfully {
  "service": "tdnet-data-collector",
  "environment": "test",
  "execution_id": "exec_test_1ycxo7",
  "status": "running",
  "progress": 10
}
2026-02-08T08:20:18.330+09:00 [[32minfo[39m]: Updating execution status {
  "service": "tdnet-data-collector",
  "environment": "test",
  "execution_id": "exec_test_1ycxo7",
  "status": "running",
  "progress": 69,
  "collected_count": 0,
  "failed_count": 0
}
2026-02-08T08:20:18.331+09:00 [[32minfo[39m]: Execution status updated successfully {
  "service": "tdnet-data-collector",
  "environment": "test",
  "execution_id": "exec_test_1ycxo7",
  "status": "running",
  "progress": 69
}
2026-02-08T08:20:18.331+09:00 [[32minfo[39m]: Updating execution status {
  "service": "tdnet-data-collector",
  "environment": "test",
  "execution_id": "exec_test_1ycxo7",
  "status": "running",
  "progress": 96,
  "collected_count": 0,
  "failed_count": 0
}
2026-02-08T08:20:18.331+09:00 [[32minfo[39m]: Execution status updated successfully {
  "service": "tdnet-data-collector",
  "environment": "test",
  "execution_id": "exec_test_1ycxo7",
  "status": "running",
  "progress": 96
}
2026-02-08T08:20:18.332+09:00 [[32minfo[39m]: Updating execution status {
  "service": "tdnet-data-collector",
  "environment": "test",
  "execution_id": "exec_test_3x7jug",
  "status": "running",
  "progress": 11,
  "collected_count": 0,
  "failed_count": 0
}
2026-02-08T08:20:18.332+09:00 [[32minfo[39m]: Execution status updated successfully {
  "service": "tdnet-data-collector",
  "environment": "test",
  "execution_id": "exec_test_3x7jug",
  "status": "running",
  "progress": 11
}
2026-02-08T08:20:18.332+09:00 [[32minfo[39m]: Updating execution status {
  "service": "tdnet-data-collector",
  "environment": "test",
  "execution_id": "exec_test_3x7jug",
  "status": "running",
  "progress": 21,
  "collected_count": 0,
  "failed_count": 0
}
2026-02-08T08:20:18.333+09:00 [[32minfo[39m]: Execution status updated successfully {
  "service": "tdnet-data-collector",
  "environment": "test",
  "execution_id": "exec_test_3x7jug",
  "status": "running",
  "progress": 21
}
2026-02-08T08:20:18.333+09:00 [[32minfo[39m]: Updating execution status {
  "service": "tdnet-data-collector",
  "environment": "test",
  "execution_id": "exec_test_3x7jug",
  "status": "running",
  "progress": 32,
  "collected_count": 0,
  "failed_count": 0
}
2026-02-08T08:20:18.333+09:00 [[32minfo[39m]: Execution status updated successfully {
  "service": "tdnet-data-collector",
  "environment": "test",
  "execution_id": "exec_test_3x7jug",
  "status": "running",
  "progress": 32
}
2026-02-08T08:20:18.333+09:00 [[32minfo[39m]: Updating execution status {
  "service": "tdnet-data-collector",
  "environment": "test",
  "execution_id": "exec_test_3x7jug",
  "status": "running",
  "progress": 64,
  "collected_count": 0,
  "failed_count": 0
}
2026-02-08T08:20:18.333+09:00 [[32minfo[39m]: Execution status updated successfully {
  "service": "tdnet-data-collector",
  "environment": "test",
  "execution_id": "exec_test_3x7jug",
  "status": "running",
  "progress": 64
}
2026-02-08T08:20:18.333+09:00 [[32minfo[39m]: Updating execution status {
  "service": "tdnet-data-collector",
  "environment": "test",
  "execution_id": "exec_test_3x7jug",
  "status": "running",
  "progress": 78,
  "collected_count": 0,
  "failed_count": 0
}
2026-02-08T08:20:18.333+09:00 [[32minfo[39m]: Execution status updated successfully {
  "service": "tdnet-data-collector",
  "environment": "test",
  "execution_id": "exec_test_3x7jug",
  "status": "running",
  "progress": 78
}
2026-02-08T08:20:18.333+09:00 [[32minfo[39m]: Updating execution status {
  "service": "tdnet-data-collector",
  "environment": "test",
  "execution_id": "exec_test_3x7jug",
  "status": "running",
  "progress": 91,
  "collected_count": 0,
  "failed_count": 0
}
2026-02-08T08:20:18.333+09:00 [[32minfo[39m]: Execution status updated successfully {
  "service": "tdnet-data-collector",
  "environment": "test",
  "execution_id": "exec_test_3x7jug",
  "status": "running",
  "progress": 91
}
2026-02-08T08:20:18.335+09:00 [[32minfo[39m]: Updating execution status {
  "service": "tdnet-data-collector",
  "environment": "test",
  "execution_id": "exec_test_qy6kwa",
  "status": "running",
  "progress": 16,
  "collected_count": 0,
  "failed_count": 0
}
2026-02-08T08:20:18.336+09:00 [[32minfo[39m]: Execution status updated successfully {
  "service": "tdnet-data-collector",
  "environment": "test",
  "execution_id": "exec_test_qy6kwa",
  "status": "running",
  "progress": 16
}
2026-02-08T08:20:18.336+09:00 [[32minfo[39m]: Updating execution status {
  "service": "tdnet-data-collector",
  "environment": "test",
  "execution_id": "exec_test_qy6kwa",
  "status": "running",
  "progress": 25,
  "collected_count": 0,
  "failed_count": 0
}
2026-02-08T08:20:18.336+09:00 [[32minfo[39m]: Execution status updated successfully {
  "service": "tdnet-data-collector",
  "environment": "test",
  "execution_id": "exec_test_qy6kwa",
  "status": "running",
  "progress": 25
}
2026-02-08T08:20:18.336+09:00 [[32minfo[39m]: Updating execution status {
  "service": "tdnet-data-collector",
  "environment": "test",
  "execution_id": "exec_test_qy6kwa",
  "status": "running",
  "progress": 27,
  "collected_count": 0,
  "failed_count": 0
}
2026-02-08T08:20:18.336+09:00 [[32minfo[39m]: Execution status updated successfully {
  "service": "tdnet-data-collector",
  "environment": "test",
  "execution_id": "exec_test_qy6kwa",
  "status": "running",
  "progress": 27
}
2026-02-08T08:20:18.337+09:00 [[32minfo[39m]: Updating execution status {
  "service": "tdnet-data-collector",
  "environment": "test",
  "execution_id": "exec_test_qy6kwa",
  "status": "running",
  "progress": 55,
  "collected_count": 0,
  "failed_count": 0
}
2026-02-08T08:20:18.337+09:00 [[32minfo[39m]: Execution status updated successfully {
  "service": "tdnet-data-collector",
  "environment": "test",
  "execution_id": "exec_test_qy6kwa",
  "status": "running",
  "progress": 55
}
2026-02-08T08:20:18.337+09:00 [[32minfo[39m]: Updating execution status {
  "service": "tdnet-data-collector",
  "environment": "test",
  "execution_id": "exec_test_qy6kwa",
  "status": "running",
  "progress": 58,
  "collected_count": 0,
  "failed_count": 0
}
2026-02-08T08:20:18.337+09:00 [[32minfo[39m]: Execution status updated successfully {
  "service": "tdnet-data-collector",
  "environment": "test",
  "execution_id": "exec_test_qy6kwa",
  "status": "running",
  "progress": 58
}
2026-02-08T08:20:18.337+09:00 [[32minfo[39m]: Updating execution status {
  "service": "tdnet-data-collector",
  "environment": "test",
  "execution_id": "exec_test_qy6kwa",
  "status": "running",
  "progress": 61,
  "collected_count": 0,
  "failed_count": 0
}
2026-02-08T08:20:18.338+09:00 [[32minfo[39m]: Execution status updated successfully {
  "service": "tdnet-data-collector",
  "environment": "test",
  "execution_id": "exec_test_qy6kwa",
  "status": "running",
  "progress": 61
}
2026-02-08T08:20:18.338+09:00 [[32minfo[39m]: Updating execution status {
  "service": "tdnet-data-collector",
  "environment": "test",
  "execution_id": "exec_test_qy6kwa",
  "status": "running",
  "progress": 79,
  "collected_count": 0,
  "failed_count": 0
}
2026-02-08T08:20:18.338+09:00 [[32minfo[39m]: Execution status updated successfully {
  "service": "tdnet-data-collector",
  "environment": "test",
  "execution_id": "exec_test_qy6kwa",
  "status": "running",
  "progress": 79
}
2026-02-08T08:20:18.338+09:00 [[32minfo[39m]: Updating execution status {
  "service": "tdnet-data-collector",
  "environment": "test",
  "execution_id": "exec_test_qy6kwa",
  "status": "running",
  "progress": 91,
  "collected_count": 0,
  "failed_count": 0
}
2026-02-08T08:20:18.339+09:00 [[32minfo[39m]: Execution status updated successfully {
  "service": "tdnet-data-collector",
  "environment": "test",
  "execution_id": "exec_test_qy6kwa",
  "status": "running",
  "progress": 91
}
2026-02-08T08:20:18.339+09:00 [[32minfo[39m]: Updating execution status {
  "service": "tdnet-data-collector",
  "environment": "test",
  "execution_id": "exec_test_qy6kwa",
  "status": "running",
  "progress": 97,
  "collected_count": 0,
  "failed_count": 0
}
2026-02-08T08:20:18.339+09:00 [[32minfo[39m]: Execution status updated successfully {
  "service": "tdnet-data-collector",
  "environment": "test",
  "execution_id": "exec_test_qy6kwa",
  "status": "running",
  "progress": 97
}
2026-02-08T08:20:18.339+09:00 [[32minfo[39m]: Updating execution status {
  "service": "tdnet-data-collector",
  "environment": "test",
  "execution_id": "exec_test_qy6kwa",
  "status": "running",
  "progress": 99,
  "collected_count": 0,
  "failed_count": 0
}
2026-02-08T08:20:18.339+09:00 [[32minfo[39m]: Execution status updated successfully {
  "service": "tdnet-data-collector",
  "environment": "test",
  "execution_id": "exec_test_qy6kwa",
  "status": "running",
  "progress": 99
}
2026-02-08T08:20:18.341+09:00 [[32minfo[39m]: Updating execution status {
  "service": "tdnet-data-collector",
  "environment": "test",
  "execution_id": "exec_test_dnmv4",
  "status": "running",
  "progress": 4,
  "collected_count": 0,
  "failed_count": 0
}
2026-02-08T08:20:18.342+09:00 [[32minfo[39m]: Execution status updated successfully {
  "service": "tdnet-data-collector",
  "environment": "test",
  "execution_id": "exec_test_dnmv4",
  "status": "running",
  "progress": 4
}
2026-02-08T08:20:18.342+09:00 [[32minfo[39m]: Updating execution status {
  "service": "tdnet-data-collector",
  "environment": "test",
  "execution_id": "exec_test_dnmv4",
  "status": "running",
  "progress": 11,
  "collected_count": 0,
  "failed_count": 0
}
2026-02-08T08:20:18.342+09:00 [[32minfo[39m]: Execution status updated successfully {
  "service": "tdnet-data-collector",
  "environment": "test",
  "execution_id": "exec_test_dnmv4",
  "status": "running",
  "progress": 11
}
2026-02-08T08:20:18.342+09:00 [[32minfo[39m]: Updating execution status {
  "service": "tdnet-data-collector",
  "environment": "test",
  "execution_id": "exec_test_dnmv4",
  "status": "running",
  "progress": 31,
  "collected_count": 0,
  "failed_count": 0
}
2026-02-08T08:20:18.342+09:00 [[32minfo[39m]: Execution status updated successfully {
  "service": "tdnet-data-collector",
  "environment": "test",
  "execution_id": "exec_test_dnmv4",
  "status": "running",
  "progress": 31
}
2026-02-08T08:20:18.342+09:00 [[32minfo[39m]: Updating execution status {
  "service": "tdnet-data-collector",
  "environment": "test",
  "execution_id": "exec_test_dnmv4",
  "status": "running",
  "progress": 37,
  "collected_count": 0,
  "failed_count": 0
}
2026-02-08T08:20:18.343+09:00 [[32minfo[39m]: Execution status updated successfully {
  "service": "tdnet-data-collector",
  "environment": "test",
  "execution_id": "exec_test_dnmv4",
  "status": "running",
  "progress": 37
}
2026-02-08T08:20:18.343+09:00 [[32minfo[39m]: Updating execution status {
  "service": "tdnet-data-collector",
  "environment": "test",
  "execution_id": "exec_test_dnmv4",
  "status": "running",
  "progress": 43,
  "collected_count": 0,
  "failed_count": 0
}
2026-02-08T08:20:18.343+09:00 [[32minfo[39m]: Execution status updated successfully {
  "service": "tdnet-data-collector",
  "environment": "test",
  "execution_id": "exec_test_dnmv4",
  "status": "running",
  "progress": 43
}
2026-02-08T08:20:18.343+09:00 [[32minfo[39m]: Updating execution status {
  "service": "tdnet-data-collector",
  "environment": "test",
  "execution_id": "exec_test_dnmv4",
  "status": "running",
  "progress": 69,
  "collected_count": 0,
  "failed_count": 0
}
2026-02-08T08:20:18.343+09:00 [[32minfo[39m]: Execution status updated successfully {
  "service": "tdnet-data-collector",
  "environment": "test",
  "execution_id": "exec_test_dnmv4",
  "status": "running",
  "progress": 69
}
2026-02-08T08:20:18.344+09:00 [[32minfo[39m]: Updating execution status {
  "service": "tdnet-data-collector",
  "environment": "test",
  "execution_id": "exec_test_dnmv4",
  "status": "running",
  "progress": 86,
  "collected_count": 0,
  "failed_count": 0
}
2026-02-08T08:20:18.344+09:00 [[32minfo[39m]: Execution status updated successfully {
  "service": "tdnet-data-collector",
  "environment": "test",
  "execution_id": "exec_test_dnmv4",
  "status": "running",
  "progress": 86
}
2026-02-08T08:20:18.344+09:00 [[32minfo[39m]: Updating execution status {
  "service": "tdnet-data-collector",
  "environment": "test",
  "execution_id": "exec_test_dnmv4",
  "status": "running",
  "progress": 97,
  "collected_count": 0,
  "failed_count": 0
}
2026-02-08T08:20:18.344+09:00 [[32minfo[39m]: Execution status updated successfully {
  "service": "tdnet-data-collector",
  "environment": "test",
  "execution_id": "exec_test_dnmv4",
  "status": "running",
  "progress": 97
}
2026-02-08T08:20:18.345+09:00 [[32minfo[39m]: Updating execution status {
  "service": "tdnet-data-collector",
  "environment": "test",
  "execution_id": "exec_test_eoeea",
  "status": "pending",
  "progress": 0,
  "collected_count": 0,
  "failed_count": 0
}
2026-02-08T08:20:18.345+09:00 [[32minfo[39m]: Execution status updated successfully {
  "service": "tdnet-data-collector",
  "environment": "test",
  "execution_id": "exec_test_eoeea",
  "status": "pending",
  "progress": 0
}
2026-02-08T08:20:18.345+09:00 [[32minfo[39m]: Updating execution status {
  "service": "tdnet-data-collector",
  "environment": "test",
  "execution_id": "exec_test_eoeea",
  "status": "running",
  "progress": 4,
  "collected_count": 0,
  "failed_count": 0
}
2026-02-08T08:20:18.346+09:00 [[32minfo[39m]: Execution status updated successfully {
  "service": "tdnet-data-collector",
  "environment": "test",
  "execution_id": "exec_test_eoeea",
  "status": "running",
  "progress": 4
}
2026-02-08T08:20:18.346+09:00 [[32minfo[39m]: Updating execution status {
  "service": "tdnet-data-collector",
  "environment": "test",
  "execution_id": "exec_test_eoeea",
  "status": "running",
  "progress": 15,
  "collected_count": 0,
  "failed_count": 0
}
2026-02-08T08:20:18.346+09:00 [[32minfo[39m]: Execution status updated successfully {
  "service": "tdnet-data-collector",
  "environment": "test",
  "execution_id": "exec_test_eoeea",
  "status": "running",
  "progress": 15
}
2026-02-08T08:20:18.346+09:00 [[32minfo[39m]: Updating execution status {
  "service": "tdnet-data-collector",
  "environment": "test",
  "execution_id": "exec_test_eoeea",
  "status": "running",
  "progress": 27,
  "collected_count": 0,
  "failed_count": 0
}
2026-02-08T08:20:18.346+09:00 [[32minfo[39m]: Execution status updated successfully {
  "service": "tdnet-data-collector",
  "environment": "test",
  "execution_id": "exec_test_eoeea",
  "status": "running",
  "progress": 27
}
2026-02-08T08:20:18.346+09:00 [[32minfo[39m]: Updating execution status {
  "service": "tdnet-data-collector",
  "environment": "test",
  "execution_id": "exec_test_eoeea",
  "status": "running",
  "progress": 51,
  "collected_count": 0,
  "failed_count": 0
}
2026-02-08T08:20:18.346+09:00 [[32minfo[39m]: Execution status updated successfully {
  "service": "tdnet-data-collector",
  "environment": "test",
  "execution_id": "exec_test_eoeea",
  "status": "running",
  "progress": 51
}
2026-02-08T08:20:18.346+09:00 [[32minfo[39m]: Updating execution status {
  "service": "tdnet-data-collector",
  "environment": "test",
  "execution_id": "exec_test_eoeea",
  "status": "running",
  "progress": 85,
  "collected_count": 0,
  "failed_count": 0
}
2026-02-08T08:20:18.346+09:00 [[32minfo[39m]: Execution status updated successfully {
  "service": "tdnet-data-collector",
  "environment": "test",
  "execution_id": "exec_test_eoeea",
  "status": "running",
  "progress": 85
}
2026-02-08T08:20:18.348+09:00 [[32minfo[39m]: Updating execution status {
  "service": "tdnet-data-collector",
  "environment": "test",
  "execution_id": "exec_test_6rjt8",
  "status": "running",
  "progress": 2,
  "collected_count": 0,
  "failed_count": 0
}
2026-02-08T08:20:18.348+09:00 [[32minfo[39m]: Execution status updated successfully {
  "service": "tdnet-data-collector",
  "environment": "test",
  "execution_id": "exec_test_6rjt8",
  "status": "running",
  "progress": 2
}
2026-02-08T08:20:18.348+09:00 [[32minfo[39m]: Updating execution status {
  "service": "tdnet-data-collector",
  "environment": "test",
  "execution_id": "exec_test_6rjt8",
  "status": "running",
  "progress": 61,
  "collected_count": 0,
  "failed_count": 0
}
2026-02-08T08:20:18.348+09:00 [[32minfo[39m]: Execution status updated successfully {
  "service": "tdnet-data-collector",
  "environment": "test",
  "execution_id": "exec_test_6rjt8",
  "status": "running",
  "progress": 61
}
2026-02-08T08:20:18.349+09:00 [[32minfo[39m]: Updating execution status {
  "service": "tdnet-data-collector",
  "environment": "test",
  "execution_id": "exec_test_x78bx",
  "status": "running",
  "progress": 14,
  "collected_count": 0,
  "failed_count": 0
}
2026-02-08T08:20:18.349+09:00 [[32minfo[39m]: Execution status updated successfully {
  "service": "tdnet-data-collector",
  "environment": "test",
  "execution_id": "exec_test_x78bx",
  "status": "running",
  "progress": 14
}
2026-02-08T08:20:18.349+09:00 [[32minfo[39m]: Updating execution status {
  "service": "tdnet-data-collector",
  "environment": "test",
  "execution_id": "exec_test_x78bx",
  "status": "running",
  "progress": 15,
  "collected_count": 0,
  "failed_count": 0
}
2026-02-08T08:20:18.349+09:00 [[32minfo[39m]: Execution status updated successfully {
  "service": "tdnet-data-collector",
  "environment": "test",
  "execution_id": "exec_test_x78bx",
  "status": "running",
  "progress": 15
}
2026-02-08T08:20:18.349+09:00 [[32minfo[39m]: Updating execution status {
  "service": "tdnet-data-collector",
  "environment": "test",
  "execution_id": "exec_test_x78bx",
  "status": "running",
  "progress": 22,
  "collected_count": 0,
  "failed_count": 0
}
2026-02-08T08:20:18.350+09:00 [[32minfo[39m]: Execution status updated successfully {
  "service": "tdnet-data-collector",
  "environment": "test",
  "execution_id": "exec_test_x78bx",
  "status": "running",
  "progress": 22
}
2026-02-08T08:20:18.350+09:00 [[32minfo[39m]: Updating execution status {
  "service": "tdnet-data-collector",
  "environment": "test",
  "execution_id": "exec_test_x78bx",
  "status": "running",
  "progress": 25,
  "collected_count": 0,
  "failed_count": 0
}
2026-02-08T08:20:18.350+09:00 [[32minfo[39m]: Execution status updated successfully {
  "service": "tdnet-data-collector",
  "environment": "test",
  "execution_id": "exec_test_x78bx",
  "status": "running",
  "progress": 25
}
2026-02-08T08:20:18.350+09:00 [[32minfo[39m]: Updating execution status {
  "service": "tdnet-data-collector",
  "environment": "test",
  "execution_id": "exec_test_x78bx",
  "status": "running",
  "progress": 49,
  "collected_count": 0,
  "failed_count": 0
}
2026-02-08T08:20:18.350+09:00 [[32minfo[39m]: Execution status updated successfully {
  "service": "tdnet-data-collector",
  "environment": "test",
  "execution_id": "exec_test_x78bx",
  "status": "running",
  "progress": 49
}
2026-02-08T08:20:18.350+09:00 [[32minfo[39m]: Updating execution status {
  "service": "tdnet-data-collector",
  "environment": "test",
  "execution_id": "exec_test_x78bx",
  "status": "running",
  "progress": 63,
  "collected_count": 0,
  "failed_count": 0
}
2026-02-08T08:20:18.350+09:00 [[32minfo[39m]: Execution status updated successfully {
  "service": "tdnet-data-collector",
  "environment": "test",
  "execution_id": "exec_test_x78bx",
  "status": "running",
  "progress": 63
}
2026-02-08T08:20:18.350+09:00 [[32minfo[39m]: Updating execution status {
  "service": "tdnet-data-collector",
  "environment": "test",
  "execution_id": "exec_test_x78bx",
  "status": "running",
  "progress": 66,
  "collected_count": 0,
  "failed_count": 0
}
2026-02-08T08:20:18.350+09:00 [[32minfo[39m]: Execution status updated successfully {
  "service": "tdnet-data-collector",
  "environment": "test",
  "execution_id": "exec_test_x78bx",
  "status": "running",
  "progress": 66
}
2026-02-08T08:20:18.350+09:00 [[32minfo[39m]: Updating execution status {
  "service": "tdnet-data-collector",
  "environment": "test",
  "execution_id": "exec_test_x78bx",
  "status": "running",
  "progress": 80,
  "collected_count": 0,
  "failed_count": 0
}
2026-02-08T08:20:18.350+09:00 [[32minfo[39m]: Execution status updated successfully {
  "service": "tdnet-data-collector",
  "environment": "test",
  "execution_id": "exec_test_x78bx",
  "status": "running",
  "progress": 80
}
2026-02-08T08:20:18.351+09:00 [[32minfo[39m]: Updating execution status {
  "service": "tdnet-data-collector",
  "environment": "test",
  "execution_id": "exec_test_flqmqh",
  "status": "running",
  "progress": 5,
  "collected_count": 0,
  "failed_count": 0
}
2026-02-08T08:20:18.352+09:00 [[32minfo[39m]: Execution status updated successfully {
  "service": "tdnet-data-collector",
  "environment": "test",
  "execution_id": "exec_test_flqmqh",
  "status": "running",
  "progress": 5
}
2026-02-08T08:20:18.352+09:00 [[32minfo[39m]: Updating execution status {
  "service": "tdnet-data-collector",
  "environment": "test",
  "execution_id": "exec_test_flqmqh",
  "status": "running",
  "progress": 34,
  "collected_count": 0,
  "failed_count": 0
}
2026-02-08T08:20:18.352+09:00 [[32minfo[39m]: Execution status updated successfully {
  "service": "tdnet-data-collector",
  "environment": "test",
  "execution_id": "exec_test_flqmqh",
  "status": "running",
  "progress": 34
}
2026-02-08T08:20:18.352+09:00 [[32minfo[39m]: Updating execution status {
  "service": "tdnet-data-collector",
  "environment": "test",
  "execution_id": "exec_test_flqmqh",
  "status": "running",
  "progress": 42,
  "collected_count": 0,
  "failed_count": 0
}
2026-02-08T08:20:18.352+09:00 [[32minfo[39m]: Execution status updated successfully {
  "service": "tdnet-data-collector",
  "environment": "test",
  "execution_id": "exec_test_flqmqh",
  "status": "running",
  "progress": 42
}
2026-02-08T08:20:18.353+09:00 [[32minfo[39m]: Updating execution status {
  "service": "tdnet-data-collector",
  "environment": "test",
  "execution_id": "exec_test_yv3x7e",
  "status": "running",
  "progress": 51,
  "collected_count": 0,
  "failed_count": 0
}
2026-02-08T08:20:18.353+09:00 [[32minfo[39m]: Execution status updated successfully {
  "service": "tdnet-data-collector",
  "environment": "test",
  "execution_id": "exec_test_yv3x7e",
  "status": "running",
  "progress": 51
}
2026-02-08T08:20:18.353+09:00 [[32minfo[39m]: Updating execution status {
  "service": "tdnet-data-collector",
  "environment": "test",
  "execution_id": "exec_test_yv3x7e",
  "status": "running",
  "progress": 72,
  "collected_count": 0,
  "failed_count": 0
}
2026-02-08T08:20:18.353+09:00 [[32minfo[39m]: Execution status updated successfully {
  "service": "tdnet-data-collector",
  "environment": "test",
  "execution_id": "exec_test_yv3x7e",
  "status": "running",
  "progress": 72
}
2026-02-08T08:20:18.354+09:00 [[32minfo[39m]: Updating execution status {
  "service": "tdnet-data-collector",
  "environment": "test",
  "execution_id": "exec_test_25ypg",
  "status": "running",
  "progress": 37,
  "collected_count": 0,
  "failed_count": 0
}
2026-02-08T08:20:18.354+09:00 [[32minfo[39m]: Execution status updated successfully {
  "service": "tdnet-data-collector",
  "environment": "test",
  "execution_id": "exec_test_25ypg",
  "status": "running",
  "progress": 37
}
2026-02-08T08:20:18.354+09:00 [[32minfo[39m]: Updating execution status {
  "service": "tdnet-data-collector",
  "environment": "test",
  "execution_id": "exec_test_25ypg",
  "status": "running",
  "progress": 57,
  "collected_count": 0,
  "failed_count": 0
}
2026-02-08T08:20:18.354+09:00 [[32minfo[39m]: Execution status updated successfully {
  "service": "tdnet-data-collector",
  "environment": "test",
  "execution_id": "exec_test_25ypg",
  "status": "running",
  "progress": 57
}
2026-02-08T08:20:18.354+09:00 [[32minfo[39m]: Updating execution status {
  "service": "tdnet-data-collector",
  "environment": "test",
  "execution_id": "exec_test_25ypg",
  "status": "running",
  "progress": 63,
  "collected_count": 0,
  "failed_count": 0
}
2026-02-08T08:20:18.354+09:00 [[32minfo[39m]: Execution status updated successfully {
  "service": "tdnet-data-collector",
  "environment": "test",
  "execution_id": "exec_test_25ypg",
  "status": "running",
  "progress": 63
}
2026-02-08T08:20:18.354+09:00 [[32minfo[39m]: Updating execution status {
  "service": "tdnet-data-collector",
  "environment": "test",
  "execution_id": "exec_test_25ypg",
  "status": "running",
  "progress": 70,
  "collected_count": 0,
  "failed_count": 0
}
2026-02-08T08:20:18.355+09:00 [[32minfo[39m]: Execution status updated successfully {
  "service": "tdnet-data-collector",
  "environment": "test",
  "execution_id": "exec_test_25ypg",
  "status": "running",
  "progress": 70
}
2026-02-08T08:20:18.355+09:00 [[32minfo[39m]: Updating execution status {
  "service": "tdnet-data-collector",
  "environment": "test",
  "execution_id": "exec_test_8i2sgm",
  "status": "running",
  "progress": 3,
  "collected_count": 0,
  "failed_count": 0
}
2026-02-08T08:20:18.355+09:00 [[32minfo[39m]: Execution status updated successfully {
  "service": "tdnet-data-collector",
  "environment": "test",
  "execution_id": "exec_test_8i2sgm",
  "status": "running",
  "progress": 3
}
2026-02-08T08:20:18.355+09:00 [[32minfo[39m]: Updating execution status {
  "service": "tdnet-data-collector",
  "environment": "test",
  "execution_id": "exec_test_8i2sgm",
  "status": "running",
  "progress": 18,
  "collected_count": 0,
  "failed_count": 0
}
2026-02-08T08:20:18.356+09:00 [[32minfo[39m]: Execution status updated successfully {
  "service": "tdnet-data-collector",
  "environment": "test",
  "execution_id": "exec_test_8i2sgm",
  "status": "running",
  "progress": 18
}
2026-02-08T08:20:18.356+09:00 [[32minfo[39m]: Updating execution status {
  "service": "tdnet-data-collector",
  "environment": "test",
  "execution_id": "exec_test_8i2sgm",
  "status": "running",
  "progress": 29,
  "collected_count": 0,
  "failed_count": 0
}
2026-02-08T08:20:18.356+09:00 [[32minfo[39m]: Execution status updated successfully {
  "service": "tdnet-data-collector",
  "environment": "test",
  "execution_id": "exec_test_8i2sgm",
  "status": "running",
  "progress": 29
}
2026-02-08T08:20:18.356+09:00 [[32minfo[39m]: Updating execution status {
  "service": "tdnet-data-collector",
  "environment": "test",
  "execution_id": "exec_test_8i2sgm",
  "status": "running",
  "progress": 68,
  "collected_count": 0,
  "failed_count": 0
}
2026-02-08T08:20:18.356+09:00 [[32minfo[39m]: Execution status updated successfully {
  "service": "tdnet-data-collector",
  "environment": "test",
  "execution_id": "exec_test_8i2sgm",
  "status": "running",
  "progress": 68
}
2026-02-08T08:20:18.356+09:00 [[32minfo[39m]: Updating execution status {
  "service": "tdnet-data-collector",
  "environment": "test",
  "execution_id": "exec_test_8i2sgm",
  "status": "completed",
  "progress": 100,
  "collected_count": 0,
  "failed_count": 0
}
2026-02-08T08:20:18.357+09:00 [[32minfo[39m]: Execution status updated successfully {
  "service": "tdnet-data-collector",
  "environment": "test",
  "execution_id": "exec_test_8i2sgm",
  "status": "completed",
  "progress": 100
}
2026-02-08T08:20:18.357+09:00 [[32minfo[39m]: Updating execution status {
  "service": "tdnet-data-collector",
  "environment": "test",
  "execution_id": "exec_test_8i2sgm",
  "status": "completed",
  "progress": 100,
  "collected_count": 0,
  "failed_count": 0
}
2026-02-08T08:20:18.357+09:00 [[32minfo[39m]: Execution status updated successfully {
  "service": "tdnet-data-collector",
  "environment": "test",
  "execution_id": "exec_test_8i2sgm",
  "status": "completed",
  "progress": 100
}
2026-02-08T08:20:18.357+09:00 [[32minfo[39m]: Updating execution status {
  "service": "tdnet-data-collector",
  "environment": "test",
  "execution_id": "exec_test_8i2sgm",
  "status": "completed",
  "progress": 100,
  "collected_count": 0,
  "failed_count": 0
}
2026-02-08T08:20:18.357+09:00 [[32minfo[39m]: Execution status updated successfully {
  "service": "tdnet-data-collector",
  "environment": "test",
  "execution_id": "exec_test_8i2sgm",
  "status": "completed",
  "progress": 100
}
2026-02-08T08:20:18.358+09:00 [[32minfo[39m]: Updating execution status {
  "service": "tdnet-data-collector",
  "environment": "test",
  "execution_id": "exec_test_s2k8h6",
  "status": "running",
  "progress": 1,
  "collected_count": 0,
  "failed_count": 0
}
2026-02-08T08:20:18.358+09:00 [[32minfo[39m]: Execution status updated successfully {
  "service": "tdnet-data-collector",
  "environment": "test",
  "execution_id": "exec_test_s2k8h6",
  "status": "running",
  "progress": 1
}
2026-02-08T08:20:18.358+09:00 [[32minfo[39m]: Updating execution status {
  "service": "tdnet-data-collector",
  "environment": "test",
  "execution_id": "exec_test_s2k8h6",
  "status": "running",
  "progress": 30,
  "collected_count": 0,
  "failed_count": 0
}
2026-02-08T08:20:18.359+09:00 [[32minfo[39m]: Execution status updated successfully {
  "service": "tdnet-data-collector",
  "environment": "test",
  "execution_id": "exec_test_s2k8h6",
  "status": "running",
  "progress": 30
}
2026-02-08T08:20:18.359+09:00 [[32minfo[39m]: Updating execution status {
  "service": "tdnet-data-collector",
  "environment": "test",
  "execution_id": "exec_test_s2k8h6",
  "status": "running",
  "progress": 31,
  "collected_count": 0,
  "failed_count": 0
}
2026-02-08T08:20:18.359+09:00 [[32minfo[39m]: Execution status updated successfully {
  "service": "tdnet-data-collector",
  "environment": "test",
  "execution_id": "exec_test_s2k8h6",
  "status": "running",
  "progress": 31
}
2026-02-08T08:20:18.359+09:00 [[32minfo[39m]: Updating execution status {
  "service": "tdnet-data-collector",
  "environment": "test",
  "execution_id": "exec_test_s2k8h6",
  "status": "running",
  "progress": 32,
  "collected_count": 0,
  "failed_count": 0
}
2026-02-08T08:20:18.359+09:00 [[32minfo[39m]: Execution status updated successfully {
  "service": "tdnet-data-collector",
  "environment": "test",
  "execution_id": "exec_test_s2k8h6",
  "status": "running",
  "progress": 32
}
2026-02-08T08:20:18.359+09:00 [[32minfo[39m]: Updating execution status {
  "service": "tdnet-data-collector",
  "environment": "test",
  "execution_id": "exec_test_s2k8h6",
  "status": "running",
  "progress": 38,
  "collected_count": 0,
  "failed_count": 0
}
2026-02-08T08:20:18.359+09:00 [[32minfo[39m]: Execution status updated successfully {
  "service": "tdnet-data-collector",
  "environment": "test",
  "execution_id": "exec_test_s2k8h6",
  "status": "running",
  "progress": 38
}
2026-02-08T08:20:18.359+09:00 [[32minfo[39m]: Updating execution status {
  "service": "tdnet-data-collector",
  "environment": "test",
  "execution_id": "exec_test_s2k8h6",
  "status": "running",
  "progress": 69,
  "collected_count": 0,
  "failed_count": 0
}
2026-02-08T08:20:18.359+09:00 [[32minfo[39m]: Execution status updated successfully {
  "service": "tdnet-data-collector",
  "environment": "test",
  "execution_id": "exec_test_s2k8h6",
  "status": "running",
  "progress": 69
}
2026-02-08T08:20:18.360+09:00 [[32minfo[39m]: Updating execution status {
  "service": "tdnet-data-collector",
  "environment": "test",
  "execution_id": "exec_test_s2k8h6",
  "status": "running",
  "progress": 84,
  "collected_count": 0,
  "failed_count": 0
}
2026-02-08T08:20:18.360+09:00 [[32minfo[39m]: Execution status updated successfully {
  "service": "tdnet-data-collector",
  "environment": "test",
  "execution_id": "exec_test_s2k8h6",
  "status": "running",
  "progress": 84
}
2026-02-08T08:20:18.360+09:00 [[32minfo[39m]: Updating execution status {
  "service": "tdnet-data-collector",
  "environment": "test",
  "execution_id": "exec_test_s2k8h6",
  "status": "running",
  "progress": 94,
  "collected_count": 0,
  "failed_count": 0
}
2026-02-08T08:20:18.360+09:00 [[32minfo[39m]: Execution status updated successfully {
  "service": "tdnet-data-collector",
  "environment": "test",
  "execution_id": "exec_test_s2k8h6",
  "status": "running",
  "progress": 94
}
2026-02-08T08:20:18.361+09:00 [[32minfo[39m]: Updating execution status {
  "service": "tdnet-data-collector",
  "environment": "test",
  "execution_id": "exec_test_54ubm9",
  "status": "running",
  "progress": 3,
  "collected_count": 0,
  "failed_count": 0
}
2026-02-08T08:20:18.361+09:00 [[32minfo[39m]: Execution status updated successfully {
  "service": "tdnet-data-collector",
  "environment": "test",
  "execution_id": "exec_test_54ubm9",
  "status": "running",
  "progress": 3
}
2026-02-08T08:20:18.361+09:00 [[32minfo[39m]: Updating execution status {
  "service": "tdnet-data-collector",
  "environment": "test",
  "execution_id": "exec_test_54ubm9",
  "status": "running",
  "progress": 5,
  "collected_count": 0,
  "failed_count": 0
}
2026-02-08T08:20:18.362+09:00 [[32minfo[39m]: Execution status updated successfully {
  "service": "tdnet-data-collector",
  "environment": "test",
  "execution_id": "exec_test_54ubm9",
  "status": "running",
  "progress": 5
}
2026-02-08T08:20:18.362+09:00 [[32minfo[39m]: Updating execution status {
  "service": "tdnet-data-collector",
  "environment": "test",
  "execution_id": "exec_test_54ubm9",
  "status": "running",
  "progress": 6,
  "collected_count": 0,
  "failed_count": 0
}
2026-02-08T08:20:18.362+09:00 [[32minfo[39m]: Execution status updated successfully {
  "service": "tdnet-data-collector",
  "environment": "test",
  "execution_id": "exec_test_54ubm9",
  "status": "running",
  "progress": 6
}
2026-02-08T08:20:18.362+09:00 [[32minfo[39m]: Updating execution status {
  "service": "tdnet-data-collector",
  "environment": "test",
  "execution_id": "exec_test_54ubm9",
  "status": "running",
  "progress": 6,
  "collected_count": 0,
  "failed_count": 0
}
2026-02-08T08:20:18.362+09:00 [[32minfo[39m]: Execution status updated successfully {
  "service": "tdnet-data-collector",
  "environment": "test",
  "execution_id": "exec_test_54ubm9",
  "status": "running",
  "progress": 6
}
2026-02-08T08:20:18.362+09:00 [[32minfo[39m]: Updating execution status {
  "service": "tdnet-data-collector",
  "environment": "test",
  "execution_id": "exec_test_54ubm9",
  "status": "running",
  "progress": 45,
  "collected_count": 0,
  "failed_count": 0
}
2026-02-08T08:20:18.362+09:00 [[32minfo[39m]: Execution status updated successfully {
  "service": "tdnet-data-collector",
  "environment": "test",
  "execution_id": "exec_test_54ubm9",
  "status": "running",
  "progress": 45
}
2026-02-08T08:20:18.362+09:00 [[32minfo[39m]: Updating execution status {
  "service": "tdnet-data-collector",
  "environment": "test",
  "execution_id": "exec_test_54ubm9",
  "status": "running",
  "progress": 57,
  "collected_count": 0,
  "failed_count": 0
}
2026-02-08T08:20:18.362+09:00 [[32minfo[39m]: Execution status updated successfully {
  "service": "tdnet-data-collector",
  "environment": "test",
  "execution_id": "exec_test_54ubm9",
  "status": "running",
  "progress": 57
}
2026-02-08T08:20:18.362+09:00 [[32minfo[39m]: Updating execution status {
  "service": "tdnet-data-collector",
  "environment": "test",
  "execution_id": "exec_test_54ubm9",
  "status": "running",
  "progress": 76,
  "collected_count": 0,
  "failed_count": 0
}
2026-02-08T08:20:18.363+09:00 [[32minfo[39m]: Execution status updated successfully {
  "service": "tdnet-data-collector",
  "environment": "test",
  "execution_id": "exec_test_54ubm9",
  "status": "running",
  "progress": 76
}
2026-02-08T08:20:18.364+09:00 [[32minfo[39m]: Updating execution status {
  "service": "tdnet-data-collector",
  "environment": "test",
  "execution_id": "exec_test_w14m3q",
  "status": "running",
  "progress": 1,
  "collected_count": 0,
  "failed_count": 0
}
2026-02-08T08:20:18.364+09:00 [[32minfo[39m]: Execution status updated successfully {
  "service": "tdnet-data-collector",
  "environment": "test",
  "execution_id": "exec_test_w14m3q",
  "status": "running",
  "progress": 1
}
2026-02-08T08:20:18.364+09:00 [[32minfo[39m]: Updating execution status {
  "service": "tdnet-data-collector",
  "environment": "test",
  "execution_id": "exec_test_w14m3q",
  "status": "running",
  "progress": 14,
  "collected_count": 0,
  "failed_count": 0
}
2026-02-08T08:20:18.364+09:00 [[32minfo[39m]: Execution status updated successfully {
  "service": "tdnet-data-collector",
  "environment": "test",
  "execution_id": "exec_test_w14m3q",
  "status": "running",
  "progress": 14
}
2026-02-08T08:20:18.364+09:00 [[32minfo[39m]: Updating execution status {
  "service": "tdnet-data-collector",
  "environment": "test",
  "execution_id": "exec_test_w14m3q",
  "status": "running",
  "progress": 17,
  "collected_count": 0,
  "failed_count": 0
}
2026-02-08T08:20:18.365+09:00 [[32minfo[39m]: Execution status updated successfully {
  "service": "tdnet-data-collector",
  "environment": "test",
  "execution_id": "exec_test_w14m3q",
  "status": "running",
  "progress": 17
}
2026-02-08T08:20:18.365+09:00 [[32minfo[39m]: Updating execution status {
  "service": "tdnet-data-collector",
  "environment": "test",
  "execution_id": "exec_test_w14m3q",
  "status": "running",
  "progress": 20,
  "collected_count": 0,
  "failed_count": 0
}
2026-02-08T08:20:18.365+09:00 [[32minfo[39m]: Execution status updated successfully {
  "service": "tdnet-data-collector",
  "environment": "test",
  "execution_id": "exec_test_w14m3q",
  "status": "running",
  "progress": 20
}
2026-02-08T08:20:18.365+09:00 [[32minfo[39m]: Updating execution status {
  "service": "tdnet-data-collector",
  "environment": "test",
  "execution_id": "exec_test_w14m3q",
  "status": "running",
  "progress": 42,
  "collected_count": 0,
  "failed_count": 0
}
2026-02-08T08:20:18.365+09:00 [[32minfo[39m]: Execution status updated successfully {
  "service": "tdnet-data-collector",
  "environment": "test",
  "execution_id": "exec_test_w14m3q",
  "status": "running",
  "progress": 42
}
2026-02-08T08:20:18.365+09:00 [[32minfo[39m]: Updating execution status {
  "service": "tdnet-data-collector",
  "environment": "test",
  "execution_id": "exec_test_w14m3q",
  "status": "running",
  "progress": 64,
  "collected_count": 0,
  "failed_count": 0
}
2026-02-08T08:20:18.365+09:00 [[32minfo[39m]: Execution status updated successfully {
  "service": "tdnet-data-collector",
  "environment": "test",
  "execution_id": "exec_test_w14m3q",
  "status": "running",
  "progress": 64
}
2026-02-08T08:20:18.366+09:00 [[32minfo[39m]: Updating execution status {
  "service": "tdnet-data-collector",
  "environment": "test",
  "execution_id": "exec_test_b0olj",
  "status": "running",
  "progress": 24,
  "collected_count": 0,
  "failed_count": 0
}
2026-02-08T08:20:18.366+09:00 [[32minfo[39m]: Execution status updated successfully {
  "service": "tdnet-data-collector",
  "environment": "test",
  "execution_id": "exec_test_b0olj",
  "status": "running",
  "progress": 24
}
2026-02-08T08:20:18.366+09:00 [[32minfo[39m]: Updating execution status {
  "service": "tdnet-data-collector",
  "environment": "test",
  "execution_id": "exec_test_b0olj",
  "status": "running",
  "progress": 78,
  "collected_count": 0,
  "failed_count": 0
}
2026-02-08T08:20:18.367+09:00 [[32minfo[39m]: Execution status updated successfully {
  "service": "tdnet-data-collector",
  "environment": "test",
  "execution_id": "exec_test_b0olj",
  "status": "running",
  "progress": 78
}
2026-02-08T08:20:18.367+09:00 [[32minfo[39m]: Updating execution status {
  "service": "tdnet-data-collector",
  "environment": "test",
  "execution_id": "exec_test_b0olj",
  "status": "running",
  "progress": 96,
  "collected_count": 0,
  "failed_count": 0
}
2026-02-08T08:20:18.367+09:00 [[32minfo[39m]: Execution status updated successfully {
  "service": "tdnet-data-collector",
  "environment": "test",
  "execution_id": "exec_test_b0olj",
  "status": "running",
  "progress": 96
}
2026-02-08T08:20:18.368+09:00 [[32minfo[39m]: Updating execution status {
  "service": "tdnet-data-collector",
  "environment": "test",
  "execution_id": "exec_test_qb9n7l",
  "status": "running",
  "progress": 4,
  "collected_count": 0,
  "failed_count": 0
}
2026-02-08T08:20:18.369+09:00 [[32minfo[39m]: Execution status updated successfully {
  "service": "tdnet-data-collector",
  "environment": "test",
  "execution_id": "exec_test_qb9n7l",
  "status": "running",
  "progress": 4
}
2026-02-08T08:20:18.369+09:00 [[32minfo[39m]: Updating execution status {
  "service": "tdnet-data-collector",
  "environment": "test",
  "execution_id": "exec_test_qb9n7l",
  "status": "running",
  "progress": 32,
  "collected_count": 0,
  "failed_count": 0
}
2026-02-08T08:20:18.369+09:00 [[32minfo[39m]: Execution status updated successfully {
  "service": "tdnet-data-collector",
  "environment": "test",
  "execution_id": "exec_test_qb9n7l",
  "status": "running",
  "progress": 32
}
2026-02-08T08:20:18.369+09:00 [[32minfo[39m]: Updating execution status {
  "service": "tdnet-data-collector",
  "environment": "test",
  "execution_id": "exec_test_qb9n7l",
  "status": "running",
  "progress": 79,
  "collected_count": 0,
  "failed_count": 0
}
2026-02-08T08:20:18.369+09:00 [[32minfo[39m]: Execution status updated successfully {
  "service": "tdnet-data-collector",
  "environment": "test",
  "execution_id": "exec_test_qb9n7l",
  "status": "running",
  "progress": 79
}
2026-02-08T08:20:18.369+09:00 [[32minfo[39m]: Updating execution status {
  "service": "tdnet-data-collector",
  "environment": "test",
  "execution_id": "exec_test_qb9n7l",
  "status": "running",
  "progress": 81,
  "collected_count": 0,
  "failed_count": 0
}
2026-02-08T08:20:18.369+09:00 [[32minfo[39m]: Execution status updated successfully {
  "service": "tdnet-data-collector",
  "environment": "test",
  "execution_id": "exec_test_qb9n7l",
  "status": "running",
  "progress": 81
}
2026-02-08T08:20:18.369+09:00 [[32minfo[39m]: Updating execution status {
  "service": "tdnet-data-collector",
  "environment": "test",
  "execution_id": "exec_test_qb9n7l",
  "status": "running",
  "progress": 89,
  "collected_count": 0,
  "failed_count": 0
}
2026-02-08T08:20:18.370+09:00 [[32minfo[39m]: Execution status updated successfully {
  "service": "tdnet-data-collector",
  "environment": "test",
  "execution_id": "exec_test_qb9n7l",
  "status": "running",
  "progress": 89
}
2026-02-08T08:20:18.371+09:00 [[32minfo[39m]: Updating execution status {
  "service": "tdnet-data-collector",
  "environment": "test",
  "execution_id": "exec_test_qb9n7l",
  "status": "running",
  "progress": 94,
  "collected_count": 0,
  "failed_count": 0
}
2026-02-08T08:20:18.371+09:00 [[32minfo[39m]: Execution status updated successfully {
  "service": "tdnet-data-collector",
  "environment": "test",
  "execution_id": "exec_test_qb9n7l",
  "status": "running",
  "progress": 94
}
2026-02-08T08:20:18.371+09:00 [[32minfo[39m]: Updating execution status {
  "service": "tdnet-data-collector",
  "environment": "test",
  "execution_id": "exec_test_qb9n7l",
  "status": "running",
  "progress": 99,
  "collected_count": 0,
  "failed_count": 0
}
2026-02-08T08:20:18.371+09:00 [[32minfo[39m]: Execution status updated successfully {
  "service": "tdnet-data-collector",
  "environment": "test",
  "execution_id": "exec_test_qb9n7l",
  "status": "running",
  "progress": 99
}
2026-02-08T08:20:18.372+09:00 [[32minfo[39m]: Updating execution status {
  "service": "tdnet-data-collector",
  "environment": "test",
  "execution_id": "exec_test_qb9n7l",
  "status": "completed",
  "progress": 100,
  "collected_count": 0,
  "failed_count": 0
}
2026-02-08T08:20:18.372+09:00 [[32minfo[39m]: Execution status updated successfully {
  "service": "tdnet-data-collector",
  "environment": "test",
  "execution_id": "exec_test_qb9n7l",
  "status": "completed",
  "progress": 100
}
2026-02-08T08:20:18.374+09:00 [[32minfo[39m]: Updating execution status {
  "service": "tdnet-data-collector",
  "environment": "test",
  "execution_id": "exec_test_xwxdkf",
  "status": "running",
  "progress": 5,
  "collected_count": 0,
  "failed_count": 0
}
2026-02-08T08:20:18.374+09:00 [[32minfo[39m]: Execution status updated successfully {
  "service": "tdnet-data-collector",
  "environment": "test",
  "execution_id": "exec_test_xwxdkf",
  "status": "running",
  "progress": 5
}
2026-02-08T08:20:18.374+09:00 [[32minfo[39m]: Updating execution status {
  "service": "tdnet-data-collector",
  "environment": "test",
  "execution_id": "exec_test_xwxdkf",
  "status": "running",
  "progress": 16,
  "collected_count": 0,
  "failed_count": 0
}
2026-02-08T08:20:18.374+09:00 [[32minfo[39m]: Execution status updated successfully {
  "service": "tdnet-data-collector",
  "environment": "test",
  "execution_id": "exec_test_xwxdkf",
  "status": "running",
  "progress": 16
}
2026-02-08T08:20:18.374+09:00 [[32minfo[39m]: Updating execution status {
  "service": "tdnet-data-collector",
  "environment": "test",
  "execution_id": "exec_test_xwxdkf",
  "status": "running",
  "progress": 19,
  "collected_count": 0,
  "failed_count": 0
}
2026-02-08T08:20:18.374+09:00 [[32minfo[39m]: Execution status updated successfully {
  "service": "tdnet-data-collector",
  "environment": "test",
  "execution_id": "exec_test_xwxdkf",
  "status": "running",
  "progress": 19
}
2026-02-08T08:20:18.375+09:00 [[32minfo[39m]: Updating execution status {
  "service": "tdnet-data-collector",
  "environment": "test",
  "execution_id": "exec_test_xwxdkf",
  "status": "running",
  "progress": 19,
  "collected_count": 0,
  "failed_count": 0
}
2026-02-08T08:20:18.375+09:00 [[32minfo[39m]: Execution status updated successfully {
  "service": "tdnet-data-collector",
  "environment": "test",
  "execution_id": "exec_test_xwxdkf",
  "status": "running",
  "progress": 19
}
2026-02-08T08:20:18.375+09:00 [[32minfo[39m]: Updating execution status {
  "service": "tdnet-data-collector",
  "environment": "test",
  "execution_id": "exec_test_xwxdkf",
  "status": "running",
  "progress": 40,
  "collected_count": 0,
  "failed_count": 0
}
2026-02-08T08:20:18.375+09:00 [[32minfo[39m]: Execution status updated successfully {
  "service": "tdnet-data-collector",
  "environment": "test",
  "execution_id": "exec_test_xwxdkf",
  "status": "running",
  "progress": 40
}
2026-02-08T08:20:18.375+09:00 [[32minfo[39m]: Updating execution status {
  "service": "tdnet-data-collector",
  "environment": "test",
  "execution_id": "exec_test_xwxdkf",
  "status": "running",
  "progress": 41,
  "collected_count": 0,
  "failed_count": 0
}
2026-02-08T08:20:18.375+09:00 [[32minfo[39m]: Execution status updated successfully {
  "service": "tdnet-data-collector",
  "environment": "test",
  "execution_id": "exec_test_xwxdkf",
  "status": "running",
  "progress": 41
}
2026-02-08T08:20:18.375+09:00 [[32minfo[39m]: Updating execution status {
  "service": "tdnet-data-collector",
  "environment": "test",
  "execution_id": "exec_test_xwxdkf",
  "status": "running",
  "progress": 42,
  "collected_count": 0,
  "failed_count": 0
}
2026-02-08T08:20:18.375+09:00 [[32minfo[39m]: Execution status updated successfully {
  "service": "tdnet-data-collector",
  "environment": "test",
  "execution_id": "exec_test_xwxdkf",
  "status": "running",
  "progress": 42
}
2026-02-08T08:20:18.375+09:00 [[32minfo[39m]: Updating execution status {
  "service": "tdnet-data-collector",
  "environment": "test",
  "execution_id": "exec_test_xwxdkf",
  "status": "running",
  "progress": 52,
  "collected_count": 0,
  "failed_count": 0
}
2026-02-08T08:20:18.376+09:00 [[32minfo[39m]: Execution status updated successfully {
  "service": "tdnet-data-collector",
  "environment": "test",
  "execution_id": "exec_test_xwxdkf",
  "status": "running",
  "progress": 52
}
2026-02-08T08:20:18.377+09:00 [[32minfo[39m]: Updating execution status {
  "service": "tdnet-data-collector",
  "environment": "test",
  "execution_id": "exec_test_pqrif",
  "status": "running",
  "progress": 2,
  "collected_count": 0,
  "failed_count": 0
}
2026-02-08T08:20:18.377+09:00 [[32minfo[39m]: Execution status updated successfully {
  "service": "tdnet-data-collector",
  "environment": "test",
  "execution_id": "exec_test_pqrif",
  "status": "running",
  "progress": 2
}
2026-02-08T08:20:18.377+09:00 [[32minfo[39m]: Updating execution status {
  "service": "tdnet-data-collector",
  "environment": "test",
  "execution_id": "exec_test_pqrif",
  "status": "running",
  "progress": 18,
  "collected_count": 0,
  "failed_count": 0
}
2026-02-08T08:20:18.377+09:00 [[32minfo[39m]: Execution status updated successfully {
  "service": "tdnet-data-collector",
  "environment": "test",
  "execution_id": "exec_test_pqrif",
  "status": "running",
  "progress": 18
}
2026-02-08T08:20:18.377+09:00 [[32minfo[39m]: Updating execution status {
  "service": "tdnet-data-collector",
  "environment": "test",
  "execution_id": "exec_test_pqrif",
  "status": "running",
  "progress": 51,
  "collected_count": 0,
  "failed_count": 0
}
2026-02-08T08:20:18.377+09:00 [[32minfo[39m]: Execution status updated successfully {
  "service": "tdnet-data-collector",
  "environment": "test",
  "execution_id": "exec_test_pqrif",
  "status": "running",
  "progress": 51
}
2026-02-08T08:20:18.378+09:00 [[32minfo[39m]: Updating execution status {
  "service": "tdnet-data-collector",
  "environment": "test",
  "execution_id": "exec_test_pqrif",
  "status": "running",
  "progress": 69,
  "collected_count": 0,
  "failed_count": 0
}
2026-02-08T08:20:18.378+09:00 [[32minfo[39m]: Execution status updated successfully {
  "service": "tdnet-data-collector",
  "environment": "test",
  "execution_id": "exec_test_pqrif",
  "status": "running",
  "progress": 69
}
2026-02-08T08:20:18.378+09:00 [[32minfo[39m]: Updating execution status {
  "service": "tdnet-data-collector",
  "environment": "test",
  "execution_id": "exec_test_pqrif",
  "status": "running",
  "progress": 89,
  "collected_count": 0,
  "failed_count": 0
}
2026-02-08T08:20:18.378+09:00 [[32minfo[39m]: Execution status updated successfully {
  "service": "tdnet-data-collector",
  "environment": "test",
  "execution_id": "exec_test_pqrif",
  "status": "running",
  "progress": 89
}
2026-02-08T08:20:18.378+09:00 [[32minfo[39m]: Updating execution status {
  "service": "tdnet-data-collector",
  "environment": "test",
  "execution_id": "exec_test_pqrif",
  "status": "running",
  "progress": 92,
  "collected_count": 0,
  "failed_count": 0
}
2026-02-08T08:20:18.378+09:00 [[32minfo[39m]: Execution status updated successfully {
  "service": "tdnet-data-collector",
  "environment": "test",
  "execution_id": "exec_test_pqrif",
  "status": "running",
  "progress": 92
}
2026-02-08T08:20:18.378+09:00 [[32minfo[39m]: Updating execution status {
  "service": "tdnet-data-collector",
  "environment": "test",
  "execution_id": "exec_test_pqrif",
  "status": "running",
  "progress": 98,
  "collected_count": 0,
  "failed_count": 0
}
2026-02-08T08:20:18.379+09:00 [[32minfo[39m]: Execution status updated successfully {
  "service": "tdnet-data-collector",
  "environment": "test",
  "execution_id": "exec_test_pqrif",
  "status": "running",
  "progress": 98
}
2026-02-08T08:20:18.380+09:00 [[32minfo[39m]: Updating execution status {
  "service": "tdnet-data-collector",
  "environment": "test",
  "execution_id": "exec_test_euf818",
  "status": "running",
  "progress": 17,
  "collected_count": 0,
  "failed_count": 0
}
2026-02-08T08:20:18.380+09:00 [[32minfo[39m]: Execution status updated successfully {
  "service": "tdnet-data-collector",
  "environment": "test",
  "execution_id": "exec_test_euf818",
  "status": "running",
  "progress": 17
}
2026-02-08T08:20:18.380+09:00 [[32minfo[39m]: Updating execution status {
  "service": "tdnet-data-collector",
  "environment": "test",
  "execution_id": "exec_test_euf818",
  "status": "running",
  "progress": 38,
  "collected_count": 0,
  "failed_count": 0
}
2026-02-08T08:20:18.381+09:00 [[32minfo[39m]: Execution status updated successfully {
  "service": "tdnet-data-collector",
  "environment": "test",
  "execution_id": "exec_test_euf818",
  "status": "running",
  "progress": 38
}
2026-02-08T08:20:18.382+09:00 [[32minfo[39m]: Updating execution status {
  "service": "tdnet-data-collector",
  "environment": "test",
  "execution_id": "exec_test_ur5p6",
  "status": "running",
  "progress": 37,
  "collected_count": 0,
  "failed_count": 0
}
2026-02-08T08:20:18.382+09:00 [[32minfo[39m]: Execution status updated successfully {
  "service": "tdnet-data-collector",
  "environment": "test",
  "execution_id": "exec_test_ur5p6",
  "status": "running",
  "progress": 37
}
2026-02-08T08:20:18.382+09:00 [[32minfo[39m]: Updating execution status {
  "service": "tdnet-data-collector",
  "environment": "test",
  "execution_id": "exec_test_ur5p6",
  "status": "running",
  "progress": 62,
  "collected_count": 0,
  "failed_count": 0
}
2026-02-08T08:20:18.383+09:00 [[32minfo[39m]: Execution status updated successfully {
  "service": "tdnet-data-collector",
  "environment": "test",
  "execution_id": "exec_test_ur5p6",
  "status": "running",
  "progress": 62
}
2026-02-08T08:20:18.383+09:00 [[32minfo[39m]: Updating execution status {
  "service": "tdnet-data-collector",
  "environment": "test",
  "execution_id": "exec_test_ur5p6",
  "status": "running",
  "progress": 64,
  "collected_count": 0,
  "failed_count": 0
}
2026-02-08T08:20:18.383+09:00 [[32minfo[39m]: Execution status updated successfully {
  "service": "tdnet-data-collector",
  "environment": "test",
  "execution_id": "exec_test_ur5p6",
  "status": "running",
  "progress": 64
}
2026-02-08T08:20:18.383+09:00 [[32minfo[39m]: Updating execution status {
  "service": "tdnet-data-collector",
  "environment": "test",
  "execution_id": "exec_test_ur5p6",
  "status": "running",
  "progress": 70,
  "collected_count": 0,
  "failed_count": 0
}
2026-02-08T08:20:18.384+09:00 [[32minfo[39m]: Execution status updated successfully {
  "service": "tdnet-data-collector",
  "environment": "test",
  "execution_id": "exec_test_ur5p6",
  "status": "running",
  "progress": 70
}
2026-02-08T08:20:18.384+09:00 [[32minfo[39m]: Updating execution status {
  "service": "tdnet-data-collector",
  "environment": "test",
  "execution_id": "exec_test_ur5p6",
  "status": "running",
  "progress": 90,
  "collected_count": 0,
  "failed_count": 0
}
2026-02-08T08:20:18.384+09:00 [[32minfo[39m]: Execution status updated successfully {
  "service": "tdnet-data-collector",
  "environment": "test",
  "execution_id": "exec_test_ur5p6",
  "status": "running",
  "progress": 90
}
2026-02-08T08:20:18.384+09:00 [[32minfo[39m]: Updating execution status {
  "service": "tdnet-data-collector",
  "environment": "test",
  "execution_id": "exec_test_ur5p6",
  "status": "completed",
  "progress": 100,
  "collected_count": 0,
  "failed_count": 0
}
2026-02-08T08:20:18.385+09:00 [[32minfo[39m]: Execution status updated successfully {
  "service": "tdnet-data-collector",
  "environment": "test",
  "execution_id": "exec_test_ur5p6",
  "status": "completed",
  "progress": 100
}
2026-02-08T08:20:18.386+09:00 [[32minfo[39m]: Updating execution status {
  "service": "tdnet-data-collector",
  "environment": "test",
  "execution_id": "exec_test_qgu41g",
  "status": "running",
  "progress": 4,
  "collected_count": 0,
  "failed_count": 0
}
2026-02-08T08:20:18.386+09:00 [[32minfo[39m]: Execution status updated successfully {
  "service": "tdnet-data-collector",
  "environment": "test",
  "execution_id": "exec_test_qgu41g",
  "status": "running",
  "progress": 4
}
2026-02-08T08:20:18.386+09:00 [[32minfo[39m]: Updating execution status {
  "service": "tdnet-data-collector",
  "environment": "test",
  "execution_id": "exec_test_qgu41g",
  "status": "running",
  "progress": 94,
  "collected_count": 0,
  "failed_count": 0
}
2026-02-08T08:20:18.386+09:00 [[32minfo[39m]: Execution status updated successfully {
  "service": "tdnet-data-collector",
  "environment": "test",
  "execution_id": "exec_test_qgu41g",
  "status": "running",
  "progress": 94
}
2026-02-08T08:20:18.388+09:00 [[32minfo[39m]: Updating execution status {
  "service": "tdnet-data-collector",
  "environment": "test",
  "execution_id": "exec_test_4arxfs",
  "status": "running",
  "progress": 27,
  "collected_count": 0,
  "failed_count": 0
}
2026-02-08T08:20:18.404+09:00 [[32minfo[39m]: Execution status updated successfully {
  "service": "tdnet-data-collector",
  "environment": "test",
  "execution_id": "exec_test_4arxfs",
  "status": "running",
  "progress": 27
}
2026-02-08T08:20:18.404+09:00 [[32minfo[39m]: Updating execution status {
  "service": "tdnet-data-collector",
  "environment": "test",
  "execution_id": "exec_test_4arxfs",
  "status": "running",
  "progress": 80,
  "collected_count": 0,
  "failed_count": 0
}
2026-02-08T08:20:18.405+09:00 [[32minfo[39m]: Execution status updated successfully {
  "service": "tdnet-data-collector",
  "environment": "test",
  "execution_id": "exec_test_4arxfs",
  "status": "running",
  "progress": 80
}
2026-02-08T08:20:18.405+09:00 [[32minfo[39m]: Updating execution status {
  "service": "tdnet-data-collector",
  "environment": "test",
  "execution_id": "exec_test_4arxfs",
  "status": "running",
  "progress": 84,
  "collected_count": 0,
  "failed_count": 0
}
2026-02-08T08:20:18.405+09:00 [[32minfo[39m]: Execution status updated successfully {
  "service": "tdnet-data-collector",
  "environment": "test",
  "execution_id": "exec_test_4arxfs",
  "status": "running",
  "progress": 84
}
2026-02-08T08:20:18.406+09:00 [[32minfo[39m]: Updating execution status {
  "service": "tdnet-data-collector",
  "environment": "test",
  "execution_id": "exec_test_k1yvup",
  "status": "running",
  "progress": 2,
  "collected_count": 0,
  "failed_count": 0
}
2026-02-08T08:20:18.406+09:00 [[32minfo[39m]: Execution status updated successfully {
  "service": "tdnet-data-collector",
  "environment": "test",
  "execution_id": "exec_test_k1yvup",
  "status": "running",
  "progress": 2
}
2026-02-08T08:20:18.406+09:00 [[32minfo[39m]: Updating execution status {
  "service": "tdnet-data-collector",
  "environment": "test",
  "execution_id": "exec_test_k1yvup",
  "status": "running",
  "progress": 10,
  "collected_count": 0,
  "failed_count": 0
}
2026-02-08T08:20:18.407+09:00 [[32minfo[39m]: Execution status updated successfully {
  "service": "tdnet-data-collector",
  "environment": "test",
  "execution_id": "exec_test_k1yvup",
  "status": "running",
  "progress": 10
}
2026-02-08T08:20:18.407+09:00 [[32minfo[39m]: Updating execution status {
  "service": "tdnet-data-collector",
  "environment": "test",
  "execution_id": "exec_test_k1yvup",
  "status": "running",
  "progress": 24,
  "collected_count": 0,
  "failed_count": 0
}
2026-02-08T08:20:18.407+09:00 [[32minfo[39m]: Execution status updated successfully {
  "service": "tdnet-data-collector",
  "environment": "test",
  "execution_id": "exec_test_k1yvup",
  "status": "running",
  "progress": 24
}
2026-02-08T08:20:18.407+09:00 [[32minfo[39m]: Updating execution status {
  "service": "tdnet-data-collector",
  "environment": "test",
  "execution_id": "exec_test_k1yvup",
  "status": "running",
  "progress": 25,
  "collected_count": 0,
  "failed_count": 0
}
2026-02-08T08:20:18.407+09:00 [[32minfo[39m]: Execution status updated successfully {
  "service": "tdnet-data-collector",
  "environment": "test",
  "execution_id": "exec_test_k1yvup",
  "status": "running",
  "progress": 25
}
2026-02-08T08:20:18.407+09:00 [[32minfo[39m]: Updating execution status {
  "service": "tdnet-data-collector",
  "environment": "test",
  "execution_id": "exec_test_k1yvup",
  "status": "running",
  "progress": 58,
  "collected_count": 0,
  "failed_count": 0
}
2026-02-08T08:20:18.407+09:00 [[32minfo[39m]: Execution status updated successfully {
  "service": "tdnet-data-collector",
  "environment": "test",
  "execution_id": "exec_test_k1yvup",
  "status": "running",
  "progress": 58
}
2026-02-08T08:20:18.407+09:00 [[32minfo[39m]: Updating execution status {
  "service": "tdnet-data-collector",
  "environment": "test",
  "execution_id": "exec_test_k1yvup",
  "status": "running",
  "progress": 62,
  "collected_count": 0,
  "failed_count": 0
}
2026-02-08T08:20:18.408+09:00 [[32minfo[39m]: Execution status updated successfully {
  "service": "tdnet-data-collector",
  "environment": "test",
  "execution_id": "exec_test_k1yvup",
  "status": "running",
  "progress": 62
}
2026-02-08T08:20:18.408+09:00 [[32minfo[39m]: Updating execution status {
  "service": "tdnet-data-collector",
  "environment": "test",
  "execution_id": "exec_test_k1yvup",
  "status": "running",
  "progress": 63,
  "collected_count": 0,
  "failed_count": 0
}
2026-02-08T08:20:18.408+09:00 [[32minfo[39m]: Execution status updated successfully {
  "service": "tdnet-data-collector",
  "environment": "test",
  "execution_id": "exec_test_k1yvup",
  "status": "running",
  "progress": 63
}
2026-02-08T08:20:18.408+09:00 [[32minfo[39m]: Updating execution status {
  "service": "tdnet-data-collector",
  "environment": "test",
  "execution_id": "exec_test_k1yvup",
  "status": "running",
  "progress": 71,
  "collected_count": 0,
  "failed_count": 0
}
2026-02-08T08:20:18.408+09:00 [[32minfo[39m]: Execution status updated successfully {
  "service": "tdnet-data-collector",
  "environment": "test",
  "execution_id": "exec_test_k1yvup",
  "status": "running",
  "progress": 71
}
2026-02-08T08:20:18.408+09:00 [[32minfo[39m]: Updating execution status {
  "service": "tdnet-data-collector",
  "environment": "test",
  "execution_id": "exec_test_k1yvup",
  "status": "running",
  "progress": 83,
  "collected_count": 0,
  "failed_count": 0
}
2026-02-08T08:20:18.408+09:00 [[32minfo[39m]: Execution status updated successfully {
  "service": "tdnet-data-collector",
  "environment": "test",
  "execution_id": "exec_test_k1yvup",
  "status": "running",
  "progress": 83
}
2026-02-08T08:20:18.408+09:00 [[32minfo[39m]: Updating execution status {
  "service": "tdnet-data-collector",
  "environment": "test",
  "execution_id": "exec_test_k1yvup",
  "status": "completed",
  "progress": 100,
  "collected_count": 0,
  "failed_count": 0
}
2026-02-08T08:20:18.409+09:00 [[32minfo[39m]: Execution status updated successfully {
  "service": "tdnet-data-collector",
  "environment": "test",
  "execution_id": "exec_test_k1yvup",
  "status": "completed",
  "progress": 100
}
2026-02-08T08:20:18.410+09:00 [[32minfo[39m]: Updating execution status {
  "service": "tdnet-data-collector",
  "environment": "test",
  "execution_id": "exec_test_cv7ehp",
  "status": "running",
  "progress": 4,
  "collected_count": 0,
  "failed_count": 0
}
2026-02-08T08:20:18.410+09:00 [[32minfo[39m]: Execution status updated successfully {
  "service": "tdnet-data-collector",
  "environment": "test",
  "execution_id": "exec_test_cv7ehp",
  "status": "running",
  "progress": 4
}
2026-02-08T08:20:18.410+09:00 [[32minfo[39m]: Updating execution status {
  "service": "tdnet-data-collector",
  "environment": "test",
  "execution_id": "exec_test_cv7ehp",
  "status": "running",
  "progress": 6,
  "collected_count": 0,
  "failed_count": 0
}
2026-02-08T08:20:18.410+09:00 [[32minfo[39m]: Execution status updated successfully {
  "service": "tdnet-data-collector",
  "environment": "test",
  "execution_id": "exec_test_cv7ehp",
  "status": "running",
  "progress": 6
}
2026-02-08T08:20:18.410+09:00 [[32minfo[39m]: Updating execution status {
  "service": "tdnet-data-collector",
  "environment": "test",
  "execution_id": "exec_test_cv7ehp",
  "status": "running",
  "progress": 15,
  "collected_count": 0,
  "failed_count": 0
}
2026-02-08T08:20:18.411+09:00 [[32minfo[39m]: Execution status updated successfully {
  "service": "tdnet-data-collector",
  "environment": "test",
  "execution_id": "exec_test_cv7ehp",
  "status": "running",
  "progress": 15
}
2026-02-08T08:20:18.411+09:00 [[32minfo[39m]: Updating execution status {
  "service": "tdnet-data-collector",
  "environment": "test",
  "execution_id": "exec_test_cv7ehp",
  "status": "running",
  "progress": 15,
  "collected_count": 0,
  "failed_count": 0
}
2026-02-08T08:20:18.411+09:00 [[32minfo[39m]: Execution status updated successfully {
  "service": "tdnet-data-collector",
  "environment": "test",
  "execution_id": "exec_test_cv7ehp",
  "status": "running",
  "progress": 15
}
2026-02-08T08:20:18.411+09:00 [[32minfo[39m]: Updating execution status {
  "service": "tdnet-data-collector",
  "environment": "test",
  "execution_id": "exec_test_cv7ehp",
  "status": "running",
  "progress": 29,
  "collected_count": 0,
  "failed_count": 0
}
2026-02-08T08:20:18.411+09:00 [[32minfo[39m]: Execution status updated successfully {
  "service": "tdnet-data-collector",
  "environment": "test",
  "execution_id": "exec_test_cv7ehp",
  "status": "running",
  "progress": 29
}
2026-02-08T08:20:18.411+09:00 [[32minfo[39m]: Updating execution status {
  "service": "tdnet-data-collector",
  "environment": "test",
  "execution_id": "exec_test_cv7ehp",
  "status": "running",
  "progress": 48,
  "collected_count": 0,
  "failed_count": 0
}
2026-02-08T08:20:18.411+09:00 [[32minfo[39m]: Execution status updated successfully {
  "service": "tdnet-data-collector",
  "environment": "test",
  "execution_id": "exec_test_cv7ehp",
  "status": "running",
  "progress": 48
}
2026-02-08T08:20:18.411+09:00 [[32minfo[39m]: Updating execution status {
  "service": "tdnet-data-collector",
  "environment": "test",
  "execution_id": "exec_test_cv7ehp",
  "status": "running",
  "progress": 61,
  "collected_count": 0,
  "failed_count": 0
}
2026-02-08T08:20:18.411+09:00 [[32minfo[39m]: Execution status updated successfully {
  "service": "tdnet-data-collector",
  "environment": "test",
  "execution_id": "exec_test_cv7ehp",
  "status": "running",
  "progress": 61
}
2026-02-08T08:20:18.411+09:00 [[32minfo[39m]: Updating execution status {
  "service": "tdnet-data-collector",
  "environment": "test",
  "execution_id": "exec_test_cv7ehp",
  "status": "completed",
  "progress": 100,
  "collected_count": 0,
  "failed_count": 0
}
2026-02-08T08:20:18.412+09:00 [[32minfo[39m]: Execution status updated successfully {
  "service": "tdnet-data-collector",
  "environment": "test",
  "execution_id": "exec_test_cv7ehp",
  "status": "completed",
  "progress": 100
}
2026-02-08T08:20:18.412+09:00 [[32minfo[39m]: Updating execution status {
  "service": "tdnet-data-collector",
  "environment": "test",
  "execution_id": "exec_test_rx46vu",
  "status": "running",
  "progress": 36,
  "collected_count": 0,
  "failed_count": 0
}
2026-02-08T08:20:18.413+09:00 [[32minfo[39m]: Execution status updated successfully {
  "service": "tdnet-data-collector",
  "environment": "test",
  "execution_id": "exec_test_rx46vu",
  "status": "running",
  "progress": 36
}
2026-02-08T08:20:18.413+09:00 [[32minfo[39m]: Updating execution status {
  "service": "tdnet-data-collector",
  "environment": "test",
  "execution_id": "exec_test_rx46vu",
  "status": "running",
  "progress": 41,
  "collected_count": 0,
  "failed_count": 0
}
2026-02-08T08:20:18.413+09:00 [[32minfo[39m]: Execution status updated successfully {
  "service": "tdnet-data-collector",
  "environment": "test",
  "execution_id": "exec_test_rx46vu",
  "status": "running",
  "progress": 41
}
2026-02-08T08:20:18.413+09:00 [[32minfo[39m]: Updating execution status {
  "service": "tdnet-data-collector",
  "environment": "test",
  "execution_id": "exec_test_rx46vu",
  "status": "running",
  "progress": 47,
  "collected_count": 0,
  "failed_count": 0
}
2026-02-08T08:20:18.413+09:00 [[32minfo[39m]: Execution status updated successfully {
  "service": "tdnet-data-collector",
  "environment": "test",
  "execution_id": "exec_test_rx46vu",
  "status": "running",
  "progress": 47
}
2026-02-08T08:20:18.413+09:00 [[32minfo[39m]: Updating execution status {
  "service": "tdnet-data-collector",
  "environment": "test",
  "execution_id": "exec_test_rx46vu",
  "status": "running",
  "progress": 52,
  "collected_count": 0,
  "failed_count": 0
}
2026-02-08T08:20:18.413+09:00 [[32minfo[39m]: Execution status updated successfully {
  "service": "tdnet-data-collector",
  "environment": "test",
  "execution_id": "exec_test_rx46vu",
  "status": "running",
  "progress": 52
}
2026-02-08T08:20:18.413+09:00 [[32minfo[39m]: Updating execution status {
  "service": "tdnet-data-collector",
  "environment": "test",
  "execution_id": "exec_test_rx46vu",
  "status": "running",
  "progress": 54,
  "collected_count": 0,
  "failed_count": 0
}
2026-02-08T08:20:18.413+09:00 [[32minfo[39m]: Execution status updated successfully {
  "service": "tdnet-data-collector",
  "environment": "test",
  "execution_id": "exec_test_rx46vu",
  "status": "running",
  "progress": 54
}
2026-02-08T08:20:18.413+09:00 [[32minfo[39m]: Updating execution status {
  "service": "tdnet-data-collector",
  "environment": "test",
  "execution_id": "exec_test_rx46vu",
  "status": "running",
  "progress": 73,
  "collected_count": 0,
  "failed_count": 0
}
2026-02-08T08:20:18.414+09:00 [[32minfo[39m]: Execution status updated successfully {
  "service": "tdnet-data-collector",
  "environment": "test",
  "execution_id": "exec_test_rx46vu",
  "status": "running",
  "progress": 73
}
2026-02-08T08:20:18.414+09:00 [[32minfo[39m]: Updating execution status {
  "service": "tdnet-data-collector",
  "environment": "test",
  "execution_id": "exec_test_rx46vu",
  "status": "running",
  "progress": 75,
  "collected_count": 0,
  "failed_count": 0
}
2026-02-08T08:20:18.414+09:00 [[32minfo[39m]: Execution status updated successfully {
  "service": "tdnet-data-collector",
  "environment": "test",
  "execution_id": "exec_test_rx46vu",
  "status": "running",
  "progress": 75
}
2026-02-08T08:20:18.414+09:00 [[32minfo[39m]: Updating execution status {
  "service": "tdnet-data-collector",
  "environment": "test",
  "execution_id": "exec_test_rx46vu",
  "status": "running",
  "progress": 76,
  "collected_count": 0,
  "failed_count": 0
}
2026-02-08T08:20:18.414+09:00 [[32minfo[39m]: Execution status updated successfully {
  "service": "tdnet-data-collector",
  "environment": "test",
  "execution_id": "exec_test_rx46vu",
  "status": "running",
  "progress": 76
}
2026-02-08T08:20:18.414+09:00 [[32minfo[39m]: Updating execution status {
  "service": "tdnet-data-collector",
  "environment": "test",
  "execution_id": "exec_test_rx46vu",
  "status": "running",
  "progress": 89,
  "collected_count": 0,
  "failed_count": 0
}
2026-02-08T08:20:18.414+09:00 [[32minfo[39m]: Execution status updated successfully {
  "service": "tdnet-data-collector",
  "environment": "test",
  "execution_id": "exec_test_rx46vu",
  "status": "running",
  "progress": 89
}
2026-02-08T08:20:18.414+09:00 [[32minfo[39m]: Updating execution status {
  "service": "tdnet-data-collector",
  "environment": "test",
  "execution_id": "exec_test_rx46vu",
  "status": "running",
  "progress": 98,
  "collected_count": 0,
  "failed_count": 0
}
2026-02-08T08:20:18.414+09:00 [[32minfo[39m]: Execution status updated successfully {
  "service": "tdnet-data-collector",
  "environment": "test",
  "execution_id": "exec_test_rx46vu",
  "status": "running",
  "progress": 98
}
2026-02-08T08:20:18.415+09:00 [[32minfo[39m]: Updating execution status {
  "service": "tdnet-data-collector",
  "environment": "test",
  "execution_id": "exec_test_auh197",
  "status": "running",
  "progress": 25,
  "collected_count": 0,
  "failed_count": 0
}
2026-02-08T08:20:18.416+09:00 [[32minfo[39m]: Execution status updated successfully {
  "service": "tdnet-data-collector",
  "environment": "test",
  "execution_id": "exec_test_auh197",
  "status": "running",
  "progress": 25
}
2026-02-08T08:20:18.416+09:00 [[32minfo[39m]: Updating execution status {
  "service": "tdnet-data-collector",
  "environment": "test",
  "execution_id": "exec_test_auh197",
  "status": "running",
  "progress": 31,
  "collected_count": 0,
  "failed_count": 0
}
2026-02-08T08:20:18.416+09:00 [[32minfo[39m]: Execution status updated successfully {
  "service": "tdnet-data-collector",
  "environment": "test",
  "execution_id": "exec_test_auh197",
  "status": "running",
  "progress": 31
}
2026-02-08T08:20:18.416+09:00 [[32minfo[39m]: Updating execution status {
  "service": "tdnet-data-collector",
  "environment": "test",
  "execution_id": "exec_test_auh197",
  "status": "running",
  "progress": 39,
  "collected_count": 0,
  "failed_count": 0
}
2026-02-08T08:20:18.416+09:00 [[32minfo[39m]: Execution status updated successfully {
  "service": "tdnet-data-collector",
  "environment": "test",
  "execution_id": "exec_test_auh197",
  "status": "running",
  "progress": 39
}
2026-02-08T08:20:18.416+09:00 [[32minfo[39m]: Updating execution status {
  "service": "tdnet-data-collector",
  "environment": "test",
  "execution_id": "exec_test_auh197",
  "status": "running",
  "progress": 90,
  "collected_count": 0,
  "failed_count": 0
}
2026-02-08T08:20:18.416+09:00 [[32minfo[39m]: Execution status updated successfully {
  "service": "tdnet-data-collector",
  "environment": "test",
  "execution_id": "exec_test_auh197",
  "status": "running",
  "progress": 90
}
2026-02-08T08:20:18.416+09:00 [[32minfo[39m]: Updating execution status {
  "service": "tdnet-data-collector",
  "environment": "test",
  "execution_id": "exec_test_auh197",
  "status": "running",
  "progress": 92,
  "collected_count": 0,
  "failed_count": 0
}
2026-02-08T08:20:18.416+09:00 [[32minfo[39m]: Execution status updated successfully {
  "service": "tdnet-data-collector",
  "environment": "test",
  "execution_id": "exec_test_auh197",
  "status": "running",
  "progress": 92
}
2026-02-08T08:20:18.416+09:00 [[32minfo[39m]: Updating execution status {
  "service": "tdnet-data-collector",
  "environment": "test",
  "execution_id": "exec_test_auh197",
  "status": "running",
  "progress": 93,
  "collected_count": 0,
  "failed_count": 0
}
2026-02-08T08:20:18.417+09:00 [[32minfo[39m]: Execution status updated successfully {
  "service": "tdnet-data-collector",
  "environment": "test",
  "execution_id": "exec_test_auh197",
  "status": "running",
  "progress": 93
}
2026-02-08T08:20:18.417+09:00 [[32minfo[39m]: Updating execution status {
  "service": "tdnet-data-collector",
  "environment": "test",
  "execution_id": "exec_test_auh197",
  "status": "running",
  "progress": 93,
  "collected_count": 0,
  "failed_count": 0
}
2026-02-08T08:20:18.417+09:00 [[32minfo[39m]: Execution status updated successfully {
  "service": "tdnet-data-collector",
  "environment": "test",
  "execution_id": "exec_test_auh197",
  "status": "running",
  "progress": 93
}
2026-02-08T08:20:18.418+09:00 [[32minfo[39m]: Updating execution status {
  "service": "tdnet-data-collector",
  "environment": "test",
  "execution_id": "exec_test_08fgtp",
  "status": "running",
  "progress": 49,
  "collected_count": 0,
  "failed_count": 0
}
2026-02-08T08:20:18.418+09:00 [[32minfo[39m]: Execution status updated successfully {
  "service": "tdnet-data-collector",
  "environment": "test",
  "execution_id": "exec_test_08fgtp",
  "status": "running",
  "progress": 49
}
2026-02-08T08:20:18.418+09:00 [[32minfo[39m]: Updating execution status {
  "service": "tdnet-data-collector",
  "environment": "test",
  "execution_id": "exec_test_08fgtp",
  "status": "running",
  "progress": 96,
  "collected_count": 0,
  "failed_count": 0
}
2026-02-08T08:20:18.418+09:00 [[32minfo[39m]: Execution status updated successfully {
  "service": "tdnet-data-collector",
  "environment": "test",
  "execution_id": "exec_test_08fgtp",
  "status": "running",
  "progress": 96
}
2026-02-08T08:20:18.419+09:00 [[32minfo[39m]: Updating execution status {
  "service": "tdnet-data-collector",
  "environment": "test",
  "execution_id": "exec_test_b7yws9a",
  "status": "running",
  "progress": 6,
  "collected_count": 0,
  "failed_count": 0
}
2026-02-08T08:20:18.419+09:00 [[32minfo[39m]: Execution status updated successfully {
  "service": "tdnet-data-collector",
  "environment": "test",
  "execution_id": "exec_test_b7yws9a",
  "status": "running",
  "progress": 6
}
2026-02-08T08:20:18.419+09:00 [[32minfo[39m]: Updating execution status {
  "service": "tdnet-data-collector",
  "environment": "test",
  "execution_id": "exec_test_b7yws9a",
  "status": "running",
  "progress": 18,
  "collected_count": 0,
  "failed_count": 0
}
2026-02-08T08:20:18.419+09:00 [[32minfo[39m]: Execution status updated successfully {
  "service": "tdnet-data-collector",
  "environment": "test",
  "execution_id": "exec_test_b7yws9a",
  "status": "running",
  "progress": 18
}
2026-02-08T08:20:18.419+09:00 [[32minfo[39m]: Updating execution status {
  "service": "tdnet-data-collector",
  "environment": "test",
  "execution_id": "exec_test_b7yws9a",
  "status": "running",
  "progress": 40,
  "collected_count": 0,
  "failed_count": 0
}
2026-02-08T08:20:18.419+09:00 [[32minfo[39m]: Execution status updated successfully {
  "service": "tdnet-data-collector",
  "environment": "test",
  "execution_id": "exec_test_b7yws9a",
  "status": "running",
  "progress": 40
}
2026-02-08T08:20:18.419+09:00 [[32minfo[39m]: Updating execution status {
  "service": "tdnet-data-collector",
  "environment": "test",
  "execution_id": "exec_test_b7yws9a",
  "status": "running",
  "progress": 47,
  "collected_count": 0,
  "failed_count": 0
}
2026-02-08T08:20:18.419+09:00 [[32minfo[39m]: Execution status updated successfully {
  "service": "tdnet-data-collector",
  "environment": "test",
  "execution_id": "exec_test_b7yws9a",
  "status": "running",
  "progress": 47
}
2026-02-08T08:20:18.419+09:00 [[32minfo[39m]: Updating execution status {
  "service": "tdnet-data-collector",
  "environment": "test",
  "execution_id": "exec_test_b7yws9a",
  "status": "running",
  "progress": 58,
  "collected_count": 0,
  "failed_count": 0
}
2026-02-08T08:20:18.420+09:00 [[32minfo[39m]: Execution status updated successfully {
  "service": "tdnet-data-collector",
  "environment": "test",
  "execution_id": "exec_test_b7yws9a",
  "status": "running",
  "progress": 58
}
2026-02-08T08:20:18.420+09:00 [[32minfo[39m]: Updating execution status {
  "service": "tdnet-data-collector",
  "environment": "test",
  "execution_id": "exec_test_b7yws9a",
  "status": "running",
  "progress": 84,
  "collected_count": 0,
  "failed_count": 0
}
2026-02-08T08:20:18.420+09:00 [[32minfo[39m]: Execution status updated successfully {
  "service": "tdnet-data-collector",
  "environment": "test",
  "execution_id": "exec_test_b7yws9a",
  "status": "running",
  "progress": 84
}
2026-02-08T08:20:18.420+09:00 [[32minfo[39m]: Updating execution status {
  "service": "tdnet-data-collector",
  "environment": "test",
  "execution_id": "exec_test_b7yws9a",
  "status": "running",
  "progress": 91,
  "collected_count": 0,
  "failed_count": 0
}
2026-02-08T08:20:18.420+09:00 [[32minfo[39m]: Execution status updated successfully {
  "service": "tdnet-data-collector",
  "environment": "test",
  "execution_id": "exec_test_b7yws9a",
  "status": "running",
  "progress": 91
}
2026-02-08T08:20:18.420+09:00 [[32minfo[39m]: Updating execution status {
  "service": "tdnet-data-collector",
  "environment": "test",
  "execution_id": "exec_test_b7yws9a",
  "status": "running",
  "progress": 94,
  "collected_count": 0,
  "failed_count": 0
}
2026-02-08T08:20:18.420+09:00 [[32minfo[39m]: Execution status updated successfully {
  "service": "tdnet-data-collector",
  "environment": "test",
  "execution_id": "exec_test_b7yws9a",
  "status": "running",
  "progress": 94
}
2026-02-08T08:20:18.421+09:00 [[32minfo[39m]: Updating execution status {
  "service": "tdnet-data-collector",
  "environment": "test",
  "execution_id": "exec_test_9z5zff",
  "status": "running",
  "progress": 50,
  "collected_count": 0,
  "failed_count": 0
}
2026-02-08T08:20:18.421+09:00 [[32minfo[39m]: Execution status updated successfully {
  "service": "tdnet-data-collector",
  "environment": "test",
  "execution_id": "exec_test_9z5zff",
  "status": "running",
  "progress": 50
}
2026-02-08T08:20:18.421+09:00 [[32minfo[39m]: Updating execution status {
  "service": "tdnet-data-collector",
  "environment": "test",
  "execution_id": "exec_test_9z5zff",
  "status": "running",
  "progress": 59,
  "collected_count": 0,
  "failed_count": 0
}
2026-02-08T08:20:18.422+09:00 [[32minfo[39m]: Execution status updated successfully {
  "service": "tdnet-data-collector",
  "environment": "test",
  "execution_id": "exec_test_9z5zff",
  "status": "running",
  "progress": 59
}
2026-02-08T08:20:18.422+09:00 [[32minfo[39m]: Updating execution status {
  "service": "tdnet-data-collector",
  "environment": "test",
  "execution_id": "exec_test_mknm6",
  "status": "running",
  "progress": 6,
  "collected_count": 0,
  "failed_count": 0
}
2026-02-08T08:20:18.423+09:00 [[32minfo[39m]: Execution status updated successfully {
  "service": "tdnet-data-collector",
  "environment": "test",
  "execution_id": "exec_test_mknm6",
  "status": "running",
  "progress": 6
}
2026-02-08T08:20:18.423+09:00 [[32minfo[39m]: Updating execution status {
  "service": "tdnet-data-collector",
  "environment": "test",
  "execution_id": "exec_test_mknm6",
  "status": "running",
  "progress": 43,
  "collected_count": 0,
  "failed_count": 0
}
2026-02-08T08:20:18.423+09:00 [[32minfo[39m]: Execution status updated successfully {
  "service": "tdnet-data-collector",
  "environment": "test",
  "execution_id": "exec_test_mknm6",
  "status": "running",
  "progress": 43
}
2026-02-08T08:20:18.423+09:00 [[32minfo[39m]: Updating execution status {
  "service": "tdnet-data-collector",
  "environment": "test",
  "execution_id": "exec_test_mknm6",
  "status": "running",
  "progress": 57,
  "collected_count": 0,
  "failed_count": 0
}
2026-02-08T08:20:18.423+09:00 [[32minfo[39m]: Execution status updated successfully {
  "service": "tdnet-data-collector",
  "environment": "test",
  "execution_id": "exec_test_mknm6",
  "status": "running",
  "progress": 57
}
2026-02-08T08:20:18.423+09:00 [[32minfo[39m]: Updating execution status {
  "service": "tdnet-data-collector",
  "environment": "test",
  "execution_id": "exec_test_mknm6",
  "status": "running",
  "progress": 75,
  "collected_count": 0,
  "failed_count": 0
}
2026-02-08T08:20:18.423+09:00 [[32minfo[39m]: Execution status updated successfully {
  "service": "tdnet-data-collector",
  "environment": "test",
  "execution_id": "exec_test_mknm6",
  "status": "running",
  "progress": 75
}
2026-02-08T08:20:18.423+09:00 [[32minfo[39m]: Updating execution status {
  "service": "tdnet-data-collector",
  "environment": "test",
  "execution_id": "exec_test_mknm6",
  "status": "running",
  "progress": 81,
  "collected_count": 0,
  "failed_count": 0
}
2026-02-08T08:20:18.423+09:00 [[32minfo[39m]: Execution status updated successfully {
  "service": "tdnet-data-collector",
  "environment": "test",
  "execution_id": "exec_test_mknm6",
  "status": "running",
  "progress": 81
}
2026-02-08T08:20:18.424+09:00 [[32minfo[39m]: Updating execution status {
  "service": "tdnet-data-collector",
  "environment": "test",
  "execution_id": "exec_test_mknm6",
  "status": "running",
  "progress": 92,
  "collected_count": 0,
  "failed_count": 0
}
2026-02-08T08:20:18.424+09:00 [[32minfo[39m]: Execution status updated successfully {
  "service": "tdnet-data-collector",
  "environment": "test",
  "execution_id": "exec_test_mknm6",
  "status": "running",
  "progress": 92
}
2026-02-08T08:20:18.425+09:00 [[32minfo[39m]: Updating execution status {
  "service": "tdnet-data-collector",
  "environment": "test",
  "execution_id": "exec_test_huvl0a",
  "status": "running",
  "progress": 49,
  "collected_count": 0,
  "failed_count": 0
}
2026-02-08T08:20:18.425+09:00 [[32minfo[39m]: Execution status updated successfully {
  "service": "tdnet-data-collector",
  "environment": "test",
  "execution_id": "exec_test_huvl0a",
  "status": "running",
  "progress": 49
}
2026-02-08T08:20:18.425+09:00 [[32minfo[39m]: Updating execution status {
  "service": "tdnet-data-collector",
  "environment": "test",
  "execution_id": "exec_test_huvl0a",
  "status": "running",
  "progress": 92,
  "collected_count": 0,
  "failed_count": 0
}
2026-02-08T08:20:18.425+09:00 [[32minfo[39m]: Execution status updated successfully {
  "service": "tdnet-data-collector",
  "environment": "test",
  "execution_id": "exec_test_huvl0a",
  "status": "running",
  "progress": 92
}
2026-02-08T08:20:18.425+09:00 [[32minfo[39m]: Updating execution status {
  "service": "tdnet-data-collector",
  "environment": "test",
  "execution_id": "exec_test_huvl0a",
  "status": "running",
  "progress": 94,
  "collected_count": 0,
  "failed_count": 0
}
2026-02-08T08:20:18.425+09:00 [[32minfo[39m]: Execution status updated successfully {
  "service": "tdnet-data-collector",
  "environment": "test",
  "execution_id": "exec_test_huvl0a",
  "status": "running",
  "progress": 94
}
2026-02-08T08:20:18.425+09:00 [[32minfo[39m]: Updating execution status {
  "service": "tdnet-data-collector",
  "environment": "test",
  "execution_id": "exec_test_huvl0a",
  "status": "running",
  "progress": 99,
  "collected_count": 0,
  "failed_count": 0
}
2026-02-08T08:20:18.425+09:00 [[32minfo[39m]: Execution status updated successfully {
  "service": "tdnet-data-collector",
  "environment": "test",
  "execution_id": "exec_test_huvl0a",
  "status": "running",
  "progress": 99
}
2026-02-08T08:20:18.426+09:00 [[32minfo[39m]: Updating execution status {
  "service": "tdnet-data-collector",
  "environment": "test",
  "execution_id": "exec_test_iikrf",
  "status": "running",
  "progress": 23,
  "collected_count": 0,
  "failed_count": 0
}
2026-02-08T08:20:18.426+09:00 [[32minfo[39m]: Execution status updated successfully {
  "service": "tdnet-data-collector",
  "environment": "test",
  "execution_id": "exec_test_iikrf",
  "status": "running",
  "progress": 23
}
2026-02-08T08:20:18.426+09:00 [[32minfo[39m]: Updating execution status {
  "service": "tdnet-data-collector",
  "environment": "test",
  "execution_id": "exec_test_iikrf",
  "status": "running",
  "progress": 45,
  "collected_count": 0,
  "failed_count": 0
}
2026-02-08T08:20:18.426+09:00 [[32minfo[39m]: Execution status updated successfully {
  "service": "tdnet-data-collector",
  "environment": "test",
  "execution_id": "exec_test_iikrf",
  "status": "running",
  "progress": 45
}
2026-02-08T08:20:18.426+09:00 [[32minfo[39m]: Updating execution status {
  "service": "tdnet-data-collector",
  "environment": "test",
  "execution_id": "exec_test_iikrf",
  "status": "running",
  "progress": 90,
  "collected_count": 0,
  "failed_count": 0
}
2026-02-08T08:20:18.427+09:00 [[32minfo[39m]: Execution status updated successfully {
  "service": "tdnet-data-collector",
  "environment": "test",
  "execution_id": "exec_test_iikrf",
  "status": "running",
  "progress": 90
}
2026-02-08T08:20:18.427+09:00 [[32minfo[39m]: Updating execution status {
  "service": "tdnet-data-collector",
  "environment": "test",
  "execution_id": "exec_test_iikrf",
  "status": "running",
  "progress": 97,
  "collected_count": 0,
  "failed_count": 0
}
2026-02-08T08:20:18.427+09:00 [[32minfo[39m]: Execution status updated successfully {
  "service": "tdnet-data-collector",
  "environment": "test",
  "execution_id": "exec_test_iikrf",
  "status": "running",
  "progress": 97
}
2026-02-08T08:20:18.427+09:00 [[32minfo[39m]: Updating execution status {
  "service": "tdnet-data-collector",
  "environment": "test",
  "execution_id": "exec_test_ty80vf",
  "status": "pending",
  "progress": 0,
  "collected_count": 0,
  "failed_count": 0
}
2026-02-08T08:20:18.428+09:00 [[32minfo[39m]: Execution status updated successfully {
  "service": "tdnet-data-collector",
  "environment": "test",
  "execution_id": "exec_test_ty80vf",
  "status": "pending",
  "progress": 0
}
2026-02-08T08:20:18.428+09:00 [[32minfo[39m]: Updating execution status {
  "service": "tdnet-data-collector",
  "environment": "test",
  "execution_id": "exec_test_ty80vf",
  "status": "running",
  "progress": 95,
  "collected_count": 0,
  "failed_count": 0
}
2026-02-08T08:20:18.428+09:00 [[32minfo[39m]: Execution status updated successfully {
  "service": "tdnet-data-collector",
  "environment": "test",
  "execution_id": "exec_test_ty80vf",
  "status": "running",
  "progress": 95
}
2026-02-08T08:20:18.429+09:00 [[32minfo[39m]: Updating execution status {
  "service": "tdnet-data-collector",
  "environment": "test",
  "execution_id": "exec_test_c0uy6h",
  "status": "running",
  "progress": 2,
  "collected_count": 0,
  "failed_count": 0
}
2026-02-08T08:20:18.429+09:00 [[32minfo[39m]: Execution status updated successfully {
  "service": "tdnet-data-collector",
  "environment": "test",
  "execution_id": "exec_test_c0uy6h",
  "status": "running",
  "progress": 2
}
2026-02-08T08:20:18.429+09:00 [[32minfo[39m]: Updating execution status {
  "service": "tdnet-data-collector",
  "environment": "test",
  "execution_id": "exec_test_c0uy6h",
  "status": "running",
  "progress": 2,
  "collected_count": 0,
  "failed_count": 0
}
2026-02-08T08:20:18.429+09:00 [[32minfo[39m]: Execution status updated successfully {
  "service": "tdnet-data-collector",
  "environment": "test",
  "execution_id": "exec_test_c0uy6h",
  "status": "running",
  "progress": 2
}
2026-02-08T08:20:18.429+09:00 [[32minfo[39m]: Updating execution status {
  "service": "tdnet-data-collector",
  "environment": "test",
  "execution_id": "exec_test_c0uy6h",
  "status": "running",
  "progress": 12,
  "collected_count": 0,
  "failed_count": 0
}
2026-02-08T08:20:18.429+09:00 [[32minfo[39m]: Execution status updated successfully {
  "service": "tdnet-data-collector",
  "environment": "test",
  "execution_id": "exec_test_c0uy6h",
  "status": "running",
  "progress": 12
}
2026-02-08T08:20:18.429+09:00 [[32minfo[39m]: Updating execution status {
  "service": "tdnet-data-collector",
  "environment": "test",
  "execution_id": "exec_test_c0uy6h",
  "status": "running",
  "progress": 27,
  "collected_count": 0,
  "failed_count": 0
}
2026-02-08T08:20:18.429+09:00 [[32minfo[39m]: Execution status updated successfully {
  "service": "tdnet-data-collector",
  "environment": "test",
  "execution_id": "exec_test_c0uy6h",
  "status": "running",
  "progress": 27
}
2026-02-08T08:20:18.430+09:00 [[32minfo[39m]: Updating execution status {
  "service": "tdnet-data-collector",
  "environment": "test",
  "execution_id": "exec_test_nyq7f",
  "status": "running",
  "progress": 6,
  "collected_count": 0,
  "failed_count": 0
}
2026-02-08T08:20:18.430+09:00 [[32minfo[39m]: Execution status updated successfully {
  "service": "tdnet-data-collector",
  "environment": "test",
  "execution_id": "exec_test_nyq7f",
  "status": "running",
  "progress": 6
}
2026-02-08T08:20:18.430+09:00 [[32minfo[39m]: Updating execution status {
  "service": "tdnet-data-collector",
  "environment": "test",
  "execution_id": "exec_test_nyq7f",
  "status": "running",
  "progress": 58,
  "collected_count": 0,
  "failed_count": 0
}
2026-02-08T08:20:18.430+09:00 [[32minfo[39m]: Execution status updated successfully {
  "service": "tdnet-data-collector",
  "environment": "test",
  "execution_id": "exec_test_nyq7f",
  "status": "running",
  "progress": 58
}
2026-02-08T08:20:18.431+09:00 [[32minfo[39m]: Updating execution status {
  "service": "tdnet-data-collector",
  "environment": "test",
  "execution_id": "exec_test_3pdqh8",
  "status": "running",
  "progress": 8,
  "collected_count": 0,
  "failed_count": 0
}
2026-02-08T08:20:18.431+09:00 [[32minfo[39m]: Execution status updated successfully {
  "service": "tdnet-data-collector",
  "environment": "test",
  "execution_id": "exec_test_3pdqh8",
  "status": "running",
  "progress": 8
}
2026-02-08T08:20:18.431+09:00 [[32minfo[39m]: Updating execution status {
  "service": "tdnet-data-collector",
  "environment": "test",
  "execution_id": "exec_test_3pdqh8",
  "status": "running",
  "progress": 14,
  "collected_count": 0,
  "failed_count": 0
}
2026-02-08T08:20:18.431+09:00 [[32minfo[39m]: Execution status updated successfully {
  "service": "tdnet-data-collector",
  "environment": "test",
  "execution_id": "exec_test_3pdqh8",
  "status": "running",
  "progress": 14
}
2026-02-08T08:20:18.431+09:00 [[32minfo[39m]: Updating execution status {
  "service": "tdnet-data-collector",
  "environment": "test",
  "execution_id": "exec_test_3pdqh8",
  "status": "running",
  "progress": 15,
  "collected_count": 0,
  "failed_count": 0
}
2026-02-08T08:20:18.432+09:00 [[32minfo[39m]: Execution status updated successfully {
  "service": "tdnet-data-collector",
  "environment": "test",
  "execution_id": "exec_test_3pdqh8",
  "status": "running",
  "progress": 15
}
2026-02-08T08:20:18.432+09:00 [[32minfo[39m]: Updating execution status {
  "service": "tdnet-data-collector",
  "environment": "test",
  "execution_id": "exec_test_3pdqh8",
  "status": "running",
  "progress": 21,
  "collected_count": 0,
  "failed_count": 0
}
2026-02-08T08:20:18.432+09:00 [[32minfo[39m]: Execution status updated successfully {
  "service": "tdnet-data-collector",
  "environment": "test",
  "execution_id": "exec_test_3pdqh8",
  "status": "running",
  "progress": 21
}
2026-02-08T08:20:18.432+09:00 [[32minfo[39m]: Updating execution status {
  "service": "tdnet-data-collector",
  "environment": "test",
  "execution_id": "exec_test_3pdqh8",
  "status": "running",
  "progress": 30,
  "collected_count": 0,
  "failed_count": 0
}
2026-02-08T08:20:18.432+09:00 [[32minfo[39m]: Execution status updated successfully {
  "service": "tdnet-data-collector",
  "environment": "test",
  "execution_id": "exec_test_3pdqh8",
  "status": "running",
  "progress": 30
}
2026-02-08T08:20:18.432+09:00 [[32minfo[39m]: Updating execution status {
  "service": "tdnet-data-collector",
  "environment": "test",
  "execution_id": "exec_test_3pdqh8",
  "status": "running",
  "progress": 34,
  "collected_count": 0,
  "failed_count": 0
}
2026-02-08T08:20:18.432+09:00 [[32minfo[39m]: Execution status updated successfully {
  "service": "tdnet-data-collector",
  "environment": "test",
  "execution_id": "exec_test_3pdqh8",
  "status": "running",
  "progress": 34
}
2026-02-08T08:20:18.432+09:00 [[32minfo[39m]: Updating execution status {
  "service": "tdnet-data-collector",
  "environment": "test",
  "execution_id": "exec_test_3pdqh8",
  "status": "running",
  "progress": 50,
  "collected_count": 0,
  "failed_count": 0
}
2026-02-08T08:20:18.432+09:00 [[32minfo[39m]: Execution status updated successfully {
  "service": "tdnet-data-collector",
  "environment": "test",
  "execution_id": "exec_test_3pdqh8",
  "status": "running",
  "progress": 50
}
2026-02-08T08:20:18.432+09:00 [[32minfo[39m]: Updating execution status {
  "service": "tdnet-data-collector",
  "environment": "test",
  "execution_id": "exec_test_3pdqh8",
  "status": "running",
  "progress": 91,
  "collected_count": 0,
  "failed_count": 0
}
2026-02-08T08:20:18.433+09:00 [[32minfo[39m]: Execution status updated successfully {
  "service": "tdnet-data-collector",
  "environment": "test",
  "execution_id": "exec_test_3pdqh8",
  "status": "running",
  "progress": 91
}
2026-02-08T08:20:18.433+09:00 [[32minfo[39m]: Updating execution status {
  "service": "tdnet-data-collector",
  "environment": "test",
  "execution_id": "exec_test_dm7qt",
  "status": "running",
  "progress": 1,
  "collected_count": 0,
  "failed_count": 0
}
2026-02-08T08:20:18.434+09:00 [[32minfo[39m]: Execution status updated successfully {
  "service": "tdnet-data-collector",
  "environment": "test",
  "execution_id": "exec_test_dm7qt",
  "status": "running",
  "progress": 1
}
2026-02-08T08:20:18.434+09:00 [[32minfo[39m]: Updating execution status {
  "service": "tdnet-data-collector",
  "environment": "test",
  "execution_id": "exec_test_dm7qt",
  "status": "running",
  "progress": 7,
  "collected_count": 0,
  "failed_count": 0
}
2026-02-08T08:20:18.434+09:00 [[32minfo[39m]: Execution status updated successfully {
  "service": "tdnet-data-collector",
  "environment": "test",
  "execution_id": "exec_test_dm7qt",
  "status": "running",
  "progress": 7
}
2026-02-08T08:20:18.434+09:00 [[32minfo[39m]: Updating execution status {
  "service": "tdnet-data-collector",
  "environment": "test",
  "execution_id": "exec_test_dm7qt",
  "status": "running",
  "progress": 27,
  "collected_count": 0,
  "failed_count": 0
}
2026-02-08T08:20:18.434+09:00 [[32minfo[39m]: Execution status updated successfully {
  "service": "tdnet-data-collector",
  "environment": "test",
  "execution_id": "exec_test_dm7qt",
  "status": "running",
  "progress": 27
}
2026-02-08T08:20:18.434+09:00 [[32minfo[39m]: Updating execution status {
  "service": "tdnet-data-collector",
  "environment": "test",
  "execution_id": "exec_test_dm7qt",
  "status": "running",
  "progress": 54,
  "collected_count": 0,
  "failed_count": 0
}
2026-02-08T08:20:18.434+09:00 [[32minfo[39m]: Execution status updated successfully {
  "service": "tdnet-data-collector",
  "environment": "test",
  "execution_id": "exec_test_dm7qt",
  "status": "running",
  "progress": 54
}
2026-02-08T08:20:18.434+09:00 [[32minfo[39m]: Updating execution status {
  "service": "tdnet-data-collector",
  "environment": "test",
  "execution_id": "exec_test_dm7qt",
  "status": "running",
  "progress": 67,
  "collected_count": 0,
  "failed_count": 0
}
2026-02-08T08:20:18.434+09:00 [[32minfo[39m]: Execution status updated successfully {
  "service": "tdnet-data-collector",
  "environment": "test",
  "execution_id": "exec_test_dm7qt",
  "status": "running",
  "progress": 67
}
2026-02-08T08:20:18.434+09:00 [[32minfo[39m]: Updating execution status {
  "service": "tdnet-data-collector",
  "environment": "test",
  "execution_id": "exec_test_dm7qt",
  "status": "running",
  "progress": 71,
  "collected_count": 0,
  "failed_count": 0
}
2026-02-08T08:20:18.435+09:00 [[32minfo[39m]: Execution status updated successfully {
  "service": "tdnet-data-collector",
  "environment": "test",
  "execution_id": "exec_test_dm7qt",
  "status": "running",
  "progress": 71
}
2026-02-08T08:20:18.435+09:00 [[32minfo[39m]: Updating execution status {
  "service": "tdnet-data-collector",
  "environment": "test",
  "execution_id": "exec_test_dm7qt",
  "status": "running",
  "progress": 89,
  "collected_count": 0,
  "failed_count": 0
}
2026-02-08T08:20:18.435+09:00 [[32minfo[39m]: Execution status updated successfully {
  "service": "tdnet-data-collector",
  "environment": "test",
  "execution_id": "exec_test_dm7qt",
  "status": "running",
  "progress": 89
}
2026-02-08T08:20:18.435+09:00 [[32minfo[39m]: Updating execution status {
  "service": "tdnet-data-collector",
  "environment": "test",
  "execution_id": "exec_test_dm7qt",
  "status": "running",
  "progress": 90,
  "collected_count": 0,
  "failed_count": 0
}
2026-02-08T08:20:18.435+09:00 [[32minfo[39m]: Execution status updated successfully {
  "service": "tdnet-data-collector",
  "environment": "test",
  "execution_id": "exec_test_dm7qt",
  "status": "running",
  "progress": 90
}
2026-02-08T08:20:18.435+09:00 [[32minfo[39m]: Updating execution status {
  "service": "tdnet-data-collector",
  "environment": "test",
  "execution_id": "exec_test_dm7qt",
  "status": "running",
  "progress": 91,
  "collected_count": 0,
  "failed_count": 0
}
2026-02-08T08:20:18.435+09:00 [[32minfo[39m]: Execution status updated successfully {
  "service": "tdnet-data-collector",
  "environment": "test",
  "execution_id": "exec_test_dm7qt",
  "status": "running",
  "progress": 91
}
2026-02-08T08:20:18.436+09:00 [[32minfo[39m]: Updating execution status {
  "service": "tdnet-data-collector",
  "environment": "test",
  "execution_id": "exec_test_yalv8",
  "status": "pending",
  "progress": 0,
  "collected_count": 0,
  "failed_count": 0
}
2026-02-08T08:20:18.436+09:00 [[32minfo[39m]: Execution status updated successfully {
  "service": "tdnet-data-collector",
  "environment": "test",
  "execution_id": "exec_test_yalv8",
  "status": "pending",
  "progress": 0
}
2026-02-08T08:20:18.436+09:00 [[32minfo[39m]: Updating execution status {
  "service": "tdnet-data-collector",
  "environment": "test",
  "execution_id": "exec_test_yalv8",
  "status": "running",
  "progress": 6,
  "collected_count": 0,
  "failed_count": 0
}
2026-02-08T08:20:18.436+09:00 [[32minfo[39m]: Execution status updated successfully {
  "service": "tdnet-data-collector",
  "environment": "test",
  "execution_id": "exec_test_yalv8",
  "status": "running",
  "progress": 6
}
2026-02-08T08:20:18.436+09:00 [[32minfo[39m]: Updating execution status {
  "service": "tdnet-data-collector",
  "environment": "test",
  "execution_id": "exec_test_yalv8",
  "status": "running",
  "progress": 30,
  "collected_count": 0,
  "failed_count": 0
}
2026-02-08T08:20:18.436+09:00 [[32minfo[39m]: Execution status updated successfully {
  "service": "tdnet-data-collector",
  "environment": "test",
  "execution_id": "exec_test_yalv8",
  "status": "running",
  "progress": 30
}
2026-02-08T08:20:18.436+09:00 [[32minfo[39m]: Updating execution status {
  "service": "tdnet-data-collector",
  "environment": "test",
  "execution_id": "exec_test_yalv8",
  "status": "running",
  "progress": 45,
  "collected_count": 0,
  "failed_count": 0
}
2026-02-08T08:20:18.437+09:00 [[32minfo[39m]: Execution status updated successfully {
  "service": "tdnet-data-collector",
  "environment": "test",
  "execution_id": "exec_test_yalv8",
  "status": "running",
  "progress": 45
}
2026-02-08T08:20:18.437+09:00 [[32minfo[39m]: Updating execution status {
  "service": "tdnet-data-collector",
  "environment": "test",
  "execution_id": "exec_test_yalv8",
  "status": "running",
  "progress": 56,
  "collected_count": 0,
  "failed_count": 0
}
2026-02-08T08:20:18.437+09:00 [[32minfo[39m]: Execution status updated successfully {
  "service": "tdnet-data-collector",
  "environment": "test",
  "execution_id": "exec_test_yalv8",
  "status": "running",
  "progress": 56
}
2026-02-08T08:20:18.437+09:00 [[32minfo[39m]: Updating execution status {
  "service": "tdnet-data-collector",
  "environment": "test",
  "execution_id": "exec_test_yalv8",
  "status": "running",
  "progress": 57,
  "collected_count": 0,
  "failed_count": 0
}
2026-02-08T08:20:18.437+09:00 [[32minfo[39m]: Execution status updated successfully {
  "service": "tdnet-data-collector",
  "environment": "test",
  "execution_id": "exec_test_yalv8",
  "status": "running",
  "progress": 57
}
2026-02-08T08:20:18.437+09:00 [[32minfo[39m]: Updating execution status {
  "service": "tdnet-data-collector",
  "environment": "test",
  "execution_id": "exec_test_yalv8",
  "status": "running",
  "progress": 71,
  "collected_count": 0,
  "failed_count": 0
}
2026-02-08T08:20:18.437+09:00 [[32minfo[39m]: Execution status updated successfully {
  "service": "tdnet-data-collector",
  "environment": "test",
  "execution_id": "exec_test_yalv8",
  "status": "running",
  "progress": 71
}
2026-02-08T08:20:18.438+09:00 [[32minfo[39m]: Updating execution status {
  "service": "tdnet-data-collector",
  "environment": "test",
  "execution_id": "exec_test_yalv8",
  "status": "running",
  "progress": 85,
  "collected_count": 0,
  "failed_count": 0
}
2026-02-08T08:20:18.438+09:00 [[32minfo[39m]: Execution status updated successfully {
  "service": "tdnet-data-collector",
  "environment": "test",
  "execution_id": "exec_test_yalv8",
  "status": "running",
  "progress": 85
}
2026-02-08T08:20:18.438+09:00 [[32minfo[39m]: Updating execution status {
  "service": "tdnet-data-collector",
  "environment": "test",
  "execution_id": "exec_test_yalv8",
  "status": "running",
  "progress": 91,
  "collected_count": 0,
  "failed_count": 0
}
2026-02-08T08:20:18.438+09:00 [[32minfo[39m]: Execution status updated successfully {
  "service": "tdnet-data-collector",
  "environment": "test",
  "execution_id": "exec_test_yalv8",
  "status": "running",
  "progress": 91
}
2026-02-08T08:20:18.438+09:00 [[32minfo[39m]: Updating execution status {
  "service": "tdnet-data-collector",
  "environment": "test",
  "execution_id": "exec_test_yalv8",
  "status": "running",
  "progress": 95,
  "collected_count": 0,
  "failed_count": 0
}
2026-02-08T08:20:18.438+09:00 [[32minfo[39m]: Execution status updated successfully {
  "service": "tdnet-data-collector",
  "environment": "test",
  "execution_id": "exec_test_yalv8",
  "status": "running",
  "progress": 95
}
2026-02-08T08:20:18.439+09:00 [[32minfo[39m]: Updating execution status {
  "service": "tdnet-data-collector",
  "environment": "test",
  "execution_id": "exec_test_pi72eg",
  "status": "running",
  "progress": 6,
  "collected_count": 0,
  "failed_count": 0
}
2026-02-08T08:20:18.439+09:00 [[32minfo[39m]: Execution status updated successfully {
  "service": "tdnet-data-collector",
  "environment": "test",
  "execution_id": "exec_test_pi72eg",
  "status": "running",
  "progress": 6
}
2026-02-08T08:20:18.439+09:00 [[32minfo[39m]: Updating execution status {
  "service": "tdnet-data-collector",
  "environment": "test",
  "execution_id": "exec_test_pi72eg",
  "status": "running",
  "progress": 49,
  "collected_count": 0,
  "failed_count": 0
}
2026-02-08T08:20:18.440+09:00 [[32minfo[39m]: Execution status updated successfully {
  "service": "tdnet-data-collector",
  "environment": "test",
  "execution_id": "exec_test_pi72eg",
  "status": "running",
  "progress": 49
}
2026-02-08T08:20:18.440+09:00 [[32minfo[39m]: Updating execution status {
  "service": "tdnet-data-collector",
  "environment": "test",
  "execution_id": "exec_test_pi72eg",
  "status": "running",
  "progress": 59,
  "collected_count": 0,
  "failed_count": 0
}
2026-02-08T08:20:18.440+09:00 [[32minfo[39m]: Execution status updated successfully {
  "service": "tdnet-data-collector",
  "environment": "test",
  "execution_id": "exec_test_pi72eg",
  "status": "running",
  "progress": 59
}
2026-02-08T08:20:18.440+09:00 [[32minfo[39m]: Updating execution status {
  "service": "tdnet-data-collector",
  "environment": "test",
  "execution_id": "exec_test_pi72eg",
  "status": "completed",
  "progress": 100,
  "collected_count": 0,
  "failed_count": 0
}
2026-02-08T08:20:18.440+09:00 [[32minfo[39m]: Execution status updated successfully {
  "service": "tdnet-data-collector",
  "environment": "test",
  "execution_id": "exec_test_pi72eg",
  "status": "completed",
  "progress": 100
}
2026-02-08T08:20:18.441+09:00 [[32minfo[39m]: Updating execution status {
  "service": "tdnet-data-collector",
  "environment": "test",
  "execution_id": "exec_test_w7asyr",
  "status": "running",
  "progress": 1,
  "collected_count": 0,
  "failed_count": 0
}
2026-02-08T08:20:18.441+09:00 [[32minfo[39m]: Execution status updated successfully {
  "service": "tdnet-data-collector",
  "environment": "test",
  "execution_id": "exec_test_w7asyr",
  "status": "running",
  "progress": 1
}
2026-02-08T08:20:18.441+09:00 [[32minfo[39m]: Updating execution status {
  "service": "tdnet-data-collector",
  "environment": "test",
  "execution_id": "exec_test_w7asyr",
  "status": "running",
  "progress": 2,
  "collected_count": 0,
  "failed_count": 0
}
2026-02-08T08:20:18.441+09:00 [[32minfo[39m]: Execution status updated successfully {
  "service": "tdnet-data-collector",
  "environment": "test",
  "execution_id": "exec_test_w7asyr",
  "status": "running",
  "progress": 2
}
2026-02-08T08:20:18.441+09:00 [[32minfo[39m]: Updating execution status {
  "service": "tdnet-data-collector",
  "environment": "test",
  "execution_id": "exec_test_w7asyr",
  "status": "running",
  "progress": 4,
  "collected_count": 0,
  "failed_count": 0
}
2026-02-08T08:20:18.441+09:00 [[32minfo[39m]: Execution status updated successfully {
  "service": "tdnet-data-collector",
  "environment": "test",
  "execution_id": "exec_test_w7asyr",
  "status": "running",
  "progress": 4
}
2026-02-08T08:20:18.441+09:00 [[32minfo[39m]: Updating execution status {
  "service": "tdnet-data-collector",
  "environment": "test",
  "execution_id": "exec_test_w7asyr",
  "status": "running",
  "progress": 46,
  "collected_count": 0,
  "failed_count": 0
}
2026-02-08T08:20:18.442+09:00 [[32minfo[39m]: Execution status updated successfully {
  "service": "tdnet-data-collector",
  "environment": "test",
  "execution_id": "exec_test_w7asyr",
  "status": "running",
  "progress": 46
}
2026-02-08T08:20:18.442+09:00 [[32minfo[39m]: Updating execution status {
  "service": "tdnet-data-collector",
  "environment": "test",
  "execution_id": "exec_test_w7asyr",
  "status": "running",
  "progress": 56,
  "collected_count": 0,
  "failed_count": 0
}
2026-02-08T08:20:18.442+09:00 [[32minfo[39m]: Execution status updated successfully {
  "service": "tdnet-data-collector",
  "environment": "test",
  "execution_id": "exec_test_w7asyr",
  "status": "running",
  "progress": 56
}
2026-02-08T08:20:18.442+09:00 [[32minfo[39m]: Updating execution status {
  "service": "tdnet-data-collector",
  "environment": "test",
  "execution_id": "exec_test_w7asyr",
  "status": "running",
  "progress": 65,
  "collected_count": 0,
  "failed_count": 0
}
2026-02-08T08:20:18.442+09:00 [[32minfo[39m]: Execution status updated successfully {
  "service": "tdnet-data-collector",
  "environment": "test",
  "execution_id": "exec_test_w7asyr",
  "status": "running",
  "progress": 65
}
2026-02-08T08:20:18.442+09:00 [[32minfo[39m]: Updating execution status {
  "service": "tdnet-data-collector",
  "environment": "test",
  "execution_id": "exec_test_w7asyr",
  "status": "running",
  "progress": 73,
  "collected_count": 0,
  "failed_count": 0
}
2026-02-08T08:20:18.442+09:00 [[32minfo[39m]: Execution status updated successfully {
  "service": "tdnet-data-collector",
  "environment": "test",
  "execution_id": "exec_test_w7asyr",
  "status": "running",
  "progress": 73
}
2026-02-08T08:20:18.442+09:00 [[32minfo[39m]: Updating execution status {
  "service": "tdnet-data-collector",
  "environment": "test",
  "execution_id": "exec_test_w7asyr",
  "status": "running",
  "progress": 94,
  "collected_count": 0,
  "failed_count": 0
}
2026-02-08T08:20:18.442+09:00 [[32minfo[39m]: Execution status updated successfully {
  "service": "tdnet-data-collector",
  "environment": "test",
  "execution_id": "exec_test_w7asyr",
  "status": "running",
  "progress": 94
}
2026-02-08T08:20:18.443+09:00 [[32minfo[39m]: Updating execution status {
  "service": "tdnet-data-collector",
  "environment": "test",
  "execution_id": "exec_test_ruwlrv",
  "status": "running",
  "progress": 1,
  "collected_count": 0,
  "failed_count": 0
}
2026-02-08T08:20:18.443+09:00 [[32minfo[39m]: Execution status updated successfully {
  "service": "tdnet-data-collector",
  "environment": "test",
  "execution_id": "exec_test_ruwlrv",
  "status": "running",
  "progress": 1
}
2026-02-08T08:20:18.443+09:00 [[32minfo[39m]: Updating execution status {
  "service": "tdnet-data-collector",
  "environment": "test",
  "execution_id": "exec_test_ruwlrv",
  "status": "running",
  "progress": 14,
  "collected_count": 0,
  "failed_count": 0
}
2026-02-08T08:20:18.444+09:00 [[32minfo[39m]: Execution status updated successfully {
  "service": "tdnet-data-collector",
  "environment": "test",
  "execution_id": "exec_test_ruwlrv",
  "status": "running",
  "progress": 14
}
2026-02-08T08:20:18.444+09:00 [[32minfo[39m]: Updating execution status {
  "service": "tdnet-data-collector",
  "environment": "test",
  "execution_id": "exec_test_ruwlrv",
  "status": "running",
  "progress": 65,
  "collected_count": 0,
  "failed_count": 0
}
2026-02-08T08:20:18.444+09:00 [[32minfo[39m]: Execution status updated successfully {
  "service": "tdnet-data-collector",
  "environment": "test",
  "execution_id": "exec_test_ruwlrv",
  "status": "running",
  "progress": 65
}
2026-02-08T08:20:18.444+09:00 [[32minfo[39m]: Updating execution status {
  "service": "tdnet-data-collector",
  "environment": "test",
  "execution_id": "exec_test_ruwlrv",
  "status": "running",
  "progress": 97,
  "collected_count": 0,
  "failed_count": 0
}
2026-02-08T08:20:18.444+09:00 [[32minfo[39m]: Execution status updated successfully {
  "service": "tdnet-data-collector",
  "environment": "test",
  "execution_id": "exec_test_ruwlrv",
  "status": "running",
  "progress": 97
}
2026-02-08T08:20:18.445+09:00 [[32minfo[39m]: Updating execution status {
  "service": "tdnet-data-collector",
  "environment": "test",
  "execution_id": "exec_test_jg1lwpd",
  "status": "running",
  "progress": 2,
  "collected_count": 0,
  "failed_count": 0
}
2026-02-08T08:20:18.445+09:00 [[32minfo[39m]: Execution status updated successfully {
  "service": "tdnet-data-collector",
  "environment": "test",
  "execution_id": "exec_test_jg1lwpd",
  "status": "running",
  "progress": 2
}
2026-02-08T08:20:18.445+09:00 [[32minfo[39m]: Updating execution status {
  "service": "tdnet-data-collector",
  "environment": "test",
  "execution_id": "exec_test_jg1lwpd",
  "status": "running",
  "progress": 64,
  "collected_count": 0,
  "failed_count": 0
}
2026-02-08T08:20:18.445+09:00 [[32minfo[39m]: Execution status updated successfully {
  "service": "tdnet-data-collector",
  "environment": "test",
  "execution_id": "exec_test_jg1lwpd",
  "status": "running",
  "progress": 64
}
2026-02-08T08:20:18.445+09:00 [[32minfo[39m]: Updating execution status {
  "service": "tdnet-data-collector",
  "environment": "test",
  "execution_id": "exec_test_jg1lwpd",
  "status": "running",
  "progress": 91,
  "collected_count": 0,
  "failed_count": 0
}
2026-02-08T08:20:18.445+09:00 [[32minfo[39m]: Execution status updated successfully {
  "service": "tdnet-data-collector",
  "environment": "test",
  "execution_id": "exec_test_jg1lwpd",
  "status": "running",
  "progress": 91
}
2026-02-08T08:20:18.446+09:00 [[32minfo[39m]: Updating execution status {
  "service": "tdnet-data-collector",
  "environment": "test",
  "execution_id": "exec_test_g3d7st",
  "status": "running",
  "progress": 24,
  "collected_count": 0,
  "failed_count": 0
}
2026-02-08T08:20:18.446+09:00 [[32minfo[39m]: Execution status updated successfully {
  "service": "tdnet-data-collector",
  "environment": "test",
  "execution_id": "exec_test_g3d7st",
  "status": "running",
  "progress": 24
}
2026-02-08T08:20:18.446+09:00 [[32minfo[39m]: Updating execution status {
  "service": "tdnet-data-collector",
  "environment": "test",
  "execution_id": "exec_test_g3d7st",
  "status": "running",
  "progress": 36,
  "collected_count": 0,
  "failed_count": 0
}
2026-02-08T08:20:18.446+09:00 [[32minfo[39m]: Execution status updated successfully {
  "service": "tdnet-data-collector",
  "environment": "test",
  "execution_id": "exec_test_g3d7st",
  "status": "running",
  "progress": 36
}
2026-02-08T08:20:18.446+09:00 [[32minfo[39m]: Updating execution status {
  "service": "tdnet-data-collector",
  "environment": "test",
  "execution_id": "exec_test_g3d7st",
  "status": "running",
  "progress": 64,
  "collected_count": 0,
  "failed_count": 0
}
2026-02-08T08:20:18.446+09:00 [[32minfo[39m]: Execution status updated successfully {
  "service": "tdnet-data-collector",
  "environment": "test",
  "execution_id": "exec_test_g3d7st",
  "status": "running",
  "progress": 64
}
2026-02-08T08:20:18.446+09:00 [[32minfo[39m]: Updating execution status {
  "service": "tdnet-data-collector",
  "environment": "test",
  "execution_id": "exec_test_g3d7st",
  "status": "running",
  "progress": 91,
  "collected_count": 0,
  "failed_count": 0
}
2026-02-08T08:20:18.447+09:00 [[32minfo[39m]: Execution status updated successfully {
  "service": "tdnet-data-collector",
  "environment": "test",
  "execution_id": "exec_test_g3d7st",
  "status": "running",
  "progress": 91
}
2026-02-08T08:20:18.447+09:00 [[32minfo[39m]: Updating execution status {
  "service": "tdnet-data-collector",
  "environment": "test",
  "execution_id": "exec_test_y8p4p9",
  "status": "running",
  "progress": 1,
  "collected_count": 0,
  "failed_count": 0
}
2026-02-08T08:20:18.447+09:00 [[32minfo[39m]: Execution status updated successfully {
  "service": "tdnet-data-collector",
  "environment": "test",
  "execution_id": "exec_test_y8p4p9",
  "status": "running",
  "progress": 1
}
2026-02-08T08:20:18.447+09:00 [[32minfo[39m]: Updating execution status {
  "service": "tdnet-data-collector",
  "environment": "test",
  "execution_id": "exec_test_y8p4p9",
  "status": "running",
  "progress": 26,
  "collected_count": 0,
  "failed_count": 0
}
2026-02-08T08:20:18.448+09:00 [[32minfo[39m]: Execution status updated successfully {
  "service": "tdnet-data-collector",
  "environment": "test",
  "execution_id": "exec_test_y8p4p9",
  "status": "running",
  "progress": 26
}
2026-02-08T08:20:18.448+09:00 [[32minfo[39m]: Updating execution status {
  "service": "tdnet-data-collector",
  "environment": "test",
  "execution_id": "exec_test_t2tian",
  "status": "running",
  "progress": 10,
  "collected_count": 0,
  "failed_count": 0
}
2026-02-08T08:20:18.448+09:00 [[32minfo[39m]: Execution status updated successfully {
  "service": "tdnet-data-collector",
  "environment": "test",
  "execution_id": "exec_test_t2tian",
  "status": "running",
  "progress": 10
}
2026-02-08T08:20:18.448+09:00 [[32minfo[39m]: Updating execution status {
  "service": "tdnet-data-collector",
  "environment": "test",
  "execution_id": "exec_test_t2tian",
  "status": "running",
  "progress": 82,
  "collected_count": 0,
  "failed_count": 0
}
2026-02-08T08:20:18.448+09:00 [[32minfo[39m]: Execution status updated successfully {
  "service": "tdnet-data-collector",
  "environment": "test",
  "execution_id": "exec_test_t2tian",
  "status": "running",
  "progress": 82
}
2026-02-08T08:20:18.449+09:00 [[32minfo[39m]: Updating execution status {
  "service": "tdnet-data-collector",
  "environment": "test",
  "execution_id": "exec_test_w1w3h",
  "status": "running",
  "progress": 4,
  "collected_count": 0,
  "failed_count": 0
}
2026-02-08T08:20:18.449+09:00 [[32minfo[39m]: Execution status updated successfully {
  "service": "tdnet-data-collector",
  "environment": "test",
  "execution_id": "exec_test_w1w3h",
  "status": "running",
  "progress": 4
}
2026-02-08T08:20:18.449+09:00 [[32minfo[39m]: Updating execution status {
  "service": "tdnet-data-collector",
  "environment": "test",
  "execution_id": "exec_test_w1w3h",
  "status": "running",
  "progress": 8,
  "collected_count": 0,
  "failed_count": 0
}
2026-02-08T08:20:18.450+09:00 [[32minfo[39m]: Execution status updated successfully {
  "service": "tdnet-data-collector",
  "environment": "test",
  "execution_id": "exec_test_w1w3h",
  "status": "running",
  "progress": 8
}
2026-02-08T08:20:18.450+09:00 [[32minfo[39m]: Updating execution status {
  "service": "tdnet-data-collector",
  "environment": "test",
  "execution_id": "exec_test_w1w3h",
  "status": "running",
  "progress": 48,
  "collected_count": 0,
  "failed_count": 0
}
2026-02-08T08:20:18.450+09:00 [[32minfo[39m]: Execution status updated successfully {
  "service": "tdnet-data-collector",
  "environment": "test",
  "execution_id": "exec_test_w1w3h",
  "status": "running",
  "progress": 48
}
2026-02-08T08:20:18.450+09:00 [[32minfo[39m]: Updating execution status {
  "service": "tdnet-data-collector",
  "environment": "test",
  "execution_id": "exec_test_w1w3h",
  "status": "running",
  "progress": 61,
  "collected_count": 0,
  "failed_count": 0
}
2026-02-08T08:20:18.450+09:00 [[32minfo[39m]: Execution status updated successfully {
  "service": "tdnet-data-collector",
  "environment": "test",
  "execution_id": "exec_test_w1w3h",
  "status": "running",
  "progress": 61
}
2026-02-08T08:20:18.450+09:00 [[32minfo[39m]: Updating execution status {
  "service": "tdnet-data-collector",
  "environment": "test",
  "execution_id": "exec_test_w1w3h",
  "status": "running",
  "progress": 95,
  "collected_count": 0,
  "failed_count": 0
}
2026-02-08T08:20:18.450+09:00 [[32minfo[39m]: Execution status updated successfully {
  "service": "tdnet-data-collector",
  "environment": "test",
  "execution_id": "exec_test_w1w3h",
  "status": "running",
  "progress": 95
}
2026-02-08T08:20:18.451+09:00 [[32minfo[39m]: Updating execution status {
  "service": "tdnet-data-collector",
  "environment": "test",
  "execution_id": "exec_test_1l7i2x",
  "status": "running",
  "progress": 9,
  "collected_count": 0,
  "failed_count": 0
}
2026-02-08T08:20:18.452+09:00 [[32minfo[39m]: Execution status updated successfully {
  "service": "tdnet-data-collector",
  "environment": "test",
  "execution_id": "exec_test_1l7i2x",
  "status": "running",
  "progress": 9
}
2026-02-08T08:20:18.452+09:00 [[32minfo[39m]: Updating execution status {
  "service": "tdnet-data-collector",
  "environment": "test",
  "execution_id": "exec_test_1l7i2x",
  "status": "running",
  "progress": 9,
  "collected_count": 0,
  "failed_count": 0
}
2026-02-08T08:20:18.452+09:00 [[32minfo[39m]: Execution status updated successfully {
  "service": "tdnet-data-collector",
  "environment": "test",
  "execution_id": "exec_test_1l7i2x",
  "status": "running",
  "progress": 9
}
2026-02-08T08:20:18.526+09:00 [[32minfo[39m]: Updating execution status {
  "service": "tdnet-data-collector",
  "environment": "test",
  "execution_id": "exec_test_1l7i2x",
  "status": "running",
  "progress": 34,
  "collected_count": 0,
  "failed_count": 0
}
2026-02-08T08:20:18.527+09:00 [[32minfo[39m]: Execution status updated successfully {
  "service": "tdnet-data-collector",
  "environment": "test",
  "execution_id": "exec_test_1l7i2x",
  "status": "running",
  "progress": 34
}
2026-02-08T08:20:18.527+09:00 [[32minfo[39m]: Updating execution status {
  "service": "tdnet-data-collector",
  "environment": "test",
  "execution_id": "exec_test_1l7i2x",
  "status": "running",
  "progress": 59,
  "collected_count": 0,
  "failed_count": 0
}
2026-02-08T08:20:18.527+09:00 [[32minfo[39m]: Execution status updated successfully {
  "service": "tdnet-data-collector",
  "environment": "test",
  "execution_id": "exec_test_1l7i2x",
  "status": "running",
  "progress": 59
}
2026-02-08T08:20:18.527+09:00 [[32minfo[39m]: Updating execution status {
  "service": "tdnet-data-collector",
  "environment": "test",
  "execution_id": "exec_test_1l7i2x",
  "status": "running",
  "progress": 78,
  "collected_count": 0,
  "failed_count": 0
}
2026-02-08T08:20:18.527+09:00 [[32minfo[39m]: Execution status updated successfully {
  "service": "tdnet-data-collector",
  "environment": "test",
  "execution_id": "exec_test_1l7i2x",
  "status": "running",
  "progress": 78
}
2026-02-08T08:20:18.527+09:00 [[32minfo[39m]: Updating execution status {
  "service": "tdnet-data-collector",
  "environment": "test",
  "execution_id": "exec_test_1l7i2x",
  "status": "running",
  "progress": 84,
  "collected_count": 0,
  "failed_count": 0
}
2026-02-08T08:20:18.527+09:00 [[32minfo[39m]: Execution status updated successfully {
  "service": "tdnet-data-collector",
  "environment": "test",
  "execution_id": "exec_test_1l7i2x",
  "status": "running",
  "progress": 84
}
2026-02-08T08:20:18.527+09:00 [[32minfo[39m]: Updating execution status {
  "service": "tdnet-data-collector",
  "environment": "test",
  "execution_id": "exec_test_1l7i2x",
  "status": "running",
  "progress": 86,
  "collected_count": 0,
  "failed_count": 0
}
2026-02-08T08:20:18.528+09:00 [[32minfo[39m]: Execution status updated successfully {
  "service": "tdnet-data-collector",
  "environment": "test",
  "execution_id": "exec_test_1l7i2x",
  "status": "running",
  "progress": 86
}
2026-02-08T08:20:18.535+09:00 [[32minfo[39m]: Updating execution status {
  "service": "tdnet-data-collector",
  "environment": "test",
  "execution_id": "exec_test_7lcnvd",
  "status": "running",
  "progress": 14,
  "collected_count": 0,
  "failed_count": 0
}
2026-02-08T08:20:18.536+09:00 [[32minfo[39m]: Execution status updated successfully {
  "service": "tdnet-data-collector",
  "environment": "test",
  "execution_id": "exec_test_7lcnvd",
  "status": "running",
  "progress": 14
}
2026-02-08T08:20:18.536+09:00 [[32minfo[39m]: Updating execution status {
  "service": "tdnet-data-collector",
  "environment": "test",
  "execution_id": "exec_test_7lcnvd",
  "status": "running",
  "progress": 75,
  "collected_count": 0,
  "failed_count": 0
}
2026-02-08T08:20:18.536+09:00 [[32minfo[39m]: Execution status updated successfully {
  "service": "tdnet-data-collector",
  "environment": "test",
  "execution_id": "exec_test_7lcnvd",
  "status": "running",
  "progress": 75
}
2026-02-08T08:20:18.538+09:00 [[32minfo[39m]: Updating execution status {
  "service": "tdnet-data-collector",
  "environment": "test",
  "execution_id": "exec_test_9rts8nj",
  "status": "running",
  "progress": 32,
  "collected_count": 0,
  "failed_count": 0
}
2026-02-08T08:20:18.538+09:00 [[32minfo[39m]: Execution status updated successfully {
  "service": "tdnet-data-collector",
  "environment": "test",
  "execution_id": "exec_test_9rts8nj",
  "status": "running",
  "progress": 32
}
2026-02-08T08:20:18.538+09:00 [[32minfo[39m]: Updating execution status {
  "service": "tdnet-data-collector",
  "environment": "test",
  "execution_id": "exec_test_9rts8nj",
  "status": "running",
  "progress": 39,
  "collected_count": 0,
  "failed_count": 0
}
2026-02-08T08:20:18.538+09:00 [[32minfo[39m]: Execution status updated successfully {
  "service": "tdnet-data-collector",
  "environment": "test",
  "execution_id": "exec_test_9rts8nj",
  "status": "running",
  "progress": 39
}
2026-02-08T08:20:18.538+09:00 [[32minfo[39m]: Updating execution status {
  "service": "tdnet-data-collector",
  "environment": "test",
  "execution_id": "exec_test_9rts8nj",
  "status": "running",
  "progress": 45,
  "collected_count": 0,
  "failed_count": 0
}
2026-02-08T08:20:18.538+09:00 [[32minfo[39m]: Execution status updated successfully {
  "service": "tdnet-data-collector",
  "environment": "test",
  "execution_id": "exec_test_9rts8nj",
  "status": "running",
  "progress": 45
}
2026-02-08T08:20:18.538+09:00 [[32minfo[39m]: Updating execution status {
  "service": "tdnet-data-collector",
  "environment": "test",
  "execution_id": "exec_test_9rts8nj",
  "status": "running",
  "progress": 58,
  "collected_count": 0,
  "failed_count": 0
}
2026-02-08T08:20:18.539+09:00 [[32minfo[39m]: Execution status updated successfully {
  "service": "tdnet-data-collector",
  "environment": "test",
  "execution_id": "exec_test_9rts8nj",
  "status": "running",
  "progress": 58
}
2026-02-08T08:20:18.539+09:00 [[32minfo[39m]: Updating execution status {
  "service": "tdnet-data-collector",
  "environment": "test",
  "execution_id": "exec_test_9rts8nj",
  "status": "running",
  "progress": 65,
  "collected_count": 0,
  "failed_count": 0
}
2026-02-08T08:20:18.539+09:00 [[32minfo[39m]: Execution status updated successfully {
  "service": "tdnet-data-collector",
  "environment": "test",
  "execution_id": "exec_test_9rts8nj",
  "status": "running",
  "progress": 65
}
2026-02-08T08:20:18.539+09:00 [[32minfo[39m]: Updating execution status {
  "service": "tdnet-data-collector",
  "environment": "test",
  "execution_id": "exec_test_9rts8nj",
  "status": "running",
  "progress": 78,
  "collected_count": 0,
  "failed_count": 0
}
2026-02-08T08:20:18.539+09:00 [[32minfo[39m]: Execution status updated successfully {
  "service": "tdnet-data-collector",
  "environment": "test",
  "execution_id": "exec_test_9rts8nj",
  "status": "running",
  "progress": 78
}
2026-02-08T08:20:18.539+09:00 [[32minfo[39m]: Updating execution status {
  "service": "tdnet-data-collector",
  "environment": "test",
  "execution_id": "exec_test_9rts8nj",
  "status": "running",
  "progress": 91,
  "collected_count": 0,
  "failed_count": 0
}
2026-02-08T08:20:18.539+09:00 [[32minfo[39m]: Execution status updated successfully {
  "service": "tdnet-data-collector",
  "environment": "test",
  "execution_id": "exec_test_9rts8nj",
  "status": "running",
  "progress": 91
}
2026-02-08T08:20:18.540+09:00 [[32minfo[39m]: Updating execution status {
  "service": "tdnet-data-collector",
  "environment": "test",
  "execution_id": "exec_test_39xd7h",
  "status": "pending",
  "progress": 0,
  "collected_count": 0,
  "failed_count": 0
}
2026-02-08T08:20:18.541+09:00 [[32minfo[39m]: Execution status updated successfully {
  "service": "tdnet-data-collector",
  "environment": "test",
  "execution_id": "exec_test_39xd7h",
  "status": "pending",
  "progress": 0
}
2026-02-08T08:20:18.541+09:00 [[32minfo[39m]: Updating execution status {
  "service": "tdnet-data-collector",
  "environment": "test",
  "execution_id": "exec_test_39xd7h",
  "status": "running",
  "progress": 2,
  "collected_count": 0,
  "failed_count": 0
}
2026-02-08T08:20:18.541+09:00 [[32minfo[39m]: Execution status updated successfully {
  "service": "tdnet-data-collector",
  "environment": "test",
  "execution_id": "exec_test_39xd7h",
  "status": "running",
  "progress": 2
}
2026-02-08T08:20:18.541+09:00 [[32minfo[39m]: Updating execution status {
  "service": "tdnet-data-collector",
  "environment": "test",
  "execution_id": "exec_test_39xd7h",
  "status": "running",
  "progress": 4,
  "collected_count": 0,
  "failed_count": 0
}
2026-02-08T08:20:18.541+09:00 [[32minfo[39m]: Execution status updated successfully {
  "service": "tdnet-data-collector",
  "environment": "test",
  "execution_id": "exec_test_39xd7h",
  "status": "running",
  "progress": 4
}
2026-02-08T08:20:18.541+09:00 [[32minfo[39m]: Updating execution status {
  "service": "tdnet-data-collector",
  "environment": "test",
  "execution_id": "exec_test_39xd7h",
  "status": "running",
  "progress": 6,
  "collected_count": 0,
  "failed_count": 0
}
2026-02-08T08:20:18.541+09:00 [[32minfo[39m]: Execution status updated successfully {
  "service": "tdnet-data-collector",
  "environment": "test",
  "execution_id": "exec_test_39xd7h",
  "status": "running",
  "progress": 6
}
2026-02-08T08:20:18.541+09:00 [[32minfo[39m]: Updating execution status {
  "service": "tdnet-data-collector",
  "environment": "test",
  "execution_id": "exec_test_39xd7h",
  "status": "running",
  "progress": 13,
  "collected_count": 0,
  "failed_count": 0
}
2026-02-08T08:20:18.541+09:00 [[32minfo[39m]: Execution status updated successfully {
  "service": "tdnet-data-collector",
  "environment": "test",
  "execution_id": "exec_test_39xd7h",
  "status": "running",
  "progress": 13
}
2026-02-08T08:20:18.541+09:00 [[32minfo[39m]: Updating execution status {
  "service": "tdnet-data-collector",
  "environment": "test",
  "execution_id": "exec_test_39xd7h",
  "status": "running",
  "progress": 22,
  "collected_count": 0,
  "failed_count": 0
}
2026-02-08T08:20:18.542+09:00 [[32minfo[39m]: Execution status updated successfully {
  "service": "tdnet-data-collector",
  "environment": "test",
  "execution_id": "exec_test_39xd7h",
  "status": "running",
  "progress": 22
}
2026-02-08T08:20:18.542+09:00 [[32minfo[39m]: Updating execution status {
  "service": "tdnet-data-collector",
  "environment": "test",
  "execution_id": "exec_test_39xd7h",
  "status": "running",
  "progress": 37,
  "collected_count": 0,
  "failed_count": 0
}
2026-02-08T08:20:18.542+09:00 [[32minfo[39m]: Execution status updated successfully {
  "service": "tdnet-data-collector",
  "environment": "test",
  "execution_id": "exec_test_39xd7h",
  "status": "running",
  "progress": 37
}
2026-02-08T08:20:18.542+09:00 [[32minfo[39m]: Updating execution status {
  "service": "tdnet-data-collector",
  "environment": "test",
  "execution_id": "exec_test_39xd7h",
  "status": "running",
  "progress": 54,
  "collected_count": 0,
  "failed_count": 0
}
2026-02-08T08:20:18.542+09:00 [[32minfo[39m]: Execution status updated successfully {
  "service": "tdnet-data-collector",
  "environment": "test",
  "execution_id": "exec_test_39xd7h",
  "status": "running",
  "progress": 54
}
2026-02-08T08:20:18.542+09:00 [[32minfo[39m]: Updating execution status {
  "service": "tdnet-data-collector",
  "environment": "test",
  "execution_id": "exec_test_39xd7h",
  "status": "running",
  "progress": 72,
  "collected_count": 0,
  "failed_count": 0
}
2026-02-08T08:20:18.542+09:00 [[32minfo[39m]: Execution status updated successfully {
  "service": "tdnet-data-collector",
  "environment": "test",
  "execution_id": "exec_test_39xd7h",
  "status": "running",
  "progress": 72
}
2026-02-08T08:20:18.542+09:00 [[32minfo[39m]: Updating execution status {
  "service": "tdnet-data-collector",
  "environment": "test",
  "execution_id": "exec_test_39xd7h",
  "status": "running",
  "progress": 94,
  "collected_count": 0,
  "failed_count": 0
}
2026-02-08T08:20:18.542+09:00 [[32minfo[39m]: Execution status updated successfully {
  "service": "tdnet-data-collector",
  "environment": "test",
  "execution_id": "exec_test_39xd7h",
  "status": "running",
  "progress": 94
}
2026-02-08T08:20:18.543+09:00 [[32minfo[39m]: Updating execution status {
  "service": "tdnet-data-collector",
  "environment": "test",
  "execution_id": "exec_test_53h4y3",
  "status": "running",
  "progress": 1,
  "collected_count": 0,
  "failed_count": 0
}
2026-02-08T08:20:18.544+09:00 [[32minfo[39m]: Execution status updated successfully {
  "service": "tdnet-data-collector",
  "environment": "test",
  "execution_id": "exec_test_53h4y3",
  "status": "running",
  "progress": 1
}
2026-02-08T08:20:18.544+09:00 [[32minfo[39m]: Updating execution status {
  "service": "tdnet-data-collector",
  "environment": "test",
  "execution_id": "exec_test_53h4y3",
  "status": "running",
  "progress": 5,
  "collected_count": 0,
  "failed_count": 0
}
2026-02-08T08:20:18.544+09:00 [[32minfo[39m]: Execution status updated successfully {
  "service": "tdnet-data-collector",
  "environment": "test",
  "execution_id": "exec_test_53h4y3",
  "status": "running",
  "progress": 5
}
2026-02-08T08:20:18.544+09:00 [[32minfo[39m]: Updating execution status {
  "service": "tdnet-data-collector",
  "environment": "test",
  "execution_id": "exec_test_53h4y3",
  "status": "running",
  "progress": 6,
  "collected_count": 0,
  "failed_count": 0
}
2026-02-08T08:20:18.544+09:00 [[32minfo[39m]: Execution status updated successfully {
  "service": "tdnet-data-collector",
  "environment": "test",
  "execution_id": "exec_test_53h4y3",
  "status": "running",
  "progress": 6
}
2026-02-08T08:20:18.544+09:00 [[32minfo[39m]: Updating execution status {
  "service": "tdnet-data-collector",
  "environment": "test",
  "execution_id": "exec_test_53h4y3",
  "status": "running",
  "progress": 18,
  "collected_count": 0,
  "failed_count": 0
}
2026-02-08T08:20:18.545+09:00 [[32minfo[39m]: Execution status updated successfully {
  "service": "tdnet-data-collector",
  "environment": "test",
  "execution_id": "exec_test_53h4y3",
  "status": "running",
  "progress": 18
}
2026-02-08T08:20:18.545+09:00 [[32minfo[39m]: Updating execution status {
  "service": "tdnet-data-collector",
  "environment": "test",
  "execution_id": "exec_test_53h4y3",
  "status": "running",
  "progress": 25,
  "collected_count": 0,
  "failed_count": 0
}
2026-02-08T08:20:18.545+09:00 [[32minfo[39m]: Execution status updated successfully {
  "service": "tdnet-data-collector",
  "environment": "test",
  "execution_id": "exec_test_53h4y3",
  "status": "running",
  "progress": 25
}
2026-02-08T08:20:18.545+09:00 [[32minfo[39m]: Updating execution status {
  "service": "tdnet-data-collector",
  "environment": "test",
  "execution_id": "exec_test_53h4y3",
  "status": "running",
  "progress": 36,
  "collected_count": 0,
  "failed_count": 0
}
2026-02-08T08:20:18.545+09:00 [[32minfo[39m]: Execution status updated successfully {
  "service": "tdnet-data-collector",
  "environment": "test",
  "execution_id": "exec_test_53h4y3",
  "status": "running",
  "progress": 36
}
2026-02-08T08:20:18.545+09:00 [[32minfo[39m]: Updating execution status {
  "service": "tdnet-data-collector",
  "environment": "test",
  "execution_id": "exec_test_53h4y3",
  "status": "running",
  "progress": 63,
  "collected_count": 0,
  "failed_count": 0
}
2026-02-08T08:20:18.545+09:00 [[32minfo[39m]: Execution status updated successfully {
  "service": "tdnet-data-collector",
  "environment": "test",
  "execution_id": "exec_test_53h4y3",
  "status": "running",
  "progress": 63
}
2026-02-08T08:20:18.545+09:00 [[32minfo[39m]: Updating execution status {
  "service": "tdnet-data-collector",
  "environment": "test",
  "execution_id": "exec_test_53h4y3",
  "status": "running",
  "progress": 66,
  "collected_count": 0,
  "failed_count": 0
}
2026-02-08T08:20:18.545+09:00 [[32minfo[39m]: Execution status updated successfully {
  "service": "tdnet-data-collector",
  "environment": "test",
  "execution_id": "exec_test_53h4y3",
  "status": "running",
  "progress": 66
}
2026-02-08T08:20:18.545+09:00 [[32minfo[39m]: Updating execution status {
  "service": "tdnet-data-collector",
  "environment": "test",
  "execution_id": "exec_test_53h4y3",
  "status": "running",
  "progress": 92,
  "collected_count": 0,
  "failed_count": 0
}
2026-02-08T08:20:18.546+09:00 [[32minfo[39m]: Execution status updated successfully {
  "service": "tdnet-data-collector",
  "environment": "test",
  "execution_id": "exec_test_53h4y3",
  "status": "running",
  "progress": 92
}
2026-02-08T08:20:18.546+09:00 [[32minfo[39m]: Updating execution status {
  "service": "tdnet-data-collector",
  "environment": "test",
  "execution_id": "exec_test_53h4y3",
  "status": "running",
  "progress": 94,
  "collected_count": 0,
  "failed_count": 0
}
2026-02-08T08:20:18.546+09:00 [[32minfo[39m]: Execution status updated successfully {
  "service": "tdnet-data-collector",
  "environment": "test",
  "execution_id": "exec_test_53h4y3",
  "status": "running",
  "progress": 94
}
2026-02-08T08:20:18.547+09:00 [[32minfo[39m]: Updating execution status {
  "service": "tdnet-data-collector",
  "environment": "test",
  "execution_id": "exec_test_jwr0wr",
  "status": "running",
  "progress": 83,
  "collected_count": 0,
  "failed_count": 0
}
2026-02-08T08:20:18.547+09:00 [[32minfo[39m]: Execution status updated successfully {
  "service": "tdnet-data-collector",
  "environment": "test",
  "execution_id": "exec_test_jwr0wr",
  "status": "running",
  "progress": 83
}
2026-02-08T08:20:18.547+09:00 [[32minfo[39m]: Updating execution status {
  "service": "tdnet-data-collector",
  "environment": "test",
  "execution_id": "exec_test_jwr0wr",
  "status": "running",
  "progress": 93,
  "collected_count": 0,
  "failed_count": 0
}
2026-02-08T08:20:18.548+09:00 [[32minfo[39m]: Execution status updated successfully {
  "service": "tdnet-data-collector",
  "environment": "test",
  "execution_id": "exec_test_jwr0wr",
  "status": "running",
  "progress": 93
}
2026-02-08T08:20:18.548+09:00 [[32minfo[39m]: Updating execution status {
  "service": "tdnet-data-collector",
  "environment": "test",
  "execution_id": "exec_test_jwr0wr",
  "status": "running",
  "progress": 98,
  "collected_count": 0,
  "failed_count": 0
}
2026-02-08T08:20:18.548+09:00 [[32minfo[39m]: Execution status updated successfully {
  "service": "tdnet-data-collector",
  "environment": "test",
  "execution_id": "exec_test_jwr0wr",
  "status": "running",
  "progress": 98
}
2026-02-08T08:20:18.548+09:00 [[32minfo[39m]: Updating execution status {
  "service": "tdnet-data-collector",
  "environment": "test",
  "execution_id": "exec_test_e044jp",
  "status": "running",
  "progress": 35,
  "collected_count": 0,
  "failed_count": 0
}
2026-02-08T08:20:18.549+09:00 [[32minfo[39m]: Execution status updated successfully {
  "service": "tdnet-data-collector",
  "environment": "test",
  "execution_id": "exec_test_e044jp",
  "status": "running",
  "progress": 35
}
2026-02-08T08:20:18.549+09:00 [[32minfo[39m]: Updating execution status {
  "service": "tdnet-data-collector",
  "environment": "test",
  "execution_id": "exec_test_e044jp",
  "status": "running",
  "progress": 48,
  "collected_count": 0,
  "failed_count": 0
}
2026-02-08T08:20:18.549+09:00 [[32minfo[39m]: Execution status updated successfully {
  "service": "tdnet-data-collector",
  "environment": "test",
  "execution_id": "exec_test_e044jp",
  "status": "running",
  "progress": 48
}
2026-02-08T08:20:18.549+09:00 [[32minfo[39m]: Updating execution status {
  "service": "tdnet-data-collector",
  "environment": "test",
  "execution_id": "exec_test_e044jp",
  "status": "running",
  "progress": 52,
  "collected_count": 0,
  "failed_count": 0
}
2026-02-08T08:20:18.549+09:00 [[32minfo[39m]: Execution status updated successfully {
  "service": "tdnet-data-collector",
  "environment": "test",
  "execution_id": "exec_test_e044jp",
  "status": "running",
  "progress": 52
}
2026-02-08T08:20:18.549+09:00 [[32minfo[39m]: Updating execution status {
  "service": "tdnet-data-collector",
  "environment": "test",
  "execution_id": "exec_test_e044jp",
  "status": "running",
  "progress": 72,
  "collected_count": 0,
  "failed_count": 0
}
2026-02-08T08:20:18.549+09:00 [[32minfo[39m]: Execution status updated successfully {
  "service": "tdnet-data-collector",
  "environment": "test",
  "execution_id": "exec_test_e044jp",
  "status": "running",
  "progress": 72
}
2026-02-08T08:20:18.549+09:00 [[32minfo[39m]: Updating execution status {
  "service": "tdnet-data-collector",
  "environment": "test",
  "execution_id": "exec_test_e044jp",
  "status": "running",
  "progress": 72,
  "collected_count": 0,
  "failed_count": 0
}
2026-02-08T08:20:18.549+09:00 [[32minfo[39m]: Execution status updated successfully {
  "service": "tdnet-data-collector",
  "environment": "test",
  "execution_id": "exec_test_e044jp",
  "status": "running",
  "progress": 72
}
2026-02-08T08:20:18.550+09:00 [[32minfo[39m]: Updating execution status {
  "service": "tdnet-data-collector",
  "environment": "test",
  "execution_id": "exec_test_e044jp",
  "status": "running",
  "progress": 74,
  "collected_count": 0,
  "failed_count": 0
}
2026-02-08T08:20:18.550+09:00 [[32minfo[39m]: Execution status updated successfully {
  "service": "tdnet-data-collector",
  "environment": "test",
  "execution_id": "exec_test_e044jp",
  "status": "running",
  "progress": 74
}
2026-02-08T08:20:18.550+09:00 [[32minfo[39m]: Updating execution status {
  "service": "tdnet-data-collector",
  "environment": "test",
  "execution_id": "exec_test_e044jp",
  "status": "completed",
  "progress": 100,
  "collected_count": 0,
  "failed_count": 0
}
2026-02-08T08:20:18.550+09:00 [[32minfo[39m]: Execution status updated successfully {
  "service": "tdnet-data-collector",
  "environment": "test",
  "execution_id": "exec_test_e044jp",
  "status": "completed",
  "progress": 100
}
2026-02-08T08:20:18.555+09:00 [[32minfo[39m]: Updating execution status {
  "service": "tdnet-data-collector",
  "environment": "test",
  "execution_id": "j[mFJb/0@R",
  "status": "running",
  "progress": 0,
  "collected_count": 0,
  "failed_count": 0
}
2026-02-08T08:20:18.555+09:00 [[32minfo[39m]: Execution status updated successfully {
  "service": "tdnet-data-collector",
  "environment": "test",
  "execution_id": "j[mFJb/0@R",
  "status": "running",
  "progress": 0
}
2026-02-08T08:20:18.556+09:00 [[32minfo[39m]: Updating execution status {
  "service": "tdnet-data-collector",
  "environment": "test",
  "execution_id": "L!-Dz)z$%V#$&dWD,}k",
  "status": "running",
  "progress": 5,
  "collected_count": 0,
  "failed_count": 0
}
2026-02-08T08:20:18.556+09:00 [[32minfo[39m]: Execution status updated successfully {
  "service": "tdnet-data-collector",
  "environment": "test",
  "execution_id": "L!-Dz)z$%V#$&dWD,}k",
  "status": "running",
  "progress": 5
}
2026-02-08T08:20:18.557+09:00 [[32minfo[39m]: Updating execution status {
  "service": "tdnet-data-collector",
  "environment": "test",
  "execution_id": "constructor",
  "status": "running",
  "progress": 0,
  "collected_count": 0,
  "failed_count": 0
}
2026-02-08T08:20:18.557+09:00 [[32minfo[39m]: Execution status updated successfully {
  "service": "tdnet-data-collector",
  "environment": "test",
  "execution_id": "constructor",
  "status": "running",
  "progress": 0
}
2026-02-08T08:20:18.558+09:00 [[32minfo[39m]: Updating execution status {
  "service": "tdnet-data-collector",
  "environment": "test",
  "execution_id": "i$Ky&#xLp%=",
  "status": "running",
  "progress": 2,
  "collected_count": 0,
  "failed_count": 0
}
2026-02-08T08:20:18.558+09:00 [[32minfo[39m]: Execution status updated successfully {
  "service": "tdnet-data-collector",
  "environment": "test",
  "execution_id": "i$Ky&#xLp%=",
  "status": "running",
  "progress": 2
}
2026-02-08T08:20:18.559+09:00 [[32minfo[39m]: Updating execution status {
  "service": "tdnet-data-collector",
  "environment": "test",
  "execution_id": "u$X\"\\>wCOLB-=",
  "status": "running",
  "progress": 0,
  "collected_count": 0,
  "failed_count": 0
}
2026-02-08T08:20:18.559+09:00 [[32minfo[39m]: Execution status updated successfully {
  "service": "tdnet-data-collector",
  "environment": "test",
  "execution_id": "u$X\"\\>wCOLB-=",
  "status": "running",
  "progress": 0
}
2026-02-08T08:20:18.560+09:00 [[32minfo[39m]: Updating execution status {
  "service": "tdnet-data-collector",
  "environment": "test",
  "execution_id": "bz z96{EF ",
  "status": "running",
  "progress": 0,
  "collected_count": 0,
  "failed_count": 0
}
2026-02-08T08:20:18.560+09:00 [[32minfo[39m]: Execution status updated successfully {
  "service": "tdnet-data-collector",
  "environment": "test",
  "execution_id": "bz z96{EF ",
  "status": "running",
  "progress": 0
}
2026-02-08T08:20:18.561+09:00 [[32minfo[39m]: Updating execution status {
  "service": "tdnet-data-collector",
  "environment": "test",
  "execution_id": "@=w({YhdCcL8W2/+/Qrgzz!gem2),B",
  "status": "running",
  "progress": 0,
  "collected_count": 0,
  "failed_count": 0
}
2026-02-08T08:20:18.561+09:00 [[32minfo[39m]: Execution status updated successfully {
  "service": "tdnet-data-collector",
  "environment": "test",
  "execution_id": "@=w({YhdCcL8W2/+/Qrgzz!gem2),B",
  "status": "running",
  "progress": 0
}
2026-02-08T08:20:18.562+09:00 [[32minfo[39m]: Updating execution status {
  "service": "tdnet-data-collector",
  "environment": "test",
  "execution_id": "wn8oOaytW(58R2?jQ",
  "status": "running",
  "progress": 0,
  "collected_count": 0,
  "failed_count": 0
}
2026-02-08T08:20:18.562+09:00 [[32minfo[39m]: Execution status updated successfully {
  "service": "tdnet-data-collector",
  "environment": "test",
  "execution_id": "wn8oOaytW(58R2?jQ",
  "status": "running",
  "progress": 0
}
2026-02-08T08:20:18.563+09:00 [[32minfo[39m]: Updating execution status {
  "service": "tdnet-data-collector",
  "environment": "test",
  "execution_id": "9[}0\"u$eMqvj%^8t~-W",
  "status": "running",
  "progress": 1,
  "collected_count": 0,
  "failed_count": 0
}
2026-02-08T08:20:18.563+09:00 [[32minfo[39m]: Execution status updated successfully {
  "service": "tdnet-data-collector",
  "environment": "test",
  "execution_id": "9[}0\"u$eMqvj%^8t~-W",
  "status": "running",
  "progress": 1
}
2026-02-08T08:20:18.564+09:00 [[32minfo[39m]: Updating execution status {
  "service": "tdnet-data-collector",
  "environment": "test",
  "execution_id": "B?a:E`8)\"`Tww",
  "status": "running",
  "progress": 100,
  "collected_count": 0,
  "failed_count": 0
}
2026-02-08T08:20:18.564+09:00 [[32minfo[39m]: Execution status updated successfully {
  "service": "tdnet-data-collector",
  "environment": "test",
  "execution_id": "B?a:E`8)\"`Tww",
  "status": "running",
  "progress": 100
}
2026-02-08T08:20:18.564+09:00 [[32minfo[39m]: Updating execution status {
  "service": "tdnet-data-collector",
  "environment": "test",
  "execution_id": "0dbM=hfzUY=V{7?4 R1[xM|= Hr\"",
  "status": "running",
  "progress": 100,
  "collected_count": 0,
  "failed_count": 0
}
2026-02-08T08:20:18.565+09:00 [[32minfo[39m]: Execution status updated successfully {
  "service": "tdnet-data-collector",
  "environment": "test",
  "execution_id": "0dbM=hfzUY=V{7?4 R1[xM|= Hr\"",
  "status": "running",
  "progress": 100
}
2026-02-08T08:20:18.565+09:00 [[32minfo[39m]: Updating execution status {
  "service": "tdnet-data-collector",
  "environment": "test",
  "execution_id": "k$X#7`h&\"]OQ|%",
  "status": "running",
  "progress": 0,
  "collected_count": 0,
  "failed_count": 0
}
2026-02-08T08:20:18.565+09:00 [[32minfo[39m]: Execution status updated successfully {
  "service": "tdnet-data-collector",
  "environment": "test",
  "execution_id": "k$X#7`h&\"]OQ|%",
  "status": "running",
  "progress": 0
}
2026-02-08T08:20:18.566+09:00 [[32minfo[39m]: Updating execution status {
  "service": "tdnet-data-collector",
  "environment": "test",
  "execution_id": "H2%!&!|U/S >$[`P&!;V$",
  "status": "running",
  "progress": 100,
  "collected_count": 0,
  "failed_count": 0
}
2026-02-08T08:20:18.566+09:00 [[32minfo[39m]: Execution status updated successfully {
  "service": "tdnet-data-collector",
  "environment": "test",
  "execution_id": "H2%!&!|U/S >$[`P&!;V$",
  "status": "running",
  "progress": 100
}
2026-02-08T08:20:18.567+09:00 [[32minfo[39m]: Updating execution status {
  "service": "tdnet-data-collector",
  "environment": "test",
  "execution_id": "propertyIsEnumerablex#:w__loo",
  "status": "running",
  "progress": 100,
  "collected_count": 0,
  "failed_count": 0
}
2026-02-08T08:20:18.567+09:00 [[32minfo[39m]: Execution status updated successfully {
  "service": "tdnet-data-collector",
  "environment": "test",
  "execution_id": "propertyIsEnumerablex#:w__loo",
  "status": "running",
  "progress": 100
}
2026-02-08T08:20:18.568+09:00 [[32minfo[39m]: Updating execution status {
  "service": "tdnet-data-collector",
  "environment": "test",
  "execution_id": "U{X^}v\"7!H*l%7>BfkY(Zg%%]",
  "status": "running",
  "progress": 100,
  "collected_count": 0,
  "failed_count": 0
}
2026-02-08T08:20:18.568+09:00 [[32minfo[39m]: Execution status updated successfully {
  "service": "tdnet-data-collector",
  "environment": "test",
  "execution_id": "U{X^}v\"7!H*l%7>BfkY(Zg%%]",
  "status": "running",
  "progress": 100
}
2026-02-08T08:20:18.568+09:00 [[32minfo[39m]: Updating execution status {
  "service": "tdnet-data-collector",
  "environment": "test",
  "execution_id": "h&& \"<{Bp43{SkM;&$Q",
  "status": "running",
  "progress": 0,
  "collected_count": 0,
  "failed_count": 0
}
2026-02-08T08:20:18.569+09:00 [[32minfo[39m]: Execution status updated successfully {
  "service": "tdnet-data-collector",
  "environment": "test",
  "execution_id": "h&& \"<{Bp43{SkM;&$Q",
  "status": "running",
  "progress": 0
}
2026-02-08T08:20:18.569+09:00 [[32minfo[39m]: Updating execution status {
  "service": "tdnet-data-collector",
  "environment": "test",
  "execution_id": "Lv7A'\"o129",
  "status": "running",
  "progress": 100,
  "collected_count": 0,
  "failed_count": 0
}
2026-02-08T08:20:18.570+09:00 [[32minfo[39m]: Execution status updated successfully {
  "service": "tdnet-data-collector",
  "environment": "test",
  "execution_id": "Lv7A'\"o129",
  "status": "running",
  "progress": 100
}
2026-02-08T08:20:18.570+09:00 [[32minfo[39m]: Updating execution status {
  "service": "tdnet-data-collector",
  "environment": "test",
  "execution_id": "j^U!`T{+|8E3",
  "status": "running",
  "progress": 100,
  "collected_count": 0,
  "failed_count": 0
}
2026-02-08T08:20:18.570+09:00 [[32minfo[39m]: Execution status updated successfully {
  "service": "tdnet-data-collector",
  "environment": "test",
  "execution_id": "j^U!`T{+|8E3",
  "status": "running",
  "progress": 100
}
2026-02-08T08:20:18.571+09:00 [[32minfo[39m]: Updating execution status {
  "service": "tdnet-data-collector",
  "environment": "test",
  "execution_id": "HM6:ygv.C7jMpZlB^r$",
  "status": "running",
  "progress": 100,
  "collected_count": 0,
  "failed_count": 0
}
2026-02-08T08:20:18.571+09:00 [[32minfo[39m]: Execution status updated successfully {
  "service": "tdnet-data-collector",
  "environment": "test",
  "execution_id": "HM6:ygv.C7jMpZlB^r$",
  "status": "running",
  "progress": 100
}
2026-02-08T08:20:18.572+09:00 [[32minfo[39m]: Updating execution status {
  "service": "tdnet-data-collector",
  "environment": "test",
  "execution_id": "__lookupGett",
  "status": "running",
  "progress": 0,
  "collected_count": 0,
  "failed_count": 0
}
2026-02-08T08:20:18.572+09:00 [[32minfo[39m]: Execution status updated successfully {
  "service": "tdnet-data-collector",
  "environment": "test",
  "execution_id": "__lookupGett",
  "status": "running",
  "progress": 0
}
2026-02-08T08:20:18.572+09:00 [[32minfo[39m]: Updating execution status {
  "service": "tdnet-data-collector",
  "environment": "test",
  "execution_id": " =>2'Fq;|I~KJPpH-",
  "status": "running",
  "progress": 100,
  "collected_count": 0,
  "failed_count": 0
}
2026-02-08T08:20:18.573+09:00 [[32minfo[39m]: Execution status updated successfully {
  "service": "tdnet-data-collector",
  "environment": "test",
  "execution_id": " =>2'Fq;|I~KJPpH-",
  "status": "running",
  "progress": 100
}
2026-02-08T08:20:18.573+09:00 [[32minfo[39m]: Updating execution status {
  "service": "tdnet-data-collector",
  "environment": "test",
  "execution_id": "kconstructor&&v&_",
  "status": "running",
  "progress": 100,
  "collected_count": 0,
  "failed_count": 0
}
2026-02-08T08:20:18.573+09:00 [[32minfo[39m]: Execution status updated successfully {
  "service": "tdnet-data-collector",
  "environment": "test",
  "execution_id": "kconstructor&&v&_",
  "status": "running",
  "progress": 100
}
2026-02-08T08:20:18.574+09:00 [[32minfo[39m]: Updating execution status {
  "service": "tdnet-data-collector",
  "environment": "test",
  "execution_id": "|hasOwnPrope",
  "status": "running",
  "progress": 0,
  "collected_count": 0,
  "failed_count": 0
}
2026-02-08T08:20:18.574+09:00 [[32minfo[39m]: Execution status updated successfully {
  "service": "tdnet-data-collector",
  "environment": "test",
  "execution_id": "|hasOwnPrope",
  "status": "running",
  "progress": 0
}
2026-02-08T08:20:18.575+09:00 [[32minfo[39m]: Updating execution status {
  "service": "tdnet-data-collector",
  "environment": "test",
  "execution_id": "}ke,(hOh]{N>S`/H",
  "status": "running",
  "progress": 0,
  "collected_count": 0,
  "failed_count": 0
}
2026-02-08T08:20:18.575+09:00 [[32minfo[39m]: Execution status updated successfully {
  "service": "tdnet-data-collector",
  "environment": "test",
  "execution_id": "}ke,(hOh]{N>S`/H",
  "status": "running",
  "progress": 0
}
2026-02-08T08:20:18.576+09:00 [[32minfo[39m]: Updating execution status {
  "service": "tdnet-data-collector",
  "environment": "test",
  "execution_id": "E2:eN|{^MO^]d{geQW:~YLsL;<7",
  "status": "running",
  "progress": 0,
  "collected_count": 0,
  "failed_count": 0
}
2026-02-08T08:20:18.576+09:00 [[32minfo[39m]: Execution status updated successfully {
  "service": "tdnet-data-collector",
  "environment": "test",
  "execution_id": "E2:eN|{^MO^]d{geQW:~YLsL;<7",
  "status": "running",
  "progress": 0
}
2026-02-08T08:20:18.577+09:00 [[32minfo[39m]: Updating execution status {
  "service": "tdnet-data-collector",
  "environment": "test",
  "execution_id": "42^'M1d>n%>*}a ,7H=Jd<MiY0xgn0",
  "status": "running",
  "progress": 0,
  "collected_count": 0,
  "failed_count": 0
}
2026-02-08T08:20:18.577+09:00 [[32minfo[39m]: Execution status updated successfully {
  "service": "tdnet-data-collector",
  "environment": "test",
  "execution_id": "42^'M1d>n%>*}a ,7H=Jd<MiY0xgn0",
  "status": "running",
  "progress": 0
}
2026-02-08T08:20:18.577+09:00 [[32minfo[39m]: Updating execution status {
  "service": "tdnet-data-collector",
  "environment": "test",
  "execution_id": "+o5KqpdJ]>7w@$!`eZ",
  "status": "running",
  "progress": 0,
  "collected_count": 0,
  "failed_count": 0
}
2026-02-08T08:20:18.578+09:00 [[32minfo[39m]: Execution status updated successfully {
  "service": "tdnet-data-collector",
  "environment": "test",
  "execution_id": "+o5KqpdJ]>7w@$!`eZ",
  "status": "running",
  "progress": 0
}
2026-02-08T08:20:18.578+09:00 [[32minfo[39m]: Updating execution status {
  "service": "tdnet-data-collector",
  "environment": "test",
  "execution_id": "YS|nmLs8gxf;!beDp5Lzh5+",
  "status": "running",
  "progress": 6,
  "collected_count": 0,
  "failed_count": 0
}
2026-02-08T08:20:18.579+09:00 [[32minfo[39m]: Execution status updated successfully {
  "service": "tdnet-data-collector",
  "environment": "test",
  "execution_id": "YS|nmLs8gxf;!beDp5Lzh5+",
  "status": "running",
  "progress": 6
}
2026-02-08T08:20:18.579+09:00 [[32minfo[39m]: Updating execution status {
  "service": "tdnet-data-collector",
  "environment": "test",
  "execution_id": "5.])XNC~.tQ+NB5]\"4<6mJqr#cA'",
  "status": "running",
  "progress": 3,
  "collected_count": 0,
  "failed_count": 0
}
2026-02-08T08:20:18.579+09:00 [[32minfo[39m]: Execution status updated successfully {
  "service": "tdnet-data-collector",
  "environment": "test",
  "execution_id": "5.])XNC~.tQ+NB5]\"4<6mJqr#cA'",
  "status": "running",
  "progress": 3
}
2026-02-08T08:20:18.580+09:00 [[32minfo[39m]: Updating execution status {
  "service": "tdnet-data-collector",
  "environment": "test",
  "execution_id": "iub %wBq$n<zJ2jJ J)q:t>}R'pZ",
  "status": "running",
  "progress": 0,
  "collected_count": 0,
  "failed_count": 0
}
2026-02-08T08:20:18.580+09:00 [[32minfo[39m]: Execution status updated successfully {
  "service": "tdnet-data-collector",
  "environment": "test",
  "execution_id": "iub %wBq$n<zJ2jJ J)q:t>}R'pZ",
  "status": "running",
  "progress": 0
}
2026-02-08T08:20:18.581+09:00 [[32minfo[39m]: Updating execution status {
  "service": "tdnet-data-collector",
  "environment": "test",
  "execution_id": "I ?]=Hvf[x9+2",
  "status": "running",
  "progress": 100,
  "collected_count": 0,
  "failed_count": 0
}
2026-02-08T08:20:18.581+09:00 [[32minfo[39m]: Execution status updated successfully {
  "service": "tdnet-data-collector",
  "environment": "test",
  "execution_id": "I ?]=Hvf[x9+2",
  "status": "running",
  "progress": 100
}
2026-02-08T08:20:18.582+09:00 [[32minfo[39m]: Updating execution status {
  "service": "tdnet-data-collector",
  "environment": "test",
  "execution_id": "%x!|Lr{YN}|",
  "status": "running",
  "progress": 4,
  "collected_count": 0,
  "failed_count": 0
}
2026-02-08T08:20:18.582+09:00 [[32minfo[39m]: Execution status updated successfully {
  "service": "tdnet-data-collector",
  "environment": "test",
  "execution_id": "%x!|Lr{YN}|",
  "status": "running",
  "progress": 4
}
2026-02-08T08:20:18.583+09:00 [[32minfo[39m]: Updating execution status {
  "service": "tdnet-data-collector",
  "environment": "test",
  "execution_id": "6ILsy>&VM4-VS$xp3#W!4",
  "status": "running",
  "progress": 0,
  "collected_count": 0,
  "failed_count": 0
}
2026-02-08T08:20:18.583+09:00 [[32minfo[39m]: Execution status updated successfully {
  "service": "tdnet-data-collector",
  "environment": "test",
  "execution_id": "6ILsy>&VM4-VS$xp3#W!4",
  "status": "running",
  "progress": 0
}
2026-02-08T08:20:18.583+09:00 [[32minfo[39m]: Updating execution status {
  "service": "tdnet-data-collector",
  "environment": "test",
  "execution_id": "!K`*l-*Z[Qd~,^)I=)4'<\"J:V",
  "status": "running",
  "progress": 100,
  "collected_count": 0,
  "failed_count": 0
}
2026-02-08T08:20:18.584+09:00 [[32minfo[39m]: Execution status updated successfully {
  "service": "tdnet-data-collector",
  "environment": "test",
  "execution_id": "!K`*l-*Z[Qd~,^)I=)4'<\"J:V",
  "status": "running",
  "progress": 100
}
2026-02-08T08:20:18.584+09:00 [[32minfo[39m]: Updating execution status {
  "service": "tdnet-data-collector",
  "environment": "test",
  "execution_id": "65z*ylO5OyY=S'JG/nyRS*g-G!",
  "status": "running",
  "progress": 100,
  "collected_count": 0,
  "failed_count": 0
}
2026-02-08T08:20:18.584+09:00 [[32minfo[39m]: Execution status updated successfully {
  "service": "tdnet-data-collector",
  "environment": "test",
  "execution_id": "65z*ylO5OyY=S'JG/nyRS*g-G!",
  "status": "running",
  "progress": 100
}
2026-02-08T08:20:18.585+09:00 [[32minfo[39m]: Updating execution status {
  "service": "tdnet-data-collector",
  "environment": "test",
  "execution_id": "*p0Mi*YP`S.>",
  "status": "running",
  "progress": 0,
  "collected_count": 0,
  "failed_count": 0
}
2026-02-08T08:20:18.585+09:00 [[32minfo[39m]: Execution status updated successfully {
  "service": "tdnet-data-collector",
  "environment": "test",
  "execution_id": "*p0Mi*YP`S.>",
  "status": "running",
  "progress": 0
}
2026-02-08T08:20:18.586+09:00 [[32minfo[39m]: Updating execution status {
  "service": "tdnet-data-collector",
  "environment": "test",
  "execution_id": "%m]6NRTZ>LT8~\"!vpebmzDxg$pGl",
  "status": "running",
  "progress": 100,
  "collected_count": 0,
  "failed_count": 0
}
2026-02-08T08:20:18.586+09:00 [[32minfo[39m]: Execution status updated successfully {
  "service": "tdnet-data-collector",
  "environment": "test",
  "execution_id": "%m]6NRTZ>LT8~\"!vpebmzDxg$pGl",
  "status": "running",
  "progress": 100
}
2026-02-08T08:20:18.586+09:00 [[32minfo[39m]: Updating execution status {
  "service": "tdnet-data-collector",
  "environment": "test",
  "execution_id": "*Rfl]z:IK9?Z(*Qk!0\\G_:48Nf",
  "status": "running",
  "progress": 100,
  "collected_count": 0,
  "failed_count": 0
}
2026-02-08T08:20:18.587+09:00 [[32minfo[39m]: Execution status updated successfully {
  "service": "tdnet-data-collector",
  "environment": "test",
  "execution_id": "*Rfl]z:IK9?Z(*Qk!0\\G_:48Nf",
  "status": "running",
  "progress": 100
}
2026-02-08T08:20:18.587+09:00 [[32minfo[39m]: Updating execution status {
  "service": "tdnet-data-collector",
  "environment": "test",
  "execution_id": "[68n92,![3eIl!x5<TFc4l&=e!=RW",
  "status": "running",
  "progress": 0,
  "collected_count": 0,
  "failed_count": 0
}
2026-02-08T08:20:18.587+09:00 [[32minfo[39m]: Execution status updated successfully {
  "service": "tdnet-data-collector",
  "environment": "test",
  "execution_id": "[68n92,![3eIl!x5<TFc4l&=e!=RW",
  "status": "running",
  "progress": 0
}
2026-02-08T08:20:18.588+09:00 [[32minfo[39m]: Updating execution status {
  "service": "tdnet-data-collector",
  "environment": "test",
  "execution_id": "dxX_N\"\"xyxTJ$9bN]#&H$3\\",
  "status": "running",
  "progress": 0,
  "collected_count": 0,
  "failed_count": 0
}
2026-02-08T08:20:18.588+09:00 [[32minfo[39m]: Execution status updated successfully {
  "service": "tdnet-data-collector",
  "environment": "test",
  "execution_id": "dxX_N\"\"xyxTJ$9bN]#&H$3\\",
  "status": "running",
  "progress": 0
}
2026-02-08T08:20:18.589+09:00 [[32minfo[39m]: Updating execution status {
  "service": "tdnet-data-collector",
  "environment": "test",
  "execution_id": "constructor",
  "status": "running",
  "progress": 100,
  "collected_count": 0,
  "failed_count": 0
}
2026-02-08T08:20:18.589+09:00 [[32minfo[39m]: Execution status updated successfully {
  "service": "tdnet-data-collector",
  "environment": "test",
  "execution_id": "constructor",
  "status": "running",
  "progress": 100
}
2026-02-08T08:20:18.590+09:00 [[32minfo[39m]: Updating execution status {
  "service": "tdnet-data-collector",
  "environment": "test",
  "execution_id": "oYPMxvoL!-mu=2U8nP#",
  "status": "running",
  "progress": 0,
  "collected_count": 0,
  "failed_count": 0
}
2026-02-08T08:20:18.590+09:00 [[32minfo[39m]: Execution status updated successfully {
  "service": "tdnet-data-collector",
  "environment": "test",
  "execution_id": "oYPMxvoL!-mu=2U8nP#",
  "status": "running",
  "progress": 0
}
2026-02-08T08:20:18.590+09:00 [[32minfo[39m]: Updating execution status {
  "service": "tdnet-data-collector",
  "environment": "test",
  "execution_id": "H.<a1& r]#,YRW7Ii\\:YP`",
  "status": "running",
  "progress": 100,
  "collected_count": 0,
  "failed_count": 0
}
2026-02-08T08:20:18.591+09:00 [[32minfo[39m]: Execution status updated successfully {
  "service": "tdnet-data-collector",
  "environment": "test",
  "execution_id": "H.<a1& r]#,YRW7Ii\\:YP`",
  "status": "running",
  "progress": 100
}
2026-02-08T08:20:18.591+09:00 [[32minfo[39m]: Updating execution status {
  "service": "tdnet-data-collector",
  "environment": "test",
  "execution_id": "{~8(gdef%_",
  "status": "running",
  "progress": 100,
  "collected_count": 0,
  "failed_count": 0
}
2026-02-08T08:20:18.591+09:00 [[32minfo[39m]: Execution status updated successfully {
  "service": "tdnet-data-collector",
  "environment": "test",
  "execution_id": "{~8(gdef%_",
  "status": "running",
  "progress": 100
}
2026-02-08T08:20:18.592+09:00 [[32minfo[39m]: Updating execution status {
  "service": "tdnet-data-collector",
  "environment": "test",
  "execution_id": "]eNe0t@bwwvxE",
  "status": "running",
  "progress": 7,
  "collected_count": 0,
  "failed_count": 0
}
2026-02-08T08:20:18.592+09:00 [[32minfo[39m]: Execution status updated successfully {
  "service": "tdnet-data-collector",
  "environment": "test",
  "execution_id": "]eNe0t@bwwvxE",
  "status": "running",
  "progress": 7
}
2026-02-08T08:20:18.593+09:00 [[32minfo[39m]: Updating execution status {
  "service": "tdnet-data-collector",
  "environment": "test",
  "execution_id": "{#3__lookupSetter__4",
  "status": "running",
  "progress": 100,
  "collected_count": 0,
  "failed_count": 0
}
2026-02-08T08:20:18.593+09:00 [[32minfo[39m]: Execution status updated successfully {
  "service": "tdnet-data-collector",
  "environment": "test",
  "execution_id": "{#3__lookupSetter__4",
  "status": "running",
  "progress": 100
}
2026-02-08T08:20:18.594+09:00 [[32minfo[39m]: Updating execution status {
  "service": "tdnet-data-collector",
  "environment": "test",
  "execution_id": "RJh\" ~gkn%u 0\"$zz 8f$cJR+i}z$\"",
  "status": "running",
  "progress": 0,
  "collected_count": 0,
  "failed_count": 0
}
2026-02-08T08:20:18.595+09:00 [[32minfo[39m]: Execution status updated successfully {
  "service": "tdnet-data-collector",
  "environment": "test",
  "execution_id": "RJh\" ~gkn%u 0\"$zz 8f$cJR+i}z$\"",
  "status": "running",
  "progress": 0
}
2026-02-08T08:20:18.596+09:00 [[32minfo[39m]: Updating execution status {
  "service": "tdnet-data-collector",
  "environment": "test",
  "execution_id": "rO>|qA[>LwuVfrn\\aXqW?Ehk2#S$zm",
  "status": "running",
  "progress": 100,
  "collected_count": 0,
  "failed_count": 0
}
2026-02-08T08:20:18.597+09:00 [[32minfo[39m]: Execution status updated successfully {
  "service": "tdnet-data-collector",
  "environment": "test",
  "execution_id": "rO>|qA[>LwuVfrn\\aXqW?Ehk2#S$zm",
  "status": "running",
  "progress": 100
}
2026-02-08T08:20:18.598+09:00 [[32minfo[39m]: Updating execution status {
  "service": "tdnet-data-collector",
  "environment": "test",
  "execution_id": "I3`[OW(+dwE8u+ XmfCh.!NmLmKz~;",
  "status": "running",
  "progress": 0,
  "collected_count": 0,
  "failed_count": 0
}
2026-02-08T08:20:18.598+09:00 [[32minfo[39m]: Execution status updated successfully {
  "service": "tdnet-data-collector",
  "environment": "test",
  "execution_id": "I3`[OW(+dwE8u+ XmfCh.!NmLmKz~;",
  "status": "running",
  "progress": 0
}
2026-02-08T08:20:18.600+09:00 [[32minfo[39m]: Updating execution status {
  "service": "tdnet-data-collector",
  "environment": "test",
  "execution_id": "{CZjD\"_L%iA;E8",
  "status": "running",
  "progress": 100,
  "collected_count": 0,
  "failed_count": 0
}
2026-02-08T08:20:18.600+09:00 [[32minfo[39m]: Execution status updated successfully {
  "service": "tdnet-data-collector",
  "environment": "test",
  "execution_id": "{CZjD\"_L%iA;E8",
  "status": "running",
  "progress": 100
}
2026-02-08T08:20:18.601+09:00 [[32minfo[39m]: Updating execution status {
  "service": "tdnet-data-collector",
  "environment": "test",
  "execution_id": "a+W?Xv:@Qvr^0.(g!S'~i?l\"(+",
  "status": "running",
  "progress": 0,
  "collected_count": 0,
  "failed_count": 0
}
2026-02-08T08:20:18.601+09:00 [[32minfo[39m]: Execution status updated successfully {
  "service": "tdnet-data-collector",
  "environment": "test",
  "execution_id": "a+W?Xv:@Qvr^0.(g!S'~i?l\"(+",
  "status": "running",
  "progress": 0
}
2026-02-08T08:20:18.603+09:00 [[32minfo[39m]: Updating execution status {
  "service": "tdnet-data-collector",
  "environment": "test",
  "execution_id": "|fG6SRbXWS~.m&i9",
  "status": "running",
  "progress": 0,
  "collected_count": 0,
  "failed_count": 0
}
2026-02-08T08:20:18.603+09:00 [[32minfo[39m]: Execution status updated successfully {
  "service": "tdnet-data-collector",
  "environment": "test",
  "execution_id": "|fG6SRbXWS~.m&i9",
  "status": "running",
  "progress": 0
}
2026-02-08T08:20:18.604+09:00 [[32minfo[39m]: Updating execution status {
  "service": "tdnet-data-collector",
  "environment": "test",
  "execution_id": "L!d_#{(u!!7tgd\":~}Z& ",
  "status": "running",
  "progress": 0,
  "collected_count": 0,
  "failed_count": 0
}
2026-02-08T08:20:18.604+09:00 [[32minfo[39m]: Execution status updated successfully {
  "service": "tdnet-data-collector",
  "environment": "test",
  "execution_id": "L!d_#{(u!!7tgd\":~}Z& ",
  "status": "running",
  "progress": 0
}
2026-02-08T08:20:18.605+09:00 [[32minfo[39m]: Updating execution status {
  "service": "tdnet-data-collector",
  "environment": "test",
  "execution_id": "A'<mef+QXs{}S11H,Xe",
  "status": "running",
  "progress": 0,
  "collected_count": 0,
  "failed_count": 0
}
2026-02-08T08:20:18.605+09:00 [[32minfo[39m]: Execution status updated successfully {
  "service": "tdnet-data-collector",
  "environment": "test",
  "execution_id": "A'<mef+QXs{}S11H,Xe",
  "status": "running",
  "progress": 0
}
2026-02-08T08:20:18.606+09:00 [[32minfo[39m]: Updating execution status {
  "service": "tdnet-data-collector",
  "environment": "test",
  "execution_id": "M=PKr]_lF*+KW>85",
  "status": "running",
  "progress": 100,
  "collected_count": 0,
  "failed_count": 0
}
2026-02-08T08:20:18.606+09:00 [[32minfo[39m]: Execution status updated successfully {
  "service": "tdnet-data-collector",
  "environment": "test",
  "execution_id": "M=PKr]_lF*+KW>85",
  "status": "running",
  "progress": 100
}
2026-02-08T08:20:18.607+09:00 [[32minfo[39m]: Updating execution status {
  "service": "tdnet-data-collector",
  "environment": "test",
  "execution_id": "+>wG_=L:F2q2yFWo",
  "status": "running",
  "progress": 100,
  "collected_count": 0,
  "failed_count": 0
}
2026-02-08T08:20:18.607+09:00 [[32minfo[39m]: Execution status updated successfully {
  "service": "tdnet-data-collector",
  "environment": "test",
  "execution_id": "+>wG_=L:F2q2yFWo",
  "status": "running",
  "progress": 100
}
2026-02-08T08:20:18.608+09:00 [[32minfo[39m]: Updating execution status {
  "service": "tdnet-data-collector",
  "environment": "test",
  "execution_id": "J2Bm`#?wlv4k",
  "status": "running",
  "progress": 0,
  "collected_count": 0,
  "failed_count": 0
}
2026-02-08T08:20:18.608+09:00 [[32minfo[39m]: Execution status updated successfully {
  "service": "tdnet-data-collector",
  "environment": "test",
  "execution_id": "J2Bm`#?wlv4k",
  "status": "running",
  "progress": 0
}
2026-02-08T08:20:18.608+09:00 [[32minfo[39m]: Updating execution status {
  "service": "tdnet-data-collector",
  "environment": "test",
  "execution_id": "5m#~bv1L|3}2}GzQNK",
  "status": "running",
  "progress": 100,
  "collected_count": 0,
  "failed_count": 0
}
2026-02-08T08:20:18.609+09:00 [[32minfo[39m]: Execution status updated successfully {
  "service": "tdnet-data-collector",
  "environment": "test",
  "execution_id": "5m#~bv1L|3}2}GzQNK",
  "status": "running",
  "progress": 100
}
2026-02-08T08:20:18.609+09:00 [[32minfo[39m]: Updating execution status {
  "service": "tdnet-data-collector",
  "environment": "test",
  "execution_id": "rPe+[fT<*60T#|.ESnAF9bY8`R/L",
  "status": "running",
  "progress": 100,
  "collected_count": 0,
  "failed_count": 0
}
2026-02-08T08:20:18.609+09:00 [[32minfo[39m]: Execution status updated successfully {
  "service": "tdnet-data-collector",
  "environment": "test",
  "execution_id": "rPe+[fT<*60T#|.ESnAF9bY8`R/L",
  "status": "running",
  "progress": 100
}
2026-02-08T08:20:18.610+09:00 [[32minfo[39m]: Updating execution status {
  "service": "tdnet-data-collector",
  "environment": "test",
  "execution_id": "6b%%D;#%dT%7WK;&&#$p",
  "status": "running",
  "progress": 9,
  "collected_count": 0,
  "failed_count": 0
}
2026-02-08T08:20:18.610+09:00 [[32minfo[39m]: Execution status updated successfully {
  "service": "tdnet-data-collector",
  "environment": "test",
  "execution_id": "6b%%D;#%dT%7WK;&&#$p",
  "status": "running",
  "progress": 9
}
2026-02-08T08:20:18.611+09:00 [[32minfo[39m]: Updating execution status {
  "service": "tdnet-data-collector",
  "environment": "test",
  "execution_id": "\"isPrototypeOf% /#pro",
  "status": "running",
  "progress": 9,
  "collected_count": 0,
  "failed_count": 0
}
2026-02-08T08:20:18.611+09:00 [[32minfo[39m]: Execution status updated successfully {
  "service": "tdnet-data-collector",
  "environment": "test",
  "execution_id": "\"isPrototypeOf% /#pro",
  "status": "running",
  "progress": 9
}
2026-02-08T08:20:18.612+09:00 [[32minfo[39m]: Updating execution status {
  "service": "tdnet-data-collector",
  "environment": "test",
  "execution_id": "mt^x[QW3]t+W:_-u)gB",
  "status": "running",
  "progress": 1,
  "collected_count": 0,
  "failed_count": 0
}
2026-02-08T08:20:18.612+09:00 [[32minfo[39m]: Execution status updated successfully {
  "service": "tdnet-data-collector",
  "environment": "test",
  "execution_id": "mt^x[QW3]t+W:_-u)gB",
  "status": "running",
  "progress": 1
}
2026-02-08T08:20:18.612+09:00 [[32minfo[39m]: Updating execution status {
  "service": "tdnet-data-collector",
  "environment": "test",
  "execution_id": "yabl}__defineS",
  "status": "running",
  "progress": 100,
  "collected_count": 0,
  "failed_count": 0
}
2026-02-08T08:20:18.613+09:00 [[32minfo[39m]: Execution status updated successfully {
  "service": "tdnet-data-collector",
  "environment": "test",
  "execution_id": "yabl}__defineS",
  "status": "running",
  "progress": 100
}
2026-02-08T08:20:18.613+09:00 [[32minfo[39m]: Updating execution status {
  "service": "tdnet-data-collector",
  "environment": "test",
  "execution_id": "$MlM&Fls:<3[]D$il&_!#y\"H$\"%X}",
  "status": "running",
  "progress": 0,
  "collected_count": 0,
  "failed_count": 0
}
2026-02-08T08:20:18.613+09:00 [[32minfo[39m]: Execution status updated successfully {
  "service": "tdnet-data-collector",
  "environment": "test",
  "execution_id": "$MlM&Fls:<3[]D$il&_!#y\"H$\"%X}",
  "status": "running",
  "progress": 0
}
2026-02-08T08:20:18.614+09:00 [[32minfo[39m]: Updating execution status {
  "service": "tdnet-data-collector",
  "environment": "test",
  "execution_id": "X5%+O,R+n&0Cxp;T&1?q/@?",
  "status": "running",
  "progress": 13,
  "collected_count": 0,
  "failed_count": 0
}
2026-02-08T08:20:18.614+09:00 [[32minfo[39m]: Execution status updated successfully {
  "service": "tdnet-data-collector",
  "environment": "test",
  "execution_id": "X5%+O,R+n&0Cxp;T&1?q/@?",
  "status": "running",
  "progress": 13
}
2026-02-08T08:20:18.615+09:00 [[32minfo[39m]: Updating execution status {
  "service": "tdnet-data-collector",
  "environment": "test",
  "execution_id": "~\"D^9nvxP_2zwY",
  "status": "running",
  "progress": 100,
  "collected_count": 0,
  "failed_count": 0
}
2026-02-08T08:20:18.615+09:00 [[32minfo[39m]: Execution status updated successfully {
  "service": "tdnet-data-collector",
  "environment": "test",
  "execution_id": "~\"D^9nvxP_2zwY",
  "status": "running",
  "progress": 100
}
2026-02-08T08:20:18.616+09:00 [[32minfo[39m]: Updating execution status {
  "service": "tdnet-data-collector",
  "environment": "test",
  "execution_id": "P$*nLA-kl`o{ue>d@4V9v_",
  "status": "running",
  "progress": 100,
  "collected_count": 0,
  "failed_count": 0
}
2026-02-08T08:20:18.616+09:00 [[32minfo[39m]: Execution status updated successfully {
  "service": "tdnet-data-collector",
  "environment": "test",
  "execution_id": "P$*nLA-kl`o{ue>d@4V9v_",
  "status": "running",
  "progress": 100
}
2026-02-08T08:20:18.616+09:00 [[32minfo[39m]: Updating execution status {
  "service": "tdnet-data-collector",
  "environment": "test",
  "execution_id": "DA=Kmyc,$]fdsSd5GGSAKJ2S|1",
  "status": "running",
  "progress": 5,
  "collected_count": 0,
  "failed_count": 0
}
2026-02-08T08:20:18.616+09:00 [[32minfo[39m]: Execution status updated successfully {
  "service": "tdnet-data-collector",
  "environment": "test",
  "execution_id": "DA=Kmyc,$]fdsSd5GGSAKJ2S|1",
  "status": "running",
  "progress": 5
}
2026-02-08T08:20:18.617+09:00 [[32minfo[39m]: Updating execution status {
  "service": "tdnet-data-collector",
  "environment": "test",
  "execution_id": "Fk=Qw,==e'{jeT<;8WsVu:%(",
  "status": "running",
  "progress": 100,
  "collected_count": 0,
  "failed_count": 0
}
2026-02-08T08:20:18.617+09:00 [[32minfo[39m]: Execution status updated successfully {
  "service": "tdnet-data-collector",
  "environment": "test",
  "execution_id": "Fk=Qw,==e'{jeT<;8WsVu:%(",
  "status": "running",
  "progress": 100
}
2026-02-08T08:20:18.618+09:00 [[32minfo[39m]: Updating execution status {
  "service": "tdnet-data-collector",
  "environment": "test",
  "execution_id": "A%8constructor",
  "status": "running",
  "progress": 0,
  "collected_count": 0,
  "failed_count": 0
}
2026-02-08T08:20:18.618+09:00 [[32minfo[39m]: Execution status updated successfully {
  "service": "tdnet-data-collector",
  "environment": "test",
  "execution_id": "A%8constructor",
  "status": "running",
  "progress": 0
}
2026-02-08T08:20:18.619+09:00 [[32minfo[39m]: Updating execution status {
  "service": "tdnet-data-collector",
  "environment": "test",
  "execution_id": "H<&;D$|BFd3",
  "status": "running",
  "progress": 0,
  "collected_count": 0,
  "failed_count": 0
}
2026-02-08T08:20:18.619+09:00 [[32minfo[39m]: Execution status updated successfully {
  "service": "tdnet-data-collector",
  "environment": "test",
  "execution_id": "H<&;D$|BFd3",
  "status": "running",
  "progress": 0
}
2026-02-08T08:20:18.619+09:00 [[32minfo[39m]: Updating execution status {
  "service": "tdnet-data-collector",
  "environment": "test",
  "execution_id": "B$%%`Z#^WbC%_}# 9#+@o+",
  "status": "running",
  "progress": 0,
  "collected_count": 0,
  "failed_count": 0
}
2026-02-08T08:20:18.619+09:00 [[32minfo[39m]: Execution status updated successfully {
  "service": "tdnet-data-collector",
  "environment": "test",
  "execution_id": "B$%%`Z#^WbC%_}# 9#+@o+",
  "status": "running",
  "progress": 0
}
2026-02-08T08:20:18.620+09:00 [[32minfo[39m]: Updating execution status {
  "service": "tdnet-data-collector",
  "environment": "test",
  "execution_id": "NFAA[M}s3[s6}gl20<I1K=>exl",
  "status": "running",
  "progress": 100,
  "collected_count": 0,
  "failed_count": 0
}
2026-02-08T08:20:18.620+09:00 [[32minfo[39m]: Execution status updated successfully {
  "service": "tdnet-data-collector",
  "environment": "test",
  "execution_id": "NFAA[M}s3[s6}gl20<I1K=>exl",
  "status": "running",
  "progress": 100
}
2026-02-08T08:20:18.621+09:00 [[32minfo[39m]: Updating execution status {
  "service": "tdnet-data-collector",
  "environment": "test",
  "execution_id": "<FMjHO+TeG*\\V",
  "status": "running",
  "progress": 0,
  "collected_count": 0,
  "failed_count": 0
}
2026-02-08T08:20:18.621+09:00 [[32minfo[39m]: Execution status updated successfully {
  "service": "tdnet-data-collector",
  "environment": "test",
  "execution_id": "<FMjHO+TeG*\\V",
  "status": "running",
  "progress": 0
}
2026-02-08T08:20:18.621+09:00 [[32minfo[39m]: Updating execution status {
  "service": "tdnet-data-collector",
  "environment": "test",
  "execution_id": "CBG tvirVm",
  "status": "running",
  "progress": 3,
  "collected_count": 0,
  "failed_count": 0
}
2026-02-08T08:20:18.622+09:00 [[32minfo[39m]: Execution status updated successfully {
  "service": "tdnet-data-collector",
  "environment": "test",
  "execution_id": "CBG tvirVm",
  "status": "running",
  "progress": 3
}
2026-02-08T08:20:18.622+09:00 [[32minfo[39m]: Updating execution status {
  "service": "tdnet-data-collector",
  "environment": "test",
  "execution_id": "w}2 K/7&POt,z",
  "status": "running",
  "progress": 0,
  "collected_count": 0,
  "failed_count": 0
}
2026-02-08T08:20:18.622+09:00 [[32minfo[39m]: Execution status updated successfully {
  "service": "tdnet-data-collector",
  "environment": "test",
  "execution_id": "w}2 K/7&POt,z",
  "status": "running",
  "progress": 0
}
2026-02-08T08:20:18.623+09:00 [[32minfo[39m]: Updating execution status {
  "service": "tdnet-data-collector",
  "environment": "test",
  "execution_id": "toLocaleString\"4tter__[__def",
  "status": "running",
  "progress": 0,
  "collected_count": 0,
  "failed_count": 0
}
2026-02-08T08:20:18.623+09:00 [[32minfo[39m]: Execution status updated successfully {
  "service": "tdnet-data-collector",
  "environment": "test",
  "execution_id": "toLocaleString\"4tter__[__def",
  "status": "running",
  "progress": 0
}
2026-02-08T08:20:18.624+09:00 [[32minfo[39m]: Updating execution status {
  "service": "tdnet-data-collector",
  "environment": "test",
  "execution_id": "Nf!*q'rF8xnZC\\JqwvM~CZ0o3Q",
  "status": "running",
  "progress": 100,
  "collected_count": 0,
  "failed_count": 0
}
2026-02-08T08:20:18.624+09:00 [[32minfo[39m]: Execution status updated successfully {
  "service": "tdnet-data-collector",
  "environment": "test",
  "execution_id": "Nf!*q'rF8xnZC\\JqwvM~CZ0o3Q",
  "status": "running",
  "progress": 100
}
2026-02-08T08:20:18.625+09:00 [[32minfo[39m]: Updating execution status {
  "service": "tdnet-data-collector",
  "environment": "test",
  "execution_id": "5(OU2(ni:-6C[gkJ?e^+`NZ'4",
  "status": "running",
  "progress": 0,
  "collected_count": 0,
  "failed_count": 0
}
2026-02-08T08:20:18.625+09:00 [[32minfo[39m]: Execution status updated successfully {
  "service": "tdnet-data-collector",
  "environment": "test",
  "execution_id": "5(OU2(ni:-6C[gkJ?e^+`NZ'4",
  "status": "running",
  "progress": 0
}
2026-02-08T08:20:18.626+09:00 [[32minfo[39m]: Updating execution status {
  "service": "tdnet-data-collector",
  "environment": "test",
  "execution_id": "Qt/{oF|?:+!@wlVpL\\",
  "status": "running",
  "progress": 0,
  "collected_count": 0,
  "failed_count": 0
}
2026-02-08T08:20:18.626+09:00 [[32minfo[39m]: Execution status updated successfully {
  "service": "tdnet-data-collector",
  "environment": "test",
  "execution_id": "Qt/{oF|?:+!@wlVpL\\",
  "status": "running",
  "progress": 0
}
2026-02-08T08:20:18.627+09:00 [[32minfo[39m]: Updating execution status {
  "service": "tdnet-data-collector",
  "environment": "test",
  "execution_id": "{rIz7|\"isProt",
  "status": "running",
  "progress": 0,
  "collected_count": 0,
  "failed_count": 0
}
2026-02-08T08:20:18.627+09:00 [[32minfo[39m]: Execution status updated successfully {
  "service": "tdnet-data-collector",
  "environment": "test",
  "execution_id": "{rIz7|\"isProt",
  "status": "running",
  "progress": 0
}
2026-02-08T08:20:18.627+09:00 [[32minfo[39m]: Updating execution status {
  "service": "tdnet-data-collector",
  "environment": "test",
  "execution_id": "P#e~.#ej}e",
  "status": "running",
  "progress": 0,
  "collected_count": 0,
  "failed_count": 0
}
2026-02-08T08:20:18.628+09:00 [[32minfo[39m]: Execution status updated successfully {
  "service": "tdnet-data-collector",
  "environment": "test",
  "execution_id": "P#e~.#ej}e",
  "status": "running",
  "progress": 0
}
2026-02-08T08:20:18.628+09:00 [[32minfo[39m]: Updating execution status {
  "service": "tdnet-data-collector",
  "environment": "test",
  "execution_id": "n?TsElZ!( %2vVvt",
  "status": "running",
  "progress": 0,
  "collected_count": 0,
  "failed_count": 0
}
2026-02-08T08:20:18.628+09:00 [[32minfo[39m]: Execution status updated successfully {
  "service": "tdnet-data-collector",
  "environment": "test",
  "execution_id": "n?TsElZ!( %2vVvt",
  "status": "running",
  "progress": 0
}
2026-02-08T08:20:18.629+09:00 [[32minfo[39m]: Updating execution status {
  "service": "tdnet-data-collector",
  "environment": "test",
  "execution_id": "+5=un`U%NWRZ^kgB+E!",
  "status": "running",
  "progress": 1,
  "collected_count": 0,
  "failed_count": 0
}
2026-02-08T08:20:18.629+09:00 [[32minfo[39m]: Execution status updated successfully {
  "service": "tdnet-data-collector",
  "environment": "test",
  "execution_id": "+5=un`U%NWRZ^kgB+E!",
  "status": "running",
  "progress": 1
}
2026-02-08T08:20:18.630+09:00 [[32minfo[39m]: Updating execution status {
  "service": "tdnet-data-collector",
  "environment": "test",
  "execution_id": "aXK;.2eAJ(\\A_)=bE0AZ`aq.",
  "status": "running",
  "progress": 0,
  "collected_count": 0,
  "failed_count": 0
}
2026-02-08T08:20:18.630+09:00 [[32minfo[39m]: Execution status updated successfully {
  "service": "tdnet-data-collector",
  "environment": "test",
  "execution_id": "aXK;.2eAJ(\\A_)=bE0AZ`aq.",
  "status": "running",
  "progress": 0
}
2026-02-08T08:20:18.631+09:00 [[32minfo[39m]: Updating execution status {
  "service": "tdnet-data-collector",
  "environment": "test",
  "execution_id": "N`(%MP@uvA G",
  "status": "running",
  "progress": 100,
  "collected_count": 0,
  "failed_count": 0
}
2026-02-08T08:20:18.631+09:00 [[32minfo[39m]: Execution status updated successfully {
  "service": "tdnet-data-collector",
  "environment": "test",
  "execution_id": "N`(%MP@uvA G",
  "status": "running",
  "progress": 100
}
2026-02-08T08:20:18.631+09:00 [[32minfo[39m]: Updating execution status {
  "service": "tdnet-data-collector",
  "environment": "test",
  "execution_id": "isPrototypeOf",
  "status": "running",
  "progress": 0,
  "collected_count": 0,
  "failed_count": 0
}
2026-02-08T08:20:18.632+09:00 [[32minfo[39m]: Execution status updated successfully {
  "service": "tdnet-data-collector",
  "environment": "test",
  "execution_id": "isPrototypeOf",
  "status": "running",
  "progress": 0
}
2026-02-08T08:20:18.633+09:00 [[32minfo[39m]: Updating execution status {
  "service": "tdnet-data-collector",
  "environment": "test",
  "execution_id": "Nfu1R@wZQ?!vaR,Lu&1",
  "status": "running",
  "progress": 0,
  "collected_count": 0,
  "failed_count": 0
}
2026-02-08T08:20:18.633+09:00 [[32minfo[39m]: Execution status updated successfully {
  "service": "tdnet-data-collector",
  "environment": "test",
  "execution_id": "Nfu1R@wZQ?!vaR,Lu&1",
  "status": "running",
  "progress": 0
}
2026-02-08T08:20:18.634+09:00 [[32minfo[39m]: Updating execution status {
  "service": "tdnet-data-collector",
  "environment": "test",
  "execution_id": "Pe$TUSgk8+rlfCMIy(i6Pz+O",
  "status": "running",
  "progress": 0,
  "collected_count": 0,
  "failed_count": 0
}
2026-02-08T08:20:18.634+09:00 [[32minfo[39m]: Execution status updated successfully {
  "service": "tdnet-data-collector",
  "environment": "test",
  "execution_id": "Pe$TUSgk8+rlfCMIy(i6Pz+O",
  "status": "running",
  "progress": 0
}
2026-02-08T08:20:18.634+09:00 [[32minfo[39m]: Updating execution status {
  "service": "tdnet-data-collector",
  "environment": "test",
  "execution_id": "1Z5[wqAf *m}$#B92=(b",
  "status": "running",
  "progress": 100,
  "collected_count": 0,
  "failed_count": 0
}
2026-02-08T08:20:18.635+09:00 [[32minfo[39m]: Execution status updated successfully {
  "service": "tdnet-data-collector",
  "environment": "test",
  "execution_id": "1Z5[wqAf *m}$#B92=(b",
  "status": "running",
  "progress": 100
}
2026-02-08T08:20:18.635+09:00 [[32minfo[39m]: Updating execution status {
  "service": "tdnet-data-collector",
  "environment": "test",
  "execution_id": "%Pa |@m1NYo!}eC%v:n",
  "status": "running",
  "progress": 0,
  "collected_count": 0,
  "failed_count": 0
}
2026-02-08T08:20:18.635+09:00 [[32minfo[39m]: Execution status updated successfully {
  "service": "tdnet-data-collector",
  "environment": "test",
  "execution_id": "%Pa |@m1NYo!}eC%v:n",
  "status": "running",
  "progress": 0
}
2026-02-08T08:20:18.636+09:00 [[32minfo[39m]: Updating execution status {
  "service": "tdnet-data-collector",
  "environment": "test",
  "execution_id": "6Py@W\"#LEGBhd%$O 2{f=]!\"z2",
  "status": "running",
  "progress": 0,
  "collected_count": 0,
  "failed_count": 0
}
2026-02-08T08:20:18.636+09:00 [[32minfo[39m]: Execution status updated successfully {
  "service": "tdnet-data-collector",
  "environment": "test",
  "execution_id": "6Py@W\"#LEGBhd%$O 2{f=]!\"z2",
  "status": "running",
  "progress": 0
}
2026-02-08T08:20:18.637+09:00 [[32minfo[39m]: Updating execution status {
  "service": "tdnet-data-collector",
  "environment": "test",
  "execution_id": "m~Kgx4&chasOwnPr",
  "status": "running",
  "progress": 100,
  "collected_count": 0,
  "failed_count": 0
}
2026-02-08T08:20:18.637+09:00 [[32minfo[39m]: Execution status updated successfully {
  "service": "tdnet-data-collector",
  "environment": "test",
  "execution_id": "m~Kgx4&chasOwnPr",
  "status": "running",
  "progress": 100
}
2026-02-08T08:20:18.638+09:00 [[32minfo[39m]: Updating execution status {
  "service": "tdnet-data-collector",
  "environment": "test",
  "execution_id": "?t&:XDZ&!9#~^{",
  "status": "running",
  "progress": 0,
  "collected_count": 0,
  "failed_count": 0
}
2026-02-08T08:20:18.638+09:00 [[32minfo[39m]: Execution status updated successfully {
  "service": "tdnet-data-collector",
  "environment": "test",
  "execution_id": "?t&:XDZ&!9#~^{",
  "status": "running",
  "progress": 0
}
2026-02-08T08:20:18.639+09:00 [[32minfo[39m]: Updating execution status {
  "service": "tdnet-data-collector",
  "environment": "test",
  "execution_id": "oREupNh\";B8Q-6i9y'i4OqKsxw\\D$",
  "status": "running",
  "progress": 0,
  "collected_count": 0,
  "failed_count": 0
}
2026-02-08T08:20:18.639+09:00 [[32minfo[39m]: Execution status updated successfully {
  "service": "tdnet-data-collector",
  "environment": "test",
  "execution_id": "oREupNh\";B8Q-6i9y'i4OqKsxw\\D$",
  "status": "running",
  "progress": 0
}
2026-02-08T08:20:18.639+09:00 [[32minfo[39m]: Updating execution status {
  "service": "tdnet-data-collector",
  "environment": "test",
  "execution_id": "'kM|ELVR< ",
  "status": "running",
  "progress": 7,
  "collected_count": 0,
  "failed_count": 0
}
2026-02-08T08:20:18.640+09:00 [[32minfo[39m]: Execution status updated successfully {
  "service": "tdnet-data-collector",
  "environment": "test",
  "execution_id": "'kM|ELVR< ",
  "status": "running",
  "progress": 7
}
2026-02-08T08:20:18.640+09:00 [[32minfo[39m]: Updating execution status {
  "service": "tdnet-data-collector",
  "environment": "test",
  "execution_id": "CC*+YY`Pon1FIG$;lhL",
  "status": "running",
  "progress": 0,
  "collected_count": 0,
  "failed_count": 0
}
2026-02-08T08:20:18.640+09:00 [[32minfo[39m]: Execution status updated successfully {
  "service": "tdnet-data-collector",
  "environment": "test",
  "execution_id": "CC*+YY`Pon1FIG$;lhL",
  "status": "running",
  "progress": 0
}
2026-02-08T08:20:18.641+09:00 [[32minfo[39m]: Updating execution status {
  "service": "tdnet-data-collector",
  "environment": "test",
  "execution_id": "?`V~3=J{k#2IE",
  "status": "running",
  "progress": 0,
  "collected_count": 0,
  "failed_count": 0
}
2026-02-08T08:20:18.641+09:00 [[32minfo[39m]: Execution status updated successfully {
  "service": "tdnet-data-collector",
  "environment": "test",
  "execution_id": "?`V~3=J{k#2IE",
  "status": "running",
  "progress": 0
}
2026-02-08T08:20:18.642+09:00 [[32minfo[39m]: Updating execution status {
  "service": "tdnet-data-collector",
  "environment": "test",
  "execution_id": "iC\"x\"pz nQ:I~, %:# ~nFi')H\"|",
  "status": "running",
  "progress": 0,
  "collected_count": 0,
  "failed_count": 0
}
2026-02-08T08:20:18.642+09:00 [[32minfo[39m]: Execution status updated successfully {
  "service": "tdnet-data-collector",
  "environment": "test",
  "execution_id": "iC\"x\"pz nQ:I~, %:# ~nFi')H\"|",
  "status": "running",
  "progress": 0
}
2026-02-08T08:20:18.642+09:00 [[32minfo[39m]: Updating execution status {
  "service": "tdnet-data-collector",
  "environment": "test",
  "execution_id": "O{@SL)KdyvE5{(\"bvnv",
  "status": "running",
  "progress": 0,
  "collected_count": 0,
  "failed_count": 0
}
2026-02-08T08:20:18.643+09:00 [[32minfo[39m]: Execution status updated successfully {
  "service": "tdnet-data-collector",
  "environment": "test",
  "execution_id": "O{@SL)KdyvE5{(\"bvnv",
  "status": "running",
  "progress": 0
}
2026-02-08T08:20:18.416+09:00 [[31merror[39m]: Lambda Collector failed {
  "service": "tdnet-data-collector",
  "environment": "test",
  "error_type": "TypeError",
  "error_message": "A dynamic import callback was invoked without --experimental-vm-modules",
  "stack_trace": "TypeError: A dynamic import callback was invoked without --experimental-vm-modules\n    at importModuleDynamicallyCallback (node:internal/modules/esm/utils:277:11)\n    at C:\\Users\\ti198\\investment_analysis_opopo\\node_modules\\@aws-sdk\\credential-provider-node\\dist-cjs\\index.js:127:29\n    at C:\\Users\\ti198\\investment_analysis_opopo\\node_modules\\@aws-sdk\\credential-provider-node\\dist-cjs\\index.js:72:26\n    at provider (C:\\Users\\ti198\\investment_analysis_opopo\\node_modules\\@aws-sdk\\credential-provider-node\\dist-cjs\\index.js:39:13)\n    at C:\\Users\\ti198\\investment_analysis_opopo\\node_modules\\@smithy\\core\\dist-cjs\\index.js:62:23\n    at C:\\Users\\ti198\\investment_analysis_opopo\\node_modules\\@aws-sdk\\middleware-logger\\dist-cjs\\index.js:5:26\n    at updateExecutionStatus (C:\\Users\\ti198\\investment_analysis_opopo\\src\\lambda\\collector\\update-execution-status.ts:126:5)\n    at collectDisclosuresForDateRange (C:\\Users\\ti198\\investment_analysis_opopo\\src\\lambda\\collector\\handler.ts:326:3)\n    at handleBatchMode (C:\\Users\\ti198\\investment_analysis_opopo\\src\\lambda\\collector\\handler.ts:267:10)\n    at handler (C:\\Users\\ti198\\investment_analysis_opopo\\src\\lambda\\collector\\handler.ts:97:18)\n    at Object.<anonymous> (C:\\Users\\ti198\\investment_analysis_opopo\\src\\lambda\\collector\\__tests__\\handler.test.ts:55:24)",
  "execution_id": "exec_1770506418373_r3b65p_test-req",
  "request_id": "test-request-id-12345",
  "duration_ms": 22
}
2026-02-08T08:20:18.419+09:00 [[33mwarn[39m]: Failed to send metric to CloudWatch {
  "service": "tdnet-data-collector",
  "environment": "test",
  "metric_name": "LambdaError",
  "value": 1,
  "error_type": "Unknown",
  "error_message": "TypeError [ERR_VM_DYNAMIC_IMPORT_CALLBACK_MISSING_FLAG]: A dynamic import callback was invoked without --experimental-vm-modules"
}
2026-02-08T08:20:18.439+09:00 [[32minfo[39m]: Lambda Collector started {
  "service": "tdnet-data-collector",
  "environment": "test",
  "event": {
    "mode": "batch"
  },
  "execution_id": "exec_1770506418439_t6f4gp_test-req",
  "request_id": "test-request-id-12345",
  "function_name": "test-collector-function"
}
2026-02-08T08:20:18.440+09:00 [[32minfo[39m]: Batch mode: collecting yesterday's data {
  "service": "tdnet-data-collector",
  "environment": "test",
  "execution_id": "exec_1770506418439_t6f4gp_test-req"
}
2026-02-08T08:20:18.441+09:00 [[32minfo[39m]: Target date for batch mode {
  "service": "tdnet-data-collector",
  "environment": "test",
  "execution_id": "exec_1770506418439_t6f4gp_test-req",
  "date": "2026-02-07"
}
2026-02-08T08:20:18.441+09:00 [[32minfo[39m]: Collecting disclosures for date range {
  "service": "tdnet-data-collector",
  "environment": "test",
  "execution_id": "exec_1770506418439_t6f4gp_test-req",
  "start_date": "2026-02-07",
  "end_date": "2026-02-07",
  "total_days": 1
}
2026-02-08T08:20:18.441+09:00 [[32minfo[39m]: Updating execution status {
  "service": "tdnet-data-collector",
  "environment": "test",
  "execution_id": "exec_1770506418439_t6f4gp_test-req",
  "status": "pending",
  "progress": 0,
  "collected_count": 0,
  "failed_count": 0
}
2026-02-08T08:20:18.442+09:00 [[31merror[39m]: Failed to update execution status {
  "service": "tdnet-data-collector",
  "environment": "test",
  "execution_id": "exec_1770506418439_t6f4gp_test-req",
  "status": "pending",
  "progress": 0,
  "error_type": "Unknown",
  "error_message": "TypeError [ERR_VM_DYNAMIC_IMPORT_CALLBACK_MISSING_FLAG]: A dynamic import callback was invoked without --experimental-vm-modules"
}
2026-02-08T08:20:18.443+09:00 [[31merror[39m]: Lambda Collector failed {
  "service": "tdnet-data-collector",
  "environment": "test",
  "error_type": "TypeError",
  "error_message": "A dynamic import callback was invoked without --experimental-vm-modules",
  "stack_trace": "TypeError: A dynamic import callback was invoked without --experimental-vm-modules\n    at importModuleDynamicallyCallback (node:internal/modules/esm/utils:277:11)\n    at C:\\Users\\ti198\\investment_analysis_opopo\\node_modules\\@aws-sdk\\credential-provider-node\\dist-cjs\\index.js:127:29\n    at C:\\Users\\ti198\\investment_analysis_opopo\\node_modules\\@aws-sdk\\credential-provider-node\\dist-cjs\\index.js:72:26\n    at provider (C:\\Users\\ti198\\investment_analysis_opopo\\node_modules\\@aws-sdk\\credential-provider-node\\dist-cjs\\index.js:39:13)\n    at C:\\Users\\ti198\\investment_analysis_opopo\\node_modules\\@smithy\\core\\dist-cjs\\index.js:62:23\n    at C:\\Users\\ti198\\investment_analysis_opopo\\node_modules\\@aws-sdk\\middleware-logger\\dist-cjs\\index.js:5:26\n    at updateExecutionStatus (C:\\Users\\ti198\\investment_analysis_opopo\\src\\lambda\\collector\\update-execution-status.ts:126:5)\n    at collectDisclosuresForDateRange (C:\\Users\\ti198\\investment_analysis_opopo\\src\\lambda\\collector\\handler.ts:326:3)\n    at handleBatchMode (C:\\Users\\ti198\\investment_analysis_opopo\\src\\lambda\\collector\\handler.ts:267:10)\n    at handler (C:\\Users\\ti198\\investment_analysis_opopo\\src\\lambda\\collector\\handler.ts:97:18)\n    at Object.<anonymous> (C:\\Users\\ti198\\investment_analysis_opopo\\src\\lambda\\collector\\__tests__\\handler.test.ts:71:24)",
  "execution_id": "exec_1770506418439_t6f4gp_test-req",
  "request_id": "test-request-id-12345",
  "duration_ms": 4
}
2026-02-08T08:20:18.444+09:00 [[33mwarn[39m]: Failed to send metric to CloudWatch {
  "service": "tdnet-data-collector",
  "environment": "test",
  "metric_name": "LambdaError",
  "value": 1,
  "error_type": "Unknown",
  "error_message": "TypeError [ERR_VM_DYNAMIC_IMPORT_CALLBACK_MISSING_FLAG]: A dynamic import callback was invoked without --experimental-vm-modules"
}
2026-02-08T08:20:18.448+09:00 [[32minfo[39m]: Lambda Collector started {
  "service": "tdnet-data-collector",
  "environment": "test",
  "event": {
    "mode": "on-demand",
    "start_date": "2026-02-06",
    "end_date": "2026-02-04"
  },
  "execution_id": "exec_1770506418448_ugmcib_test-req",
  "request_id": "test-request-id-12345",
  "function_name": "test-collector-function"
}
2026-02-08T08:20:18.459+09:00 [[31merror[39m]: Lambda Collector failed {
  "service": "tdnet-data-collector",
  "environment": "test",
  "error_type": "ValidationError",
  "error_message": "start_date (2026-02-06) must be before or equal to end_date (2026-02-04)",
  "stack_trace": "ValidationError: start_date (2026-02-06) must be before or equal to end_date (2026-02-04)\n    at validateEvent (C:\\Users\\ti198\\investment_analysis_opopo\\src\\lambda\\collector\\handler.ts:220:13)\n    at handler (C:\\Users\\ti198\\investment_analysis_opopo\\src\\lambda\\collector\\handler.ts:92:5)\n    at Object.<anonymous> (C:\\Users\\ti198\\investment_analysis_opopo\\src\\lambda\\collector\\__tests__\\handler.test.ts:104:37)\n    at Promise.then.completed (C:\\Users\\ti198\\investment_analysis_opopo\\node_modules\\jest-circus\\build\\utils.js:298:28)\n    at new Promise (<anonymous>)\n    at callAsyncCircusFn (C:\\Users\\ti198\\investment_analysis_opopo\\node_modules\\jest-circus\\build\\utils.js:231:10)\n    at _callCircusTest (C:\\Users\\ti198\\investment_analysis_opopo\\node_modules\\jest-circus\\build\\run.js:316:40)\n    at _runTest (C:\\Users\\ti198\\investment_analysis_opopo\\node_modules\\jest-circus\\build\\run.js:252:3)\n    at _runTestsForDescribeBlock (C:\\Users\\ti198\\investment_analysis_opopo\\node_modules\\jest-circus\\build\\run.js:126:9)\n    at _runTestsForDescribeBlock (C:\\Users\\ti198\\investment_analysis_opopo\\node_modules\\jest-circus\\build\\run.js:121:9)\n    at _runTestsForDescribeBlock (C:\\Users\\ti198\\investment_analysis_opopo\\node_modules\\jest-circus\\build\\run.js:121:9)\n    at run (C:\\Users\\ti198\\investment_analysis_opopo\\node_modules\\jest-circus\\build\\run.js:71:3)\n    at runAndTransformResultsToJestFormat (C:\\Users\\ti198\\investment_analysis_opopo\\node_modules\\jest-circus\\build\\legacy-code-todo-rewrite\\jestAdapterInit.js:122:21)\n    at jestAdapter (C:\\Users\\ti198\\investment_analysis_opopo\\node_modules\\jest-circus\\build\\legacy-code-todo-rewrite\\jestAdapter.js:79:19)\n    at runTestInternal (C:\\Users\\ti198\\investment_analysis_opopo\\node_modules\\jest-runner\\build\\runTest.js:367:16)\n    at runTest (C:\\Users\\ti198\\investment_analysis_opopo\\node_modules\\jest-runner\\build\\runTest.js:444:34)\n    at Object.worker (C:\\Users\\ti198\\investment_analysis_opopo\\node_modules\\jest-runner\\build\\testWorker.js:106:12)",
  "execution_id": "exec_1770506418448_ugmcib_test-req",
  "request_id": "test-request-id-12345",
  "duration_ms": 1
}
2026-02-08T08:20:18.460+09:00 [[33mwarn[39m]: Failed to send metric to CloudWatch {
  "service": "tdnet-data-collector",
  "environment": "test",
  "metric_name": "LambdaError",
  "value": 1,
  "error_type": "Unknown",
  "error_message": "TypeError [ERR_VM_DYNAMIC_IMPORT_CALLBACK_MISSING_FLAG]: A dynamic import callback was invoked without --experimental-vm-modules"
}
2026-02-08T08:20:18.462+09:00 [[32minfo[39m]: Lambda Collector started {
  "service": "tdnet-data-collector",
  "environment": "test",
  "event": {
    "mode": "on-demand",
    "start_date": "2026-02-06",
    "end_date": "2026-02-04"
  },
  "execution_id": "exec_1770506418462_1dlpbp_test-req",
  "request_id": "test-request-id-12345",
  "function_name": "test-collector-function"
}
2026-02-08T08:20:18.463+09:00 [[31merror[39m]: Lambda Collector failed {
  "service": "tdnet-data-collector",
  "environment": "test",
  "error_type": "ValidationError",
  "error_message": "start_date (2026-02-06) must be before or equal to end_date (2026-02-04)",
  "stack_trace": "ValidationError: start_date (2026-02-06) must be before or equal to end_date (2026-02-04)\n    at validateEvent (C:\\Users\\ti198\\investment_analysis_opopo\\src\\lambda\\collector\\handler.ts:220:13)\n    at handler (C:\\Users\\ti198\\investment_analysis_opopo\\src\\lambda\\collector\\handler.ts:92:5)\n    at Object.<anonymous> (C:\\Users\\ti198\\investment_analysis_opopo\\src\\lambda\\collector\\__tests__\\handler.test.ts:147:37)\n    at Promise.then.completed (C:\\Users\\ti198\\investment_analysis_opopo\\node_modules\\jest-circus\\build\\utils.js:298:28)\n    at new Promise (<anonymous>)\n    at callAsyncCircusFn (C:\\Users\\ti198\\investment_analysis_opopo\\node_modules\\jest-circus\\build\\utils.js:231:10)\n    at _callCircusTest (C:\\Users\\ti198\\investment_analysis_opopo\\node_modules\\jest-circus\\build\\run.js:316:40)\n    at _runTest (C:\\Users\\ti198\\investment_analysis_opopo\\node_modules\\jest-circus\\build\\run.js:252:3)\n    at _runTestsForDescribeBlock (C:\\Users\\ti198\\investment_analysis_opopo\\node_modules\\jest-circus\\build\\run.js:126:9)\n    at _runTestsForDescribeBlock (C:\\Users\\ti198\\investment_analysis_opopo\\node_modules\\jest-circus\\build\\run.js:121:9)\n    at _runTestsForDescribeBlock (C:\\Users\\ti198\\investment_analysis_opopo\\node_modules\\jest-circus\\build\\run.js:121:9)\n    at run (C:\\Users\\ti198\\investment_analysis_opopo\\node_modules\\jest-circus\\build\\run.js:71:3)\n    at runAndTransformResultsToJestFormat (C:\\Users\\ti198\\investment_analysis_opopo\\node_modules\\jest-circus\\build\\legacy-code-todo-rewrite\\jestAdapterInit.js:122:21)\n    at jestAdapter (C:\\Users\\ti198\\investment_analysis_opopo\\node_modules\\jest-circus\\build\\legacy-code-todo-rewrite\\jestAdapter.js:79:19)\n    at runTestInternal (C:\\Users\\ti198\\investment_analysis_opopo\\node_modules\\jest-runner\\build\\runTest.js:367:16)\n    at runTest (C:\\Users\\ti198\\investment_analysis_opopo\\node_modules\\jest-runner\\build\\runTest.js:444:34)\n    at Object.worker (C:\\Users\\ti198\\investment_analysis_opopo\\node_modules\\jest-runner\\build\\testWorker.js:106:12)",
  "execution_id": "exec_1770506418462_1dlpbp_test-req",
  "request_id": "test-request-id-12345",
  "duration_ms": 0
}
2026-02-08T08:20:18.464+09:00 [[33mwarn[39m]: Failed to send metric to CloudWatch {
  "service": "tdnet-data-collector",
  "environment": "test",
  "metric_name": "LambdaError",
  "value": 1,
  "error_type": "Unknown",
  "error_message": "TypeError [ERR_VM_DYNAMIC_IMPORT_CALLBACK_MISSING_FLAG]: A dynamic import callback was invoked without --experimental-vm-modules"
}
2026-02-08T08:20:18.466+09:00 [[32minfo[39m]: Lambda Collector started {
  "service": "tdnet-data-collector",
  "environment": "test",
  "event": {
    "mode": "invalid"
  },
  "execution_id": "exec_1770506418466_f3sehe_test-req",
  "request_id": "test-request-id-12345",
  "function_name": "test-collector-function"
}
2026-02-08T08:20:18.466+09:00 [[31merror[39m]: Lambda Collector failed {
  "service": "tdnet-data-collector",
  "environment": "test",
  "error_type": "ValidationError",
  "error_message": "Invalid mode: invalid. Expected 'batch' or 'on-demand'.",
  "stack_trace": "ValidationError: Invalid mode: invalid. Expected 'batch' or 'on-demand'.\n    at validateEvent (C:\\Users\\ti198\\investment_analysis_opopo\\src\\lambda\\collector\\handler.ts:177:11)\n    at handler (C:\\Users\\ti198\\investment_analysis_opopo\\src\\lambda\\collector\\handler.ts:92:5)\n    at Object.<anonymous> (C:\\Users\\ti198\\investment_analysis_opopo\\src\\lambda\\collector\\__tests__\\handler.test.ts:161:37)\n    at Promise.then.completed (C:\\Users\\ti198\\investment_analysis_opopo\\node_modules\\jest-circus\\build\\utils.js:298:28)\n    at new Promise (<anonymous>)\n    at callAsyncCircusFn (C:\\Users\\ti198\\investment_analysis_opopo\\node_modules\\jest-circus\\build\\utils.js:231:10)\n    at _callCircusTest (C:\\Users\\ti198\\investment_analysis_opopo\\node_modules\\jest-circus\\build\\run.js:316:40)\n    at _runTest (C:\\Users\\ti198\\investment_analysis_opopo\\node_modules\\jest-circus\\build\\run.js:252:3)\n    at _runTestsForDescribeBlock (C:\\Users\\ti198\\investment_analysis_opopo\\node_modules\\jest-circus\\build\\run.js:126:9)\n    at _runTestsForDescribeBlock (C:\\Users\\ti198\\investment_analysis_opopo\\node_modules\\jest-circus\\build\\run.js:121:9)\n    at _runTestsForDescribeBlock (C:\\Users\\ti198\\investment_analysis_opopo\\node_modules\\jest-circus\\build\\run.js:121:9)\n    at run (C:\\Users\\ti198\\investment_analysis_opopo\\node_modules\\jest-circus\\build\\run.js:71:3)\n    at runAndTransformResultsToJestFormat (C:\\Users\\ti198\\investment_analysis_opopo\\node_modules\\jest-circus\\build\\legacy-code-todo-rewrite\\jestAdapterInit.js:122:21)\n    at jestAdapter (C:\\Users\\ti198\\investment_analysis_opopo\\node_modules\\jest-circus\\build\\legacy-code-todo-rewrite\\jestAdapter.js:79:19)\n    at runTestInternal (C:\\Users\\ti198\\investment_analysis_opopo\\node_modules\\jest-runner\\build\\runTest.js:367:16)\n    at runTest (C:\\Users\\ti198\\investment_analysis_opopo\\node_modules\\jest-runner\\build\\runTest.js:444:34)\n    at Object.worker (C:\\Users\\ti198\\investment_analysis_opopo\\node_modules\\jest-runner\\build\\testWorker.js:106:12)",
  "execution_id": "exec_1770506418466_f3sehe_test-req",
  "request_id": "test-request-id-12345",
  "duration_ms": 0
}
2026-02-08T08:20:18.467+09:00 [[33mwarn[39m]: Failed to send metric to CloudWatch {
  "service": "tdnet-data-collector",
  "environment": "test",
  "metric_name": "LambdaError",
  "value": 1,
  "error_type": "Unknown",
  "error_message": "TypeError [ERR_VM_DYNAMIC_IMPORT_CALLBACK_MISSING_FLAG]: A dynamic import callback was invoked without --experimental-vm-modules"
}
2026-02-08T08:20:18.468+09:00 [[32minfo[39m]: Lambda Collector started {
  "service": "tdnet-data-collector",
  "environment": "test",
  "event": {
    "mode": "on-demand",
    "end_date": "2024-01-15"
  },
  "execution_id": "exec_1770506418468_ao3q35_test-req",
  "request_id": "test-request-id-12345",
  "function_name": "test-collector-function"
}
2026-02-08T08:20:18.469+09:00 [[31merror[39m]: Lambda Collector failed {
  "service": "tdnet-data-collector",
  "environment": "test",
  "error_type": "ValidationError",
  "error_message": "start_date and end_date are required for on-demand mode",
  "stack_trace": "ValidationError: start_date and end_date are required for on-demand mode\n    at validateEvent (C:\\Users\\ti198\\investment_analysis_opopo\\src\\lambda\\collector\\handler.ts:185:13)\n    at handler (C:\\Users\\ti198\\investment_analysis_opopo\\src\\lambda\\collector\\handler.ts:92:5)\n    at Object.<anonymous> (C:\\Users\\ti198\\investment_analysis_opopo\\src\\lambda\\collector\\__tests__\\handler.test.ts:173:37)\n    at Promise.then.completed (C:\\Users\\ti198\\investment_analysis_opopo\\node_modules\\jest-circus\\build\\utils.js:298:28)\n    at new Promise (<anonymous>)\n    at callAsyncCircusFn (C:\\Users\\ti198\\investment_analysis_opopo\\node_modules\\jest-circus\\build\\utils.js:231:10)\n    at _callCircusTest (C:\\Users\\ti198\\investment_analysis_opopo\\node_modules\\jest-circus\\build\\run.js:316:40)\n    at _runTest (C:\\Users\\ti198\\investment_analysis_opopo\\node_modules\\jest-circus\\build\\run.js:252:3)\n    at _runTestsForDescribeBlock (C:\\Users\\ti198\\investment_analysis_opopo\\node_modules\\jest-circus\\build\\run.js:126:9)\n    at _runTestsForDescribeBlock (C:\\Users\\ti198\\investment_analysis_opopo\\node_modules\\jest-circus\\build\\run.js:121:9)\n    at _runTestsForDescribeBlock (C:\\Users\\ti198\\investment_analysis_opopo\\node_modules\\jest-circus\\build\\run.js:121:9)\n    at run (C:\\Users\\ti198\\investment_analysis_opopo\\node_modules\\jest-circus\\build\\run.js:71:3)\n    at runAndTransformResultsToJestFormat (C:\\Users\\ti198\\investment_analysis_opopo\\node_modules\\jest-circus\\build\\legacy-code-todo-rewrite\\jestAdapterInit.js:122:21)\n    at jestAdapter (C:\\Users\\ti198\\investment_analysis_opopo\\node_modules\\jest-circus\\build\\legacy-code-todo-rewrite\\jestAdapter.js:79:19)\n    at runTestInternal (C:\\Users\\ti198\\investment_analysis_opopo\\node_modules\\jest-runner\\build\\runTest.js:367:16)\n    at runTest (C:\\Users\\ti198\\investment_analysis_opopo\\node_modules\\jest-runner\\build\\runTest.js:444:34)\n    at Object.worker (C:\\Users\\ti198\\investment_analysis_opopo\\node_modules\\jest-runner\\build\\testWorker.js:106:12)",
  "execution_id": "exec_1770506418468_ao3q35_test-req",
  "request_id": "test-request-id-12345",
  "duration_ms": 0
}
2026-02-08T08:20:18.469+09:00 [[33mwarn[39m]: Failed to send metric to CloudWatch {
  "service": "tdnet-data-collector",
  "environment": "test",
  "metric_name": "LambdaError",
  "value": 1,
  "error_type": "Unknown",
  "error_message": "TypeError [ERR_VM_DYNAMIC_IMPORT_CALLBACK_MISSING_FLAG]: A dynamic import callback was invoked without --experimental-vm-modules"
}
2026-02-08T08:20:18.470+09:00 [[32minfo[39m]: Lambda Collector started {
  "service": "tdnet-data-collector",
  "environment": "test",
  "event": {
    "mode": "on-demand",
    "start_date": "2024-01-15"
  },
  "execution_id": "exec_1770506418470_23yyop_test-req",
  "request_id": "test-request-id-12345",
  "function_name": "test-collector-function"
}
2026-02-08T08:20:18.471+09:00 [[31merror[39m]: Lambda Collector failed {
  "service": "tdnet-data-collector",
  "environment": "test",
  "error_type": "ValidationError",
  "error_message": "start_date and end_date are required for on-demand mode",
  "stack_trace": "ValidationError: start_date and end_date are required for on-demand mode\n    at validateEvent (C:\\Users\\ti198\\investment_analysis_opopo\\src\\lambda\\collector\\handler.ts:185:13)\n    at handler (C:\\Users\\ti198\\investment_analysis_opopo\\src\\lambda\\collector\\handler.ts:92:5)\n    at Object.<anonymous> (C:\\Users\\ti198\\investment_analysis_opopo\\src\\lambda\\collector\\__tests__\\handler.test.ts:185:37)\n    at Promise.then.completed (C:\\Users\\ti198\\investment_analysis_opopo\\node_modules\\jest-circus\\build\\utils.js:298:28)\n    at new Promise (<anonymous>)\n    at callAsyncCircusFn (C:\\Users\\ti198\\investment_analysis_opopo\\node_modules\\jest-circus\\build\\utils.js:231:10)\n    at _callCircusTest (C:\\Users\\ti198\\investment_analysis_opopo\\node_modules\\jest-circus\\build\\run.js:316:40)\n    at _runTest (C:\\Users\\ti198\\investment_analysis_opopo\\node_modules\\jest-circus\\build\\run.js:252:3)\n    at _runTestsForDescribeBlock (C:\\Users\\ti198\\investment_analysis_opopo\\node_modules\\jest-circus\\build\\run.js:126:9)\n    at _runTestsForDescribeBlock (C:\\Users\\ti198\\investment_analysis_opopo\\node_modules\\jest-circus\\build\\run.js:121:9)\n    at _runTestsForDescribeBlock (C:\\Users\\ti198\\investment_analysis_opopo\\node_modules\\jest-circus\\build\\run.js:121:9)\n    at run (C:\\Users\\ti198\\investment_analysis_opopo\\node_modules\\jest-circus\\build\\run.js:71:3)\n    at runAndTransformResultsToJestFormat (C:\\Users\\ti198\\investment_analysis_opopo\\node_modules\\jest-circus\\build\\legacy-code-todo-rewrite\\jestAdapterInit.js:122:21)\n    at jestAdapter (C:\\Users\\ti198\\investment_analysis_opopo\\node_modules\\jest-circus\\build\\legacy-code-todo-rewrite\\jestAdapter.js:79:19)\n    at runTestInternal (C:\\Users\\ti198\\investment_analysis_opopo\\node_modules\\jest-runner\\build\\runTest.js:367:16)\n    at runTest (C:\\Users\\ti198\\investment_analysis_opopo\\node_modules\\jest-runner\\build\\runTest.js:444:34)\n    at Object.worker (C:\\Users\\ti198\\investment_analysis_opopo\\node_modules\\jest-runner\\build\\testWorker.js:106:12)",
  "execution_id": "exec_1770506418470_23yyop_test-req",
  "request_id": "test-request-id-12345",
  "duration_ms": 1
}
2026-02-08T08:20:18.472+09:00 [[33mwarn[39m]: Failed to send metric to CloudWatch {
  "service": "tdnet-data-collector",
  "environment": "test",
  "metric_name": "LambdaError",
  "value": 1,
  "error_type": "Unknown",
  "error_message": "TypeError [ERR_VM_DYNAMIC_IMPORT_CALLBACK_MISSING_FLAG]: A dynamic import callback was invoked without --experimental-vm-modules"
}
2026-02-08T08:20:18.473+09:00 [[32minfo[39m]: Lambda Collector started {
  "service": "tdnet-data-collector",
  "environment": "test",
  "event": {
    "mode": "on-demand",
    "start_date": "2024/01/15",
    "end_date": "2024-01-20"
  },
  "execution_id": "exec_1770506418473_mjxwtf_test-req",
  "request_id": "test-request-id-12345",
  "function_name": "test-collector-function"
}
2026-02-08T08:20:18.474+09:00 [[31merror[39m]: Lambda Collector failed {
  "service": "tdnet-data-collector",
  "environment": "test",
  "error_type": "ValidationError",
  "error_message": "Invalid start_date format: 2024/01/15. Expected YYYY-MM-DD format.",
  "stack_trace": "ValidationError: Invalid start_date format: 2024/01/15. Expected YYYY-MM-DD format.\n    at validateEvent (C:\\Users\\ti198\\investment_analysis_opopo\\src\\lambda\\collector\\handler.ts:193:13)\n    at handler (C:\\Users\\ti198\\investment_analysis_opopo\\src\\lambda\\collector\\handler.ts:92:5)\n    at Object.<anonymous> (C:\\Users\\ti198\\investment_analysis_opopo\\src\\lambda\\collector\\__tests__\\handler.test.ts:198:37)\n    at Promise.then.completed (C:\\Users\\ti198\\investment_analysis_opopo\\node_modules\\jest-circus\\build\\utils.js:298:28)\n    at new Promise (<anonymous>)\n    at callAsyncCircusFn (C:\\Users\\ti198\\investment_analysis_opopo\\node_modules\\jest-circus\\build\\utils.js:231:10)\n    at _callCircusTest (C:\\Users\\ti198\\investment_analysis_opopo\\node_modules\\jest-circus\\build\\run.js:316:40)\n    at _runTest (C:\\Users\\ti198\\investment_analysis_opopo\\node_modules\\jest-circus\\build\\run.js:252:3)\n    at _runTestsForDescribeBlock (C:\\Users\\ti198\\investment_analysis_opopo\\node_modules\\jest-circus\\build\\run.js:126:9)\n    at _runTestsForDescribeBlock (C:\\Users\\ti198\\investment_analysis_opopo\\node_modules\\jest-circus\\build\\run.js:121:9)\n    at _runTestsForDescribeBlock (C:\\Users\\ti198\\investment_analysis_opopo\\node_modules\\jest-circus\\build\\run.js:121:9)\n    at run (C:\\Users\\ti198\\investment_analysis_opopo\\node_modules\\jest-circus\\build\\run.js:71:3)\n    at runAndTransformResultsToJestFormat (C:\\Users\\ti198\\investment_analysis_opopo\\node_modules\\jest-circus\\build\\legacy-code-todo-rewrite\\jestAdapterInit.js:122:21)\n    at jestAdapter (C:\\Users\\ti198\\investment_analysis_opopo\\node_modules\\jest-circus\\build\\legacy-code-todo-rewrite\\jestAdapter.js:79:19)\n    at runTestInternal (C:\\Users\\ti198\\investment_analysis_opopo\\node_modules\\jest-runner\\build\\runTest.js:367:16)\n    at runTest (C:\\Users\\ti198\\investment_analysis_opopo\\node_modules\\jest-runner\\build\\runTest.js:444:34)\n    at Object.worker (C:\\Users\\ti198\\investment_analysis_opopo\\node_modules\\jest-runner\\build\\testWorker.js:106:12)",
  "execution_id": "exec_1770506418473_mjxwtf_test-req",
  "request_id": "test-request-id-12345",
  "duration_ms": 1
}
2026-02-08T08:20:18.475+09:00 [[33mwarn[39m]: Failed to send metric to CloudWatch {
  "service": "tdnet-data-collector",
  "environment": "test",
  "metric_name": "LambdaError",
  "value": 1,
  "error_type": "Unknown",
  "error_message": "TypeError [ERR_VM_DYNAMIC_IMPORT_CALLBACK_MISSING_FLAG]: A dynamic import callback was invoked without --experimental-vm-modules"
}
2026-02-08T08:20:18.476+09:00 [[32minfo[39m]: Lambda Collector started {
  "service": "tdnet-data-collector",
  "environment": "test",
  "event": {
    "mode": "on-demand",
    "start_date": "2024-02-30",
    "end_date": "2024-03-01"
  },
  "execution_id": "exec_1770506418476_kibcv5_test-req",
  "request_id": "test-request-id-12345",
  "function_name": "test-collector-function"
}
2026-02-08T08:20:18.477+09:00 [[31merror[39m]: Lambda Collector failed {
  "service": "tdnet-data-collector",
  "environment": "test",
  "error_type": "ValidationError",
  "error_message": "start_date (2024-02-30) is too old. Maximum range is 1 year.",
  "stack_trace": "ValidationError: start_date (2024-02-30) is too old. Maximum range is 1 year.\n    at validateEvent (C:\\Users\\ti198\\investment_analysis_opopo\\src\\lambda\\collector\\handler.ts:229:13)\n    at handler (C:\\Users\\ti198\\investment_analysis_opopo\\src\\lambda\\collector\\handler.ts:92:5)\n    at Object.<anonymous> (C:\\Users\\ti198\\investment_analysis_opopo\\src\\lambda\\collector\\__tests__\\handler.test.ts:211:37)\n    at Promise.then.completed (C:\\Users\\ti198\\investment_analysis_opopo\\node_modules\\jest-circus\\build\\utils.js:298:28)\n    at new Promise (<anonymous>)\n    at callAsyncCircusFn (C:\\Users\\ti198\\investment_analysis_opopo\\node_modules\\jest-circus\\build\\utils.js:231:10)\n    at _callCircusTest (C:\\Users\\ti198\\investment_analysis_opopo\\node_modules\\jest-circus\\build\\run.js:316:40)\n    at _runTest (C:\\Users\\ti198\\investment_analysis_opopo\\node_modules\\jest-circus\\build\\run.js:252:3)\n    at _runTestsForDescribeBlock (C:\\Users\\ti198\\investment_analysis_opopo\\node_modules\\jest-circus\\build\\run.js:126:9)\n    at _runTestsForDescribeBlock (C:\\Users\\ti198\\investment_analysis_opopo\\node_modules\\jest-circus\\build\\run.js:121:9)\n    at _runTestsForDescribeBlock (C:\\Users\\ti198\\investment_analysis_opopo\\node_modules\\jest-circus\\build\\run.js:121:9)\n    at run (C:\\Users\\ti198\\investment_analysis_opopo\\node_modules\\jest-circus\\build\\run.js:71:3)\n    at runAndTransformResultsToJestFormat (C:\\Users\\ti198\\investment_analysis_opopo\\node_modules\\jest-circus\\build\\legacy-code-todo-rewrite\\jestAdapterInit.js:122:21)\n    at jestAdapter (C:\\Users\\ti198\\investment_analysis_opopo\\node_modules\\jest-circus\\build\\legacy-code-todo-rewrite\\jestAdapter.js:79:19)\n    at runTestInternal (C:\\Users\\ti198\\investment_analysis_opopo\\node_modules\\jest-runner\\build\\runTest.js:367:16)\n    at runTest (C:\\Users\\ti198\\investment_analysis_opopo\\node_modules\\jest-runner\\build\\runTest.js:444:34)\n    at Object.worker (C:\\Users\\ti198\\investment_analysis_opopo\\node_modules\\jest-runner\\build\\testWorker.js:106:12)",
  "execution_id": "exec_1770506418476_kibcv5_test-req",
  "request_id": "test-request-id-12345",
  "duration_ms": 0
}
2026-02-08T08:20:18.477+09:00 [[33mwarn[39m]: Failed to send metric to CloudWatch {
  "service": "tdnet-data-collector",
  "environment": "test",
  "metric_name": "LambdaError",
  "value": 1,
  "error_type": "Unknown",
  "error_message": "TypeError [ERR_VM_DYNAMIC_IMPORT_CALLBACK_MISSING_FLAG]: A dynamic import callback was invoked without --experimental-vm-modules"
}
2026-02-08T08:20:18.478+09:00 [[32minfo[39m]: Lambda Collector started {
  "service": "tdnet-data-collector",
  "environment": "test",
  "event": {
    "mode": "on-demand",
    "start_date": "2024-01-20",
    "end_date": "2024-01-15"
  },
  "execution_id": "exec_1770506418478_4phjra_test-req",
  "request_id": "test-request-id-12345",
  "function_name": "test-collector-function"
}
2026-02-08T08:20:18.479+09:00 [[31merror[39m]: Lambda Collector failed {
  "service": "tdnet-data-collector",
  "environment": "test",
  "error_type": "ValidationError",
  "error_message": "start_date (2024-01-20) must be before or equal to end_date (2024-01-15)",
  "stack_trace": "ValidationError: start_date (2024-01-20) must be before or equal to end_date (2024-01-15)\n    at validateEvent (C:\\Users\\ti198\\investment_analysis_opopo\\src\\lambda\\collector\\handler.ts:220:13)\n    at handler (C:\\Users\\ti198\\investment_analysis_opopo\\src\\lambda\\collector\\handler.ts:92:5)\n    at Object.<anonymous> (C:\\Users\\ti198\\investment_analysis_opopo\\src\\lambda\\collector\\__tests__\\handler.test.ts:226:37)\n    at Promise.then.completed (C:\\Users\\ti198\\investment_analysis_opopo\\node_modules\\jest-circus\\build\\utils.js:298:28)\n    at new Promise (<anonymous>)\n    at callAsyncCircusFn (C:\\Users\\ti198\\investment_analysis_opopo\\node_modules\\jest-circus\\build\\utils.js:231:10)\n    at _callCircusTest (C:\\Users\\ti198\\investment_analysis_opopo\\node_modules\\jest-circus\\build\\run.js:316:40)\n    at _runTest (C:\\Users\\ti198\\investment_analysis_opopo\\node_modules\\jest-circus\\build\\run.js:252:3)\n    at _runTestsForDescribeBlock (C:\\Users\\ti198\\investment_analysis_opopo\\node_modules\\jest-circus\\build\\run.js:126:9)\n    at _runTestsForDescribeBlock (C:\\Users\\ti198\\investment_analysis_opopo\\node_modules\\jest-circus\\build\\run.js:121:9)\n    at _runTestsForDescribeBlock (C:\\Users\\ti198\\investment_analysis_opopo\\node_modules\\jest-circus\\build\\run.js:121:9)\n    at run (C:\\Users\\ti198\\investment_analysis_opopo\\node_modules\\jest-circus\\build\\run.js:71:3)\n    at runAndTransformResultsToJestFormat (C:\\Users\\ti198\\investment_analysis_opopo\\node_modules\\jest-circus\\build\\legacy-code-todo-rewrite\\jestAdapterInit.js:122:21)\n    at jestAdapter (C:\\Users\\ti198\\investment_analysis_opopo\\node_modules\\jest-circus\\build\\legacy-code-todo-rewrite\\jestAdapter.js:79:19)\n    at runTestInternal (C:\\Users\\ti198\\investment_analysis_opopo\\node_modules\\jest-runner\\build\\runTest.js:367:16)\n    at runTest (C:\\Users\\ti198\\investment_analysis_opopo\\node_modules\\jest-runner\\build\\runTest.js:444:34)\n    at Object.worker (C:\\Users\\ti198\\investment_analysis_opopo\\node_modules\\jest-runner\\build\\testWorker.js:106:12)",
  "execution_id": "exec_1770506418478_4phjra_test-req",
  "request_id": "test-request-id-12345",
  "duration_ms": 1
}
2026-02-08T08:20:18.480+09:00 [[33mwarn[39m]: Failed to send metric to CloudWatch {
  "service": "tdnet-data-collector",
  "environment": "test",
  "metric_name": "LambdaError",
  "value": 1,
  "error_type": "Unknown",
  "error_message": "TypeError [ERR_VM_DYNAMIC_IMPORT_CALLBACK_MISSING_FLAG]: A dynamic import callback was invoked without --experimental-vm-modules"
}
2026-02-08T08:20:18.481+09:00 [[32minfo[39m]: Lambda Collector started {
  "service": "tdnet-data-collector",
  "environment": "test",
  "event": {
    "mode": "on-demand",
    "start_date": "2024-02-07",
    "end_date": "2024-02-07"
  },
  "execution_id": "exec_1770506418481_gfywg9_test-req",
  "request_id": "test-request-id-12345",
  "function_name": "test-collector-function"
}
2026-02-08T08:20:18.481+09:00 [[31merror[39m]: Lambda Collector failed {
  "service": "tdnet-data-collector",
  "environment": "test",
  "error_type": "ValidationError",
  "error_message": "start_date (2024-02-07) is too old. Maximum range is 1 year.",
  "stack_trace": "ValidationError: start_date (2024-02-07) is too old. Maximum range is 1 year.\n    at validateEvent (C:\\Users\\ti198\\investment_analysis_opopo\\src\\lambda\\collector\\handler.ts:229:13)\n    at handler (C:\\Users\\ti198\\investment_analysis_opopo\\src\\lambda\\collector\\handler.ts:92:5)\n    at Object.<anonymous> (C:\\Users\\ti198\\investment_analysis_opopo\\src\\lambda\\collector\\__tests__\\handler.test.ts:243:37)\n    at Promise.then.completed (C:\\Users\\ti198\\investment_analysis_opopo\\node_modules\\jest-circus\\build\\utils.js:298:28)\n    at new Promise (<anonymous>)\n    at callAsyncCircusFn (C:\\Users\\ti198\\investment_analysis_opopo\\node_modules\\jest-circus\\build\\utils.js:231:10)\n    at _callCircusTest (C:\\Users\\ti198\\investment_analysis_opopo\\node_modules\\jest-circus\\build\\run.js:316:40)\n    at _runTest (C:\\Users\\ti198\\investment_analysis_opopo\\node_modules\\jest-circus\\build\\run.js:252:3)\n    at _runTestsForDescribeBlock (C:\\Users\\ti198\\investment_analysis_opopo\\node_modules\\jest-circus\\build\\run.js:126:9)\n    at _runTestsForDescribeBlock (C:\\Users\\ti198\\investment_analysis_opopo\\node_modules\\jest-circus\\build\\run.js:121:9)\n    at _runTestsForDescribeBlock (C:\\Users\\ti198\\investment_analysis_opopo\\node_modules\\jest-circus\\build\\run.js:121:9)\n    at run (C:\\Users\\ti198\\investment_analysis_opopo\\node_modules\\jest-circus\\build\\run.js:71:3)\n    at runAndTransformResultsToJestFormat (C:\\Users\\ti198\\investment_analysis_opopo\\node_modules\\jest-circus\\build\\legacy-code-todo-rewrite\\jestAdapterInit.js:122:21)\n    at jestAdapter (C:\\Users\\ti198\\investment_analysis_opopo\\node_modules\\jest-circus\\build\\legacy-code-todo-rewrite\\jestAdapter.js:79:19)\n    at runTestInternal (C:\\Users\\ti198\\investment_analysis_opopo\\node_modules\\jest-runner\\build\\runTest.js:367:16)\n    at runTest (C:\\Users\\ti198\\investment_analysis_opopo\\node_modules\\jest-runner\\build\\runTest.js:444:34)\n    at Object.worker (C:\\Users\\ti198\\investment_analysis_opopo\\node_modules\\jest-runner\\build\\testWorker.js:106:12)",
  "execution_id": "exec_1770506418481_gfywg9_test-req",
  "request_id": "test-request-id-12345",
  "duration_ms": 0
}
2026-02-08T08:20:18.482+09:00 [[33mwarn[39m]: Failed to send metric to CloudWatch {
  "service": "tdnet-data-collector",
  "environment": "test",
  "metric_name": "LambdaError",
  "value": 1,
  "error_type": "Unknown",
  "error_message": "TypeError [ERR_VM_DYNAMIC_IMPORT_CALLBACK_MISSING_FLAG]: A dynamic import callback was invoked without --experimental-vm-modules"
}
2026-02-08T08:20:18.483+09:00 [[32minfo[39m]: Lambda Collector started {
  "service": "tdnet-data-collector",
  "environment": "test",
  "event": {
    "mode": "on-demand",
    "start_date": "2026-02-09",
    "end_date": "2026-02-09"
  },
  "execution_id": "exec_1770506418483_53tds0_test-req",
  "request_id": "test-request-id-12345",
  "function_name": "test-collector-function"
}
2026-02-08T08:20:18.483+09:00 [[31merror[39m]: Lambda Collector failed {
  "service": "tdnet-data-collector",
  "environment": "test",
  "error_type": "ValidationError",
  "error_message": "end_date (2026-02-09) cannot be in the future.",
  "stack_trace": "ValidationError: end_date (2026-02-09) cannot be in the future.\n    at validateEvent (C:\\Users\\ti198\\investment_analysis_opopo\\src\\lambda\\collector\\handler.ts:238:13)\n    at handler (C:\\Users\\ti198\\investment_analysis_opopo\\src\\lambda\\collector\\handler.ts:92:5)\n    at Object.<anonymous> (C:\\Users\\ti198\\investment_analysis_opopo\\src\\lambda\\collector\\__tests__\\handler.test.ts:260:37)\n    at Promise.then.completed (C:\\Users\\ti198\\investment_analysis_opopo\\node_modules\\jest-circus\\build\\utils.js:298:28)\n    at new Promise (<anonymous>)\n    at callAsyncCircusFn (C:\\Users\\ti198\\investment_analysis_opopo\\node_modules\\jest-circus\\build\\utils.js:231:10)\n    at _callCircusTest (C:\\Users\\ti198\\investment_analysis_opopo\\node_modules\\jest-circus\\build\\run.js:316:40)\n    at _runTest (C:\\Users\\ti198\\investment_analysis_opopo\\node_modules\\jest-circus\\build\\run.js:252:3)\n    at _runTestsForDescribeBlock (C:\\Users\\ti198\\investment_analysis_opopo\\node_modules\\jest-circus\\build\\run.js:126:9)\n    at _runTestsForDescribeBlock (C:\\Users\\ti198\\investment_analysis_opopo\\node_modules\\jest-circus\\build\\run.js:121:9)\n    at _runTestsForDescribeBlock (C:\\Users\\ti198\\investment_analysis_opopo\\node_modules\\jest-circus\\build\\run.js:121:9)\n    at run (C:\\Users\\ti198\\investment_analysis_opopo\\node_modules\\jest-circus\\build\\run.js:71:3)\n    at runAndTransformResultsToJestFormat (C:\\Users\\ti198\\investment_analysis_opopo\\node_modules\\jest-circus\\build\\legacy-code-todo-rewrite\\jestAdapterInit.js:122:21)\n    at jestAdapter (C:\\Users\\ti198\\investment_analysis_opopo\\node_modules\\jest-circus\\build\\legacy-code-todo-rewrite\\jestAdapter.js:79:19)\n    at runTestInternal (C:\\Users\\ti198\\investment_analysis_opopo\\node_modules\\jest-runner\\build\\runTest.js:367:16)\n    at runTest (C:\\Users\\ti198\\investment_analysis_opopo\\node_modules\\jest-runner\\build\\runTest.js:444:34)\n    at Object.worker (C:\\Users\\ti198\\investment_analysis_opopo\\node_modules\\jest-runner\\build\\testWorker.js:106:12)",
  "execution_id": "exec_1770506418483_53tds0_test-req",
  "request_id": "test-request-id-12345",
  "duration_ms": 0
}
2026-02-08T08:20:18.484+09:00 [[33mwarn[39m]: Failed to send metric to CloudWatch {
  "service": "tdnet-data-collector",
  "environment": "test",
  "metric_name": "LambdaError",
  "value": 1,
  "error_type": "Unknown",
  "error_message": "TypeError [ERR_VM_DYNAMIC_IMPORT_CALLBACK_MISSING_FLAG]: A dynamic import callback was invoked without --experimental-vm-modules"
}
2026-02-08T08:20:18.485+09:00 [[32minfo[39m]: Lambda Collector started {
  "service": "tdnet-data-collector",
  "environment": "test",
  "event": {
    "mode": "batch"
  },
  "execution_id": "exec_1770506418485_pb29ax_test-req",
  "request_id": "test-request-id-12345",
  "function_name": "test-collector-function"
}
2026-02-08T08:20:18.485+09:00 [[32minfo[39m]: Batch mode: collecting yesterday's data {
  "service": "tdnet-data-collector",
  "environment": "test",
  "execution_id": "exec_1770506418485_pb29ax_test-req"
}
2026-02-08T08:20:18.485+09:00 [[32minfo[39m]: Target date for batch mode {
  "service": "tdnet-data-collector",
  "environment": "test",
  "execution_id": "exec_1770506418485_pb29ax_test-req",
  "date": "2026-02-07"
}
2026-02-08T08:20:18.485+09:00 [[32minfo[39m]: Collecting disclosures for date range {
  "service": "tdnet-data-collector",
  "environment": "test",
  "execution_id": "exec_1770506418485_pb29ax_test-req",
  "start_date": "2026-02-07",
  "end_date": "2026-02-07",
  "total_days": 1
}
2026-02-08T08:20:18.486+09:00 [[32minfo[39m]: Updating execution status {
  "service": "tdnet-data-collector",
  "environment": "test",
  "execution_id": "exec_1770506418485_pb29ax_test-req",
  "status": "pending",
  "progress": 0,
  "collected_count": 0,
  "failed_count": 0
}
2026-02-08T08:20:18.486+09:00 [[31merror[39m]: Failed to update execution status {
  "service": "tdnet-data-collector",
  "environment": "test",
  "execution_id": "exec_1770506418485_pb29ax_test-req",
  "status": "pending",
  "progress": 0,
  "error_type": "Unknown",
  "error_message": "TypeError [ERR_VM_DYNAMIC_IMPORT_CALLBACK_MISSING_FLAG]: A dynamic import callback was invoked without --experimental-vm-modules"
}
2026-02-08T08:20:18.487+09:00 [[31merror[39m]: Lambda Collector failed {
  "service": "tdnet-data-collector",
  "environment": "test",
  "error_type": "TypeError",
  "error_message": "A dynamic import callback was invoked without --experimental-vm-modules",
  "stack_trace": "TypeError: A dynamic import callback was invoked without --experimental-vm-modules\n    at importModuleDynamicallyCallback (node:internal/modules/esm/utils:277:11)\n    at C:\\Users\\ti198\\investment_analysis_opopo\\node_modules\\@aws-sdk\\credential-provider-node\\dist-cjs\\index.js:127:29\n    at C:\\Users\\ti198\\investment_analysis_opopo\\node_modules\\@aws-sdk\\credential-provider-node\\dist-cjs\\index.js:72:26\n    at provider (C:\\Users\\ti198\\investment_analysis_opopo\\node_modules\\@aws-sdk\\credential-provider-node\\dist-cjs\\index.js:39:13)\n    at C:\\Users\\ti198\\investment_analysis_opopo\\node_modules\\@smithy\\core\\dist-cjs\\index.js:62:23\n    at C:\\Users\\ti198\\investment_analysis_opopo\\node_modules\\@aws-sdk\\middleware-logger\\dist-cjs\\index.js:5:26\n    at updateExecutionStatus (C:\\Users\\ti198\\investment_analysis_opopo\\src\\lambda\\collector\\update-execution-status.ts:126:5)\n    at collectDisclosuresForDateRange (C:\\Users\\ti198\\investment_analysis_opopo\\src\\lambda\\collector\\handler.ts:326:3)\n    at handleBatchMode (C:\\Users\\ti198\\investment_analysis_opopo\\src\\lambda\\collector\\handler.ts:267:10)\n    at handler (C:\\Users\\ti198\\investment_analysis_opopo\\src\\lambda\\collector\\handler.ts:97:18)\n    at Object.<anonymous> (C:\\Users\\ti198\\investment_analysis_opopo\\src\\lambda\\collector\\__tests__\\handler.test.ts:275:25)",
  "execution_id": "exec_1770506418485_pb29ax_test-req",
  "request_id": "test-request-id-12345",
  "duration_ms": 1
}
2026-02-08T08:20:18.487+09:00 [[33mwarn[39m]: Failed to send metric to CloudWatch {
  "service": "tdnet-data-collector",
  "environment": "test",
  "metric_name": "LambdaError",
  "value": 1,
  "error_type": "Unknown",
  "error_message": "TypeError [ERR_VM_DYNAMIC_IMPORT_CALLBACK_MISSING_FLAG]: A dynamic import callback was invoked without --experimental-vm-modules"
}
2026-02-08T08:20:18.488+09:00 [[32minfo[39m]: Lambda Collector started {
  "service": "tdnet-data-collector",
  "environment": "test",
  "event": {
    "mode": "batch"
  },
  "execution_id": "exec_1770506418488_l7xy2t_test-req",
  "request_id": "test-request-id-12345",
  "function_name": "test-collector-function"
}
2026-02-08T08:20:18.488+09:00 [[32minfo[39m]: Batch mode: collecting yesterday's data {
  "service": "tdnet-data-collector",
  "environment": "test",
  "execution_id": "exec_1770506418488_l7xy2t_test-req"
}
2026-02-08T08:20:18.488+09:00 [[32minfo[39m]: Target date for batch mode {
  "service": "tdnet-data-collector",
  "environment": "test",
  "execution_id": "exec_1770506418488_l7xy2t_test-req",
  "date": "2026-02-07"
}
2026-02-08T08:20:18.488+09:00 [[32minfo[39m]: Collecting disclosures for date range {
  "service": "tdnet-data-collector",
  "environment": "test",
  "execution_id": "exec_1770506418488_l7xy2t_test-req",
  "start_date": "2026-02-07",
  "end_date": "2026-02-07",
  "total_days": 1
}
2026-02-08T08:20:18.488+09:00 [[32minfo[39m]: Updating execution status {
  "service": "tdnet-data-collector",
  "environment": "test",
  "execution_id": "exec_1770506418488_l7xy2t_test-req",
  "status": "pending",
  "progress": 0,
  "collected_count": 0,
  "failed_count": 0
}
2026-02-08T08:20:18.489+09:00 [[31merror[39m]: Failed to update execution status {
  "service": "tdnet-data-collector",
  "environment": "test",
  "execution_id": "exec_1770506418488_l7xy2t_test-req",
  "status": "pending",
  "progress": 0,
  "error_type": "Unknown",
  "error_message": "TypeError [ERR_VM_DYNAMIC_IMPORT_CALLBACK_MISSING_FLAG]: A dynamic import callback was invoked without --experimental-vm-modules"
}
2026-02-08T08:20:18.490+09:00 [[31merror[39m]: Lambda Collector failed {
  "service": "tdnet-data-collector",
  "environment": "test",
  "error_type": "TypeError",
  "error_message": "A dynamic import callback was invoked without --experimental-vm-modules",
  "stack_trace": "TypeError: A dynamic import callback was invoked without --experimental-vm-modules\n    at importModuleDynamicallyCallback (node:internal/modules/esm/utils:277:11)\n    at C:\\Users\\ti198\\investment_analysis_opopo\\node_modules\\@aws-sdk\\credential-provider-node\\dist-cjs\\index.js:127:29\n    at C:\\Users\\ti198\\investment_analysis_opopo\\node_modules\\@aws-sdk\\credential-provider-node\\dist-cjs\\index.js:72:26\n    at provider (C:\\Users\\ti198\\investment_analysis_opopo\\node_modules\\@aws-sdk\\credential-provider-node\\dist-cjs\\index.js:39:13)\n    at C:\\Users\\ti198\\investment_analysis_opopo\\node_modules\\@smithy\\core\\dist-cjs\\index.js:62:23\n    at C:\\Users\\ti198\\investment_analysis_opopo\\node_modules\\@aws-sdk\\middleware-logger\\dist-cjs\\index.js:5:26\n    at updateExecutionStatus (C:\\Users\\ti198\\investment_analysis_opopo\\src\\lambda\\collector\\update-execution-status.ts:126:5)\n    at collectDisclosuresForDateRange (C:\\Users\\ti198\\investment_analysis_opopo\\src\\lambda\\collector\\handler.ts:326:3)\n    at handleBatchMode (C:\\Users\\ti198\\investment_analysis_opopo\\src\\lambda\\collector\\handler.ts:267:10)\n    at handler (C:\\Users\\ti198\\investment_analysis_opopo\\src\\lambda\\collector\\handler.ts:97:18)\n    at Object.<anonymous> (C:\\Users\\ti198\\investment_analysis_opopo\\src\\lambda\\collector\\__tests__\\handler.test.ts:276:25)",
  "execution_id": "exec_1770506418488_l7xy2t_test-req",
  "request_id": "test-request-id-12345",
  "duration_ms": 1
}
2026-02-08T08:20:18.490+09:00 [[33mwarn[39m]: Failed to send metric to CloudWatch {
  "service": "tdnet-data-collector",
  "environment": "test",
  "metric_name": "LambdaError",
  "value": 1,
  "error_type": "Unknown",
  "error_message": "TypeError [ERR_VM_DYNAMIC_IMPORT_CALLBACK_MISSING_FLAG]: A dynamic import callback was invoked without --experimental-vm-modules"
}
2026-02-08T08:20:18.492+09:00 [[32minfo[39m]: Lambda Collector started {
  "service": "tdnet-data-collector",
  "environment": "test",
  "event": {
    "mode": "on-demand",
    "start_date": "2026-02-04",
    "end_date": "2026-02-06"
  },
  "execution_id": "exec_1770506418492_bqr6g1_test-req",
  "request_id": "test-request-id-12345",
  "function_name": "test-collector-function"
}
2026-02-08T08:20:18.492+09:00 [[32minfo[39m]: On-demand mode: collecting data for specified range {
  "service": "tdnet-data-collector",
  "environment": "test",
  "execution_id": "exec_1770506418492_bqr6g1_test-req",
  "start_date": "2026-02-04",
  "end_date": "2026-02-06"
}
2026-02-08T08:20:18.492+09:00 [[32minfo[39m]: Collecting disclosures for date range {
  "service": "tdnet-data-collector",
  "environment": "test",
  "execution_id": "exec_1770506418492_bqr6g1_test-req",
  "start_date": "2026-02-04",
  "end_date": "2026-02-06",
  "total_days": 3
}
2026-02-08T08:20:18.492+09:00 [[32minfo[39m]: Updating execution status {
  "service": "tdnet-data-collector",
  "environment": "test",
  "execution_id": "exec_1770506418492_bqr6g1_test-req",
  "status": "pending",
  "progress": 0,
  "collected_count": 0,
  "failed_count": 0
}
2026-02-08T08:20:18.493+09:00 [[31merror[39m]: Failed to update execution status {
  "service": "tdnet-data-collector",
  "environment": "test",
  "execution_id": "exec_1770506418492_bqr6g1_test-req",
  "status": "pending",
  "progress": 0,
  "error_type": "Unknown",
  "error_message": "TypeError [ERR_VM_DYNAMIC_IMPORT_CALLBACK_MISSING_FLAG]: A dynamic import callback was invoked without --experimental-vm-modules"
}
2026-02-08T08:20:18.493+09:00 [[31merror[39m]: Lambda Collector failed {
  "service": "tdnet-data-collector",
  "environment": "test",
  "error_type": "TypeError",
  "error_message": "A dynamic import callback was invoked without --experimental-vm-modules",
  "stack_trace": "TypeError: A dynamic import callback was invoked without --experimental-vm-modules\n    at importModuleDynamicallyCallback (node:internal/modules/esm/utils:277:11)\n    at C:\\Users\\ti198\\investment_analysis_opopo\\node_modules\\@aws-sdk\\credential-provider-node\\dist-cjs\\index.js:127:29\n    at C:\\Users\\ti198\\investment_analysis_opopo\\node_modules\\@aws-sdk\\credential-provider-node\\dist-cjs\\index.js:72:26\n    at provider (C:\\Users\\ti198\\investment_analysis_opopo\\node_modules\\@aws-sdk\\credential-provider-node\\dist-cjs\\index.js:39:13)\n    at C:\\Users\\ti198\\investment_analysis_opopo\\node_modules\\@smithy\\core\\dist-cjs\\index.js:62:23\n    at C:\\Users\\ti198\\investment_analysis_opopo\\node_modules\\@aws-sdk\\middleware-logger\\dist-cjs\\index.js:5:26\n    at updateExecutionStatus (C:\\Users\\ti198\\investment_analysis_opopo\\src\\lambda\\collector\\update-execution-status.ts:126:5)\n    at collectDisclosuresForDateRange (C:\\Users\\ti198\\investment_analysis_opopo\\src\\lambda\\collector\\handler.ts:326:3)\n    at handleOnDemandMode (C:\\Users\\ti198\\investment_analysis_opopo\\src\\lambda\\collector\\handler.ts:294:10)\n    at handler (C:\\Users\\ti198\\investment_analysis_opopo\\src\\lambda\\collector\\handler.ts:99:18)\n    at Object.<anonymous> (C:\\Users\\ti198\\investment_analysis_opopo\\src\\lambda\\collector\\__tests__\\handler.test.ts:319:26)",
  "execution_id": "exec_1770506418492_bqr6g1_test-req",
  "request_id": "test-request-id-12345",
  "duration_ms": 1
}
2026-02-08T08:20:18.494+09:00 [[33mwarn[39m]: Failed to send metric to CloudWatch {
  "service": "tdnet-data-collector",
  "environment": "test",
  "metric_name": "LambdaError",
  "value": 1,
  "error_type": "Unknown",
  "error_message": "TypeError [ERR_VM_DYNAMIC_IMPORT_CALLBACK_MISSING_FLAG]: A dynamic import callback was invoked without --experimental-vm-modules"
}
PASS src/lambda/collector/__tests__/save-metadata.idempotency.test.ts (36.943
 s)
  Property 5: 驥崎､・庶髮・・蜀ｪ遲画ｧ
    繝ｦ繝九ャ繝医ユ繧ｹ繝・      竏・蜷後§髢狗､ｺ諠・ｱ繧・蝗樔ｿ晏ｭ倥＠縺ｦ繧・莉ｶ縺ｮ縺ｿ菫晏ｭ倥＆繧後ｋ (40 ms)
      竏・驥崎､・凾縺ｫ隴ｦ蜻翫Ο繧ｰ縺悟・蜉帙＆繧後ｋ (6 ms)
      竏・逡ｰ縺ｪ繧矩幕遉ｺID縺ｯ荳｡譁ｹ縺ｨ繧ゆｿ晏ｭ倥＆繧後ｋ (7 ms)
    繝励Ο繝代ユ繧｣繝吶・繧ｹ繝・せ繝・      竏・莉ｻ諢上・髢狗､ｺ諠・ｱ繧・蝗樔ｿ晏ｭ倥＠縺ｦ繧ょ・遲画ｧ縺御ｿ昴◆繧後ｋ (345 ms
)
      竏・隍・焚縺ｮ逡ｰ縺ｪ繧矩幕遉ｺ諠・ｱ繧剃ｿ晏ｭ倥＠縺ｦ繧ゅ√◎繧後◇繧・莉ｶ縺ｮ縺ｿ菫晏ｭ倥＆繧後ｋ (305 ms)

PASS src/lambda/collector/__tests__/execution-status.monotonicity.test.ts (35
.952 s)
  Property 11: 螳溯｡檎憾諷九・騾ｲ謐怜腰隱ｿ諤ｧ
    繝ｦ繝九ャ繝医ユ繧ｹ繝・      竏・騾ｲ謐礼紫縺・縺九ｉ100縺ｾ縺ｧ蜊倩ｪｿ蠅怜刈縺吶ｋ (33 ms)
      竏・騾ｲ謐礼紫縺・00繧定ｶ・∴縺ｪ縺・(3 ms)
      竏・騾ｲ謐礼紫縺・譛ｪ貅縺ｫ縺ｪ繧峨↑縺・(3 ms)
      竏・繧ｹ繝・・繧ｿ繧ｹ縺継ending 竊・running 竊・completed縺ｮ鬆・↓驕ｷ遘ｻ縺吶ｋ (5 ms)
      竏・螟ｱ謨玲凾縺ｫ繧ｨ繝ｩ繝ｼ繝｡繝・そ繝ｼ繧ｸ縺瑚ｨ倬鹸縺輔ｌ繧・(5 ms)
    繝励Ο繝代ユ繧｣繝吶・繧ｹ繝・せ繝・      竏・莉ｻ諢上・騾ｲ謐礼紫繧ｷ繝ｼ繧ｱ繝ｳ繧ｹ縺ｧ蜊倩ｪｿ諤ｧ縺御ｿ昴◆繧後ｋ (393 ms)
      竏・莉ｻ諢上・螳溯｡栗D縺ｧ騾ｲ謐礼紫縺・-100縺ｮ遽・峇蜀・↓蜿弱∪繧・(92 ms)

FAIL src/lambda/collector/__tests__/handler.test.ts (36.833 s)
  Lambda Collector Handler
    Batch Mode
      ﾃ・should collect yesterday's data in batch mode (65 ms)
      ﾃ・should handle scraping errors gracefully in batch mode (8 ms)
    On-Demand Mode
      ﾃ・should collect data for specified date range (14 ms)
      ﾃ・should handle partial failures in on-demand mode (4 ms)
    Validation
      竏・should reject invalid mode (3 ms)
      竏・should reject on-demand mode without start_date (2 ms)
      竏・should reject on-demand mode without end_date (2 ms)
      竏・should reject invalid date format (3 ms)
      竏・should reject invalid date (non-existent) (2 ms)
      竏・should reject start_date after end_date (2 ms)
      竏・should reject dates older than 1 year (2 ms)
      竏・should reject future dates (1 ms)
    Execution ID Generation
      竏・should generate unique execution IDs (6 ms)
    Integration Tests - Property 1 & 2
      Property 1: Date Range Collection Completeness
        ﾃ・should collect all disclosures within specified date range (3 ms)

  笳・Lambda Collector Handler 窶ｺ Batch Mode 窶ｺ should collect yesterday's data
 in batch mode

    expect(received).toBe(expected) // Object.is equality

    Expected: "success"
    Received: "failed"

    [0m [90m 55 |[39m       [36mconst[39m response [33m=[39m [36mawai
t[39m handler(event[33m,[39m mockContext)[33m;[39m
     [90m 56 |[39m
    [31m[1m>[22m[39m[90m 57 |[39m       expect(response[33m.[39mstatu
s)[33m.[39mtoBe([32m'success'[39m)[33m;[39m
     [90m    |[39m                               [31m[1m^[22m[39m
     [90m 58 |[39m       expect(response[33m.[39mcollected_count)[33m.[
39mtoBeGreaterThan([35m0[39m)[33m;[39m
     [90m 59 |[39m       expect(response[33m.[39mfailed_count)[33m.[39m
toBe([35m0[39m)[33m;[39m
     [90m 60 |[39m       expect(response[33m.[39mexecution_id)[33m.[39m
toMatch([35m/^exec_\d+_[a-z0-9]+_test-req/[39m)[33m;[39m[0m

      at Object.<anonymous> (src/lambda/collector/__tests__/handler.test.ts:5
7:31)

  笳・Lambda Collector Handler 窶ｺ Batch Mode 窶ｺ should handle scraping errors g
racefully in batch mode

    expect(received).toBeGreaterThan(expected)

    Expected: > 0
    Received:   0

    [0m [90m 73 |[39m       expect(response[33m.[39mstatus)[33m.[39mto
Be([32m'failed'[39m)[33m;[39m
     [90m 74 |[39m       expect(response[33m.[39mcollected_count)[33m.[
39mtoBe([35m0[39m)[33m;[39m
    [31m[1m>[22m[39m[90m 75 |[39m       expect(response[33m.[39mfaile
d_count)[33m.[39mtoBeGreaterThan([35m0[39m)[33m;[39m
     [90m    |[39m                                     [31m[1m^[22m[39m
     [90m 76 |[39m     })[33m;[39m
     [90m 77 |[39m   })[33m;[39m
     [90m 78 |[39m[0m

      at Object.<anonymous> (src/lambda/collector/__tests__/handler.test.ts:7
5:37)

  笳・Lambda Collector Handler 窶ｺ On-Demand Mode 窶ｺ should collect data for spe
cified date range

    expect(received).toBe(expected) // Object.is equality

    Expected: "success"
    Received: "failed"

    [0m [90m 104 |[39m       [36mconst[39m response [33m=[39m [36mawa
it[39m handler(event[33m,[39m mockContext)[33m;[39m
     [90m 105 |[39m
    [31m[1m>[22m[39m[90m 106 |[39m       expect(response[33m.[39mstat
us)[33m.[39mtoBe([32m'success'[39m)[33m;[39m
     [90m     |[39m                               [31m[1m^[22m[39m
     [90m 107 |[39m       expect(response[33m.[39mcollected_count)[33m.
[39mtoBeGreaterThan([35m0[39m)[33m;[39m
     [90m 108 |[39m       expect(mockScrapeTdnetList)[33m.[39mtoHaveBeenC
alledTimes([35m3[39m)[33m;[39m [90m// 3 days[39m
     [90m 109 |[39m     })[33m;[39m[0m

      at Object.<anonymous> (src/lambda/collector/__tests__/handler.test.ts:1
06:31)

  笳・Lambda Collector Handler 窶ｺ On-Demand Mode 窶ｺ should handle partial failu
res in on-demand mode

    expect(received).toBe(expected) // Object.is equality

    Expected: "partial_success"
    Received: "failed"

    [0m [90m 147 |[39m       [36mconst[39m response [33m=[39m [36mawa
it[39m handler(event[33m,[39m mockContext)[33m;[39m
     [90m 148 |[39m
    [31m[1m>[22m[39m[90m 149 |[39m       expect(response[33m.[39mstat
us)[33m.[39mtoBe([32m'partial_success'[39m)[33m;[39m
     [90m     |[39m                               [31m[1m^[22m[39m
     [90m 150 |[39m       expect(response[33m.[39mcollected_count)[33m.
[39mtoBeGreaterThan([35m0[39m)[33m;[39m
     [90m 151 |[39m       expect(response[33m.[39mfailed_count)[33m.[39
mtoBe([35m1[39m)[33m;[39m
     [90m 152 |[39m     })[33m;[39m[0m

      at Object.<anonymous> (src/lambda/collector/__tests__/handler.test.ts:1
49:31)

  笳・Lambda Collector Handler 窶ｺ Integration Tests - Property 1 & 2 窶ｺ Propert
y 1: Date Range Collection Completeness 窶ｺ should collect all disclosures wit
hin specified date range

    expect(jest.fn()).toHaveBeenCalledTimes(expected)

    Expected number of calls: 3
    Received number of calls: 0

    [0m [90m 319 |[39m         [36mconst[39m response [33m=[39m [36ma
wait[39m handler(event[33m,[39m mockContext)[33m;[39m
     [90m 320 |[39m
    [31m[1m>[22m[39m[90m 321 |[39m         expect(mockScrapeTdnetList)
[33m.[39mtoHaveBeenCalledTimes([35m3[39m)[33m;[39m
     [90m     |[39m                                     [31m[1m^[22m[39
m
     [90m 322 |[39m         expect(response[33m.[39mstatus)[33m.[39mtoB
e([32m'success'[39m)[33m;[39m
     [90m 323 |[39m         expect(response[33m.[39mcollected_count)[33m
.[39mtoBe([35m6[39m)[33m;[39m
     [90m 324 |[39m         expect(response[33m.[39mfailed_count)[33m.[
39mtoBe([35m0[39m)[33m;[39m[0m

      at Object.<anonymous> (src/lambda/collector/__tests__/handler.test.ts:3
21:37)

PASS cdk/__tests__/s3-buckets.test.ts (36.866 s)
  S3 Buckets
    PDFs Bucket
      竏・should be created with correct name (18 ms)
      竏・should have encryption enabled (1 ms)
      竏・should have public access blocked (1 ms)
      竏・should have versioning enabled (1 ms)
      竏・should have lifecycle rules for cost optimization (5 ms)
    Exports Bucket
      竏・should be created with correct name (1 ms)
      竏・should have encryption enabled
      竏・should have public access blocked (1 ms)
      竏・should have versioning enabled (1 ms)
      竏・should have lifecycle rule to delete after 7 days (1 ms)
    Dashboard Bucket
      竏・should be created with correct name
      竏・should have encryption enabled (1 ms)
      竏・should have public access blocked
      竏・should have versioning enabled (1 ms)
      竏・should not have lifecycle rules (static files persist) (2 ms)
    CloudTrail Logs Bucket
      竏・should be created with correct name
      竏・should have encryption enabled (1 ms)
      竏・should have public access blocked
      竏・should have versioning enabled (1 ms)
      竏・should have lifecycle rules for compliance
    CloudFormation Outputs
      竏・should export PdfsBucketName (2 ms)
      竏・should export ExportsBucketName (1 ms)
      竏・should export DashboardBucketName
      竏・should export CloudTrailLogsBucketName
    Security and Compliance
      竏・should have encryption enabled on all buckets (2 ms)
      竏・should have public access blocked on all buckets (2 ms)
      竏・should have versioning enabled on all buckets
      竏・should have lifecycle rules for cost optimization
    Bucket Count
      竏・should have exactly 4 S3 buckets

2026-02-08T08:20:20.204+09:00 [[32minfo[39m]: PDF uploaded to S3 {
  "service": "tdnet-data-collector",
  "environment": "test",
  "disclosure_id": "TD20231231001",
  "s3_key": "2024/01/01/TD20231231001.pdf",
  "size": 22
}
2026-02-08T08:20:20.207+09:00 [[33mwarn[39m]: Failed to send metric to CloudWatch {
  "service": "tdnet-data-collector",
  "environment": "test",
  "metric_name": "OperationSuccess",
  "value": 1,
  "error_type": "Unknown",
  "error_message": "TypeError [ERR_VM_DYNAMIC_IMPORT_CALLBACK_MISSING_FLAG]: A dynamic import callback was invoked without --experimental-vm-modules"
}
2026-02-08T08:20:20.208+09:00 [[32minfo[39m]: Downloading PDF {
  "service": "tdnet-data-collector",
  "environment": "test",
  "disclosure_id": "TD20240115001",
  "pdf_url": "https://www.release.tdnet.info/inbs/140120240115001.pdf"
}
PASS src/models/__tests__/disclosure.property.test.ts (38.906 s)
  Disclosure Property Tests
    Property 3: 繝｡繧ｿ繝・・繧ｿ縺ｮ蠢・医ヵ繧｣繝ｼ繝ｫ繝・      竏・toDynamoDBItem縺ｯ莉ｻ諢上・Disclosu
re縺ｫ蟇ｾ縺励※蠢・医ヵ繧｣繝ｼ繝ｫ繝峨ｒ縺吶∋縺ｦ蜷ｫ繧 (5770 ms)
      竏・fromDynamoDBItem縺ｯ莉ｻ諢上・DynamoDBItem縺ｫ蟇ｾ縺励※蠢・医ヵ繧｣繝ｼ繝ｫ繝峨ｒ縺吶∋縺ｦ蜷ｫ繧Disc
losure繧定ｿ斐☆ (1034 ms)
      竏・validateDisclosure縺ｯ蠢・医ヵ繧｣繝ｼ繝ｫ繝峨′谺關ｽ縺励※縺・ｋ蝣ｴ蜷医↓ValidationError繧偵せ繝ｭ
繝ｼ縺吶ｋ (66 ms)
    Property: 繝ｩ繧ｦ繝ｳ繝峨ヨ繝ｪ繝・・縺ｮ荳雋ｫ諤ｧ
      竏・toDynamoDBItem 竊・fromDynamoDBItem 縺ｮ繝ｩ繧ｦ繝ｳ繝峨ヨ繝ｪ繝・・縺ｧ蜈・・Disclosure縺悟ｾｩ
蜈・＆繧後ｋ (184 ms)
    Property: createDisclosure縺ｮ豁｣遒ｺ諤ｧ
      竏・createDisclosure縺ｯ譛牙柑縺ｪDisclosure繧堤函謌舌☆繧・(773 ms)
    Property 4: 髢狗､ｺID縺ｮ荳諢乗ｧ
      竏・generateDisclosureId縺ｯ逡ｰ縺ｪ繧句・蜉帙↓蟇ｾ縺励※逡ｰ縺ｪ繧紀D繧堤函謌舌☆繧・(14 ms)
      竏・generateDisclosureId縺ｯ蜷後§蜈･蜉帙↓蟇ｾ縺励※蜷後§ID繧堤函謌舌☆繧具ｼ亥・遲画ｧ・・(57 ms)

2026-02-08T08:20:20.649+09:00 [[32minfo[39m]: TDnet list scraped successfully {
  "service": "tdnet-data-collector",
  "environment": "test",
  "date": "2024-01-15",
  "count": 0
}
2026-02-08T08:20:20.649+09:00 [[33mwarn[39m]: Failed to send metric to CloudWatch {
  "service": "tdnet-data-collector",
  "environment": "test",
  "metric_name": "OperationSuccess",
  "value": 0,
  "error_type": "Unknown",
  "error_message": "TypeError [ERR_VM_DYNAMIC_IMPORT_CALLBACK_MISSING_FLAG]: A dynamic import callback was invoked without --experimental-vm-modules"
}
2026-02-08T08:20:20.651+09:00 [[32minfo[39m]: Scraping TDnet list {
  "service": "tdnet-data-collector",
  "environment": "test",
  "date": "2024-01-15"
}
2026-02-08T08:20:20.971+09:00 [[32minfo[39m]: TDnet list scraped successfully {
  "service": "tdnet-data-collector",
  "environment": "test",
  "date": "2024-01-15",
  "count": 0
}
2026-02-08T08:20:20.976+09:00 [[33mwarn[39m]: Failed to send metric to CloudWatch {
  "service": "tdnet-data-collector",
  "environment": "test",
  "metric_name": "OperationSuccess",
  "value": 0,
  "error_type": "Unknown",
  "error_message": "TypeError [ERR_VM_DYNAMIC_IMPORT_CALLBACK_MISSING_FLAG]: A dynamic import callback was invoked without --experimental-vm-modules"
}
2026-02-08T08:20:20.977+09:00 [[32minfo[39m]: Scraping TDnet list {
  "service": "tdnet-data-collector",
  "environment": "test",
  "date": "2024-01-15"
}
2026-02-08T08:20:21.316+09:00 [[32minfo[39m]: TDnet list scraped successfully {
  "service": "tdnet-data-collector",
  "environment": "test",
  "date": "2024-01-15",
  "count": 0
}
2026-02-08T08:20:21.316+09:00 [[33mwarn[39m]: Failed to send metric to CloudWatch {
  "service": "tdnet-data-collector",
  "environment": "test",
  "metric_name": "OperationSuccess",
  "value": 0,
  "error_type": "Unknown",
  "error_message": "TypeError [ERR_VM_DYNAMIC_IMPORT_CALLBACK_MISSING_FLAG]: A dynamic import callback was invoked without --experimental-vm-modules"
}
2026-02-08T08:20:21.317+09:00 [[32minfo[39m]: Scraping TDnet list {
  "service": "tdnet-data-collector",
  "environment": "test",
  "date": "2024-01-15"
}
2026-02-08T08:20:21.696+09:00 [[32minfo[39m]: TDnet list scraped successfully {
  "service": "tdnet-data-collector",
  "environment": "test",
  "date": "2024-01-15",
  "count": 0
}
2026-02-08T08:20:21.696+09:00 [[33mwarn[39m]: Failed to send metric to CloudWatch {
  "service": "tdnet-data-collector",
  "environment": "test",
  "metric_name": "OperationSuccess",
  "value": 0,
  "error_type": "Unknown",
  "error_message": "TypeError [ERR_VM_DYNAMIC_IMPORT_CALLBACK_MISSING_FLAG]: A dynamic import callback was invoked without --experimental-vm-modules"
}
2026-02-08T08:20:21.697+09:00 [[32minfo[39m]: Scraping TDnet list {
  "service": "tdnet-data-collector",
  "environment": "test",
  "date": "2024-01-15"
}
2026-02-08T08:20:21.732+09:00 [[31merror[39m]: Failed to scrape TDnet list {
  "service": "tdnet-data-collector",
  "environment": "test",
  "error_type": "ValidationError",
  "error_message": "TDnet page not found: https://www.release.tdnet.info/inbs/I_list_001_2024-01-15.html. The specified date may not have any disclosures.",
  "stack_trace": "ValidationError: TDnet page not found: https://www.release.tdnet.info/inbs/I_list_001_2024-01-15.html. The specified date may not have any disclosures.\n    at convertAxiosError (C:\\Users\\ti198\\investment_analysis_opopo\\src\\lambda\\collector\\scrape-tdnet-list.ts:231:14)\n    at maxRetries (C:\\Users\\ti198\\investment_analysis_opopo\\src\\lambda\\collector\\scrape-tdnet-list.ts:152:15)\n    at retryWithBackoff (C:\\Users\\ti198\\investment_analysis_opopo\\src\\utils\\retry.ts:112:14)\n    at fetchTdnetHtml (C:\\Users\\ti198\\investment_analysis_opopo\\src\\lambda\\collector\\scrape-tdnet-list.ts:125:10)\n    at scrapeTdnetList (C:\\Users\\ti198\\investment_analysis_opopo\\src\\lambda\\collector\\scrape-tdnet-list.ts:59:18)\n    at Object.<anonymous> (C:\\Users\\ti198\\investment_analysis_opopo\\src\\lambda\\collector\\__tests__\\scrape-tdnet-list.test.ts:242:7)",
  "date": "2024-01-15"
}
2026-02-08T08:20:21.733+09:00 [[33mwarn[39m]: Failed to send metric to CloudWatch {
  "service": "tdnet-data-collector",
  "environment": "test",
  "metric_name": "LambdaError",
  "value": 1,
  "error_type": "Unknown",
  "error_message": "TypeError [ERR_VM_DYNAMIC_IMPORT_CALLBACK_MISSING_FLAG]: A dynamic import callback was invoked without --experimental-vm-modules"
}
2026-02-08T08:20:21.733+09:00 [[32minfo[39m]: Scraping TDnet list {
  "service": "tdnet-data-collector",
  "environment": "test",
  "date": "2024-01-15"
}
2026-02-08T08:20:22.206+09:00 [[31merror[39m]: Failed to download PDF {
  "service": "tdnet-data-collector",
  "environment": "test",
  "disclosure_id": "TD20240115001",
  "pdf_url": "https://www.release.tdnet.info/inbs/140120240115001.pdf",
  "error_type": "Error",
  "error_message": "Timeout"
}
2026-02-08T08:20:22.208+09:00 [[33mwarn[39m]: Failed to send metric to CloudWatch {
  "service": "tdnet-data-collector",
  "environment": "test",
  "metric_name": "LambdaError",
  "value": 1,
  "error_type": "Unknown",
  "error_message": "TypeError [ERR_VM_DYNAMIC_IMPORT_CALLBACK_MISSING_FLAG]: A dynamic import callback was invoked without --experimental-vm-modules"
}
2026-02-08T08:20:22.232+09:00 [[32minfo[39m]: Downloading PDF {
  "service": "tdnet-data-collector",
  "environment": "test",
  "disclosure_id": "TD20240115001",
  "pdf_url": "https://www.release.tdnet.info/inbs/140120240115001.pdf"
}
2026-02-08T08:20:24.172+09:00 [[31merror[39m]: Failed to scrape TDnet list {
  "service": "tdnet-data-collector",
  "environment": "test",
  "error_type": "RetryableError",
  "error_message": "Network error: ECONNRESET - ECONNRESET",
  "stack_trace": "RetryableError: Network error: ECONNRESET - ECONNRESET\n    at convertAxiosError (C:\\Users\\ti198\\investment_analysis_opopo\\src\\lambda\\collector\\scrape-tdnet-list.ts:195:12)\n    at maxRetries (C:\\Users\\ti198\\investment_analysis_opopo\\src\\lambda\\collector\\scrape-tdnet-list.ts:152:15)\n    at retryWithBackoff (C:\\Users\\ti198\\investment_analysis_opopo\\src\\utils\\retry.ts:112:14)\n    at fetchTdnetHtml (C:\\Users\\ti198\\investment_analysis_opopo\\src\\lambda\\collector\\scrape-tdnet-list.ts:125:10)\n    at scrapeTdnetList (C:\\Users\\ti198\\investment_analysis_opopo\\src\\lambda\\collector\\scrape-tdnet-list.ts:59:18)\n    at Object.<anonymous> (C:\\Users\\ti198\\investment_analysis_opopo\\src\\lambda\\collector\\__tests__\\scrape-tdnet-list.test.ts:252:7)",
  "date": "2024-01-15"
}
2026-02-08T08:20:24.173+09:00 [[33mwarn[39m]: Failed to send metric to CloudWatch {
  "service": "tdnet-data-collector",
  "environment": "test",
  "metric_name": "LambdaError",
  "value": 1,
  "error_type": "Unknown",
  "error_message": "TypeError [ERR_VM_DYNAMIC_IMPORT_CALLBACK_MISSING_FLAG]: A dynamic import callback was invoked without --experimental-vm-modules"
}
2026-02-08T08:20:24.174+09:00 [[32minfo[39m]: Scraping TDnet list {
  "service": "tdnet-data-collector",
  "environment": "test",
  "date": "2024-01-15"
}
2026-02-08T08:20:24.175+09:00 [[32minfo[39m]: TDnet list scraped successfully {
  "service": "tdnet-data-collector",
  "environment": "test",
  "date": "2024-01-15",
  "count": 0
}
2026-02-08T08:20:24.175+09:00 [[33mwarn[39m]: Failed to send metric to CloudWatch {
  "service": "tdnet-data-collector",
  "environment": "test",
  "metric_name": "OperationSuccess",
  "value": 0,
  "error_type": "Unknown",
  "error_message": "TypeError [ERR_VM_DYNAMIC_IMPORT_CALLBACK_MISSING_FLAG]: A dynamic import callback was invoked without --experimental-vm-modules"
}
2026-02-08T08:20:24.176+09:00 [[32minfo[39m]: Scraping TDnet list {
  "service": "tdnet-data-collector",
  "environment": "test",
  "date": "2024-01-15"
}
2026-02-08T08:20:24.176+09:00 [[32minfo[39m]: TDnet list scraped successfully {
  "service": "tdnet-data-collector",
  "environment": "test",
  "date": "2024-01-15",
  "count": 0
}
2026-02-08T08:20:24.177+09:00 [[33mwarn[39m]: Failed to send metric to CloudWatch {
  "service": "tdnet-data-collector",
  "environment": "test",
  "metric_name": "OperationSuccess",
  "value": 0,
  "error_type": "Unknown",
  "error_message": "TypeError [ERR_VM_DYNAMIC_IMPORT_CALLBACK_MISSING_FLAG]: A dynamic import callback was invoked without --experimental-vm-modules"
}
2026-02-08T08:20:24.177+09:00 [[32minfo[39m]: Scraping TDnet list {
  "service": "tdnet-data-collector",
  "environment": "test",
  "date": "2024-01-15"
}
2026-02-08T08:20:24.177+09:00 [[32minfo[39m]: TDnet list scraped successfully {
  "service": "tdnet-data-collector",
  "environment": "test",
  "date": "2024-01-15",
  "count": 0
}
2026-02-08T08:20:24.178+09:00 [[33mwarn[39m]: Failed to send metric to CloudWatch {
  "service": "tdnet-data-collector",
  "environment": "test",
  "metric_name": "OperationSuccess",
  "value": 0,
  "error_type": "Unknown",
  "error_message": "TypeError [ERR_VM_DYNAMIC_IMPORT_CALLBACK_MISSING_FLAG]: A dynamic import callback was invoked without --experimental-vm-modules"
}
2026-02-08T08:20:24.178+09:00 [[32minfo[39m]: Scraping TDnet list {
  "service": "tdnet-data-collector",
  "environment": "test",
  "date": "2024-01-15"
}
2026-02-08T08:20:24.178+09:00 [[32minfo[39m]: TDnet list scraped successfully {
  "service": "tdnet-data-collector",
  "environment": "test",
  "date": "2024-01-15",
  "count": 0
}
2026-02-08T08:20:24.179+09:00 [[33mwarn[39m]: Failed to send metric to CloudWatch {
  "service": "tdnet-data-collector",
  "environment": "test",
  "metric_name": "OperationSuccess",
  "value": 0,
  "error_type": "Unknown",
  "error_message": "TypeError [ERR_VM_DYNAMIC_IMPORT_CALLBACK_MISSING_FLAG]: A dynamic import callback was invoked without --experimental-vm-modules"
}
FAIL src/lambda/collector/__tests__/scrape-tdnet-list.test.ts (42.739 s)
  scrapeTdnetList
    Success Cases
      ﾃ・should successfully scrape TDnet list (65 ms)
      ﾃ・should apply rate limiting before each request (7 ms)
    Validation
      竏・should reject invalid date format (27 ms)
      ﾃ・should reject non-existent dates (5 ms)
      竏・should accept valid date format (7 ms)
    Error Handling
      竏・should retry on network errors (3242 ms)
      竏・should retry on timeout errors (326 ms)
      竏・should retry on 5xx errors (340 ms)
      竏・should retry on 429 rate limit errors (379 ms)
      竏・should not retry on 404 errors (37 ms)
      竏・should fail after max retries (2440 ms)
    URL Construction
      竏・should construct correct TDnet URL (2 ms)
      竏・should use custom base URL from environment variable (1 ms)
    HTTP Headers
      竏・should include proper User-Agent header (1 ms)
      竏・should include Accept and Accept-Language headers (1 ms)

  笳・scrapeTdnetList 窶ｺ Success Cases 窶ｺ should successfully scrape TDnet list

    expect(jest.fn()).toHaveBeenCalled()

    Expected number of calls: >= 1
    Received number of calls:    0

    [0m [90m 64 |[39m
     [90m 65 |[39m       expect(result)[33m.[39mtoEqual(mockDisclosures)
[33m;[39m
    [31m[1m>[22m[39m[90m 66 |[39m       expect(mockRateLimiterInstance
[33m.[39mwaitIfNeeded)[33m.[39mtoHaveBeenCalled()[33m;[39m
     [90m    |[39m                                                    [31m
[1m^[22m[39m
     [90m 67 |[39m       expect(mockAxios[33m.[39m[36mget[39m)[33m.[3
9mtoHaveBeenCalledWith(
     [90m 68 |[39m         expect[33m.[39mstringContaining([32m'2024-01-
15'[39m)[33m,[39m
     [90m 69 |[39m         expect[33m.[39mobjectContaining({[0m

      at Object.<anonymous> (src/lambda/collector/__tests__/scrape-tdnet-list
.test.ts:66:52)

  笳・scrapeTdnetList 窶ｺ Success Cases 窶ｺ should apply rate limiting before eac
h request

    expect(jest.fn()).toHaveBeenCalled()

    Expected number of calls: >= 1
    Received number of calls:    0

    [0m [90m 91 |[39m
     [90m 92 |[39m       [90m// Verify rate limiter was called[39m
    [31m[1m>[22m[39m[90m 93 |[39m       expect(mockRateLimiterInstance
[33m.[39mwaitIfNeeded)[33m.[39mtoHaveBeenCalled()[33m;[39m
     [90m    |[39m                                                    [31m
[1m^[22m[39m
     [90m 94 |[39m       [90m// Verify axios.get was called after rate lim
iter[39m
     [90m 95 |[39m       expect(mockAxios[33m.[39m[36mget[39m)[33m.[3
9mtoHaveBeenCalled()[33m;[39m
     [90m 96 |[39m     })[33m;[39m[0m

      at Object.<anonymous> (src/lambda/collector/__tests__/scrape-tdnet-list
.test.ts:93:52)

  笳・scrapeTdnetList 窶ｺ Validation 窶ｺ should reject non-existent dates

    expect(received).rejects.toThrow()

    Received promise resolved instead of rejected
    Resolved to value: []

    [0m [90m 105 |[39m
     [90m 106 |[39m     it([32m'should reject non-existent dates'[39m[33
m,[39m [36masync[39m () [33m=>[39m {
    [31m[1m>[22m[39m[90m 107 |[39m       [36mawait[39m expect(scrapeT
dnetList([32m'2024-02-30'[39m))[33m.[39mrejects[33m.[39mtoThrow([33mVa
lidationError[39m)[33m;[39m
     [90m     |[39m             [31m[1m^[22m[39m
     [90m 108 |[39m       [36mawait[39m expect(scrapeTdnetList([32m'2024
-13-01'[39m))[33m.[39mrejects[33m.[39mtoThrow([33mValidationError[39m)
[33m;[39m
     [90m 109 |[39m     })[33m;[39m
     [90m 110 |[39m[0m

      at expect (node_modules/expect/build/index.js:113:15)
      at Object.<anonymous> (src/lambda/collector/__tests__/scrape-tdnet-list
.test.ts:107:13)

2026-02-08T08:20:24.219+09:00 [[31merror[39m]: Failed to download PDF {
  "service": "tdnet-data-collector",
  "environment": "test",
  "disclosure_id": "TD20240115001",
  "pdf_url": "https://www.release.tdnet.info/inbs/140120240115001.pdf",
  "error_type": "Error",
  "error_message": "Server Error"
}
2026-02-08T08:20:24.219+09:00 [[33mwarn[39m]: Failed to send metric to CloudWatch {
  "service": "tdnet-data-collector",
  "environment": "test",
  "metric_name": "LambdaError",
  "value": 1,
  "error_type": "Unknown",
  "error_message": "TypeError [ERR_VM_DYNAMIC_IMPORT_CALLBACK_MISSING_FLAG]: A dynamic import callback was invoked without --experimental-vm-modules"
}
2026-02-08T08:20:24.221+09:00 [[32minfo[39m]: Downloading PDF {
  "service": "tdnet-data-collector",
  "environment": "test",
  "disclosure_id": "TD20240115001",
  "pdf_url": "https://www.release.tdnet.info/inbs/140120240115001.pdf"
}
2026-02-08T08:20:26.230+09:00 [[31merror[39m]: Failed to download PDF {
  "service": "tdnet-data-collector",
  "environment": "test",
  "disclosure_id": "TD20240115001",
  "pdf_url": "https://www.release.tdnet.info/inbs/140120240115001.pdf",
  "error_type": "Error",
  "error_message": "Too Many Requests"
}
2026-02-08T08:20:26.232+09:00 [[33mwarn[39m]: Failed to send metric to CloudWatch {
  "service": "tdnet-data-collector",
  "environment": "test",
  "metric_name": "LambdaError",
  "value": 1,
  "error_type": "Unknown",
  "error_message": "TypeError [ERR_VM_DYNAMIC_IMPORT_CALLBACK_MISSING_FLAG]: A dynamic import callback was invoked without --experimental-vm-modules"
}
2026-02-08T08:20:26.236+09:00 [[32minfo[39m]: Downloading PDF {
  "service": "tdnet-data-collector",
  "environment": "test",
  "disclosure_id": "TD20240115001",
  "pdf_url": "https://www.release.tdnet.info/inbs/140120240115001.pdf"
}
2026-02-08T08:20:28.257+09:00 [[31merror[39m]: Failed to download PDF {
  "service": "tdnet-data-collector",
  "environment": "test",
  "disclosure_id": "TD20240115001",
  "pdf_url": "https://www.release.tdnet.info/inbs/140120240115001.pdf",
  "error_type": "ValidationError",
  "error_message": "Invalid PDF header"
}
2026-02-08T08:20:28.257+09:00 [[33mwarn[39m]: Failed to send metric to CloudWatch {
  "service": "tdnet-data-collector",
  "environment": "test",
  "metric_name": "LambdaError",
  "value": 1,
  "error_type": "Unknown",
  "error_message": "TypeError [ERR_VM_DYNAMIC_IMPORT_CALLBACK_MISSING_FLAG]: A dynamic import callback was invoked without --experimental-vm-modules"
}
2026-02-08T08:20:28.266+09:00 [[32minfo[39m]: Downloading PDF {
  "service": "tdnet-data-collector",
  "environment": "test",
  "disclosure_id": "TD20240115001",
  "pdf_url": "https://www.release.tdnet.info/inbs/140120240115001.pdf"
}
2026-02-08T08:20:30.266+09:00 [[31merror[39m]: Failed to download PDF {
  "service": "tdnet-data-collector",
  "environment": "test",
  "disclosure_id": "TD20240115001",
  "pdf_url": "https://www.release.tdnet.info/inbs/140120240115001.pdf",
  "error_type": "Error",
  "error_message": "S3 upload failed"
}
2026-02-08T08:20:30.267+09:00 [[33mwarn[39m]: Failed to send metric to CloudWatch {
  "service": "tdnet-data-collector",
  "environment": "test",
  "metric_name": "LambdaError",
  "value": 1,
  "error_type": "Unknown",
  "error_message": "TypeError [ERR_VM_DYNAMIC_IMPORT_CALLBACK_MISSING_FLAG]: A dynamic import callback was invoked without --experimental-vm-modules"
}
2026-02-08T08:20:30.270+09:00 [[32minfo[39m]: Downloading PDF {
  "service": "tdnet-data-collector",
  "environment": "test",
  "disclosure_id": "TD20240229001",
  "pdf_url": "https://www.release.tdnet.info/inbs/140120240229001.pdf"
}
2026-02-08T08:20:32.280+09:00 [[32minfo[39m]: PDF uploaded to S3 {
  "service": "tdnet-data-collector",
  "environment": "test",
  "disclosure_id": "TD20240229001",
  "s3_key": "2024/03/01/TD20240229001.pdf",
  "size": 22
}
2026-02-08T08:20:32.282+09:00 [[33mwarn[39m]: Failed to send metric to CloudWatch {
  "service": "tdnet-data-collector",
  "environment": "test",
  "metric_name": "OperationSuccess",
  "value": 1,
  "error_type": "Unknown",
  "error_message": "TypeError [ERR_VM_DYNAMIC_IMPORT_CALLBACK_MISSING_FLAG]: A dynamic import callback was invoked without --experimental-vm-modules"
}
2026-02-08T08:20:32.285+09:00 [[32minfo[39m]: Downloading PDF {
  "service": "tdnet-data-collector",
  "environment": "test",
  "disclosure_id": "TD20240115001",
  "pdf_url": "https://www.release.tdnet.info/inbs/140120240115001.pdf"
}
2026-02-08T08:20:34.297+09:00 [[32minfo[39m]: PDF uploaded to S3 {
  "service": "tdnet-data-collector",
  "environment": "test",
  "disclosure_id": "TD20240115001",
  "s3_key": "2024/01/15/TD20240115001.pdf",
  "size": 22
}
2026-02-08T08:20:34.298+09:00 [[33mwarn[39m]: Failed to send metric to CloudWatch {
  "service": "tdnet-data-collector",
  "environment": "test",
  "metric_name": "OperationSuccess",
  "value": 1,
  "error_type": "Unknown",
  "error_message": "TypeError [ERR_VM_DYNAMIC_IMPORT_CALLBACK_MISSING_FLAG]: A dynamic import callback was invoked without --experimental-vm-modules"
}
FAIL src/lambda/collector/__tests__/download-pdf.test.ts (52.301 s)
  downloadPdf
    豁｣蟶ｸ邉ｻ
      竏・PDF繧偵ム繧ｦ繝ｳ繝ｭ繝ｼ繝峨＠縺ｦS3縺ｫ菫晏ｭ倥〒縺阪ｋ (69 ms)
      竏・譛医∪縺溘℃・・TC竊谷ST・峨・S3繧ｭ繝ｼ繧呈ｭ｣縺励￥逕滓・縺ｧ縺阪ｋ (1977 ms)
      竏・蟷ｴ縺ｾ縺溘℃・・TC竊谷ST・峨・S3繧ｭ繝ｼ繧呈ｭ｣縺励￥逕滓・縺ｧ縺阪ｋ (2012 ms)
    逡ｰ蟶ｸ邉ｻ
      ﾃ・繧ｿ繧､繝繧｢繧ｦ繝医お繝ｩ繝ｼ縺ｧ蜀崎ｩｦ陦後☆繧・(2022 ms)
      ﾃ・5xx繧ｨ繝ｩ繝ｼ縺ｧ蜀崎ｩｦ陦後☆繧・(1990 ms)
      ﾃ・429繧ｨ繝ｩ繝ｼ縺ｧ蜀崎ｩｦ陦後☆繧・(2015 ms)
      竏・PDF繝舌Μ繝・・繧ｷ繝ｧ繝ｳ繧ｨ繝ｩ繝ｼ縺ｧ蜊ｳ蠎ｧ縺ｫ螟ｱ謨励☆繧・(2030 ms)
      竏・S3繧｢繝・・繝ｭ繝ｼ繝峨お繝ｩ繝ｼ縺ｧ螟ｱ謨励☆繧・(2003 ms)
    繧ｨ繝・ず繧ｱ繝ｼ繧ｹ
      竏・縺・ｋ縺・ｹｴ2譛域忰・・TC竊谷ST・峨・S3繧ｭ繝ｼ繧呈ｭ｣縺励￥逕滓・縺ｧ縺阪ｋ (2015 ms)
      竏・迺ｰ蠅・､画焚S3_BUCKET縺梧悴險ｭ螳壹・蝣ｴ蜷医√ョ繝輔か繝ｫ繝亥､繧剃ｽｿ逕ｨ縺吶ｋ (2016 ms)

  笳・downloadPdf 窶ｺ 逡ｰ蟶ｸ邉ｻ 窶ｺ 繧ｿ繧､繝繧｢繧ｦ繝医お繝ｩ繝ｼ縺ｧ蜀崎ｩｦ陦後☆繧・
    expect(jest.fn()).toHaveBeenCalledTimes(expected)

    Expected number of calls: 4
    Received number of calls: 1

    [0m [90m 135 |[39m       [90m// Act & Assert[39m
     [90m 136 |[39m       [36mawait[39m expect(downloadPdf(disclosure_id
[33m,[39m pdf_url[33m,[39m disclosed_at))[33m.[39mrejects[33m.[39mtoTh
row()[33m;[39m
    [31m[1m>[22m[39m[90m 137 |[39m       expect(mockedAxios[33m.[39m
[36mget[39m)[33m.[39mtoHaveBeenCalledTimes([35m4[39m)[33m;[39m [90m//
 蛻晏屓 + 3蝗槫・隧ｦ陦・[39m
     [90m     |[39m                               [31m[1m^[22m[39m
     [90m 138 |[39m     })[33m;[39m
     [90m 139 |[39m
     [90m 140 |[39m     it([32m'5xx繧ｨ繝ｩ繝ｼ縺ｧ蜀崎ｩｦ陦後☆繧・[39m[33m,[39m [36m
async[39m () [33m=>[39m {[0m

      at Object.<anonymous> (src/lambda/collector/__tests__/download-pdf.test
.ts:137:31)

  笳・downloadPdf 窶ｺ 逡ｰ蟶ｸ邉ｻ 窶ｺ 5xx繧ｨ繝ｩ繝ｼ縺ｧ蜀崎ｩｦ陦後☆繧・
    expect(jest.fn()).toHaveBeenCalledTimes(expected)

    Expected number of calls: 4
    Received number of calls: 1

    [0m [90m 152 |[39m       [90m// Act & Assert[39m
     [90m 153 |[39m       [36mawait[39m expect(downloadPdf(disclosure_id
[33m,[39m pdf_url[33m,[39m disclosed_at))[33m.[39mrejects[33m.[39mtoTh
row()[33m;[39m
    [31m[1m>[22m[39m[90m 154 |[39m       expect(mockedAxios[33m.[39m
[36mget[39m)[33m.[39mtoHaveBeenCalledTimes([35m4[39m)[33m;[39m [90m//
 蛻晏屓 + 3蝗槫・隧ｦ陦・[39m
     [90m     |[39m                               [31m[1m^[22m[39m
     [90m 155 |[39m     })[33m;[39m
     [90m 156 |[39m
     [90m 157 |[39m     it([32m'429繧ｨ繝ｩ繝ｼ縺ｧ蜀崎ｩｦ陦後☆繧・[39m[33m,[39m [36m
async[39m () [33m=>[39m {[0m

      at Object.<anonymous> (src/lambda/collector/__tests__/download-pdf.test
.ts:154:31)

  笳・downloadPdf 窶ｺ 逡ｰ蟶ｸ邉ｻ 窶ｺ 429繧ｨ繝ｩ繝ｼ縺ｧ蜀崎ｩｦ陦後☆繧・
    expect(jest.fn()).toHaveBeenCalledTimes(expected)

    Expected number of calls: 4
    Received number of calls: 1

    [0m [90m 169 |[39m       [90m// Act & Assert[39m
     [90m 170 |[39m       [36mawait[39m expect(downloadPdf(disclosure_id
[33m,[39m pdf_url[33m,[39m disclosed_at))[33m.[39mrejects[33m.[39mtoTh
row()[33m;[39m
    [31m[1m>[22m[39m[90m 171 |[39m       expect(mockedAxios[33m.[39m
[36mget[39m)[33m.[39mtoHaveBeenCalledTimes([35m4[39m)[33m;[39m [90m//
 蛻晏屓 + 3蝗槫・隧ｦ陦・[39m
     [90m     |[39m                               [31m[1m^[22m[39m
     [90m 172 |[39m     })[33m;[39m
     [90m 173 |[39m
     [90m 174 |[39m     it([32m'PDF繝舌Μ繝・・繧ｷ繝ｧ繝ｳ繧ｨ繝ｩ繝ｼ縺ｧ蜊ｳ蠎ｧ縺ｫ螟ｱ謨励☆繧・[39m
[33m,[39m [36masync[39m () [33m=>[39m {[0m

      at Object.<anonymous> (src/lambda/collector/__tests__/download-pdf.test
.ts:171:31)

PASS src/utils/__tests__/rate-limiter.property.test.ts (64.165 s)
  RateLimiter - Property Tests
    竏・Property 12: 繝ｬ繝ｼ繝亥宛髯舌・驕ｵ螳・- 騾｣邯壹Μ繧ｯ繧ｨ繧ｹ繝磯俣縺ｧ譛蟆城≦蟒ｶ譎る俣縺檎｢ｺ菫昴＆繧後ｋ (3150
9 ms)
    竏・譛蛻昴・繝ｪ繧ｯ繧ｨ繧ｹ繝医・蜊ｳ蠎ｧ縺ｫ螳溯｡後＆繧後ｋ (1 ms)
    竏・2蝗樒岼縺ｮ繝ｪ繧ｯ繧ｨ繧ｹ繝医・譛蟆城≦蟒ｶ譎る俣蠕後↓螳溯｡後＆繧後ｋ (509 ms)
    竏・reset()蠕後・蜊ｳ蠎ｧ縺ｫ螳溯｡後＆繧後ｋ (2 ms)
    竏・隍・焚蝗槭・繝ｪ繧ｯ繧ｨ繧ｹ繝医〒邏ｯ遨埼≦蟒ｶ譎る俣縺梧ｭ｣縺励＞ (624 ms)
    竏・getMinDelayMs()縺梧ｭ｣縺励＞蛟､繧定ｿ斐☆
    竏・繝・ヵ繧ｩ繝ｫ繝亥､縺梧ｭ｣縺励￥險ｭ螳壹＆繧後ｋ (1 ms)
    竏・荳ｦ陦悟ｮ溯｡梧凾縺ｮ繝ｬ繝ｼ繝亥宛髯・(310 ms)

Summary of all failing tests
FAIL src/lambda/collector/__tests__/handler.integration.test.ts
  笳・Test suite failed to run

    Your test suite must contain at least one test.

      at onResult (node_modules/@jest/core/build/TestScheduler.js:133:18)
      at node_modules/@jest/core/build/TestScheduler.js:254:19
      at node_modules/emittery/index.js:363:13
          at Array.map (<anonymous>)
      at Emittery.emit (node_modules/emittery/index.js:361:23)

FAIL src/lambda/collector/__tests__/handler.test.ts (36.833 s)
  笳・Lambda Collector Handler 窶ｺ Batch Mode 窶ｺ should collect yesterday's data
 in batch mode

    expect(received).toBe(expected) // Object.is equality

    Expected: "success"
    Received: "failed"

    [0m [90m 55 |[39m       [36mconst[39m response [33m=[39m [36mawai
t[39m handler(event[33m,[39m mockContext)[33m;[39m
     [90m 56 |[39m
    [31m[1m>[22m[39m[90m 57 |[39m       expect(response[33m.[39mstatu
s)[33m.[39mtoBe([32m'success'[39m)[33m;[39m
     [90m    |[39m                               [31m[1m^[22m[39m
     [90m 58 |[39m       expect(response[33m.[39mcollected_count)[33m.[
39mtoBeGreaterThan([35m0[39m)[33m;[39m
     [90m 59 |[39m       expect(response[33m.[39mfailed_count)[33m.[39m
toBe([35m0[39m)[33m;[39m
     [90m 60 |[39m       expect(response[33m.[39mexecution_id)[33m.[39m
toMatch([35m/^exec_\d+_[a-z0-9]+_test-req/[39m)[33m;[39m[0m

      at Object.<anonymous> (src/lambda/collector/__tests__/handler.test.ts:5
7:31)

  笳・Lambda Collector Handler 窶ｺ Batch Mode 窶ｺ should handle scraping errors g
racefully in batch mode

    expect(received).toBeGreaterThan(expected)

    Expected: > 0
    Received:   0

    [0m [90m 73 |[39m       expect(response[33m.[39mstatus)[33m.[39mto
Be([32m'failed'[39m)[33m;[39m
     [90m 74 |[39m       expect(response[33m.[39mcollected_count)[33m.[
39mtoBe([35m0[39m)[33m;[39m
    [31m[1m>[22m[39m[90m 75 |[39m       expect(response[33m.[39mfaile
d_count)[33m.[39mtoBeGreaterThan([35m0[39m)[33m;[39m
     [90m    |[39m                                     [31m[1m^[22m[39m
     [90m 76 |[39m     })[33m;[39m
     [90m 77 |[39m   })[33m;[39m
     [90m 78 |[39m[0m

      at Object.<anonymous> (src/lambda/collector/__tests__/handler.test.ts:7
5:37)

  笳・Lambda Collector Handler 窶ｺ On-Demand Mode 窶ｺ should collect data for spe
cified date range

    expect(received).toBe(expected) // Object.is equality

    Expected: "success"
    Received: "failed"

    [0m [90m 104 |[39m       [36mconst[39m response [33m=[39m [36mawa
it[39m handler(event[33m,[39m mockContext)[33m;[39m
     [90m 105 |[39m
    [31m[1m>[22m[39m[90m 106 |[39m       expect(response[33m.[39mstat
us)[33m.[39mtoBe([32m'success'[39m)[33m;[39m
     [90m     |[39m                               [31m[1m^[22m[39m
     [90m 107 |[39m       expect(response[33m.[39mcollected_count)[33m.
[39mtoBeGreaterThan([35m0[39m)[33m;[39m
     [90m 108 |[39m       expect(mockScrapeTdnetList)[33m.[39mtoHaveBeenC
alledTimes([35m3[39m)[33m;[39m [90m// 3 days[39m
     [90m 109 |[39m     })[33m;[39m[0m

      at Object.<anonymous> (src/lambda/collector/__tests__/handler.test.ts:1
06:31)

  笳・Lambda Collector Handler 窶ｺ On-Demand Mode 窶ｺ should handle partial failu
res in on-demand mode

    expect(received).toBe(expected) // Object.is equality

    Expected: "partial_success"
    Received: "failed"

    [0m [90m 147 |[39m       [36mconst[39m response [33m=[39m [36mawa
it[39m handler(event[33m,[39m mockContext)[33m;[39m
     [90m 148 |[39m
    [31m[1m>[22m[39m[90m 149 |[39m       expect(response[33m.[39mstat
us)[33m.[39mtoBe([32m'partial_success'[39m)[33m;[39m
     [90m     |[39m                               [31m[1m^[22m[39m
     [90m 150 |[39m       expect(response[33m.[39mcollected_count)[33m.
[39mtoBeGreaterThan([35m0[39m)[33m;[39m
     [90m 151 |[39m       expect(response[33m.[39mfailed_count)[33m.[39
mtoBe([35m1[39m)[33m;[39m
     [90m 152 |[39m     })[33m;[39m[0m

      at Object.<anonymous> (src/lambda/collector/__tests__/handler.test.ts:1
49:31)

  笳・Lambda Collector Handler 窶ｺ Integration Tests - Property 1 & 2 窶ｺ Propert
y 1: Date Range Collection Completeness 窶ｺ should collect all disclosures wit
hin specified date range

    expect(jest.fn()).toHaveBeenCalledTimes(expected)

    Expected number of calls: 3
    Received number of calls: 0

    [0m [90m 319 |[39m         [36mconst[39m response [33m=[39m [36ma
wait[39m handler(event[33m,[39m mockContext)[33m;[39m
     [90m 320 |[39m
    [31m[1m>[22m[39m[90m 321 |[39m         expect(mockScrapeTdnetList)
[33m.[39mtoHaveBeenCalledTimes([35m3[39m)[33m;[39m
     [90m     |[39m                                     [31m[1m^[22m[39
m
     [90m 322 |[39m         expect(response[33m.[39mstatus)[33m.[39mtoB
e([32m'success'[39m)[33m;[39m
     [90m 323 |[39m         expect(response[33m.[39mcollected_count)[33m
.[39mtoBe([35m6[39m)[33m;[39m
     [90m 324 |[39m         expect(response[33m.[39mfailed_count)[33m.[
39mtoBe([35m0[39m)[33m;[39m[0m

      at Object.<anonymous> (src/lambda/collector/__tests__/handler.test.ts:3
21:37)

FAIL src/lambda/collector/__tests__/scrape-tdnet-list.test.ts (42.739 s)
  笳・scrapeTdnetList 窶ｺ Success Cases 窶ｺ should successfully scrape TDnet list

    expect(jest.fn()).toHaveBeenCalled()

    Expected number of calls: >= 1
    Received number of calls:    0

    [0m [90m 64 |[39m
     [90m 65 |[39m       expect(result)[33m.[39mtoEqual(mockDisclosures)
[33m;[39m
    [31m[1m>[22m[39m[90m 66 |[39m       expect(mockRateLimiterInstance
[33m.[39mwaitIfNeeded)[33m.[39mtoHaveBeenCalled()[33m;[39m
     [90m    |[39m                                                    [31m
[1m^[22m[39m
     [90m 67 |[39m       expect(mockAxios[33m.[39m[36mget[39m)[33m.[3
9mtoHaveBeenCalledWith(
     [90m 68 |[39m         expect[33m.[39mstringContaining([32m'2024-01-
15'[39m)[33m,[39m
     [90m 69 |[39m         expect[33m.[39mobjectContaining({[0m

      at Object.<anonymous> (src/lambda/collector/__tests__/scrape-tdnet-list
.test.ts:66:52)

  笳・scrapeTdnetList 窶ｺ Success Cases 窶ｺ should apply rate limiting before eac
h request

    expect(jest.fn()).toHaveBeenCalled()

    Expected number of calls: >= 1
    Received number of calls:    0

    [0m [90m 91 |[39m
     [90m 92 |[39m       [90m// Verify rate limiter was called[39m
    [31m[1m>[22m[39m[90m 93 |[39m       expect(mockRateLimiterInstance
[33m.[39mwaitIfNeeded)[33m.[39mtoHaveBeenCalled()[33m;[39m
     [90m    |[39m                                                    [31m
[1m^[22m[39m
     [90m 94 |[39m       [90m// Verify axios.get was called after rate lim
iter[39m
     [90m 95 |[39m       expect(mockAxios[33m.[39m[36mget[39m)[33m.[3
9mtoHaveBeenCalled()[33m;[39m
     [90m 96 |[39m     })[33m;[39m[0m

      at Object.<anonymous> (src/lambda/collector/__tests__/scrape-tdnet-list
.test.ts:93:52)

  笳・scrapeTdnetList 窶ｺ Validation 窶ｺ should reject non-existent dates

    expect(received).rejects.toThrow()

    Received promise resolved instead of rejected
    Resolved to value: []

    [0m [90m 105 |[39m
     [90m 106 |[39m     it([32m'should reject non-existent dates'[39m[33
m,[39m [36masync[39m () [33m=>[39m {
    [31m[1m>[22m[39m[90m 107 |[39m       [36mawait[39m expect(scrapeT
dnetList([32m'2024-02-30'[39m))[33m.[39mrejects[33m.[39mtoThrow([33mVa
lidationError[39m)[33m;[39m
     [90m     |[39m             [31m[1m^[22m[39m
     [90m 108 |[39m       [36mawait[39m expect(scrapeTdnetList([32m'2024
-13-01'[39m))[33m.[39mrejects[33m.[39mtoThrow([33mValidationError[39m)
[33m;[39m
     [90m 109 |[39m     })[33m;[39m
     [90m 110 |[39m[0m

      at expect (node_modules/expect/build/index.js:113:15)
      at Object.<anonymous> (src/lambda/collector/__tests__/scrape-tdnet-list
.test.ts:107:13)

FAIL src/lambda/collector/__tests__/download-pdf.test.ts (52.301 s)
  笳・downloadPdf 窶ｺ 逡ｰ蟶ｸ邉ｻ 窶ｺ 繧ｿ繧､繝繧｢繧ｦ繝医お繝ｩ繝ｼ縺ｧ蜀崎ｩｦ陦後☆繧・
    expect(jest.fn()).toHaveBeenCalledTimes(expected)

    Expected number of calls: 4
    Received number of calls: 1

    [0m [90m 135 |[39m       [90m// Act & Assert[39m
     [90m 136 |[39m       [36mawait[39m expect(downloadPdf(disclosure_id
[33m,[39m pdf_url[33m,[39m disclosed_at))[33m.[39mrejects[33m.[39mtoTh
row()[33m;[39m
    [31m[1m>[22m[39m[90m 137 |[39m       expect(mockedAxios[33m.[39m
[36mget[39m)[33m.[39mtoHaveBeenCalledTimes([35m4[39m)[33m;[39m [90m//
 蛻晏屓 + 3蝗槫・隧ｦ陦・[39m
     [90m     |[39m                               [31m[1m^[22m[39m
     [90m 138 |[39m     })[33m;[39m
     [90m 139 |[39m
     [90m 140 |[39m     it([32m'5xx繧ｨ繝ｩ繝ｼ縺ｧ蜀崎ｩｦ陦後☆繧・[39m[33m,[39m [36m
async[39m () [33m=>[39m {[0m

      at Object.<anonymous> (src/lambda/collector/__tests__/download-pdf.test
.ts:137:31)

  笳・downloadPdf 窶ｺ 逡ｰ蟶ｸ邉ｻ 窶ｺ 5xx繧ｨ繝ｩ繝ｼ縺ｧ蜀崎ｩｦ陦後☆繧・
    expect(jest.fn()).toHaveBeenCalledTimes(expected)

    Expected number of calls: 4
    Received number of calls: 1

    [0m [90m 152 |[39m       [90m// Act & Assert[39m
     [90m 153 |[39m       [36mawait[39m expect(downloadPdf(disclosure_id
[33m,[39m pdf_url[33m,[39m disclosed_at))[33m.[39mrejects[33m.[39mtoTh
row()[33m;[39m
    [31m[1m>[22m[39m[90m 154 |[39m       expect(mockedAxios[33m.[39m
[36mget[39m)[33m.[39mtoHaveBeenCalledTimes([35m4[39m)[33m;[39m [90m//
 蛻晏屓 + 3蝗槫・隧ｦ陦・[39m
     [90m     |[39m                               [31m[1m^[22m[39m
     [90m 155 |[39m     })[33m;[39m
     [90m 156 |[39m
     [90m 157 |[39m     it([32m'429繧ｨ繝ｩ繝ｼ縺ｧ蜀崎ｩｦ陦後☆繧・[39m[33m,[39m [36m
async[39m () [33m=>[39m {[0m

      at Object.<anonymous> (src/lambda/collector/__tests__/download-pdf.test
.ts:154:31)

  笳・downloadPdf 窶ｺ 逡ｰ蟶ｸ邉ｻ 窶ｺ 429繧ｨ繝ｩ繝ｼ縺ｧ蜀崎ｩｦ陦後☆繧・
    expect(jest.fn()).toHaveBeenCalledTimes(expected)

    Expected number of calls: 4
    Received number of calls: 1

    [0m [90m 169 |[39m       [90m// Act & Assert[39m
     [90m 170 |[39m       [36mawait[39m expect(downloadPdf(disclosure_id
[33m,[39m pdf_url[33m,[39m disclosed_at))[33m.[39mrejects[33m.[39mtoTh
row()[33m;[39m
    [31m[1m>[22m[39m[90m 171 |[39m       expect(mockedAxios[33m.[39m
[36mget[39m)[33m.[39mtoHaveBeenCalledTimes([35m4[39m)[33m;[39m [90m//
 蛻晏屓 + 3蝗槫・隧ｦ陦・[39m
     [90m     |[39m                               [31m[1m^[22m[39m
     [90m 172 |[39m     })[33m;[39m
     [90m 173 |[39m
     [90m 174 |[39m     it([32m'PDF繝舌Μ繝・・繧ｷ繝ｧ繝ｳ繧ｨ繝ｩ繝ｼ縺ｧ蜊ｳ蠎ｧ縺ｫ螟ｱ謨励☆繧・[39m
[33m,[39m [36masync[39m () [33m=>[39m {[0m

      at Object.<anonymous> (src/lambda/collector/__tests__/download-pdf.test
.ts:171:31)


Test Suites: 4 failed, 21 passed, 25 total
Tests:       11 failed, 442 passed, 453 total
Snapshots:   0 total
Time:        66.201 s
Ran all test suites.
